<?xml version="1.0"?>
<link_info>
   <banner>MSP430 Linker PC v4.4.4</banner>
   <copyright>Copyright (c) 2003-2015 Texas Instruments Incorporated</copyright>
   <link_time>0x55f5c028</link_time>
   <link_errors>0x0</link_errors>
   <output_file>pl-epd-ti-bt-v4.out</output_file>
   <entry_point>
      <name>_c_int00_noargs</name>
      <address>0x8234</address>
   </entry_point>
   <input_file_list>
      <input_file id="fl-2">
         <path>.\</path>
         <kind>object</kind>
         <file>Main.obj</file>
         <name>Main.obj</name>
      </input_file>
      <input_file id="fl-3">
         <path>.\</path>
         <kind>object</kind>
         <file>SPPDemo.obj</file>
         <name>SPPDemo.obj</name>
      </input_file>
      <input_file id="fl-4">
         <path>.\pl\</path>
         <kind>object</kind>
         <file>dispinfo.obj</file>
         <name>dispinfo.obj</name>
      </input_file>
      <input_file id="fl-5">
         <path>.\pl\</path>
         <kind>object</kind>
         <file>epdc.obj</file>
         <name>epdc.obj</name>
      </input_file>
      <input_file id="fl-6">
         <path>.\pl\</path>
         <kind>object</kind>
         <file>epdpsu.obj</file>
         <name>epdpsu.obj</name>
      </input_file>
      <input_file id="fl-7">
         <path>.\pl\</path>
         <kind>object</kind>
         <file>gpio.obj</file>
         <name>gpio.obj</name>
      </input_file>
      <input_file id="fl-8">
         <path>.\pl\</path>
         <kind>object</kind>
         <file>hwinfo.obj</file>
         <name>hwinfo.obj</name>
      </input_file>
      <input_file id="fl-9">
         <path>.\pl\</path>
         <kind>object</kind>
         <file>i2c.obj</file>
         <name>i2c.obj</name>
      </input_file>
      <input_file id="fl-a">
         <path>.\pl\</path>
         <kind>object</kind>
         <file>wflib.obj</file>
         <name>wflib.obj</name>
      </input_file>
      <input_file id="fl-b">
         <path>.\epson\</path>
         <kind>object</kind>
         <file>epson-epdc.obj</file>
         <name>epson-epdc.obj</name>
      </input_file>
      <input_file id="fl-c">
         <path>.\epson\</path>
         <kind>object</kind>
         <file>epson-i2c.obj</file>
         <name>epson-i2c.obj</name>
      </input_file>
      <input_file id="fl-d">
         <path>.\epson\</path>
         <kind>object</kind>
         <file>epson-s1d13524.obj</file>
         <name>epson-s1d13524.obj</name>
      </input_file>
      <input_file id="fl-e">
         <path>.\epson\</path>
         <kind>object</kind>
         <file>epson-s1d13541.obj</file>
         <name>epson-s1d13541.obj</name>
      </input_file>
      <input_file id="fl-f">
         <path>.\epson\</path>
         <kind>object</kind>
         <file>epson-s1d135xx.obj</file>
         <name>epson-s1d135xx.obj</name>
      </input_file>
      <input_file id="fl-10">
         <path>.\epd_sys\</path>
         <kind>object</kind>
         <file>crc16.obj</file>
         <name>crc16.obj</name>
      </input_file>
      <input_file id="fl-11">
         <path>.\epd_sys\</path>
         <kind>object</kind>
         <file>dac-5820.obj</file>
         <name>dac-5820.obj</name>
      </input_file>
      <input_file id="fl-12">
         <path>.\epd_sys\</path>
         <kind>object</kind>
         <file>i2c-eeprom.obj</file>
         <name>i2c-eeprom.obj</name>
      </input_file>
      <input_file id="fl-13">
         <path>.\epd_sys\</path>
         <kind>object</kind>
         <file>lzss.obj</file>
         <name>lzss.obj</name>
      </input_file>
      <input_file id="fl-14">
         <path>.\epd_sys\</path>
         <kind>object</kind>
         <file>pmic-max17135.obj</file>
         <name>pmic-max17135.obj</name>
      </input_file>
      <input_file id="fl-15">
         <path>.\epd_sys\</path>
         <kind>object</kind>
         <file>pmic-tps65185.obj</file>
         <name>pmic-tps65185.obj</name>
      </input_file>
      <input_file id="fl-16">
         <path>.\epd_sys\</path>
         <kind>object</kind>
         <file>pnm-utils.obj</file>
         <name>pnm-utils.obj</name>
      </input_file>
      <input_file id="fl-17">
         <path>.\epd_sys\</path>
         <kind>object</kind>
         <file>probe.obj</file>
         <name>probe.obj</name>
      </input_file>
      <input_file id="fl-18">
         <path>.\epd_sys\</path>
         <kind>object</kind>
         <file>utils.obj</file>
         <name>utils.obj</name>
      </input_file>
      <input_file id="fl-19">
         <path>.\epd_sys\</path>
         <kind>object</kind>
         <file>vcom.obj</file>
         <name>vcom.obj</name>
      </input_file>
      <input_file id="fl-1a">
         <path>.\epd_app\</path>
         <kind>object</kind>
         <file>app.obj</file>
         <name>app.obj</name>
      </input_file>
      <input_file id="fl-1b">
         <path>.\epd_app\</path>
         <kind>object</kind>
         <file>parser.obj</file>
         <name>parser.obj</name>
      </input_file>
      <input_file id="fl-1c">
         <path>.\epd_app\</path>
         <kind>object</kind>
         <file>pattern.obj</file>
         <name>pattern.obj</name>
      </input_file>
      <input_file id="fl-1d">
         <path>.\epd_app\</path>
         <kind>object</kind>
         <file>power.obj</file>
         <name>power.obj</name>
      </input_file>
      <input_file id="fl-1e">
         <path>.\epd_app\</path>
         <kind>object</kind>
         <file>sequencer.obj</file>
         <name>sequencer.obj</name>
      </input_file>
      <input_file id="fl-1f">
         <path>.\epd_app\</path>
         <kind>object</kind>
         <file>slideshow.obj</file>
         <name>slideshow.obj</name>
      </input_file>
      <input_file id="fl-20">
         <path>.\Hardware\</path>
         <kind>object</kind>
         <file>low_level_init.obj</file>
         <name>low_level_init.obj</name>
      </input_file>
      <input_file id="fl-21">
         <path>.\Hardware\</path>
         <kind>object</kind>
         <file>pre_init.obj</file>
         <name>pre_init.obj</name>
      </input_file>
      <input_file id="fl-22">
         <path>.\Hardware\msp430\</path>
         <kind>object</kind>
         <file>HAL.obj</file>
         <name>HAL.obj</name>
      </input_file>
      <input_file id="fl-23">
         <path>.\Hardware\msp430\</path>
         <kind>object</kind>
         <file>hal_pmm.obj</file>
         <name>hal_pmm.obj</name>
      </input_file>
      <input_file id="fl-24">
         <path>.\Hardware\msp430\</path>
         <kind>object</kind>
         <file>msp430-epd.obj</file>
         <name>msp430-epd.obj</name>
      </input_file>
      <input_file id="fl-25">
         <path>.\Hardware\msp430\</path>
         <kind>object</kind>
         <file>msp430-flashmem.obj</file>
         <name>msp430-flashmem.obj</name>
      </input_file>
      <input_file id="fl-26">
         <path>.\Hardware\msp430\</path>
         <kind>object</kind>
         <file>msp430-gpio.obj</file>
         <name>msp430-gpio.obj</name>
      </input_file>
      <input_file id="fl-27">
         <path>.\Hardware\msp430\</path>
         <kind>object</kind>
         <file>msp430-i2c.obj</file>
         <name>msp430-i2c.obj</name>
      </input_file>
      <input_file id="fl-28">
         <path>.\Hardware\msp430\</path>
         <kind>object</kind>
         <file>msp430-interrupts.obj</file>
         <name>msp430-interrupts.obj</name>
      </input_file>
      <input_file id="fl-29">
         <path>.\Hardware\msp430\</path>
         <kind>object</kind>
         <file>msp430-sdcard.obj</file>
         <name>msp430-sdcard.obj</name>
      </input_file>
      <input_file id="fl-2a">
         <path>.\Hardware\msp430\</path>
         <kind>object</kind>
         <file>msp430-spi.obj</file>
         <name>msp430-spi.obj</name>
      </input_file>
      <input_file id="fl-2b">
         <path>.\Hardware\msp430\</path>
         <kind>object</kind>
         <file>msp430-timers.obj</file>
         <name>msp430-timers.obj</name>
      </input_file>
      <input_file id="fl-2c">
         <path>.\Hardware\msp430\</path>
         <kind>object</kind>
         <file>msp430-uart.obj</file>
         <name>msp430-uart.obj</name>
      </input_file>
      <input_file id="fl-2d">
         <path>.\FatFs\</path>
         <kind>object</kind>
         <file>ff.obj</file>
         <name>ff.obj</name>
      </input_file>
      <input_file id="fl-2e">
         <path>.\FatFs\</path>
         <kind>object</kind>
         <file>mmc.obj</file>
         <name>mmc.obj</name>
      </input_file>
      <input_file id="fl-2f">
         <path>.\Bluetopia\hcitrans\</path>
         <kind>object</kind>
         <file>HCITRANS.obj</file>
         <name>HCITRANS.obj</name>
      </input_file>
      <input_file id="fl-30">
         <path>.\Bluetopia\btvs\</path>
         <kind>object</kind>
         <file>BTVS.obj</file>
         <name>BTVS.obj</name>
      </input_file>
      <input_file id="fl-31">
         <path>.\Bluetopia\btpsvend\</path>
         <kind>object</kind>
         <file>BTPSVEND.obj</file>
         <name>BTPSVEND.obj</name>
      </input_file>
      <input_file id="fl-32">
         <path>.\Bluetopia\btpskrnl\</path>
         <kind>object</kind>
         <file>BTPSKRNL.obj</file>
         <name>BTPSKRNL.obj</name>
      </input_file>
      <input_file id="fl-33">
         <path>.\Bluetopia\btpskrnl\</path>
         <kind>object</kind>
         <file>sprintf.obj</file>
         <name>sprintf.obj</name>
      </input_file>
      <input_file id="fl-47">
         <path>C:\Users\Robo\Repos\EPD-BT-Workspace\pl-epd-ti-bt-v4\Bluetopia\lib\DefaultMTU\coffabi\</path>
         <kind>archive</kind>
         <file>libBluetopia.a</file>
         <name>BSC.obj</name>
      </input_file>
      <input_file id="fl-71">
         <path>C:\ti\ccsv6\tools\compiler\ti-cgt-msp430_4.4.4\lib\</path>
         <kind>archive</kind>
         <file>rts430x.lib</file>
         <name>asr32.obj</name>
      </input_file>
      <input_file id="fl-72">
         <path>C:\ti\ccsv6\tools\compiler\ti-cgt-msp430_4.4.4\lib\</path>
         <kind>archive</kind>
         <file>rts430x.lib</file>
         <name>atoi.obj</name>
      </input_file>
      <input_file id="fl-73">
         <path>C:\ti\ccsv6\tools\compiler\ti-cgt-msp430_4.4.4\lib\</path>
         <kind>archive</kind>
         <file>rts430x.lib</file>
         <name>boot.obj</name>
      </input_file>
      <input_file id="fl-74">
         <path>C:\ti\ccsv6\tools\compiler\ti-cgt-msp430_4.4.4\lib\</path>
         <kind>archive</kind>
         <file>rts430x.lib</file>
         <name>boot_special.obj</name>
      </input_file>
      <input_file id="fl-75">
         <path>C:\ti\ccsv6\tools\compiler\ti-cgt-msp430_4.4.4\lib\</path>
         <kind>archive</kind>
         <file>rts430x.lib</file>
         <name>copy_decompress_none.obj</name>
      </input_file>
      <input_file id="fl-76">
         <path>C:\ti\ccsv6\tools\compiler\ti-cgt-msp430_4.4.4\lib\</path>
         <kind>archive</kind>
         <file>rts430x.lib</file>
         <name>copy_decompress_rle.obj</name>
      </input_file>
      <input_file id="fl-77">
         <path>C:\ti\ccsv6\tools\compiler\ti-cgt-msp430_4.4.4\lib\</path>
         <kind>archive</kind>
         <file>rts430x.lib</file>
         <name>copy_zero_init.obj</name>
      </input_file>
      <input_file id="fl-78">
         <path>C:\ti\ccsv6\tools\compiler\ti-cgt-msp430_4.4.4\lib\</path>
         <kind>archive</kind>
         <file>rts430x.lib</file>
         <name>cpy_util.obj</name>
      </input_file>
      <input_file id="fl-79">
         <path>C:\ti\ccsv6\tools\compiler\ti-cgt-msp430_4.4.4\lib\</path>
         <kind>archive</kind>
         <file>rts430x.lib</file>
         <name>ctype.obj</name>
      </input_file>
      <input_file id="fl-7a">
         <path>C:\ti\ccsv6\tools\compiler\ti-cgt-msp430_4.4.4\lib\</path>
         <kind>archive</kind>
         <file>rts430x.lib</file>
         <name>defs.obj</name>
      </input_file>
      <input_file id="fl-7b">
         <path>C:\ti\ccsv6\tools\compiler\ti-cgt-msp430_4.4.4\lib\</path>
         <kind>archive</kind>
         <file>rts430x.lib</file>
         <name>div16s.obj</name>
      </input_file>
      <input_file id="fl-7c">
         <path>C:\ti\ccsv6\tools\compiler\ti-cgt-msp430_4.4.4\lib\</path>
         <kind>archive</kind>
         <file>rts430x.lib</file>
         <name>div16u.obj</name>
      </input_file>
      <input_file id="fl-7d">
         <path>C:\ti\ccsv6\tools\compiler\ti-cgt-msp430_4.4.4\lib\</path>
         <kind>archive</kind>
         <file>rts430x.lib</file>
         <name>div32s.obj</name>
      </input_file>
      <input_file id="fl-7e">
         <path>C:\ti\ccsv6\tools\compiler\ti-cgt-msp430_4.4.4\lib\</path>
         <kind>archive</kind>
         <file>rts430x.lib</file>
         <name>div32u.obj</name>
      </input_file>
      <input_file id="fl-7f">
         <path>C:\ti\ccsv6\tools\compiler\ti-cgt-msp430_4.4.4\lib\</path>
         <kind>archive</kind>
         <file>rts430x.lib</file>
         <name>exit.obj</name>
      </input_file>
      <input_file id="fl-80">
         <path>C:\ti\ccsv6\tools\compiler\ti-cgt-msp430_4.4.4\lib\</path>
         <kind>archive</kind>
         <file>rts430x.lib</file>
         <name>exit_gvars.obj</name>
      </input_file>
      <input_file id="fl-81">
         <path>C:\ti\ccsv6\tools\compiler\ti-cgt-msp430_4.4.4\lib\</path>
         <kind>archive</kind>
         <file>rts430x.lib</file>
         <name>fopen.obj</name>
      </input_file>
      <input_file id="fl-82">
         <path>C:\ti\ccsv6\tools\compiler\ti-cgt-msp430_4.4.4\lib\</path>
         <kind>archive</kind>
         <file>rts430x.lib</file>
         <name>fprintf.obj</name>
      </input_file>
      <input_file id="fl-83">
         <path>C:\ti\ccsv6\tools\compiler\ti-cgt-msp430_4.4.4\lib\</path>
         <kind>archive</kind>
         <file>rts430x.lib</file>
         <name>fputc.obj</name>
      </input_file>
      <input_file id="fl-84">
         <path>C:\ti\ccsv6\tools\compiler\ti-cgt-msp430_4.4.4\lib\</path>
         <kind>archive</kind>
         <file>rts430x.lib</file>
         <name>fputs.obj</name>
      </input_file>
      <input_file id="fl-85">
         <path>C:\ti\ccsv6\tools\compiler\ti-cgt-msp430_4.4.4\lib\</path>
         <kind>archive</kind>
         <file>rts430x.lib</file>
         <name>int43.obj</name>
      </input_file>
      <input_file id="fl-86">
         <path>C:\ti\ccsv6\tools\compiler\ti-cgt-msp430_4.4.4\lib\</path>
         <kind>archive</kind>
         <file>rts430x.lib</file>
         <name>int44.obj</name>
      </input_file>
      <input_file id="fl-87">
         <path>C:\ti\ccsv6\tools\compiler\ti-cgt-msp430_4.4.4\lib\</path>
         <kind>archive</kind>
         <file>rts430x.lib</file>
         <name>int45.obj</name>
      </input_file>
      <input_file id="fl-88">
         <path>C:\ti\ccsv6\tools\compiler\ti-cgt-msp430_4.4.4\lib\</path>
         <kind>archive</kind>
         <file>rts430x.lib</file>
         <name>int48.obj</name>
      </input_file>
      <input_file id="fl-89">
         <path>C:\ti\ccsv6\tools\compiler\ti-cgt-msp430_4.4.4\lib\</path>
         <kind>archive</kind>
         <file>rts430x.lib</file>
         <name>int50.obj</name>
      </input_file>
      <input_file id="fl-8a">
         <path>C:\ti\ccsv6\tools\compiler\ti-cgt-msp430_4.4.4\lib\</path>
         <kind>archive</kind>
         <file>rts430x.lib</file>
         <name>int51.obj</name>
      </input_file>
      <input_file id="fl-8b">
         <path>C:\ti\ccsv6\tools\compiler\ti-cgt-msp430_4.4.4\lib\</path>
         <kind>archive</kind>
         <file>rts430x.lib</file>
         <name>int54.obj</name>
      </input_file>
      <input_file id="fl-8c">
         <path>C:\ti\ccsv6\tools\compiler\ti-cgt-msp430_4.4.4\lib\</path>
         <kind>archive</kind>
         <file>rts430x.lib</file>
         <name>int55.obj</name>
      </input_file>
      <input_file id="fl-8d">
         <path>C:\ti\ccsv6\tools\compiler\ti-cgt-msp430_4.4.4\lib\</path>
         <kind>archive</kind>
         <file>rts430x.lib</file>
         <name>int56.obj</name>
      </input_file>
      <input_file id="fl-8e">
         <path>C:\ti\ccsv6\tools\compiler\ti-cgt-msp430_4.4.4\lib\</path>
         <kind>archive</kind>
         <file>rts430x.lib</file>
         <name>int57.obj</name>
      </input_file>
      <input_file id="fl-8f">
         <path>C:\ti\ccsv6\tools\compiler\ti-cgt-msp430_4.4.4\lib\</path>
         <kind>archive</kind>
         <file>rts430x.lib</file>
         <name>int58.obj</name>
      </input_file>
      <input_file id="fl-90">
         <path>C:\ti\ccsv6\tools\compiler\ti-cgt-msp430_4.4.4\lib\</path>
         <kind>archive</kind>
         <file>rts430x.lib</file>
         <name>int59.obj</name>
      </input_file>
      <input_file id="fl-91">
         <path>C:\ti\ccsv6\tools\compiler\ti-cgt-msp430_4.4.4\lib\</path>
         <kind>archive</kind>
         <file>rts430x.lib</file>
         <name>int60.obj</name>
      </input_file>
      <input_file id="fl-92">
         <path>C:\ti\ccsv6\tools\compiler\ti-cgt-msp430_4.4.4\lib\</path>
         <kind>archive</kind>
         <file>rts430x.lib</file>
         <name>int61.obj</name>
      </input_file>
      <input_file id="fl-93">
         <path>C:\ti\ccsv6\tools\compiler\ti-cgt-msp430_4.4.4\lib\</path>
         <kind>archive</kind>
         <file>rts430x.lib</file>
         <name>int62.obj</name>
      </input_file>
      <input_file id="fl-94">
         <path>C:\ti\ccsv6\tools\compiler\ti-cgt-msp430_4.4.4\lib\</path>
         <kind>archive</kind>
         <file>rts430x.lib</file>
         <name>isr_trap.obj</name>
      </input_file>
      <input_file id="fl-95">
         <path>C:\ti\ccsv6\tools\compiler\ti-cgt-msp430_4.4.4\lib\</path>
         <kind>archive</kind>
         <file>rts430x.lib</file>
         <name>lowlev.obj</name>
      </input_file>
      <input_file id="fl-96">
         <path>C:\ti\ccsv6\tools\compiler\ti-cgt-msp430_4.4.4\lib\</path>
         <kind>archive</kind>
         <file>rts430x.lib</file>
         <name>lsl16.obj</name>
      </input_file>
      <input_file id="fl-97">
         <path>C:\ti\ccsv6\tools\compiler\ti-cgt-msp430_4.4.4\lib\</path>
         <kind>archive</kind>
         <file>rts430x.lib</file>
         <name>lsl32.obj</name>
      </input_file>
      <input_file id="fl-98">
         <path>C:\ti\ccsv6\tools\compiler\ti-cgt-msp430_4.4.4\lib\</path>
         <kind>archive</kind>
         <file>rts430x.lib</file>
         <name>lsr32.obj</name>
      </input_file>
      <input_file id="fl-99">
         <path>C:\ti\ccsv6\tools\compiler\ti-cgt-msp430_4.4.4\lib\</path>
         <kind>archive</kind>
         <file>rts430x.lib</file>
         <name>memchr.obj</name>
      </input_file>
      <input_file id="fl-9a">
         <path>C:\ti\ccsv6\tools\compiler\ti-cgt-msp430_4.4.4\lib\</path>
         <kind>archive</kind>
         <file>rts430x.lib</file>
         <name>memcmp.obj</name>
      </input_file>
      <input_file id="fl-9b">
         <path>C:\ti\ccsv6\tools\compiler\ti-cgt-msp430_4.4.4\lib\</path>
         <kind>archive</kind>
         <file>rts430x.lib</file>
         <name>memcpy.obj</name>
      </input_file>
      <input_file id="fl-9c">
         <path>C:\ti\ccsv6\tools\compiler\ti-cgt-msp430_4.4.4\lib\</path>
         <kind>archive</kind>
         <file>rts430x.lib</file>
         <name>memmov.obj</name>
      </input_file>
      <input_file id="fl-9d">
         <path>C:\ti\ccsv6\tools\compiler\ti-cgt-msp430_4.4.4\lib\</path>
         <kind>archive</kind>
         <file>rts430x.lib</file>
         <name>memory.obj</name>
      </input_file>
      <input_file id="fl-9e">
         <path>C:\ti\ccsv6\tools\compiler\ti-cgt-msp430_4.4.4\lib\</path>
         <kind>archive</kind>
         <file>rts430x.lib</file>
         <name>memset.obj</name>
      </input_file>
      <input_file id="fl-9f">
         <path>C:\ti\ccsv6\tools\compiler\ti-cgt-msp430_4.4.4\lib\</path>
         <kind>archive</kind>
         <file>rts430x.lib</file>
         <name>mpu_init.obj</name>
      </input_file>
      <input_file id="fl-a0">
         <path>C:\ti\ccsv6\tools\compiler\ti-cgt-msp430_4.4.4\lib\</path>
         <kind>archive</kind>
         <file>rts430x.lib</file>
         <name>mult16.obj</name>
      </input_file>
      <input_file id="fl-a1">
         <path>C:\ti\ccsv6\tools\compiler\ti-cgt-msp430_4.4.4\lib\</path>
         <kind>archive</kind>
         <file>rts430x.lib</file>
         <name>mult1632.obj</name>
      </input_file>
      <input_file id="fl-a2">
         <path>C:\ti\ccsv6\tools\compiler\ti-cgt-msp430_4.4.4\lib\</path>
         <kind>archive</kind>
         <file>rts430x.lib</file>
         <name>mult1632_f5hw.obj</name>
      </input_file>
      <input_file id="fl-a3">
         <path>C:\ti\ccsv6\tools\compiler\ti-cgt-msp430_4.4.4\lib\</path>
         <kind>archive</kind>
         <file>rts430x.lib</file>
         <name>mult16_f5hw.obj</name>
      </input_file>
      <input_file id="fl-a4">
         <path>C:\ti\ccsv6\tools\compiler\ti-cgt-msp430_4.4.4\lib\</path>
         <kind>archive</kind>
         <file>rts430x.lib</file>
         <name>mult32.obj</name>
      </input_file>
      <input_file id="fl-a5">
         <path>C:\ti\ccsv6\tools\compiler\ti-cgt-msp430_4.4.4\lib\</path>
         <kind>archive</kind>
         <file>rts430x.lib</file>
         <name>mult3264_f5hw.obj</name>
      </input_file>
      <input_file id="fl-a6">
         <path>C:\ti\ccsv6\tools\compiler\ti-cgt-msp430_4.4.4\lib\</path>
         <kind>archive</kind>
         <file>rts430x.lib</file>
         <name>mult32_f5hw.obj</name>
      </input_file>
      <input_file id="fl-a7">
         <path>C:\ti\ccsv6\tools\compiler\ti-cgt-msp430_4.4.4\lib\</path>
         <kind>archive</kind>
         <file>rts430x.lib</file>
         <name>mult64_f5hw.obj</name>
      </input_file>
      <input_file id="fl-a8">
         <path>C:\ti\ccsv6\tools\compiler\ti-cgt-msp430_4.4.4\lib\</path>
         <kind>archive</kind>
         <file>rts430x.lib</file>
         <name>printf.obj</name>
      </input_file>
      <input_file id="fl-a9">
         <path>C:\ti\ccsv6\tools\compiler\ti-cgt-msp430_4.4.4\lib\</path>
         <kind>archive</kind>
         <file>rts430x.lib</file>
         <name>setvbuf.obj</name>
      </input_file>
      <input_file id="fl-aa">
         <path>C:\ti\ccsv6\tools\compiler\ti-cgt-msp430_4.4.4\lib\</path>
         <kind>archive</kind>
         <file>rts430x.lib</file>
         <name>snprintf.obj</name>
      </input_file>
      <input_file id="fl-ab">
         <path>C:\ti\ccsv6\tools\compiler\ti-cgt-msp430_4.4.4\lib\</path>
         <kind>archive</kind>
         <file>rts430x.lib</file>
         <name>sprintf.obj</name>
      </input_file>
      <input_file id="fl-ac">
         <path>C:\ti\ccsv6\tools\compiler\ti-cgt-msp430_4.4.4\lib\</path>
         <kind>archive</kind>
         <file>rts430x.lib</file>
         <name>strchr.obj</name>
      </input_file>
      <input_file id="fl-ad">
         <path>C:\ti\ccsv6\tools\compiler\ti-cgt-msp430_4.4.4\lib\</path>
         <kind>archive</kind>
         <file>rts430x.lib</file>
         <name>strcmp.obj</name>
      </input_file>
      <input_file id="fl-ae">
         <path>C:\ti\ccsv6\tools\compiler\ti-cgt-msp430_4.4.4\lib\</path>
         <kind>archive</kind>
         <file>rts430x.lib</file>
         <name>strcpy.obj</name>
      </input_file>
      <input_file id="fl-af">
         <path>C:\ti\ccsv6\tools\compiler\ti-cgt-msp430_4.4.4\lib\</path>
         <kind>archive</kind>
         <file>rts430x.lib</file>
         <name>strlen.obj</name>
      </input_file>
      <input_file id="fl-b0">
         <path>C:\ti\ccsv6\tools\compiler\ti-cgt-msp430_4.4.4\lib\</path>
         <kind>archive</kind>
         <file>rts430x.lib</file>
         <name>strncpy.obj</name>
      </input_file>
      <input_file id="fl-b1">
         <path>C:\ti\ccsv6\tools\compiler\ti-cgt-msp430_4.4.4\lib\</path>
         <kind>archive</kind>
         <file>rts430x.lib</file>
         <name>strstr.obj</name>
      </input_file>
      <input_file id="fl-b2">
         <path>C:\ti\ccsv6\tools\compiler\ti-cgt-msp430_4.4.4\lib\</path>
         <kind>archive</kind>
         <file>rts430x.lib</file>
         <name>strtoul.obj</name>
      </input_file>
      <input_file id="fl-b3">
         <path>C:\ti\ccsv6\tools\compiler\ti-cgt-msp430_4.4.4\lib\</path>
         <kind>archive</kind>
         <file>rts430x.lib</file>
         <name>trgdrv.obj</name>
      </input_file>
      <input_file id="fl-b4">
         <path>C:\ti\ccsv6\tools\compiler\ti-cgt-msp430_4.4.4\lib\</path>
         <kind>archive</kind>
         <file>rts430x.lib</file>
         <name>trgmsg.obj</name>
      </input_file>
      <input_file id="fl-b5">
         <path>C:\ti\ccsv6\tools\compiler\ti-cgt-msp430_4.4.4\lib\</path>
         <kind>archive</kind>
         <file>rts430x.lib</file>
         <name>_io_perm.obj</name>
      </input_file>
      <input_file id="fl-b6">
         <path>C:\ti\ccsv6\tools\compiler\ti-cgt-msp430_4.4.4\lib\</path>
         <kind>archive</kind>
         <file>rts430x.lib</file>
         <name>_lock.obj</name>
      </input_file>
      <input_file id="fl-b7">
         <path>C:\ti\ccsv6\tools\compiler\ti-cgt-msp430_4.4.4\lib\</path>
         <kind>archive</kind>
         <file>rts430x.lib</file>
         <name>_printfi_nf.obj</name>
      </input_file>
      <input_file id="fl-b8">
         <path>C:\ti\ccsv6\tools\compiler\ti-cgt-msp430_4.4.4\lib\</path>
         <kind>archive</kind>
         <file>rts430x.lib</file>
         <name>args_main.obj</name>
      </input_file>
      <input_file id="fl-b9">
         <path>C:\ti\ccsv6\tools\compiler\ti-cgt-msp430_4.4.4\lib\</path>
         <kind>archive</kind>
         <file>rts430x.lib</file>
         <name>autoinit_wdt.obj</name>
      </input_file>
      <input_file id="fl-ba">
         <path>C:\ti\ccsv6\tools\compiler\ti-cgt-msp430_4.4.4\lib\</path>
         <kind>archive</kind>
         <file>rts430x.lib</file>
         <name>div64u.obj</name>
      </input_file>
      <input_file id="fl-bb">
         <path>C:\ti\ccsv6\tools\compiler\ti-cgt-msp430_4.4.4\lib\</path>
         <kind>archive</kind>
         <file>rts430x.lib</file>
         <name>errno.obj</name>
      </input_file>
      <input_file id="fl-bc">
         <path>C:\ti\ccsv6\tools\compiler\ti-cgt-msp430_4.4.4\lib\</path>
         <kind>archive</kind>
         <file>rts430x.lib</file>
         <name>fclose.obj</name>
      </input_file>
      <input_file id="fl-bd">
         <path>C:\ti\ccsv6\tools\compiler\ti-cgt-msp430_4.4.4\lib\</path>
         <kind>archive</kind>
         <file>rts430x.lib</file>
         <name>fflush.obj</name>
      </input_file>
      <input_file id="fl-be">
         <path>C:\ti\ccsv6\tools\compiler\ti-cgt-msp430_4.4.4\lib\</path>
         <kind>archive</kind>
         <file>rts430x.lib</file>
         <name>fseek.obj</name>
      </input_file>
      <input_file id="fl-bf">
         <path>C:\ti\ccsv6\tools\compiler\ti-cgt-msp430_4.4.4\lib\</path>
         <kind>archive</kind>
         <file>rts430x.lib</file>
         <name>lsl64.obj</name>
      </input_file>
      <input_file id="fl-c0">
         <path>C:\ti\ccsv6\tools\compiler\ti-cgt-msp430_4.4.4\lib\</path>
         <kind>archive</kind>
         <file>rts430x.lib</file>
         <name>lsr64.obj</name>
      </input_file>
      <input_file id="fl-c1">
         <path>C:\ti\ccsv6\tools\compiler\ti-cgt-msp430_4.4.4\lib\</path>
         <kind>archive</kind>
         <file>rts430x.lib</file>
         <name>memccpy.obj</name>
      </input_file>
      <input_file id="fl-c2">
         <path>C:\ti\ccsv6\tools\compiler\ti-cgt-msp430_4.4.4\lib\</path>
         <kind>archive</kind>
         <file>rts430x.lib</file>
         <name>remove.obj</name>
      </input_file>
   </input_file_list>
   <object_component_list>
      <object_component id="oc-8f">
         <name>.bss</name>
         <uninitialized>true</uninitialized>
         <run_address>0x3588</run_address>
         <size>0x4</size>
         <input_file_ref idref="fl-2"/>
      </object_component>
      <object_component id="oc-95">
         <name>.bss</name>
         <uninitialized>true</uninitialized>
         <run_address>0x2a12</run_address>
         <size>0x2f2</size>
         <input_file_ref idref="fl-3"/>
      </object_component>
      <object_component id="oc-e9">
         <name>.bss</name>
         <uninitialized>true</uninitialized>
         <run_address>0x3562</run_address>
         <size>0xa</size>
         <input_file_ref idref="fl-11"/>
      </object_component>
      <object_component id="oc-fb">
         <name>.bss</name>
         <uninitialized>true</uninitialized>
         <run_address>0x3546</run_address>
         <size>0x10</size>
         <input_file_ref idref="fl-14"/>
      </object_component>
      <object_component id="oc-10e">
         <name>.bss</name>
         <uninitialized>true</uninitialized>
         <run_address>0x35a6</run_address>
         <size>0x2</size>
         <input_file_ref idref="fl-17"/>
      </object_component>
      <object_component id="oc-121">
         <name>.bss</name>
         <uninitialized>true</uninitialized>
         <run_address>0x35a0</run_address>
         <size>0x2</size>
         <input_file_ref idref="fl-1a"/>
      </object_component>
      <object_component id="oc-13f">
         <name>.bss</name>
         <uninitialized>true</uninitialized>
         <run_address>0x34f4</run_address>
         <size>0x2e</size>
         <input_file_ref idref="fl-1f"/>
      </object_component>
      <object_component id="oc-14c">
         <name>.bss</name>
         <uninitialized>true</uninitialized>
         <run_address>0x357c</run_address>
         <size>0x6</size>
         <input_file_ref idref="fl-21"/>
      </object_component>
      <object_component id="oc-152">
         <name>.bss</name>
         <uninitialized>true</uninitialized>
         <run_address>0x2fdc</run_address>
         <size>0x142</size>
         <input_file_ref idref="fl-22"/>
      </object_component>
      <object_component id="oc-15e">
         <name>.bss</name>
         <uninitialized>true</uninitialized>
         <run_address>0x2d04</run_address>
         <size>0x2d8</size>
         <input_file_ref idref="fl-24"/>
      </object_component>
      <object_component id="oc-177">
         <name>.bss</name>
         <uninitialized>true</uninitialized>
         <run_address>0x3587</run_address>
         <size>0x1</size>
         <input_file_ref idref="fl-28"/>
      </object_component>
      <object_component id="oc-17e">
         <name>.bss</name>
         <uninitialized>true</uninitialized>
         <run_address>0x35a2</run_address>
         <size>0x2</size>
         <input_file_ref idref="fl-29"/>
      </object_component>
      <object_component id="oc-18a">
         <name>.bss</name>
         <uninitialized>true</uninitialized>
         <run_address>0x35a4</run_address>
         <size>0x2</size>
         <input_file_ref idref="fl-2b"/>
      </object_component>
      <object_component id="oc-190">
         <name>.bss</name>
         <uninitialized>true</uninitialized>
         <run_address>0x359f</run_address>
         <size>0x1</size>
         <input_file_ref idref="fl-2c"/>
      </object_component>
      <object_component id="oc-198">
         <name>.bss</name>
         <uninitialized>true</uninitialized>
         <run_address>0x3582</run_address>
         <size>0x5</size>
         <input_file_ref idref="fl-2d"/>
      </object_component>
      <object_component id="oc-19f">
         <name>.bss</name>
         <uninitialized>true</uninitialized>
         <run_address>0x359c</run_address>
         <size>0x3</size>
         <input_file_ref idref="fl-2e"/>
      </object_component>
      <object_component id="oc-1a6">
         <name>.bss</name>
         <uninitialized>true</uninitialized>
         <run_address>0x336a</run_address>
         <size>0xe6</size>
         <input_file_ref idref="fl-2f"/>
      </object_component>
      <object_component id="oc-1b2">
         <name>.bss</name>
         <uninitialized>true</uninitialized>
         <run_address>0x3556</run_address>
         <size>0xc</size>
         <input_file_ref idref="fl-31"/>
      </object_component>
      <object_component id="oc-1bb">
         <name>.bss</name>
         <uninitialized>true</uninitialized>
         <run_address>0x1c00</run_address>
         <size>0xe12</size>
         <input_file_ref idref="fl-32"/>
      </object_component>
      <object_component id="oc-1c3">
         <name>.bss</name>
         <uninitialized>true</uninitialized>
         <run_address>0x3522</run_address>
         <size>0x24</size>
         <input_file_ref idref="fl-33"/>
      </object_component>
      <object_component id="oc-1ca">
         <name>.bss</name>
         <uninitialized>true</uninitialized>
         <run_address>0x311e</run_address>
         <size>0x132</size>
         <input_file_ref idref="fl-47"/>
      </object_component>
      <object_component id="oc-1f7">
         <name>.bss</name>
         <uninitialized>true</uninitialized>
         <run_address>0x3250</run_address>
         <size>0x11a</size>
         <input_file_ref idref="fl-7a"/>
      </object_component>
      <object_component id="oc-341">
         <name>.bss:__TI_cleanup_ptr</name>
         <uninitialized>true</uninitialized>
         <run_address>0x358c</run_address>
         <size>0x4</size>
         <input_file_ref idref="fl-80"/>
      </object_component>
      <object_component id="oc-33f">
         <name>.bss:__TI_dtors_ptr</name>
         <uninitialized>true</uninitialized>
         <run_address>0x3590</run_address>
         <size>0x4</size>
         <input_file_ref idref="fl-80"/>
      </object_component>
      <object_component id="oc-216">
         <name>.bss</name>
         <uninitialized>true</uninitialized>
         <run_address>0x35aa</run_address>
         <size>0x2</size>
         <input_file_ref idref="fl-81"/>
      </object_component>
      <object_component id="oc-232">
         <name>.bss</name>
         <uninitialized>true</uninitialized>
         <run_address>0x3450</run_address>
         <size>0xa4</size>
         <input_file_ref idref="fl-95"/>
      </object_component>
      <object_component id="oc-25a">
         <name>.bss</name>
         <uninitialized>true</uninitialized>
         <run_address>0x356c</run_address>
         <size>0x8</size>
         <input_file_ref idref="fl-9d"/>
      </object_component>
      <object_component id="oc-2c3">
         <name>.bss</name>
         <uninitialized>true</uninitialized>
         <run_address>0x3574</run_address>
         <size>0x8</size>
         <input_file_ref idref="fl-b3"/>
      </object_component>
      <object_component id="oc-33d">
         <name>.bss:_lock</name>
         <uninitialized>true</uninitialized>
         <run_address>0x3594</run_address>
         <size>0x4</size>
         <input_file_ref idref="fl-b6"/>
      </object_component>
      <object_component id="oc-343">
         <name>.bss:_unlock</name>
         <uninitialized>true</uninitialized>
         <run_address>0x3598</run_address>
         <size>0x4</size>
         <input_file_ref idref="fl-b6"/>
      </object_component>
      <object_component id="oc-2ee">
         <name>.bss</name>
         <uninitialized>true</uninitialized>
         <run_address>0x35a8</run_address>
         <size>0x2</size>
         <input_file_ref idref="fl-bb"/>
      </object_component>
      <object_component id="oc-25d">
         <name>.sysmem</name>
         <uninitialized>true</uninitialized>
         <run_address>0x35ac</run_address>
         <size>0x4</size>
         <input_file_ref idref="fl-9d"/>
      </object_component>
      <object_component id="oc-70c">
         <name>.sysmem</name>
         <uninitialized>true</uninitialized>
         <run_address>0x35ac</run_address>
         <size>0x0</size>
      </object_component>
      <object_component id="oc-1d7">
         <name>.stack</name>
         <uninitialized>true</uninitialized>
         <run_address>0x5750</run_address>
         <size>0x2</size>
         <input_file_ref idref="fl-73"/>
      </object_component>
      <object_component id="oc-70b">
         <name>.stack</name>
         <uninitialized>true</uninitialized>
         <run_address>0x5750</run_address>
         <size>0x0</size>
      </object_component>
      <object_component id="oc-524">
         <name>.text:L2CA_Event_Callback$16</name>
         <load_address>0x11094</load_address>
         <run_address>0x11094</run_address>
         <size>0x9ce</size>
         <input_file_ref idref="fl-47"/>
      </object_component>
      <object_component id="oc-41c">
         <name>.text:GAP_Event_Callback</name>
         <load_address>0x11a62</load_address>
         <run_address>0x11a62</run_address>
         <size>0x8b0</size>
         <input_file_ref idref="fl-3"/>
      </object_component>
      <object_component id="oc-527">
         <name>.text:HCI_Event_Callback$7</name>
         <load_address>0x12312</load_address>
         <run_address>0x12312</run_address>
         <size>0x89c</size>
         <input_file_ref idref="fl-47"/>
      </object_component>
      <object_component id="oc-51e">
         <name>.text:HCI_Event_Callback$11</name>
         <load_address>0x12bae</load_address>
         <run_address>0x12bae</run_address>
         <size>0x5a4</size>
         <input_file_ref idref="fl-47"/>
      </object_component>
      <object_component id="oc-50e">
         <name>.text:AsynchronousHCIEventCallback$10</name>
         <load_address>0x13152</load_address>
         <run_address>0x13152</run_address>
         <size>0x52e</size>
         <input_file_ref idref="fl-47"/>
      </object_component>
      <object_component id="oc-421">
         <name>.text:SPP_Event_Callback</name>
         <load_address>0x13680</load_address>
         <run_address>0x13680</run_address>
         <size>0x4be</size>
         <input_file_ref idref="fl-3"/>
      </object_component>
      <object_component id="oc-453">
         <name>.text:chk_mounted</name>
         <load_address>0x13b3e</load_address>
         <run_address>0x13b3e</run_address>
         <size>0x4b4</size>
         <input_file_ref idref="fl-2d"/>
      </object_component>
      <object_component id="oc-674">
         <name>.text:ProcessRFCOMMControlMessage$14</name>
         <load_address>0x13ff2</load_address>
         <run_address>0x13ff2</run_address>
         <size>0x4a0</size>
         <input_file_ref idref="fl-47"/>
      </object_component>
      <object_component id="oc-5df">
         <name>.text:ProcessServiceSearchAttributeRequest$16</name>
         <load_address>0x14492</load_address>
         <run_address>0x14492</run_address>
         <size>0x47c</size>
         <input_file_ref idref="fl-47"/>
      </object_component>
      <object_component id="oc-56c">
         <name>.text:L2CA_Event_Callback$14</name>
         <load_address>0x1490e</load_address>
         <run_address>0x1490e</run_address>
         <size>0x476</size>
         <input_file_ref idref="fl-47"/>
      </object_component>
      <object_component id="oc-638">
         <name>.text:__divull</name>
         <load_address>0x14d84</load_address>
         <run_address>0x14d84</run_address>
         <size>0x39a</size>
         <input_file_ref idref="fl-ba"/>
      </object_component>
      <object_component id="oc-618">
         <name>.text:ProcessRFCOMMDataMessage$14</name>
         <load_address>0x1511e</load_address>
         <run_address>0x1511e</run_address>
         <size>0x322</size>
         <input_file_ref idref="fl-47"/>
      </object_component>
      <object_component id="oc-4b2">
         <name>.text:RFCOMM_Event_Callback$17</name>
         <load_address>0x15440</load_address>
         <run_address>0x15440</run_address>
         <size>0x30e</size>
         <input_file_ref idref="fl-47"/>
      </object_component>
      <object_component id="oc-410">
         <name>.text:BSC_Initialize</name>
         <load_address>0x1574e</load_address>
         <run_address>0x1574e</run_address>
         <size>0x2f2</size>
         <input_file_ref idref="fl-47"/>
      </object_component>
      <object_component id="oc-5e0">
         <name>.text:ProcessServiceAttributeRequest$16</name>
         <load_address>0x15a40</load_address>
         <run_address>0x15a40</run_address>
         <size>0x2f2</size>
         <input_file_ref idref="fl-47"/>
      </object_component>
      <object_component id="oc-5d5">
         <name>.text:ProcessL2CAPDataPacket$11</name>
         <load_address>0x15d32</load_address>
         <run_address>0x15d32</run_address>
         <size>0x2e2</size>
         <input_file_ref idref="fl-47"/>
      </object_component>
      <object_component id="oc-656">
         <name>.text:L2CAP_ConfigRequestEvent$11</name>
         <load_address>0x16014</load_address>
         <run_address>0x16014</run_address>
         <size>0x2cc</size>
         <input_file_ref idref="fl-47"/>
      </object_component>
      <object_component id="oc-581">
         <name>.text:ProtocolEventCallback$3</name>
         <load_address>0x162e0</load_address>
         <run_address>0x162e0</run_address>
         <size>0x2b0</size>
         <input_file_ref idref="fl-47"/>
      </object_component>
      <object_component id="oc-4ac">
         <name>.text:SPP_Data_Write</name>
         <load_address>0x16590</load_address>
         <run_address>0x16590</run_address>
         <size>0x2ae</size>
         <input_file_ref idref="fl-47"/>
      </object_component>
      <object_component id="oc-346">
         <name>.text:epd_sys_init</name>
         <load_address>0x1683e</load_address>
         <run_address>0x1683e</run_address>
         <size>0x294</size>
         <input_file_ref idref="fl-24"/>
      </object_component>
      <object_component id="oc-424">
         <name>.text:SPP_Register_Raw_SDP_Record</name>
         <load_address>0x16ad2</load_address>
         <run_address>0x16ad2</run_address>
         <size>0x28e</size>
         <input_file_ref idref="fl-47"/>
      </object_component>
      <object_component id="oc-42e">
         <name>.text:f_write</name>
         <load_address>0x16d60</load_address>
         <run_address>0x16d60</run_address>
         <size>0x28e</size>
         <input_file_ref idref="fl-2d"/>
      </object_component>
      <object_component id="oc-5aa">
         <name>.text:HCITR_COMDataCallback_UART$3</name>
         <load_address>0x16fee</load_address>
         <run_address>0x16fee</run_address>
         <size>0x278</size>
         <input_file_ref idref="fl-47"/>
      </object_component>
      <object_component id="oc-65f">
         <name>.text:ParseRecordAttributes$16</name>
         <load_address>0x17266</load_address>
         <run_address>0x17266</run_address>
         <size>0x26c</size>
         <input_file_ref idref="fl-47"/>
      </object_component>
      <object_component id="oc-47d">
         <name>.text:HCI_Initialize</name>
         <load_address>0x174d2</load_address>
         <run_address>0x174d2</run_address>
         <size>0x25a</size>
         <input_file_ref idref="fl-47"/>
      </object_component>
      <object_component id="oc-5e1">
         <name>.text:ProcessServiceSearchRequest$16</name>
         <load_address>0x1772c</load_address>
         <run_address>0x1772c</run_address>
         <size>0x252</size>
         <input_file_ref idref="fl-47"/>
      </object_component>
      <object_component id="oc-45b">
         <name>.text:f_lseek</name>
         <load_address>0x1797e</load_address>
         <run_address>0x1797e</run_address>
         <size>0x250</size>
         <input_file_ref idref="fl-2d"/>
      </object_component>
      <object_component id="oc-661">
         <name>.text:CompareServiceRecordWithServiceList$16</name>
         <load_address>0x17bce</load_address>
         <run_address>0x17bce</run_address>
         <size>0x222</size>
         <input_file_ref idref="fl-47"/>
      </object_component>
      <object_component id="oc-658">
         <name>.text:L2CAP_ConnectRequestEvent$11</name>
         <load_address>0x17df0</load_address>
         <run_address>0x17df0</run_address>
         <size>0x218</size>
         <input_file_ref idref="fl-47"/>
      </object_component>
      <object_component id="oc-3fa">
         <name>.text:f_open</name>
         <load_address>0x18008</load_address>
         <run_address>0x18008</run_address>
         <size>0x210</size>
         <input_file_ref idref="fl-2d"/>
      </object_component>
      <object_component id="oc-483">
         <name>.text:L2CAP_Initialize</name>
         <load_address>0x18218</load_address>
         <run_address>0x18218</run_address>
         <size>0x204</size>
         <input_file_ref idref="fl-47"/>
      </object_component>
      <object_component id="oc-56e">
         <name>.text:RFCOMMServerSABMMessageHandler$14</name>
         <load_address>0x1841c</load_address>
         <run_address>0x1841c</run_address>
         <size>0x1fa</size>
         <input_file_ref idref="fl-47"/>
      </object_component>
      <object_component id="oc-507">
         <name>.text:HCI_DriverCallback$2</name>
         <load_address>0x18616</load_address>
         <run_address>0x18616</run_address>
         <size>0x1f8</size>
         <input_file_ref idref="fl-47"/>
      </object_component>
      <object_component id="oc-693">
         <name>.text:ParseOptionsToAPI$11</name>
         <load_address>0x1880e</load_address>
         <run_address>0x1880e</run_address>
         <size>0x1f0</size>
         <input_file_ref idref="fl-47"/>
      </object_component>
      <object_component id="oc-57f">
         <name>.text:Disconnect$14</name>
         <load_address>0x189fe</load_address>
         <run_address>0x189fe</run_address>
         <size>0x1ec</size>
         <input_file_ref idref="fl-47"/>
      </object_component>
      <object_component id="oc-419">
         <name>.text:GAP_Set_Discoverability_Mode</name>
         <load_address>0x18bea</load_address>
         <run_address>0x18bea</run_address>
         <size>0x1ec</size>
         <input_file_ref idref="fl-47"/>
      </object_component>
      <object_component id="oc-3ed">
         <name>.text:_setfield</name>
         <load_address>0x18dd6</load_address>
         <run_address>0x18dd6</run_address>
         <size>0x1e6</size>
         <input_file_ref idref="fl-b7"/>
      </object_component>
      <object_component id="oc-459">
         <name>.text:f_read</name>
         <load_address>0x18fbc</load_address>
         <run_address>0x18fbc</run_address>
         <size>0x1e2</size>
         <input_file_ref idref="fl-2d"/>
      </object_component>
      <object_component id="oc-5e9">
         <name>.text:_L2CA_Config_Request</name>
         <load_address>0x1919e</load_address>
         <run_address>0x1919e</run_address>
         <size>0x1d6</size>
         <input_file_ref idref="fl-47"/>
      </object_component>
      <object_component id="oc-5ab">
         <name>.text:HCITR_COMOpen</name>
         <load_address>0x19374</load_address>
         <run_address>0x19374</run_address>
         <size>0x1d2</size>
         <input_file_ref idref="fl-2f"/>
      </object_component>
      <object_component id="oc-51f">
         <name>.text:HCI_ACL_Data_Callback$11</name>
         <load_address>0x19546</load_address>
         <run_address>0x19546</run_address>
         <size>0x1cc</size>
         <input_file_ref idref="fl-47"/>
      </object_component>
      <object_component id="oc-5dd">
         <name>.text:ParseAttributeIDList$16</name>
         <load_address>0x19712</load_address>
         <run_address>0x19712</run_address>
         <size>0x1cc</size>
         <input_file_ref idref="fl-47"/>
      </object_component>
      <object_component id="oc-512">
         <name>.text:UpdateHCICallbackThread$10</name>
         <load_address>0x198de</load_address>
         <run_address>0x198de</run_address>
         <size>0x1c8</size>
         <input_file_ref idref="fl-47"/>
      </object_component>
      <object_component id="oc-3a3">
         <name>.text:__TI_printfi_nofloat</name>
         <load_address>0x19aa6</load_address>
         <run_address>0x19aa6</run_address>
         <size>0x1c4</size>
         <input_file_ref idref="fl-b7"/>
      </object_component>
      <object_component id="oc-4a4">
         <name>.text:GAP_Authentication_Response</name>
         <load_address>0x19c6a</load_address>
         <run_address>0x19c6a</run_address>
         <size>0x1be</size>
         <input_file_ref idref="fl-47"/>
      </object_component>
      <object_component id="oc-5d0">
         <name>.text:LP_ConnectCfm$11</name>
         <load_address>0x19e28</load_address>
         <run_address>0x19e28</run_address>
         <size>0x1ba</size>
         <input_file_ref idref="fl-47"/>
      </object_component>
      <object_component id="oc-684">
         <name>.text:HCI_Send_Raw_Command</name>
         <load_address>0x19fe2</load_address>
         <run_address>0x19fe2</run_address>
         <size>0x1b8</size>
         <input_file_ref idref="fl-47"/>
      </object_component>
      <object_component id="oc-4b1">
         <name>.text:SPPServerHandler$17</name>
         <load_address>0x1a19a</load_address>
         <run_address>0x1a19a</run_address>
         <size>0x1b6</size>
         <input_file_ref idref="fl-47"/>
      </object_component>
      <object_component id="oc-4b9">
         <name>.text:SDP_Create_Service_Record</name>
         <load_address>0x1a350</load_address>
         <run_address>0x1a350</run_address>
         <size>0x1b0</size>
         <input_file_ref idref="fl-47"/>
      </object_component>
      <object_component id="oc-648">
         <name>.text:ProcessSendQueueData$11</name>
         <load_address>0x1a500</load_address>
         <run_address>0x1a500</run_address>
         <size>0x1ae</size>
         <input_file_ref idref="fl-47"/>
      </object_component>
      <object_component id="oc-659">
         <name>.text:L2CAP_RequestTimeout$11</name>
         <load_address>0x1a6ae</load_address>
         <run_address>0x1a6ae</run_address>
         <size>0x1a8</size>
         <input_file_ref idref="fl-47"/>
      </object_component>
      <object_component id="oc-3ac">
         <name>.text:pl_dispinfo_init_eeprom</name>
         <load_address>0x1a856</load_address>
         <run_address>0x1a856</run_address>
         <size>0x1a2</size>
         <input_file_ref idref="fl-4"/>
      </object_component>
      <object_component id="oc-32e">
         <name>.text:TWUART_ReceiveBytes</name>
         <load_address>0x1a9f8</load_address>
         <run_address>0x1a9f8</run_address>
         <size>0x19c</size>
         <input_file_ref idref="fl-47"/>
      </object_component>
      <object_component id="oc-59c">
         <name>.text:strtoul</name>
         <load_address>0x1ab94</load_address>
         <run_address>0x1ab94</run_address>
         <size>0x194</size>
         <input_file_ref idref="fl-b2"/>
      </object_component>
      <object_component id="oc-3b4">
         <name>.text:vcom_init</name>
         <load_address>0x1ad28</load_address>
         <run_address>0x1ad28</run_address>
         <size>0x18e</size>
         <input_file_ref idref="fl-19"/>
      </object_component>
      <object_component id="oc-37e">
         <name>.text:probe_hvpmic</name>
         <load_address>0x1aeb6</load_address>
         <run_address>0x1aeb6</run_address>
         <size>0x17e</size>
         <input_file_ref idref="fl-17"/>
      </object_component>
      <object_component id="oc-574">
         <name>.text:ParseAPIUUIDs$16</name>
         <load_address>0x1b034</load_address>
         <run_address>0x1b034</run_address>
         <size>0x176</size>
         <input_file_ref idref="fl-47"/>
      </object_component>
      <object_component id="oc-368">
         <name>.text:SetSystemClock</name>
         <load_address>0x1b1aa</load_address>
         <run_address>0x1b1aa</run_address>
         <size>0x176</size>
         <input_file_ref idref="fl-22"/>
      </object_component>
      <object_component id="oc-4e8">
         <name>.text:dir_next</name>
         <load_address>0x1b320</load_address>
         <run_address>0x1b320</run_address>
         <size>0x176</size>
         <input_file_ref idref="fl-2d"/>
      </object_component>
      <object_component id="oc-4e9">
         <name>.text:put_fat</name>
         <load_address>0x1b496</load_address>
         <run_address>0x1b496</run_address>
         <size>0x176</size>
         <input_file_ref idref="fl-2d"/>
      </object_component>
      <object_component id="oc-657">
         <name>.text:L2CAP_ConnectResponseEvent$11</name>
         <load_address>0x1b60c</load_address>
         <run_address>0x1b60c</run_address>
         <size>0x174</size>
         <input_file_ref idref="fl-47"/>
      </object_component>
      <object_component id="oc-4e5">
         <name>.text:create_name</name>
         <load_address>0x1b780</load_address>
         <run_address>0x1b780</run_address>
         <size>0x174</size>
         <input_file_ref idref="fl-2d"/>
      </object_component>
      <object_component id="oc-4bb">
         <name>.text:SDP_Add_Raw_Attribute</name>
         <load_address>0x1b8f4</load_address>
         <run_address>0x1b8f4</run_address>
         <size>0x16e</size>
         <input_file_ref idref="fl-47"/>
      </object_component>
      <object_component id="oc-5dc">
         <name>.text:ParseServiceSearchPattern$16</name>
         <load_address>0x1ba62</load_address>
         <run_address>0x1ba62</run_address>
         <size>0x168</size>
         <input_file_ref idref="fl-47"/>
      </object_component>
      <object_component id="oc-3f8">
         <name>.text:pl_wflib_eeprom_xfer</name>
         <load_address>0x1bbca</load_address>
         <run_address>0x1bbca</run_address>
         <size>0x166</size>
         <input_file_ref idref="fl-a"/>
      </object_component>
      <object_component id="oc-4d3">
         <name>.text:_getarg_diouxp</name>
         <load_address>0x1bd30</load_address>
         <run_address>0x1bd30</run_address>
         <size>0x164</size>
         <input_file_ref idref="fl-b7"/>
      </object_component>
      <object_component id="oc-3b9">
         <name>.text:max17135_configure</name>
         <load_address>0x1be94</load_address>
         <run_address>0x1be94</run_address>
         <size>0x15c</size>
         <input_file_ref idref="fl-14"/>
      </object_component>
      <object_component id="oc-4ab">
         <name>.text:SPP_Data_Read</name>
         <load_address>0x1bff0</load_address>
         <run_address>0x1bff0</run_address>
         <size>0x158</size>
         <input_file_ref idref="fl-47"/>
      </object_component>
      <object_component id="oc-569">
         <name>.text:SendQueuedData$17</name>
         <load_address>0x1c148</load_address>
         <run_address>0x1c148</run_address>
         <size>0x154</size>
         <input_file_ref idref="fl-47"/>
      </object_component>
      <object_component id="oc-3be">
         <name>.text:OpenStack</name>
         <load_address>0x1c29c</load_address>
         <run_address>0x1c29c</run_address>
         <size>0x152</size>
         <input_file_ref idref="fl-3"/>
      </object_component>
      <object_component id="oc-35c">
         <name>.text:ProcessReceivedPacket$4</name>
         <load_address>0x1c3ee</load_address>
         <run_address>0x1c3ee</run_address>
         <size>0x14e</size>
         <input_file_ref idref="fl-47"/>
      </object_component>
      <object_component id="oc-390">
         <name>.text:_Malloc</name>
         <load_address>0x1c53c</load_address>
         <run_address>0x1c53c</run_address>
         <size>0x14c</size>
         <input_file_ref idref="fl-32"/>
      </object_component>
      <object_component id="oc-382">
         <name>.text:InitializeApplication</name>
         <load_address>0x1c688</load_address>
         <run_address>0x1c688</run_address>
         <size>0x148</size>
         <input_file_ref idref="fl-3"/>
      </object_component>
      <object_component id="oc-3ae">
         <name>.text:pl_dispinfo_init_fatfs</name>
         <load_address>0x1c7d0</load_address>
         <run_address>0x1c7d0</run_address>
         <size>0x144</size>
         <input_file_ref idref="fl-4"/>
      </object_component>
      <object_component id="oc-5de">
         <name>.text:CalculateDataTypeLength$16</name>
         <load_address>0x1c914</load_address>
         <run_address>0x1c914</run_address>
         <size>0x142</size>
         <input_file_ref idref="fl-47"/>
      </object_component>
      <object_component id="oc-443">
         <name>.text:_pproc_diouxp</name>
         <load_address>0x1ca56</load_address>
         <run_address>0x1ca56</run_address>
         <size>0x140</size>
         <input_file_ref idref="fl-b7"/>
      </object_component>
      <object_component id="oc-663">
         <name>.text:ParseAPIOptions$11</name>
         <load_address>0x1cb96</load_address>
         <run_address>0x1cb96</run_address>
         <size>0x13e</size>
         <input_file_ref idref="fl-47"/>
      </object_component>
      <object_component id="oc-614">
         <name>.text:RFCOMM_Data_Write$14</name>
         <load_address>0x1ccd4</load_address>
         <run_address>0x1ccd4</run_address>
         <size>0x136</size>
         <input_file_ref idref="fl-47"/>
      </object_component>
      <object_component id="oc-417">
         <name>.text:DeleteLinkKey</name>
         <load_address>0x1ce0a</load_address>
         <run_address>0x1ce0a</run_address>
         <size>0x12e</size>
         <input_file_ref idref="fl-3"/>
      </object_component>
      <object_component id="oc-55f">
         <name>.text:_RFCOMM_Send_Data_With_Credits</name>
         <load_address>0x1cf38</load_address>
         <run_address>0x1cf38</run_address>
         <size>0x12e</size>
         <input_file_ref idref="fl-47"/>
      </object_component>
      <object_component id="oc-4ea">
         <name>.text:get_fat</name>
         <load_address>0x1d066</load_address>
         <run_address>0x1d066</run_address>
         <size>0x12e</size>
         <input_file_ref idref="fl-2d"/>
      </object_component>
      <object_component id="oc-69c">
         <name>.text:CheckQueuedDataWrite$11</name>
         <load_address>0x1d194</load_address>
         <run_address>0x1d194</run_address>
         <size>0x12c</size>
         <input_file_ref idref="fl-47"/>
      </object_component>
      <object_component id="oc-4e2">
         <name>.text:disk_initialize</name>
         <load_address>0x1d2c0</load_address>
         <run_address>0x1d2c0</run_address>
         <size>0x12c</size>
         <input_file_ref idref="fl-2e"/>
      </object_component>
      <object_component id="oc-3c7">
         <name>.text:OpenServer</name>
         <load_address>0x1d3ec</load_address>
         <run_address>0x1d3ec</run_address>
         <size>0x128</size>
         <input_file_ref idref="fl-3"/>
      </object_component>
      <object_component id="oc-422">
         <name>.text:SPP_Open_Server_Port</name>
         <load_address>0x1d514</load_address>
         <run_address>0x1d514</run_address>
         <size>0x128</size>
         <input_file_ref idref="fl-47"/>
      </object_component>
      <object_component id="oc-3a9">
         <name>.text:pl_hwinfo_init</name>
         <load_address>0x1d63c</load_address>
         <run_address>0x1d63c</run_address>
         <size>0x126</size>
         <input_file_ref idref="fl-8"/>
      </object_component>
      <object_component id="oc-4c9">
         <name>.text:create_chain</name>
         <load_address>0x1d762</load_address>
         <run_address>0x1d762</run_address>
         <size>0x120</size>
         <input_file_ref idref="fl-2d"/>
      </object_component>
      <object_component id="oc-54a">
         <name>.text:L2CA_Get_Link_Connection_State</name>
         <load_address>0x1d882</load_address>
         <run_address>0x1d882</run_address>
         <size>0x11e</size>
         <input_file_ref idref="fl-47"/>
      </object_component>
      <object_component id="oc-5d1">
         <name>.text:LP_ConnectCfmNeg$11</name>
         <load_address>0x1d9a0</load_address>
         <run_address>0x1d9a0</run_address>
         <size>0x11e</size>
         <input_file_ref idref="fl-47"/>
      </object_component>
      <object_component id="oc-396">
         <name>.text:ProcessTWUARTMessage$4</name>
         <load_address>0x1dabe</load_address>
         <run_address>0x1dabe</run_address>
         <size>0x118</size>
         <input_file_ref idref="fl-47"/>
      </object_component>
      <object_component id="oc-5ca">
         <name>.text:LP_DisconnectCfm$11</name>
         <load_address>0x1dbd6</load_address>
         <run_address>0x1dbd6</run_address>
         <size>0x116</size>
         <input_file_ref idref="fl-47"/>
      </object_component>
      <object_component id="oc-6a3">
         <name>.text:SendDataPacket$10</name>
         <load_address>0x1dcec</load_address>
         <run_address>0x1dcec</run_address>
         <size>0x116</size>
         <input_file_ref idref="fl-47"/>
      </object_component>
      <object_component id="oc-3d3">
         <name>.text:vSprintF</name>
         <load_address>0x1de02</load_address>
         <run_address>0x1de02</run_address>
         <size>0x116</size>
         <input_file_ref idref="fl-33"/>
      </object_component>
      <object_component id="oc-664">
         <name>.text:L2CAP_ConfigRequestResponse$11</name>
         <load_address>0x1df18</load_address>
         <run_address>0x1df18</run_address>
         <size>0x112</size>
         <input_file_ref idref="fl-47"/>
      </object_component>
      <object_component id="oc-40d">
         <name>.text:epson_epdc_init_s1d13541</name>
         <load_address>0x1e02a</load_address>
         <run_address>0x1e02a</run_address>
         <size>0x110</size>
         <input_file_ref idref="fl-e"/>
      </object_component>
      <object_component id="oc-671">
         <name>.text:SendFormattedControlMessage$14</name>
         <load_address>0x1e13a</load_address>
         <run_address>0x1e13a</run_address>
         <size>0x10e</size>
         <input_file_ref idref="fl-47"/>
      </object_component>
      <object_component id="oc-485">
         <name>.text:RFCOMM_Initialize</name>
         <load_address>0x1e248</load_address>
         <run_address>0x1e248</run_address>
         <size>0x10c</size>
         <input_file_ref idref="fl-47"/>
      </object_component>
      <object_component id="oc-508">
         <name>.text:OpenComm</name>
         <load_address>0x1e354</load_address>
         <run_address>0x1e354</run_address>
         <size>0x10a</size>
         <input_file_ref idref="fl-47"/>
      </object_component>
      <object_component id="oc-42b">
         <name>.text:ReconfigureComm</name>
         <load_address>0x1e45e</load_address>
         <run_address>0x1e45e</run_address>
         <size>0x108</size>
         <input_file_ref idref="fl-47"/>
      </object_component>
      <object_component id="oc-40e">
         <name>.text:epson_epdc_init_s1d13524</name>
         <load_address>0x1e566</load_address>
         <run_address>0x1e566</run_address>
         <size>0x108</size>
         <input_file_ref idref="fl-d"/>
      </object_component>
      <object_component id="oc-452">
         <name>.text:lzss_decode</name>
         <load_address>0x1e66e</load_address>
         <run_address>0x1e66e</run_address>
         <size>0x106</size>
         <input_file_ref idref="fl-13"/>
      </object_component>
      <object_component id="oc-4fb">
         <name>.text:s1d135xx_load_image</name>
         <load_address>0x1e774</load_address>
         <run_address>0x1e774</run_address>
         <size>0x106</size>
         <input_file_ref idref="fl-f"/>
      </object_component>
      <object_component id="oc-436">
         <name>.text:_openfile</name>
         <load_address>0x1e87a</load_address>
         <run_address>0x1e87a</run_address>
         <size>0x104</size>
         <input_file_ref idref="fl-81"/>
      </object_component>
      <object_component id="oc-56f">
         <name>.text:RFCOMMServerPNMessageHandler$14</name>
         <load_address>0x1e97e</load_address>
         <run_address>0x1e97e</run_address>
         <size>0x100</size>
         <input_file_ref idref="fl-47"/>
      </object_component>
      <object_component id="oc-484">
         <name>.text:SDP_Initialize</name>
         <load_address>0x1ea7e</load_address>
         <run_address>0x1ea7e</run_address>
         <size>0x100</size>
         <input_file_ref idref="fl-47"/>
      </object_component>
      <object_component id="oc-4bf">
         <name>.text:_RFCOMM_Release_Request</name>
         <load_address>0x1eb7e</load_address>
         <run_address>0x1eb7e</run_address>
         <size>0xfe</size>
         <input_file_ref idref="fl-47"/>
      </object_component>
      <object_component id="oc-534">
         <name>.text:HandleChannelDisconnection$11</name>
         <load_address>0x1ec7c</load_address>
         <run_address>0x1ec7c</run_address>
         <size>0xfc</size>
         <input_file_ref idref="fl-47"/>
      </object_component>
      <object_component id="oc-5a7">
         <name>.text:SendHCIPacketToLowerDriver$2</name>
         <load_address>0x1ed78</load_address>
         <run_address>0x1ed78</run_address>
         <size>0xfc</size>
         <input_file_ref idref="fl-47"/>
      </object_component>
      <object_component id="oc-4e7">
         <name>.text:dir_sdi</name>
         <load_address>0x1ee74</load_address>
         <run_address>0x1ee74</run_address>
         <size>0xfa</size>
         <input_file_ref idref="fl-2d"/>
      </object_component>
      <object_component id="oc-4c7">
         <name>.text:HCITR_COMReconfigure</name>
         <load_address>0x1ef6e</load_address>
         <run_address>0x1ef6e</run_address>
         <size>0xf4</size>
         <input_file_ref idref="fl-2f"/>
      </object_component>
      <object_component id="oc-3ec">
         <name>.text:_pproc_fwp</name>
         <load_address>0x1f062</load_address>
         <run_address>0x1f062</run_address>
         <size>0xf4</size>
         <input_file_ref idref="fl-b7"/>
      </object_component>
      <object_component id="oc-599">
         <name>.text:disk_ioctl</name>
         <load_address>0x1f156</load_address>
         <run_address>0x1f156</run_address>
         <size>0xf4</size>
         <input_file_ref idref="fl-2e"/>
      </object_component>
      <object_component id="oc-655">
         <name>.text:L2CAP_ConfigResponseEvent$11</name>
         <load_address>0x1f24a</load_address>
         <run_address>0x1f24a</run_address>
         <size>0xf2</size>
         <input_file_ref idref="fl-47"/>
      </object_component>
      <object_component id="oc-5a1">
         <name>.text:transfer_image</name>
         <load_address>0x1f33c</load_address>
         <run_address>0x1f33c</run_address>
         <size>0xf2</size>
         <input_file_ref idref="fl-f"/>
      </object_component>
      <object_component id="oc-517">
         <name>.text:BTPS_DeleteFunctionFromScheduler</name>
         <load_address>0x1f42e</load_address>
         <run_address>0x1f42e</run_address>
         <size>0xee</size>
         <input_file_ref idref="fl-32"/>
      </object_component>
      <object_component id="oc-65a">
         <name>.text:L2CAP_RejectCommand$11</name>
         <load_address>0x1f51c</load_address>
         <run_address>0x1f51c</run_address>
         <size>0xee</size>
         <input_file_ref idref="fl-47"/>
      </object_component>
      <object_component id="oc-5f1">
         <name>.text:_L2CA_Connect_Response</name>
         <load_address>0x1f60a</load_address>
         <run_address>0x1f60a</run_address>
         <size>0xee</size>
         <input_file_ref idref="fl-47"/>
      </object_component>
      <object_component id="oc-4eb">
         <name>.text:sync</name>
         <load_address>0x1f6f8</load_address>
         <run_address>0x1f6f8</run_address>
         <size>0xec</size>
         <input_file_ref idref="fl-2d"/>
      </object_component>
      <object_component id="oc-38e">
         <name>.text:SendSLIPPacket$4</name>
         <load_address>0x1f7e4</load_address>
         <run_address>0x1f7e4</run_address>
         <size>0xea</size>
         <input_file_ref idref="fl-47"/>
      </object_component>
      <object_component id="oc-582">
         <name>.text:TWUART_Initialize</name>
         <load_address>0x1f8ce</load_address>
         <run_address>0x1f8ce</run_address>
         <size>0xea</size>
         <input_file_ref idref="fl-47"/>
      </object_component>
      <object_component id="oc-687">
         <name>.text:VS_Update_HCILL_Parameters</name>
         <load_address>0x1f9b8</load_address>
         <run_address>0x1f9b8</run_address>
         <size>0xea</size>
         <input_file_ref idref="fl-30"/>
      </object_component>
      <object_component id="oc-39d">
         <name>.text:msp430_gpio_config</name>
         <load_address>0x1faa2</load_address>
         <run_address>0x1faa2</run_address>
         <size>0xe6</size>
         <input_file_ref idref="fl-26"/>
      </object_component>
      <object_component id="oc-487">
         <name>.text:GAP_Initialize</name>
         <load_address>0x1fb88</load_address>
         <run_address>0x1fb88</run_address>
         <size>0xe2</size>
         <input_file_ref idref="fl-47"/>
      </object_component>
      <object_component id="oc-461">
         <name>.text:s1d135xx_load_init_code</name>
         <load_address>0x1fc6a</load_address>
         <run_address>0x1fc6a</run_address>
         <size>0xe0</size>
         <input_file_ref idref="fl-f"/>
      </object_component>
      <object_component id="oc-68f">
         <name>.text:L2CAP_InformationRequestResponse$11</name>
         <load_address>0x1fd4a</load_address>
         <run_address>0x1fd4a</run_address>
         <size>0xde</size>
         <input_file_ref idref="fl-47"/>
      </object_component>
      <object_component id="oc-3bc">
         <name>.text:epson_epdc_init</name>
         <load_address>0x1fe28</load_address>
         <run_address>0x1fe28</run_address>
         <size>0xde</size>
         <input_file_ref idref="fl-b"/>
      </object_component>
      <object_component id="oc-3e9">
         <name>.text:fputs</name>
         <load_address>0x1ff06</load_address>
         <run_address>0x1ff06</run_address>
         <size>0xde</size>
         <input_file_ref idref="fl-84"/>
      </object_component>
      <object_component id="oc-462">
         <name>.text:s1d135xx_load_register_overrides</name>
         <load_address>0x1ffe4</load_address>
         <run_address>0x1ffe4</run_address>
         <size>0xde</size>
         <input_file_ref idref="fl-f"/>
      </object_component>
      <object_component id="oc-5c7">
         <name>.text:L2CAP_ConnectRequestResponse$11</name>
         <load_address>0x200c2</load_address>
         <run_address>0x200c2</run_address>
         <size>0xd8</size>
         <input_file_ref idref="fl-47"/>
      </object_component>
      <object_component id="oc-673">
         <name>.text:_L2CA_Enhanced_Data_Write</name>
         <load_address>0x2019a</load_address>
         <run_address>0x2019a</run_address>
         <size>0xd8</size>
         <input_file_ref idref="fl-47"/>
      </object_component>
      <object_component id="oc-645">
         <name>.text:Download_Patch</name>
         <load_address>0x20272</load_address>
         <run_address>0x20272</run_address>
         <size>0xd6</size>
         <input_file_ref idref="fl-31"/>
      </object_component>
      <object_component id="oc-41b">
         <name>.text:GAP_Set_Pairability_Mode</name>
         <load_address>0x20348</load_address>
         <run_address>0x20348</run_address>
         <size>0xd6</size>
         <input_file_ref idref="fl-47"/>
      </object_component>
      <object_component id="oc-32b">
         <name>.text:TWUART_Reconfigure</name>
         <load_address>0x2041e</load_address>
         <run_address>0x2041e</run_address>
         <size>0xd6</size>
         <input_file_ref idref="fl-47"/>
      </object_component>
      <object_component id="oc-59f">
         <name>.text:do_fill</name>
         <load_address>0x204f4</load_address>
         <run_address>0x204f4</run_address>
         <size>0xd6</size>
         <input_file_ref idref="fl-f"/>
      </object_component>
      <object_component id="oc-601">
         <name>.text:GAP_Authenticate_Remote_Device</name>
         <load_address>0x205ca</load_address>
         <run_address>0x205ca</run_address>
         <size>0xd4</size>
         <input_file_ref idref="fl-47"/>
      </object_component>
      <object_component id="oc-5c2">
         <name>.text:DelayedAuthenticationProcess$11</name>
         <load_address>0x2069e</load_address>
         <run_address>0x2069e</run_address>
         <size>0xd2</size>
         <input_file_ref idref="fl-47"/>
      </object_component>
      <object_component id="oc-5ef">
         <name>.text:ProcessSDPConnectionRequest$16</name>
         <load_address>0x20770</load_address>
         <run_address>0x20770</run_address>
         <size>0xd2</size>
         <input_file_ref idref="fl-47"/>
      </object_component>
      <object_component id="oc-644">
         <name>.text:VS_Update_UART_Baud_Rate</name>
         <load_address>0x20842</load_address>
         <run_address>0x20842</run_address>
         <size>0xd2</size>
         <input_file_ref idref="fl-30"/>
      </object_component>
      <object_component id="oc-454">
         <name>.text:follow_path</name>
         <load_address>0x20914</load_address>
         <run_address>0x20914</run_address>
         <size>0xd2</size>
         <input_file_ref idref="fl-2d"/>
      </object_component>
      <object_component id="oc-3d7">
         <name>.text:IncrementVCORE</name>
         <load_address>0x209e6</load_address>
         <run_address>0x209e6</run_address>
         <size>0xd0</size>
         <input_file_ref idref="fl-22"/>
      </object_component>
      <object_component id="oc-567">
         <name>.text:_RFCOMM_Parameter_Negotiation_Response</name>
         <load_address>0x20ab6</load_address>
         <run_address>0x20ab6</run_address>
         <size>0xd0</size>
         <input_file_ref idref="fl-47"/>
      </object_component>
      <object_component id="oc-66e">
         <name>.text:HCI_SendPacket</name>
         <load_address>0x20b86</load_address>
         <run_address>0x20b86</run_address>
         <size>0xce</size>
         <input_file_ref idref="fl-47"/>
      </object_component>
      <object_component id="oc-3b6">
         <name>.text:tps65185_init</name>
         <load_address>0x20c54</load_address>
         <run_address>0x20c54</run_address>
         <size>0xce</size>
         <input_file_ref idref="fl-15"/>
      </object_component>
      <object_component id="oc-67b">
         <name>.text:LoadTransmitBuffer</name>
         <load_address>0x20d22</load_address>
         <run_address>0x20d22</run_address>
         <size>0xcc</size>
         <input_file_ref idref="fl-2f"/>
      </object_component>
      <object_component id="oc-57e">
         <name>.text:RFCOMM_SignalTimeout$14</name>
         <load_address>0x20dee</load_address>
         <run_address>0x20dee</run_address>
         <size>0xcc</size>
         <input_file_ref idref="fl-47"/>
      </object_component>
      <object_component id="oc-55c">
         <name>.text:SPP_Port_Status</name>
         <load_address>0x20eba</load_address>
         <run_address>0x20eba</run_address>
         <size>0xcc</size>
         <input_file_ref idref="fl-47"/>
      </object_component>
      <object_component id="oc-3e2">
         <name>.text:setvbuf</name>
         <load_address>0x20f86</load_address>
         <run_address>0x20f86</run_address>
         <size>0xcc</size>
         <input_file_ref idref="fl-a9"/>
      </object_component>
      <object_component id="oc-5ed">
         <name>.text:_L2CA_Disconnect_Request</name>
         <load_address>0x21052</load_address>
         <run_address>0x21052</run_address>
         <size>0xca</size>
         <input_file_ref idref="fl-47"/>
      </object_component>
      <object_component id="oc-3fb">
         <name>.text:pnm_read_int32</name>
         <load_address>0x2111c</load_address>
         <run_address>0x2111c</run_address>
         <size>0xca</size>
         <input_file_ref idref="fl-16"/>
      </object_component>
      <object_component id="oc-649">
         <name>.text:L2CAP_DataWrite$11</name>
         <load_address>0x211e6</load_address>
         <run_address>0x211e6</run_address>
         <size>0xc8</size>
         <input_file_ref idref="fl-47"/>
      </object_component>
      <object_component id="oc-63f">
         <name>.text:SendCommPacket</name>
         <load_address>0x212ae</load_address>
         <run_address>0x212ae</run_address>
         <size>0xc4</size>
         <input_file_ref idref="fl-47"/>
      </object_component>
      <object_component id="oc-45f">
         <name>.text:s1d135xx_set_power_state</name>
         <load_address>0x21372</load_address>
         <run_address>0x21372</run_address>
         <size>0xc4</size>
         <input_file_ref idref="fl-f"/>
      </object_component>
      <object_component id="oc-42f">
         <name>.text:LtoA</name>
         <load_address>0x21436</load_address>
         <run_address>0x21436</run_address>
         <size>0xc2</size>
         <input_file_ref idref="fl-33"/>
      </object_component>
      <object_component id="oc-4a3">
         <name>.text:GAP_Cancel_Bonding</name>
         <load_address>0x214f8</load_address>
         <run_address>0x214f8</run_address>
         <size>0xc0</size>
         <input_file_ref idref="fl-47"/>
      </object_component>
      <object_component id="oc-3c5">
         <name>.text:SPP_Set_Configuration_Parameters</name>
         <load_address>0x215b8</load_address>
         <run_address>0x215b8</run_address>
         <size>0xc0</size>
         <input_file_ref idref="fl-47"/>
      </object_component>
      <object_component id="oc-563">
         <name>.text:_RFCOMM_Open_Response</name>
         <load_address>0x21678</load_address>
         <run_address>0x21678</run_address>
         <size>0xc0</size>
         <input_file_ref idref="fl-47"/>
      </object_component>
      <object_component id="oc-458">
         <name>.text:move_window</name>
         <load_address>0x21738</load_address>
         <run_address>0x21738</run_address>
         <size>0xc0</size>
         <input_file_ref idref="fl-2d"/>
      </object_component>
      <object_component id="oc-5ea">
         <name>.text:_L2CA_Config_Response</name>
         <load_address>0x217f8</load_address>
         <run_address>0x217f8</run_address>
         <size>0xbe</size>
         <input_file_ref idref="fl-47"/>
      </object_component>
      <object_component id="oc-65e">
         <name>.text:CalculateAttributeRequestParameters$16</name>
         <load_address>0x218b6</load_address>
         <run_address>0x218b6</run_address>
         <size>0xbc</size>
         <input_file_ref idref="fl-47"/>
      </object_component>
      <object_component id="oc-696">
         <name>.text:GetNextServiceAttribute$16</name>
         <load_address>0x21972</load_address>
         <run_address>0x21972</run_address>
         <size>0xbc</size>
         <input_file_ref idref="fl-47"/>
      </object_component>
      <object_component id="oc-3e0">
         <name>.text:add_device</name>
         <load_address>0x21a2e</load_address>
         <run_address>0x21a2e</run_address>
[...]
         <name>_stack</name>
         <value>0x5750</value>
         <object_component_ref idref="oc-1d7"/>
      </symbol>
      <symbol id="sm-200f">
         <name>_reset_vector</name>
         <value>0xfffe</value>
         <object_component_ref idref="oc-1d8"/>
      </symbol>
      <symbol id="sm-201d">
         <name>_c_int00_noargs</name>
         <value>0x8234</value>
         <object_component_ref idref="oc-87"/>
      </symbol>
      <symbol id="sm-2049">
         <name>_ctypes_</name>
         <value>0x6ee0</value>
         <object_component_ref idref="oc-4d2"/>
      </symbol>
      <symbol id="sm-2054">
         <name>__TI_tmpnams</name>
         <value>0x32c8</value>
         <object_component_ref idref="oc-1f7"/>
      </symbol>
      <symbol id="sm-2055">
         <name>_ftable</name>
         <value>0x3250</value>
         <object_component_ref idref="oc-1f7"/>
      </symbol>
      <symbol id="sm-2056">
         <name>__TI_ft_end</name>
         <value>0x3368</value>
         <object_component_ref idref="oc-1f7"/>
      </symbol>
      <symbol id="sm-2066">
         <name>__remi</name>
         <value>0x2a746</value>
         <object_component_ref idref="oc-1fb"/>
      </symbol>
      <symbol id="sm-2067">
         <name>__divi</name>
         <value>0x2a746</value>
         <object_component_ref idref="oc-1fb"/>
      </symbol>
      <symbol id="sm-2075">
         <name>__remu</name>
         <value>0x2bcd8</value>
         <object_component_ref idref="oc-200"/>
      </symbol>
      <symbol id="sm-2076">
         <name>__divu</name>
         <value>0x2bcd8</value>
         <object_component_ref idref="oc-200"/>
      </symbol>
      <symbol id="sm-2087">
         <name>__remli</name>
         <value>0x290ce</value>
         <object_component_ref idref="oc-205"/>
      </symbol>
      <symbol id="sm-2088">
         <name>__divli</name>
         <value>0x290ce</value>
         <object_component_ref idref="oc-205"/>
      </symbol>
      <symbol id="sm-209b">
         <name>__divul</name>
         <value>0x274dc</value>
         <object_component_ref idref="oc-20a"/>
      </symbol>
      <symbol id="sm-209c">
         <name>__remul</name>
         <value>0x274dc</value>
         <object_component_ref idref="oc-20a"/>
      </symbol>
      <symbol id="sm-20ae">
         <name>C$$EXIT</name>
         <value>0x2c32e</value>
         <object_component_ref idref="oc-324"/>
      </symbol>
      <symbol id="sm-20af">
         <name>abort</name>
         <value>0x2c32e</value>
         <object_component_ref idref="oc-324"/>
      </symbol>
      <symbol id="sm-20b0">
         <name>exit</name>
         <value>0x2a3f6</value>
         <object_component_ref idref="oc-321"/>
      </symbol>
      <symbol id="sm-20be">
         <name>__TI_dtors_ptr</name>
         <value>0x3590</value>
         <object_component_ref idref="oc-33f"/>
      </symbol>
      <symbol id="sm-20bf">
         <name>__TI_cleanup_ptr</name>
         <value>0x358c</value>
         <object_component_ref idref="oc-341"/>
      </symbol>
      <symbol id="sm-20f2">
         <name>__TI_cleanup</name>
         <value>0x29f7c</value>
         <object_component_ref idref="oc-439"/>
      </symbol>
      <symbol id="sm-20f3">
         <name>freopen</name>
         <value>0x2ab82</value>
         <object_component_ref idref="oc-3e1"/>
      </symbol>
      <symbol id="sm-2107">
         <name>fprintf</name>
         <value>0x28820</value>
         <object_component_ref idref="oc-3e7"/>
      </symbol>
      <symbol id="sm-211a">
         <name>putc</name>
         <value>0x2465c</value>
         <object_component_ref idref="oc-3ea"/>
      </symbol>
      <symbol id="sm-211b">
         <name>fputc</name>
         <value>0x2465c</value>
         <object_component_ref idref="oc-3ea"/>
      </symbol>
      <symbol id="sm-2136">
         <name>fputs</name>
         <value>0x1ff06</value>
         <object_component_ref idref="oc-3e9"/>
      </symbol>
      <symbol id="sm-213a">
         <name>__TI_int43</name>
         <value>0xffd6</value>
         <object_component_ref idref="oc-70"/>
      </symbol>
      <symbol id="sm-213e">
         <name>__TI_int44</name>
         <value>0xffd8</value>
         <object_component_ref idref="oc-71"/>
      </symbol>
      <symbol id="sm-2142">
         <name>__TI_int45</name>
         <value>0xffda</value>
         <object_component_ref idref="oc-72"/>
      </symbol>
      <symbol id="sm-2146">
         <name>__TI_int48</name>
         <value>0xffe0</value>
         <object_component_ref idref="oc-75"/>
      </symbol>
      <symbol id="sm-214a">
         <name>__TI_int50</name>
         <value>0xffe4</value>
         <object_component_ref idref="oc-77"/>
      </symbol>
      <symbol id="sm-214e">
         <name>__TI_int51</name>
         <value>0xffe6</value>
         <object_component_ref idref="oc-78"/>
      </symbol>
      <symbol id="sm-2152">
         <name>__TI_int54</name>
         <value>0xffec</value>
         <object_component_ref idref="oc-7b"/>
      </symbol>
      <symbol id="sm-2156">
         <name>__TI_int55</name>
         <value>0xffee</value>
         <object_component_ref idref="oc-7c"/>
      </symbol>
      <symbol id="sm-215a">
         <name>__TI_int56</name>
         <value>0xfff0</value>
         <object_component_ref idref="oc-7d"/>
      </symbol>
      <symbol id="sm-215e">
         <name>__TI_int57</name>
         <value>0xfff2</value>
         <object_component_ref idref="oc-7e"/>
      </symbol>
      <symbol id="sm-2162">
         <name>__TI_int58</name>
         <value>0xfff4</value>
         <object_component_ref idref="oc-7f"/>
      </symbol>
      <symbol id="sm-2166">
         <name>__TI_int59</name>
         <value>0xfff6</value>
         <object_component_ref idref="oc-80"/>
      </symbol>
      <symbol id="sm-216a">
         <name>__TI_int60</name>
         <value>0xfff8</value>
         <object_component_ref idref="oc-81"/>
      </symbol>
      <symbol id="sm-216e">
         <name>__TI_int61</name>
         <value>0xfffa</value>
         <object_component_ref idref="oc-82"/>
      </symbol>
      <symbol id="sm-2172">
         <name>__TI_int62</name>
         <value>0xfffc</value>
         <object_component_ref idref="oc-83"/>
      </symbol>
      <symbol id="sm-217e">
         <name>__TI_ISR_TRAP</name>
         <value>0x8260</value>
         <object_component_ref idref="oc-22d"/>
      </symbol>
      <symbol id="sm-21c2">
         <name>open</name>
         <value>0x238be</value>
         <object_component_ref idref="oc-4cf"/>
      </symbol>
      <symbol id="sm-21c3">
         <name>add_device</name>
         <value>0x21a2e</value>
         <object_component_ref idref="oc-3e0"/>
      </symbol>
      <symbol id="sm-21c4">
         <name>lseek</name>
         <value>0x2ae12</value>
         <object_component_ref idref="oc-58b"/>
      </symbol>
      <symbol id="sm-21c5">
         <name>write</name>
         <value>0x2af38</value>
         <object_component_ref idref="oc-441"/>
      </symbol>
      <symbol id="sm-21c6">
         <name>close</name>
         <value>0x284b6</value>
         <object_component_ref idref="oc-4cd"/>
      </symbol>
      <symbol id="sm-21c7">
         <name>unlink</name>
         <value>0x2aa18</value>
         <object_component_ref idref="oc-589"/>
      </symbol>
      <symbol id="sm-21d4">
         <name>I_LSL</name>
         <value>0x2c1f0</value>
         <object_component_ref idref="oc-239"/>
      </symbol>
      <symbol id="sm-21e4">
         <name>L_LSL_3</name>
         <value>0x294e2</value>
         <object_component_ref idref="oc-361"/>
      </symbol>
      <symbol id="sm-21e5">
         <name>L_LSL_2</name>
         <value>0x294e6</value>
         <object_component_ref idref="oc-361"/>
      </symbol>
      <symbol id="sm-21e6">
         <name>L_LSL_1</name>
         <value>0x294ea</value>
         <object_component_ref idref="oc-361"/>
      </symbol>
      <symbol id="sm-21e7">
         <name>L_LSL_7</name>
         <value>0x294d2</value>
         <object_component_ref idref="oc-361"/>
      </symbol>
      <symbol id="sm-21e8">
         <name>L_LSL_6</name>
         <value>0x294d6</value>
         <object_component_ref idref="oc-361"/>
      </symbol>
      <symbol id="sm-21e9">
         <name>L_LSL_5</name>
         <value>0x294da</value>
         <object_component_ref idref="oc-361"/>
      </symbol>
      <symbol id="sm-21ea">
         <name>L_LSL_4</name>
         <value>0x294de</value>
         <object_component_ref idref="oc-361"/>
      </symbol>
      <symbol id="sm-21eb">
         <name>L_LSL_9</name>
         <value>0x294ca</value>
         <object_component_ref idref="oc-361"/>
      </symbol>
      <symbol id="sm-21ec">
         <name>L_LSL_8</name>
         <value>0x294ce</value>
         <object_component_ref idref="oc-361"/>
      </symbol>
      <symbol id="sm-21ed">
         <name>L_LSL</name>
         <value>0x2c080</value>
         <object_component_ref idref="oc-35a"/>
      </symbol>
      <symbol id="sm-21ee">
         <name>L_LSL_12</name>
         <value>0x294be</value>
         <object_component_ref idref="oc-361"/>
      </symbol>
      <symbol id="sm-21ef">
         <name>L_LSL_13</name>
         <value>0x294ba</value>
         <object_component_ref idref="oc-361"/>
      </symbol>
      <symbol id="sm-21f0">
         <name>L_LSL_10</name>
         <value>0x294c6</value>
         <object_component_ref idref="oc-361"/>
      </symbol>
      <symbol id="sm-21f1">
         <name>L_LSL_11</name>
         <value>0x294c2</value>
         <object_component_ref idref="oc-361"/>
      </symbol>
      <symbol id="sm-21f2">
         <name>L_LSL_14</name>
         <value>0x294b6</value>
         <object_component_ref idref="oc-361"/>
      </symbol>
      <symbol id="sm-21f3">
         <name>L_LSL_15</name>
         <value>0x294b2</value>
         <object_component_ref idref="oc-361"/>
      </symbol>
      <symbol id="sm-2203">
         <name>L_LSR_12</name>
         <value>0x294fc</value>
         <object_component_ref idref="oc-358"/>
      </symbol>
      <symbol id="sm-2204">
         <name>L_LSR_13</name>
         <value>0x294f8</value>
         <object_component_ref idref="oc-358"/>
      </symbol>
      <symbol id="sm-2205">
         <name>L_LSR_10</name>
         <value>0x29504</value>
         <object_component_ref idref="oc-358"/>
      </symbol>
      <symbol id="sm-2206">
         <name>L_LSR_11</name>
         <value>0x29500</value>
         <object_component_ref idref="oc-358"/>
      </symbol>
      <symbol id="sm-2207">
         <name>L_LSR_14</name>
         <value>0x294f4</value>
         <object_component_ref idref="oc-358"/>
      </symbol>
      <symbol id="sm-2208">
         <name>L_LSR_15</name>
         <value>0x294f0</value>
         <object_component_ref idref="oc-358"/>
      </symbol>
      <symbol id="sm-2209">
         <name>L_LSR</name>
         <value>0x2c090</value>
         <object_component_ref idref="oc-681"/>
      </symbol>
      <symbol id="sm-220a">
         <name>L_LSR_3</name>
         <value>0x29520</value>
         <object_component_ref idref="oc-358"/>
      </symbol>
      <symbol id="sm-220b">
         <name>L_LSR_2</name>
         <value>0x29524</value>
         <object_component_ref idref="oc-358"/>
      </symbol>
      <symbol id="sm-220c">
         <name>L_LSR_1</name>
         <value>0x29528</value>
         <object_component_ref idref="oc-358"/>
      </symbol>
      <symbol id="sm-220d">
         <name>L_LSR_7</name>
         <value>0x29510</value>
         <object_component_ref idref="oc-358"/>
      </symbol>
      <symbol id="sm-220e">
         <name>L_LSR_6</name>
         <value>0x29514</value>
         <object_component_ref idref="oc-358"/>
      </symbol>
      <symbol id="sm-220f">
         <name>L_LSR_5</name>
         <value>0x29518</value>
         <object_component_ref idref="oc-358"/>
      </symbol>
      <symbol id="sm-2210">
         <name>L_LSR_4</name>
         <value>0x2951c</value>
         <object_component_ref idref="oc-358"/>
      </symbol>
      <symbol id="sm-2211">
         <name>L_LSR_9</name>
         <value>0x29508</value>
         <object_component_ref idref="oc-358"/>
      </symbol>
      <symbol id="sm-2212">
         <name>L_LSR_8</name>
         <value>0x2950c</value>
         <object_component_ref idref="oc-358"/>
      </symbol>
      <symbol id="sm-2221">
         <name>memchr</name>
         <value>0x2bec6</value>
         <object_component_ref idref="oc-43f"/>
      </symbol>
      <symbol id="sm-2230">
         <name>memcmp</name>
         <value>0x2b204</value>
         <object_component_ref idref="oc-431"/>
      </symbol>
      <symbol id="sm-223e">
         <name>memcpy</name>
         <value>0x2bfa2</value>
         <object_component_ref idref="oc-33c"/>
      </symbol>
      <symbol id="sm-224d">
         <name>memmove</name>
         <value>0x2b50a</value>
         <object_component_ref idref="oc-613"/>
      </symbol>
      <symbol id="sm-2281">
         <name>_sys_memory</name>
         <value>0x35ac</value>
         <object_component_ref idref="oc-25d"/>
      </symbol>
      <symbol id="sm-2282">
         <name>free</name>
         <value>0x24fd4</value>
         <object_component_ref idref="oc-437"/>
      </symbol>
      <symbol id="sm-2283">
         <name>malloc</name>
         <value>0x228ce</value>
         <object_component_ref idref="oc-438"/>
      </symbol>
      <symbol id="sm-2284">
         <name>minit</name>
         <value>0x297ae</value>
         <object_component_ref idref="oc-4d0"/>
      </symbol>
      <symbol id="sm-2292">
         <name>memset</name>
         <value>0x2beda</value>
         <object_component_ref idref="oc-33b"/>
      </symbol>
      <symbol id="sm-22c0">
         <name>__mpysl_f5hw</name>
         <value>0x2b9b6</value>
         <object_component_ref idref="oc-63d"/>
      </symbol>
      <symbol id="sm-22d1">
         <name>__mpyi_f5hw</name>
         <value>0x2bcee</value>
         <object_component_ref idref="oc-3cc"/>
      </symbol>
      <symbol id="sm-2307">
         <name>__mpyl_f5hw</name>
         <value>0x2b226</value>
         <object_component_ref idref="oc-402"/>
      </symbol>
      <symbol id="sm-2330">
         <name>printf</name>
         <value>0x2908e</value>
         <object_component_ref idref="oc-36f"/>
      </symbol>
      <symbol id="sm-2348">
         <name>setvbuf</name>
         <value>0x20f86</value>
         <object_component_ref idref="oc-3e2"/>
      </symbol>
      <symbol id="sm-2360">
         <name>snprintf</name>
         <value>0x27322</value>
         <object_component_ref idref="oc-4df"/>
      </symbol>
      <symbol id="sm-2372">
         <name>sprintf</name>
         <value>0x297e6</value>
         <object_component_ref idref="oc-3e6"/>
      </symbol>
      <symbol id="sm-2381">
         <name>strchr</name>
         <value>0x2ba04</value>
         <object_component_ref idref="oc-636"/>
      </symbol>
      <symbol id="sm-238f">
         <name>strcmp</name>
         <value>0x2bba0</value>
         <object_component_ref idref="oc-3b0"/>
      </symbol>
      <symbol id="sm-239c">
         <name>strcpy</name>
         <value>0x2c0b0</value>
         <object_component_ref idref="oc-362"/>
      </symbol>
      <symbol id="sm-23a9">
         <name>strlen</name>
         <value>0x2c14c</value>
         <object_component_ref idref="oc-35e"/>
      </symbol>
      <symbol id="sm-23b9">
         <name>strncpy</name>
         <value>0x2a79e</value>
         <object_component_ref idref="oc-3f9"/>
      </symbol>
      <symbol id="sm-23e7">
         <name>strtoul</name>
         <value>0x1ab94</value>
         <object_component_ref idref="oc-59c"/>
      </symbol>
      <symbol id="sm-2405">
         <name>HOSTrename</name>
         <value>0x25e74</value>
         <object_component_ref idref="oc-335"/>
      </symbol>
      <symbol id="sm-2406">
         <name>HOSTclose</name>
         <value>0x28b66</value>
         <object_component_ref idref="oc-330"/>
      </symbol>
      <symbol id="sm-2407">
         <name>HOSTunlink</name>
         <value>0x28dc0</value>
         <object_component_ref idref="oc-334"/>
      </symbol>
      <symbol id="sm-2408">
         <name>HOSTlseek</name>
         <value>0x24bb2</value>
         <object_component_ref idref="oc-333"/>
      </symbol>
      <symbol id="sm-2409">
         <name>HOSTopen</name>
         <value>0x269ae</value>
         <object_component_ref idref="oc-32f"/>
      </symbol>
      <symbol id="sm-240a">
         <name>HOSTwrite</name>
         <value>0x26c52</value>
         <object_component_ref idref="oc-332"/>
      </symbol>
      <symbol id="sm-240b">
         <name>HOSTread</name>
         <value>0x26f3c</value>
         <object_component_ref idref="oc-331"/>
      </symbol>
      <symbol id="sm-2421">
         <name>__TI_readmsg</name>
         <value>0x2a696</value>
         <object_component_ref idref="oc-360"/>
      </symbol>
      <symbol id="sm-2422">
         <name>C$$IO$$</name>
         <value>0x2a396</value>
         <object_component_ref idref="oc-35f"/>
      </symbol>
      <symbol id="sm-2423">
         <name>_CIOBUF_</name>
         <value>0x3994</value>
         <object_component_ref idref="oc-2ca"/>
      </symbol>
      <symbol id="sm-2424">
         <name>__TI_writemsg</name>
         <value>0x2a36c</value>
         <object_component_ref idref="oc-35f"/>
      </symbol>
      <symbol id="sm-2437">
         <name>__TI_wrt_ok</name>
         <value>0x2543c</value>
         <object_component_ref idref="oc-43e"/>
      </symbol>
      <symbol id="sm-244b">
         <name>_nop</name>
         <value>0x2c342</value>
         <object_component_ref idref="oc-365"/>
      </symbol>
      <symbol id="sm-244c">
         <name>_lock</name>
         <value>0x3594</value>
         <object_component_ref idref="oc-33d"/>
      </symbol>
      <symbol id="sm-244d">
         <name>_unlock</name>
         <value>0x3598</value>
         <object_component_ref idref="oc-343"/>
      </symbol>
      <symbol id="sm-24e1">
         <name>__TI_printfi_nofloat</name>
         <value>0x19aa6</value>
         <object_component_ref idref="oc-3a3"/>
      </symbol>
      <symbol id="sm-24fd">
         <name>_auto_init_hold_wdt</name>
         <value>0x26d6c</value>
         <object_component_ref idref="oc-31f"/>
      </symbol>
      <symbol id="sm-252f">
         <name>__divull</name>
         <value>0x14d84</value>
         <object_component_ref idref="oc-638"/>
      </symbol>
      <symbol id="sm-2539">
         <name>_Errno</name>
         <value>0x35a8</value>
         <object_component_ref idref="oc-2ee"/>
      </symbol>
      <symbol id="sm-254a">
         <name>__TI_closefile</name>
         <value>0x26292</value>
         <object_component_ref idref="oc-435"/>
      </symbol>
      <symbol id="sm-255b">
         <name>__TI_doflush</name>
         <value>0x26a10</value>
         <object_component_ref idref="oc-440"/>
      </symbol>
      <symbol id="sm-256b">
         <name>fseek</name>
         <value>0x2601c</value>
         <object_component_ref idref="oc-4d1"/>
      </symbol>
      <symbol id="sm-257b">
         <name>__lslll</name>
         <value>0x29658</value>
         <object_component_ref idref="oc-682"/>
      </symbol>
      <symbol id="sm-258b">
         <name>__lsrll</name>
         <value>0x29692</value>
         <object_component_ref idref="oc-637"/>
      </symbol>
      <symbol id="sm-259a">
         <name>memccpy</name>
         <value>0x2b9d0</value>
         <object_component_ref idref="oc-444"/>
      </symbol>
      <symbol id="sm-25a6">
         <name>remove</name>
         <value>0x2c33e</value>
         <object_component_ref idref="oc-4ce"/>
      </symbol>
   </symbol_table>
   <title>Link successful</title>
</link_info>
