******************************************************************************
                  MSP430 Linker PC v4.4.4                      
******************************************************************************
>> Linked Sun Aug 30 00:24:07 2015

OUTPUT FILE NAME:   <pl-epd-ti-bt-v3.out>
ENTRY POINT SYMBOL: "_c_int00_noargs"  address: 00008172


MEMORY CONFIGURATION

         name            origin    length      used     unused   attr    fill
----------------------  --------  ---------  --------  --------  ----  --------
  SFR                   00000000   00000010  00000000  00000010  RWIX
  PERIPHERALS_8BIT      00000010   000000f0  00000000  000000f0  RWIX
  PERIPHERALS_16BIT     00000100   00000100  00000000  00000100  RWIX
  INFOD                 00001800   00000080  00000000  00000080  RWIX
  INFOC                 00001880   00000080  00000000  00000080  RWIX
  INFOB                 00001900   00000080  00000000  00000080  RWIX
  INFOA                 00001980   00000080  00000000  00000080  RWIX
  RAM                   00001c00   00004000  0000222e  00001dd2  RWIX
  FLASH                 00005c00   0000a380  000025a4  00007ddc  RWIX
  INT00                 0000ff80   00000002  00000000  00000002  RWIX
  INT01                 0000ff82   00000002  00000000  00000002  RWIX
  INT02                 0000ff84   00000002  00000000  00000002  RWIX
  INT03                 0000ff86   00000002  00000000  00000002  RWIX
  INT04                 0000ff88   00000002  00000000  00000002  RWIX
  INT05                 0000ff8a   00000002  00000000  00000002  RWIX
  INT06                 0000ff8c   00000002  00000000  00000002  RWIX
  INT07                 0000ff8e   00000002  00000000  00000002  RWIX
  INT08                 0000ff90   00000002  00000000  00000002  RWIX
  INT09                 0000ff92   00000002  00000000  00000002  RWIX
  INT10                 0000ff94   00000002  00000000  00000002  RWIX
  INT11                 0000ff96   00000002  00000000  00000002  RWIX
  INT12                 0000ff98   00000002  00000000  00000002  RWIX
  INT13                 0000ff9a   00000002  00000000  00000002  RWIX
  INT14                 0000ff9c   00000002  00000000  00000002  RWIX
  INT15                 0000ff9e   00000002  00000000  00000002  RWIX
  INT16                 0000ffa0   00000002  00000000  00000002  RWIX
  INT17                 0000ffa2   00000002  00000000  00000002  RWIX
  INT18                 0000ffa4   00000002  00000000  00000002  RWIX
  INT19                 0000ffa6   00000002  00000000  00000002  RWIX
  INT20                 0000ffa8   00000002  00000000  00000002  RWIX
  INT21                 0000ffaa   00000002  00000000  00000002  RWIX
  INT22                 0000ffac   00000002  00000000  00000002  RWIX
  INT23                 0000ffae   00000002  00000000  00000002  RWIX
  INT24                 0000ffb0   00000002  00000000  00000002  RWIX
  INT25                 0000ffb2   00000002  00000000  00000002  RWIX
  INT26                 0000ffb4   00000002  00000000  00000002  RWIX
  INT27                 0000ffb6   00000002  00000000  00000002  RWIX
  INT28                 0000ffb8   00000002  00000000  00000002  RWIX
  INT29                 0000ffba   00000002  00000000  00000002  RWIX
  INT30                 0000ffbc   00000002  00000000  00000002  RWIX
  INT31                 0000ffbe   00000002  00000000  00000002  RWIX
  INT32                 0000ffc0   00000002  00000000  00000002  RWIX
  INT33                 0000ffc2   00000002  00000000  00000002  RWIX
  INT34                 0000ffc4   00000002  00000000  00000002  RWIX
  INT35                 0000ffc6   00000002  00000000  00000002  RWIX
  INT36                 0000ffc8   00000002  00000000  00000002  RWIX
  INT37                 0000ffca   00000002  00000000  00000002  RWIX
  INT38                 0000ffcc   00000002  00000000  00000002  RWIX
  INT39                 0000ffce   00000002  00000000  00000002  RWIX
  INT40                 0000ffd0   00000002  00000000  00000002  RWIX
  INT41                 0000ffd2   00000002  00000002  00000000  RWIX
  INT42                 0000ffd4   00000002  00000002  00000000  RWIX
  INT43                 0000ffd6   00000002  00000002  00000000  RWIX
  INT44                 0000ffd8   00000002  00000002  00000000  RWIX
  INT45                 0000ffda   00000002  00000002  00000000  RWIX
  INT46                 0000ffdc   00000002  00000002  00000000  RWIX
  INT47                 0000ffde   00000002  00000002  00000000  RWIX
  INT48                 0000ffe0   00000002  00000002  00000000  RWIX
  INT49                 0000ffe2   00000002  00000002  00000000  RWIX
  INT50                 0000ffe4   00000002  00000002  00000000  RWIX
  INT51                 0000ffe6   00000002  00000002  00000000  RWIX
  INT52                 0000ffe8   00000002  00000002  00000000  RWIX
  INT53                 0000ffea   00000002  00000002  00000000  RWIX
  INT54                 0000ffec   00000002  00000002  00000000  RWIX
  INT55                 0000ffee   00000002  00000002  00000000  RWIX
  INT56                 0000fff0   00000002  00000002  00000000  RWIX
  INT57                 0000fff2   00000002  00000002  00000000  RWIX
  INT58                 0000fff4   00000002  00000002  00000000  RWIX
  INT59                 0000fff6   00000002  00000002  00000000  RWIX
  INT60                 0000fff8   00000002  00000002  00000000  RWIX
  INT61                 0000fffa   00000002  00000002  00000000  RWIX
  INT62                 0000fffc   00000002  00000002  00000000  RWIX
  RESET                 0000fffe   00000002  00000002  00000000  RWIX
  FLASH2                00010000   00035c00  0001b7af  0001a451  RWIX


SECTION ALLOCATION MAP

 output                                  attributes/
section   page    origin      length       input sections
--------  ----  ----------  ----------   ----------------
.bss       0    00001c00    00001876     UNINITIALIZED
                  00001c00    00000e12     BTPSKRNL.obj (.bss)
                  00002a12    000002c6     msp430-epd.obj (.bss)
                  00002cd8    000001ce     SPPDemo.obj (.bss)
                  00002ea6    00000142     HAL.obj (.bss)
                  00002fe8    00000132     libBluetopia.a : BSC.obj (.bss)
                  0000311a    0000011a     rts430x.lib : defs.obj (.bss)
                  00003234    000000e6     HCITRANS.obj (.bss)
                  0000331a    000000a4     rts430x.lib : lowlev.obj (.bss)
                  000033be    0000002e     slideshow.obj (.bss)
                  000033ec    00000024     sprintf.obj (.bss)
                  00003410    00000010     pmic-max17135.obj (.bss)
                  00003420    0000000c     BTPSVEND.obj (.bss)
                  0000342c    0000000a     dac-5820.obj (.bss)
                  00003436    00000008     rts430x.lib : memory.obj (.bss)
                  0000343e    00000008                 : trgdrv.obj (.bss)
                  00003446    00000006     pre_init.obj (.bss)
                  0000344c    00000005     ff.obj (.bss)
                  00003451    00000001     msp430-interrupts.obj (.bss)
                  00003452    00000004     Main.obj (.bss)
                  00003456    00000004     rts430x.lib : exit_gvars.obj (.bss:__TI_cleanup_ptr)
                  0000345a    00000004                 : exit_gvars.obj (.bss:__TI_dtors_ptr)
                  0000345e    00000004                 : _lock.obj (.bss:_lock)
                  00003462    00000004                 : _lock.obj (.bss:_unlock)
                  00003466    00000003     mmc.obj (.bss)
                  00003469    00000001     msp430-uart.obj (.bss)
                  0000346a    00000002     app.obj (.bss)
                  0000346c    00000002     msp430-sdcard.obj (.bss)
                  0000346e    00000002     msp430-timers.obj (.bss)
                  00003470    00000002     probe.obj (.bss)
                  00003472    00000002     rts430x.lib : errno.obj (.bss)
                  00003474    00000002                 : fopen.obj (.bss)

.data      0    00001c00    00000000     UNINITIALIZED

.sysmem    0    00003478    000003e8     UNINITIALIZED
                  00003478    00000004     rts430x.lib : memory.obj (.sysmem)
                  0000347c    000003e4     --HOLE--

.cio       0    00003860    00000120     UNINITIALIZED
                  00003860    00000120     rts430x.lib : trgmsg.obj (.cio)

.stack     0    00005750    000004b0     UNINITIALIZED
                  00005750    00000002     rts430x.lib : boot.obj (.stack)
                  00005752    000004ae     --HOLE--

.const     0    00005c00    00002144     
                  00005c00    00000900     SPPDemo.obj (.const:.string)
                  00006500    000001b0     gpio.obj (.const:.string)
                  000066b0    00000188     epson-s1d135xx.obj (.const:.string)
                  00006838    00000182     dispinfo.obj (.const:.string)
                  000069ba    0000017c     sequencer.obj (.const:.string)
                  00006b36    00000172     msp430-epd.obj (.const:.string)
                  00006ca8    00000170     wflib.obj (.const:.string)
                  00006e18    00000101     rts430x.lib : ctype.obj (.const:.string:_ctypes_)
                  00006f19    00000001     --HOLE-- [fill = 0]
                  00006f1a    00000100     libBluetopia.a : BSC.obj (.const:.string:crctable$14)
                  0000701a    00000100     pmic-max17135.obj (.const:.string)
                  0000711a    000000fe     probe.obj (.const:.string)
                  00007218    000000f8     power.obj (.const:.string)
                  00007310    000000d6     epson-s1d13524.obj (.const:.string)
                  000073e6    000000c6     msp430-gpio.obj (.const:msp430_gpio_defs)
                  000074ac    000000c2     slideshow.obj (.const:.string)
                  0000756e    000000bc     hwinfo.obj (.const:.string)
                  0000762a    00000082     pmic-tps65185.obj (.const:.string)
                  000076ac    00000080     ff.obj (.const:.string:excvt$1)
                  0000772c    00000068     msp430-epd.obj (.const)
                  00007794    00000064     epson-epdc.obj (.const:.string)
                  000077f8    00000056     libBluetopia.a : BSC.obj (.const)
                  0000784e    00000054     BTPSKRNL.obj (.const:.string)
                  000078a2    00000054     epson-s1d13541.obj (.const:.string)
                  000078f6    0000004a     msp430-gpio.obj (.const:.string)
                  00007940    00000040     app.obj (.const:.string)
                  00007980    0000003c     utils.obj (.const:.string)
                  000079bc    0000003c     msp430-epd.obj (.const:g_gpios)
                  000079f8    0000003a     msp430-uart.obj (.const:.string)
                  00007a32    00000036     vcom.obj (.const:.string)
                  00007a68    00000034     epson-i2c.obj (.const:.string)
                  00007a9c    00000032     libBluetopia.a : BSC.obj (.const:BufferOffsets$0)
                  00007ace    00000028     dac-5820.obj (.const:.string)
                  00007af6    00000028     libBluetopia.a : BSC.obj (.const:SDPServerRecord$16)
                  00007b1e    00000026     rts430x.lib : _printfi_nf.obj (.const:.string)
                  00007b44    0000001c     epdpsu.obj (.const:.string)
                  00007b60    0000001c     msp430-epd.obj (.const:g_epson_gpios)
                  00007b7c    00000018     epson-s1d13524.obj (.const:epson_epdc_wf_table_s1d13524)
                  00007b94    00000018     pmic-tps65185.obj (.const:init_data)
                  00007bac    00000018     epson-s1d13541.obj (.const:s1d13541_wf_table)
                  00007bc4    00000015     msp430-epd.obj (.const:.string:g_wflib_fatfs_path)
                  00007bd9    00000001     --HOLE-- [fill = 0]
                  00007bda    00000011     epson-s1d135xx.obj (.const:.string:override_path$2)
                  00007beb    00000001     --HOLE-- [fill = 0]
                  00007bec    00000010     ff.obj (.const:.string)
                  00007bfc    00000010     HAL.obj (.const:Frequency_Settings)
                  00007c0c    00000010     msp430-epd.obj (.const:g_hvpmic_gpios)
                  00007c1c    00000010     msp430-sdcard.obj (.const:gpios$1)
                  00007c2c    0000000e     epson-s1d135xx.obj (.const:.string:init_code_path$1)
                  00007c3a    0000000e     libBluetopia.a : BSC.obj (.const:TWUART_MessageList$4)
                  00007c48    0000000d     epdc.obj (.const:.string:wf_refresh_mono)
                  00007c55    00000001     --HOLE-- [fill = 0]
                  00007c56    0000000c     libBluetopia.a : BSC.obj (.const:.string:SPPSDPProtocolDescriptorList$17)
                  00007c62    0000000c                    : BSC.obj (.const:HCIIOCapabilityBondingTable$7)
                  00007c6e    0000000c                    : BSC.obj (.const:HCIIOCapabilityMITMTable$7)
                  00007c7a    0000000c                    : BSC.obj (.const:SLIPByteEncodingMap$4)
                  00007c86    0000000c                    : BSC.obj (.const:TWUART_TimerCallbackList$4)
                  00007c92    0000000c     msp430-spi.obj (.const:gpios$1)
                  00007c9e    0000000b     epdc.obj (.const:.string:wf_delta_mono)
                  00007ca9    00000001     --HOLE-- [fill = 0]
                  00007caa    0000000a     probe.obj (.const:.string:px_pmic$3)
                  00007cb4    0000000a     probe.obj (.const:.string:px_psu$2)
                  00007cbe    00000008     epdc.obj (.const:.string:wf_refresh)
                  00007cc6    00000008     libBluetopia.a : BSC.obj (.const:HCIIOCapabilityTable$7)
                  00007cce    00000008     i2c-eeprom.obj (.const:device_data)
                  00007cd6    00000008     msp430-i2c.obj (.const:gpios$1)
                  00007cde    00000008     epson-s1d13524.obj (.const:params$2)
                  00007ce6    00000007     probe.obj (.const:.string:px$4)
                  00007ced    00000001     --HOLE-- [fill = 0]
                  00007cee    00000006     probe.obj (.const:.string:px$1)
                  00007cf4    00000006     epdc.obj (.const:.string:wf_delta)
                  00007cfa    00000005     libBluetopia.a : BSC.obj (.const:.string:SDPServerRecordHandleRecordState$16)
                  00007cff    00000001     --HOLE-- [fill = 0]
                  00007d00    00000005                    : BSC.obj (.const:.string:SDPServerRecordServiceDatabaseState$16)
                  00007d05    00000001     --HOLE-- [fill = 0]
                  00007d06    00000005                    : BSC.obj (.const:.string:SDPServerRecordServiceList$16)
                  00007d0b    00000001     --HOLE-- [fill = 0]
                  00007d0c    00000005                    : BSC.obj (.const:.string:SDPServerRecordVersionNumberList$16)
                  00007d11    00000001     --HOLE-- [fill = 0]
                  00007d12    00000005     msp430-epd.obj (.const:.string:VERSION)
                  00007d17    00000001     --HOLE-- [fill = 0]
                  00007d18    00000005     epdc.obj (.const:.string:wf_init)
                  00007d1d    00000001     --HOLE-- [fill = 0]
                  00007d1e    00000004     libBluetopia.a : BSC.obj (.const:.string:GAPIOCapabilityTable$7)
                  00007d22    00000004                    : BSC.obj (.const:.string:HCILL_Message$1)
                  00007d26    00000004     SPPDemo.obj (.const:.string:img_path)
                  00007d2a    00000004     epson-s1d13524.obj (.const:par$3)
                  00007d2e    00000003     epson-s1d135xx.obj (.const:.string:sep$3)
                  00007d31    00000001     --HOLE-- [fill = 0]
                  00007d32    00000002     SPPDemo.obj (.const:.string:EPD_CMD_NEXT_IMG)
                  00007d34    00000002     SPPDemo.obj (.const:.string:EPD_CMD_NULL)
                  00007d36    00000002     HCITRANS.obj (.const:.string)
                  00007d38    00000002     rts430x.lib : fputs.obj (.const:.string)
                  00007d3a    00000002     BTPSVEND.obj (.const)
                  00007d3c    00000002     crc16.obj (.const)
                  00007d3e    00000002     lzss.obj (.const)
                  00007d40    00000002     epson-s1d13524.obj (.const:params$1)
                  00007d42    00000002     pmic-max17135.obj (.const)

.cinit     0    00007d44    00000234     
                  00007d44    000000ba     libBluetopia.a : BSC.obj (.cinit)
                  00007dfe    00000048     rts430x.lib : lowlev.obj (.cinit)
                  00007e46    0000003e     SPPDemo.obj (.cinit)
                  00007e84    0000002e     rts430x.lib : defs.obj (.cinit)
                  00007eb2    0000002b     sprintf.obj (.cinit)
                  00007edd    00000001     --HOLE-- [fill = 0]
                  00007ede    00000014     BTPSKRNL.obj (.cinit)
                  00007ef2    00000014     msp430-epd.obj (.cinit)
                  00007f06    0000000c     HAL.obj (.cinit)
                  00007f12    0000000b     mmc.obj (.cinit)
                  00007f1d    00000001     --HOLE-- [fill = 0]
                  00007f1e    00000008     BTPSVEND.obj (.cinit)
                  00007f26    00000008     rts430x.lib : exit_gvars.obj (.cinit:__TI_cleanup_ptr)
                  00007f2e    00000008                 : exit_gvars.obj (.cinit:__TI_dtors_ptr)
                  00007f36    00000008                 : _lock.obj (.cinit:_lock)
                  00007f3e    00000008                 : _lock.obj (.cinit:_unlock)
                  00007f46    00000006     app.obj (.cinit)
                  00007f4c    00000006     msp430-sdcard.obj (.cinit)
                  00007f52    00000006     rts430x.lib : errno.obj (.cinit)
                  00007f58    00000006                 : fopen.obj (.cinit)
                  00007f5e    00000006                 : memory.obj (.cinit)
                  00007f64    00000006     slideshow.obj (.cinit)
                  00007f6a    00000005     msp430-interrupts.obj (.cinit)
                  00007f6f    00000001     --HOLE-- [fill = 0]
                  00007f70    00000005     msp430-uart.obj (.cinit)
                  00007f75    00000001     --HOLE-- [fill = 0]
                  00007f76    00000002     (.pad.cinit) [fill = 0]

.text:_isr 
*          0    00007f78    0000022c     
                  00007f78    000000a8     HCITRANS.obj (.text:_isr:UartInterrupt)
                  00008020    0000007a     HAL.obj (.text:_isr:DEBUG_UART_INTERRUPT)
                  0000809a    0000006c     msp430-interrupts.obj (.text:_isr:Port_2)
                  00008106    00000032     msp430-timers.obj (.text:_isr:TIMER0_ISR)
                  00008138    0000001e     HAL.obj (.text:_isr:CTS_ISR)
                  00008156    0000001c     msp430-timers.obj (.text:_isr:RTC_ISR)
                  00008172    0000001c     rts430x.lib : boot_special.obj (.text:_isr:_c_int00_noargs)
                  0000818e    00000010     HAL.obj (.text:_isr:TIMER_INTERRUPT)
                  0000819e    00000006     rts430x.lib : isr_trap.obj (.text:_isr:__TI_ISR_TRAP)

.patch     0    00010000    00001093     
                  00010000    00001093     BTPSVEND.obj (.patch)

.pinit     0    00005c00    00000000     UNINITIALIZED

RTC        0    0000ffd2    00000002     
                  0000ffd2    00000002     msp430-timers.obj (.int41)

PORT2      0    0000ffd4    00000002     
                  0000ffd4    00000002     msp430-interrupts.obj (.int42)

USCI_B3    0    0000ffd6    00000002     
                  0000ffd6    00000002     rts430x.lib : int43.obj (.int43)

USCI_A3    0    0000ffd8    00000002     
                  0000ffd8    00000002     rts430x.lib : int44.obj (.int44)

USCI_B1    0    0000ffda    00000002     
                  0000ffda    00000002     rts430x.lib : int45.obj (.int45)

USCI_A1    0    0000ffdc    00000002     
                  0000ffdc    00000002     HAL.obj (.int46)

PORT1      0    0000ffde    00000002     
                  0000ffde    00000002     HAL.obj (.int47)

TIMER1_A1 
*          0    0000ffe0    00000002     
                  0000ffe0    00000002     rts430x.lib : int48.obj (.int48)

TIMER1_A0 
*          0    0000ffe2    00000002     
                  0000ffe2    00000002     HAL.obj (.int49)

DMA        0    0000ffe4    00000002     
                  0000ffe4    00000002     rts430x.lib : int50.obj (.int50)

USCI_B2    0    0000ffe6    00000002     
                  0000ffe6    00000002     rts430x.lib : int51.obj (.int51)

USCI_A2    0    0000ffe8    00000002     
                  0000ffe8    00000002     HCITRANS.obj (.int52)

TIMER0_A1 
*          0    0000ffea    00000002     
                  0000ffea    00000002     msp430-timers.obj (.int53)

TIMER0_A0 
*          0    0000ffec    00000002     
                  0000ffec    00000002     rts430x.lib : int54.obj (.int54)

ADC12      0    0000ffee    00000002     
                  0000ffee    00000002     rts430x.lib : int55.obj (.int55)

USCI_B0    0    0000fff0    00000002     
                  0000fff0    00000002     rts430x.lib : int56.obj (.int56)

USCI_A0    0    0000fff2    00000002     
                  0000fff2    00000002     rts430x.lib : int57.obj (.int57)

WDT        0    0000fff4    00000002     
                  0000fff4    00000002     rts430x.lib : int58.obj (.int58)

TIMER0_B1 
*          0    0000fff6    00000002     
                  0000fff6    00000002     rts430x.lib : int59.obj (.int59)

TIMER0_B0 
*          0    0000fff8    00000002     
                  0000fff8    00000002     rts430x.lib : int60.obj (.int60)

UNMI       0    0000fffa    00000002     
                  0000fffa    00000002     rts430x.lib : int61.obj (.int61)

SYSNMI     0    0000fffc    00000002     
                  0000fffc    00000002     rts430x.lib : int62.obj (.int62)

.reset     0    0000fffe    00000002     
                  0000fffe    00000002     rts430x.lib : boot.obj (.reset)

.text      0    00011094    0001a71c     
                  00011094    000009ce     libBluetopia.a : BSC.obj (.text:L2CA_Event_Callback$16)
                  00011a62    000008b0     SPPDemo.obj (.text:GAP_Event_Callback)
                  00012312    0000089c     libBluetopia.a : BSC.obj (.text:HCI_Event_Callback$7)
                  00012bae    000005a4                    : BSC.obj (.text:HCI_Event_Callback$11)
                  00013152    0000052e                    : BSC.obj (.text:AsynchronousHCIEventCallback$10)
                  00013680    000004c6     SPPDemo.obj (.text:SPP_Event_Callback)
                  00013b46    000004a0     libBluetopia.a : BSC.obj (.text:ProcessRFCOMMControlMessage$14)
                  00013fe6    0000047c                    : BSC.obj (.text:ProcessServiceSearchAttributeRequest$16)
                  00014462    00000476                    : BSC.obj (.text:L2CA_Event_Callback$14)
                  000148d8    0000039a     rts430x.lib : div64u.obj (.text:__divull)
                  00014c72    00000364     ff.obj (.text:chk_mounted)
                  00014fd6    00000322     libBluetopia.a : BSC.obj (.text:ProcessRFCOMMDataMessage$14)
                  000152f8    0000030e                    : BSC.obj (.text:RFCOMM_Event_Callback$17)
                  00015606    000002f2                    : BSC.obj (.text:BSC_Initialize)
                  000158f8    000002f2                    : BSC.obj (.text:ProcessServiceAttributeRequest$16)
                  00015bea    000002e2                    : BSC.obj (.text:ProcessL2CAPDataPacket$11)
                  00015ecc    000002cc                    : BSC.obj (.text:L2CAP_ConfigRequestEvent$11)
                  00016198    000002b0                    : BSC.obj (.text:ProtocolEventCallback$3)
                  00016448    000002ae                    : BSC.obj (.text:SPP_Data_Write)
                  000166f6    0000029c     msp430-epd.obj (.text:epd_sys_init)
                  00016992    0000028e     libBluetopia.a : BSC.obj (.text:SPP_Register_Raw_SDP_Record)
                  00016c20    00000278                    : BSC.obj (.text:HCITR_COMDataCallback_UART$3)
                  00016e98    0000026c                    : BSC.obj (.text:ParseRecordAttributes$16)
                  00017104    0000025a                    : BSC.obj (.text:HCI_Initialize)
                  0001735e    00000252                    : BSC.obj (.text:ProcessServiceSearchRequest$16)
                  000175b0    00000222                    : BSC.obj (.text:CompareServiceRecordWithServiceList$16)
                  000177d2    00000218                    : BSC.obj (.text:L2CAP_ConnectRequestEvent$11)
                  000179ea    00000204                    : BSC.obj (.text:L2CAP_Initialize)
                  00017bee    000001fa                    : BSC.obj (.text:RFCOMMServerSABMMessageHandler$14)
                  00017de8    000001f8                    : BSC.obj (.text:HCI_DriverCallback$2)
                  00017fe0    000001f0                    : BSC.obj (.text:ParseOptionsToAPI$11)
                  000181d0    000001ec                    : BSC.obj (.text:Disconnect$14)
                  000183bc    000001ec                    : BSC.obj (.text:GAP_Set_Discoverability_Mode)
                  000185a8    000001e6     rts430x.lib : _printfi_nf.obj (.text:_setfield)
                  0001878e    000001d6     libBluetopia.a : BSC.obj (.text:_L2CA_Config_Request)
                  00018964    000001d2     HCITRANS.obj (.text:HCITR_COMOpen)
                  00018b36    000001cc     libBluetopia.a : BSC.obj (.text:HCI_ACL_Data_Callback$11)
                  00018d02    000001cc                    : BSC.obj (.text:ParseAttributeIDList$16)
                  00018ece    000001c8                    : BSC.obj (.text:UpdateHCICallbackThread$10)
                  00019096    000001c6     ff.obj (.text:f_lseek)
                  0001925c    000001c4     rts430x.lib : _printfi_nf.obj (.text:__TI_printfi_nofloat)
                  00019420    000001be     libBluetopia.a : BSC.obj (.text:GAP_Authentication_Response)
                  000195de    000001ba                    : BSC.obj (.text:LP_ConnectCfm$11)
                  00019798    000001b8                    : BSC.obj (.text:HCI_Send_Raw_Command)
                  00019950    000001b6                    : BSC.obj (.text:SPPServerHandler$17)
                  00019b06    000001b0                    : BSC.obj (.text:SDP_Create_Service_Record)
                  00019cb6    000001ae                    : BSC.obj (.text:ProcessSendQueueData$11)
                  00019e64    000001a8                    : BSC.obj (.text:L2CAP_RequestTimeout$11)
                  0001a00c    000001a2     dispinfo.obj (.text:pl_dispinfo_init_eeprom)
                  0001a1ae    000001a0     ff.obj (.text:f_read)
                  0001a34e    0000019c     libBluetopia.a : BSC.obj (.text:TWUART_ReceiveBytes)
                  0001a4ea    00000194     rts430x.lib : strtoul.obj (.text:strtoul)
                  0001a67e    0000018e     vcom.obj (.text:vcom_init)
                  0001a80c    0000017e     probe.obj (.text:probe_hvpmic)
                  0001a98a    00000176     libBluetopia.a : BSC.obj (.text:ParseAPIUUIDs$16)
                  0001ab00    00000176     HAL.obj (.text:SetSystemClock)
                  0001ac76    00000174     libBluetopia.a : BSC.obj (.text:L2CAP_ConnectResponseEvent$11)
                  0001adea    00000174     ff.obj (.text:create_name)
                  0001af5e    0000016e     libBluetopia.a : BSC.obj (.text:SDP_Add_Raw_Attribute)
                  0001b0cc    00000168                    : BSC.obj (.text:ParseServiceSearchPattern$16)
                  0001b234    00000166     wflib.obj (.text:pl_wflib_eeprom_xfer)
                  0001b39a    00000164     rts430x.lib : _printfi_nf.obj (.text:_getarg_diouxp)
                  0001b4fe    0000015c     pmic-max17135.obj (.text:max17135_configure)
                  0001b65a    00000158     libBluetopia.a : BSC.obj (.text:SPP_Data_Read)
                  0001b7b2    00000154                    : BSC.obj (.text:SendQueuedData$17)
                  0001b906    00000152     SPPDemo.obj (.text:OpenStack)
                  0001ba58    0000014e     libBluetopia.a : BSC.obj (.text:ProcessReceivedPacket$4)
                  0001bba6    0000014c     BTPSKRNL.obj (.text:_Malloc)
                  0001bcf2    00000144     dispinfo.obj (.text:pl_dispinfo_init_fatfs)
                  0001be36    00000142     libBluetopia.a : BSC.obj (.text:CalculateDataTypeLength$16)
                  0001bf78    00000140     rts430x.lib : _printfi_nf.obj (.text:_pproc_diouxp)
                  0001c0b8    0000013e     libBluetopia.a : BSC.obj (.text:ParseAPIOptions$11)
                  0001c1f6    00000136                    : BSC.obj (.text:RFCOMM_Data_Write$14)
                  0001c32c    0000012e     SPPDemo.obj (.text:DeleteLinkKey)
                  0001c45a    0000012e     libBluetopia.a : BSC.obj (.text:_RFCOMM_Send_Data_With_Credits)
                  0001c588    0000012e     ff.obj (.text:get_fat)
                  0001c6b6    0000012c     libBluetopia.a : BSC.obj (.text:CheckQueuedDataWrite$11)
                  0001c7e2    0000012c     mmc.obj (.text:disk_initialize)
                  0001c90e    00000128     SPPDemo.obj (.text:OpenServer)
                  0001ca36    00000128     libBluetopia.a : BSC.obj (.text:SPP_Open_Server_Port)
                  0001cb5e    00000126     hwinfo.obj (.text:pl_hwinfo_init)
                  0001cc84    0000011e     libBluetopia.a : BSC.obj (.text:L2CA_Get_Link_Connection_State)
                  0001cda2    0000011e                    : BSC.obj (.text:LP_ConnectCfmNeg$11)
                  0001cec0    00000118                    : BSC.obj (.text:ProcessTWUARTMessage$4)
                  0001cfd8    00000116                    : BSC.obj (.text:LP_DisconnectCfm$11)
                  0001d0ee    00000116                    : BSC.obj (.text:SendDataPacket$10)
                  0001d204    00000116     sprintf.obj (.text:vSprintF)
                  0001d31a    00000112     libBluetopia.a : BSC.obj (.text:L2CAP_ConfigRequestResponse$11)
                  0001d42c    00000110     epson-s1d13541.obj (.text:epson_epdc_init_s1d13541)
                  0001d53c    0000010e     SPPDemo.obj (.text:InitializeApplication)
                  0001d64a    0000010e     libBluetopia.a : BSC.obj (.text:SendFormattedControlMessage$14)
                  0001d758    0000010c                    : BSC.obj (.text:RFCOMM_Initialize)
                  0001d864    0000010a                    : BSC.obj (.text:OpenComm)
                  0001d96e    00000108                    : BSC.obj (.text:ReconfigureComm)
                  0001da76    00000108     epson-s1d13524.obj (.text:epson_epdc_init_s1d13524)
                  0001db7e    00000106     lzss.obj (.text:lzss_decode)
                  0001dc84    00000106     epson-s1d135xx.obj (.text:s1d135xx_load_image)
                  0001dd8a    00000104     rts430x.lib : fopen.obj (.text:_openfile)
                  0001de8e    00000100     libBluetopia.a : BSC.obj (.text:RFCOMMServerPNMessageHandler$14)
                  0001df8e    00000100                    : BSC.obj (.text:SDP_Initialize)
                  0001e08e    000000fe                    : BSC.obj (.text:_RFCOMM_Release_Request)
                  0001e18c    000000fc                    : BSC.obj (.text:HandleChannelDisconnection$11)
                  0001e288    000000fc                    : BSC.obj (.text:SendHCIPacketToLowerDriver$2)
                  0001e384    000000fa     ff.obj (.text:dir_sdi)
                  0001e47e    000000f4     HCITRANS.obj (.text:HCITR_COMReconfigure)
                  0001e572    000000f4     rts430x.lib : _printfi_nf.obj (.text:_pproc_fwp)
                  0001e666    000000f2     libBluetopia.a : BSC.obj (.text:L2CAP_ConfigResponseEvent$11)
                  0001e758    000000f2     epson-s1d135xx.obj (.text:transfer_image)
                  0001e84a    000000ee     BTPSKRNL.obj (.text:BTPS_DeleteFunctionFromScheduler)
                  0001e938    000000ee     libBluetopia.a : BSC.obj (.text:L2CAP_RejectCommand$11)
                  0001ea26    000000ee                    : BSC.obj (.text:_L2CA_Connect_Response)
                  0001eb14    000000ea                    : BSC.obj (.text:SendSLIPPacket$4)
                  0001ebfe    000000ea                    : BSC.obj (.text:TWUART_Initialize)
                  0001ece8    000000ea     BTVS.obj (.text:VS_Update_HCILL_Parameters)
                  0001edd2    000000e6     msp430-gpio.obj (.text:msp430_gpio_config)
                  0001eeb8    000000e2     libBluetopia.a : BSC.obj (.text:GAP_Initialize)
                  0001ef9a    000000e0     epson-s1d135xx.obj (.text:s1d135xx_load_init_code)
                  0001f07a    000000de     libBluetopia.a : BSC.obj (.text:L2CAP_InformationRequestResponse$11)
                  0001f158    000000de     epson-epdc.obj (.text:epson_epdc_init)
                  0001f236    000000de     rts430x.lib : fputs.obj (.text:fputs)
                  0001f314    000000de     epson-s1d135xx.obj (.text:s1d135xx_load_register_overrides)
                  0001f3f2    000000d8     libBluetopia.a : BSC.obj (.text:L2CAP_ConnectRequestResponse$11)
                  0001f4ca    000000d8                    : BSC.obj (.text:_L2CA_Enhanced_Data_Write)
                  0001f5a2    000000d8     ff.obj (.text:f_open)
                  0001f67a    000000d6     BTPSVEND.obj (.text:Download_Patch)
                  0001f750    000000d6     libBluetopia.a : BSC.obj (.text:GAP_Set_Pairability_Mode)
                  0001f826    000000d6                    : BSC.obj (.text:TWUART_Reconfigure)
                  0001f8fc    000000d6     epson-s1d135xx.obj (.text:do_fill)
                  0001f9d2    000000d4     libBluetopia.a : BSC.obj (.text:GAP_Authenticate_Remote_Device)
                  0001faa6    000000d2                    : BSC.obj (.text:DelayedAuthenticationProcess$11)
                  0001fb78    000000d2                    : BSC.obj (.text:ProcessSDPConnectionRequest$16)
                  0001fc4a    000000d2     BTVS.obj (.text:VS_Update_UART_Baud_Rate)
                  0001fd1c    000000d2     ff.obj (.text:follow_path)
                  0001fdee    000000d2     ff.obj (.text:get_fileinfo)
                  0001fec0    000000d0     HAL.obj (.text:IncrementVCORE)
                  0001ff90    000000d0     libBluetopia.a : BSC.obj (.text:_RFCOMM_Parameter_Negotiation_Response)
                  00020060    000000ce                    : BSC.obj (.text:HCI_SendPacket)
                  0002012e    000000ce     pmic-tps65185.obj (.text:tps65185_init)
                  000201fc    000000cc     HCITRANS.obj (.text:LoadTransmitBuffer)
                  000202c8    000000cc     libBluetopia.a : BSC.obj (.text:RFCOMM_SignalTimeout$14)
                  00020394    000000cc                    : BSC.obj (.text:SPP_Port_Status)
                  00020460    000000cc     rts430x.lib : setvbuf.obj (.text:setvbuf)
                  0002052c    000000ca     libBluetopia.a : BSC.obj (.text:_L2CA_Disconnect_Request)
                  000205f6    000000ca     pnm-utils.obj (.text:pnm_read_int32)
                  000206c0    000000c8     libBluetopia.a : BSC.obj (.text:L2CAP_DataWrite$11)
                  00020788    000000c4                    : BSC.obj (.text:SendCommPacket)
                  0002084c    000000c4     slideshow.obj (.text:app_slideshow_with_spacebar)
                  00020910    000000c4     epson-s1d135xx.obj (.text:s1d135xx_set_power_state)
                  000209d4    000000c2     sprintf.obj (.text:LtoA)
                  00020a96    000000c2     ff.obj (.text:dir_next)
                  00020b58    000000c0     libBluetopia.a : BSC.obj (.text:GAP_Cancel_Bonding)
                  00020c18    000000c0                    : BSC.obj (.text:_RFCOMM_Open_Response)
                  00020cd8    000000be                    : BSC.obj (.text:_L2CA_Config_Response)
                  00020d96    000000bc                    : BSC.obj (.text:CalculateAttributeRequestParameters$16)
                  00020e52    000000bc                    : BSC.obj (.text:GetNextServiceAttribute$16)
                  00020f0e    000000bc     rts430x.lib : lowlev.obj (.text:add_device)
                  00020fca    000000bc     slideshow.obj (.text:show_image)
                  00021086    000000ba     libBluetopia.a : BSC.obj (.text:CleanupPortInformationEntry$17)
                  00021140    000000ba     BTPSVEND.obj (.text:HCI_VS_InitializeAfterHCIReset)
                  000211fa    000000b6     HAL.obj (.text:HAL_ConsoleWrite)
                  000212b0    000000b6     Main.obj (.text:MainThread)
                  00021366    000000b4     libBluetopia.a : BSC.obj (.text:L2CAP_ReceiveTimeout$11)
                  0002141a    000000b4     msp430-i2c.obj (.text:msp430_i2c_read)
                  000214ce    000000b4     epson-s1d135xx.obj (.text:s1d135xx_pattern_check)
                  00021582    000000b2     libBluetopia.a : BSC.obj (.text:FragmentPacket$11)
                  00021634    000000b2                    : BSC.obj (.text:L2CAP_DisconnectRequestEvent$11)
                  000216e6    000000b2                    : BSC.obj (.text:WriteAttributeRequestContinuationInformation$16)
                  00021798    000000b0                    : BSC.obj (.text:BSC_AuthenticateDevice)
                  00021848    000000b0     probe.obj (.text:probe_i2c)
                  000218f8    000000ae     libBluetopia.a : BSC.obj (.text:SPP_Initialize)
                  000219a6    000000ae     mmc.obj (.text:send_cmd)
                  00021a54    000000ac     BTPSKRNL.obj (.text:BTPS_ProcessScheduler)
                  00021b00    000000ac     libBluetopia.a : BSC.obj (.text:LP_ConnectIndication$11)
                  00021bac    000000ac     SPPDemo.obj (.text:LinkKeyToStr)
                  00021c58    000000ac     libBluetopia.a : BSC.obj (.text:UpdateAndExpireTimers$6)
                  00021d04    000000ac                    : BSC.obj (.text:VerifyACLHeader$11)
                  00021db0    000000ac     rts430x.lib : memory.obj (.text:malloc)
                  00021e5c    000000aa     libBluetopia.a : BSC.obj (.text:GAP_Set_Encryption_Mode)
                  00021f06    000000aa                    : BSC.obj (.text:HCISendPacket$10)
                  00021fb0    000000aa                    : BSC.obj (.text:HCI_OpenDriver)
                  0002205a    000000aa                    : BSC.obj (.text:_RFCOMM_Modem_Status)
                  00022104    000000aa     vcom.obj (.text:vcom_calculate)
                  000221ae    000000a8     libBluetopia.a : BSC.obj (.text:L2CAP_DisconnectRequestResponse$11)
                  00022256    000000a8                    : BSC.obj (.text:L2CAP_EchoRequestResponse$11)
                  000222fe    000000a6                    : BSC.obj (.text:_RFCOMM_Register_Server_Channel)
                  000223a4    000000a6     pnm-utils.obj (.text:pnm_read_header)
                  0002244a    000000a4     libBluetopia.a : BSC.obj (.text:HCI_Cleanup)
                  000224ee    000000a2     HAL.obj (.text:DecrementVCORE)
                  00022590    000000a2     libBluetopia.a : BSC.obj (.text:RegisterCallback$2)
                  00022632    000000a2     msp430-uart.obj (.text:msp430_uart_register_files)
                  000226d4    000000a0     HAL.obj (.text:HAL_CommConfigure)
                  00022774    000000a0     rts430x.lib : _printfi_nf.obj (.text:_pproc_str)
                  00022814    000000a0     ff.obj (.text:f_opendir)
                  000228b4    0000009e     libBluetopia.a : BSC.obj (.text:NormalizeUUID$16)
                  00022952    0000009e     HCITRANS.obj (.text:RxProcess)
                  000229f0    0000009e     epson-s1d13524.obj (.text:s1d13524_load_wflib)
                  00022a8e    0000009a     libBluetopia.a : BSC.obj (.text:AddPacketQueueEntry$2)
                  00022b28    0000009a                    : BSC.obj (.text:BuildAndSubmitCommandBD_ADDRByteVariable$10)
                  00022bc2    00000098     HCITRANS.obj (.text:CtsInterrupt)
                  00022c5a    00000098     rts430x.lib : lowlev.obj (.text:open)
                  00022cf2    00000096     libBluetopia.a : BSC.obj (.text:DisconnectChannel$14)
                  00022d88    00000096                    : BSC.obj (.text:GAP_Cleanup)
                  00022e1e    00000096     rts430x.lib : _printfi_nf.obj (.text:_ltostr)
                  00022eb4    00000094     libBluetopia.a : BSC.obj (.text:RFCOMM_Control_Message$14)
                  00022f48    00000094                    : BSC.obj (.text:ReadDataElementSequenceLength$16)
                  00022fdc    00000094     app.obj (.text:app_clear)
                  00023070    00000094     mmc.obj (.text:disk_read)
                  00023104    00000094     i2c-eeprom.obj (.text:eeprom_read)
                  00023198    00000092     libBluetopia.a : BSC.obj (.text:EnhancedFragmentPacket$11)
                  0002322a    00000092                    : BSC.obj (.text:RegisterCallback$10)
                  000232bc    00000092     BTVS.obj (.text:VS_Enable_Sleep_Mode)
                  0002334e    00000092     ff.obj (.text:f_chdir)
                  000233e0    00000092     wflib.obj (.text:pl_wflib_lzss_rd)
                  00023472    00000090     libBluetopia.a : BSC.obj (.text:_HCI_Read_Local_Version_Information)
                  00023502    00000090                    : BSC.obj (.text:_L2CA_Flush_Channel_Data)
                  00023592    00000090     BTPSKRNL.obj (.text:_MemFree)
                  00023622    00000090     ff.obj (.text:check_fs)
                  000236b2    0000008e     libBluetopia.a : BSC.obj (.text:HCI_Reset)
                  00023740    0000008e                    : BSC.obj (.text:SDP_Delete_Service_Record)
                  000237ce    0000008c                    : BSC.obj (.text:AddUnsignedInteger4Bytes$16)
                  0002385a    0000008c                    : BSC.obj (.text:BuildAndSubmitCommandByteVariable$10)
                  000238e6    0000008c                    : BSC.obj (.text:CreateNewIdentifierEntry$11)
                  00023972    0000008c                    : BSC.obj (.text:L2CAP_DisconnectResponseEvent$11)
                  000239fe    0000008c                    : BSC.obj (.text:SendReliablePacket$4)
                  00023a8a    0000008c     rts430x.lib : fputc.obj (.text:fputc)
                  00023b16    0000008c     epson-s1d135xx.obj (.text:s1d135xx_load_wflib)
                  00023ba2    0000008a     libBluetopia.a : BSC.obj (.text:BSC_AddGenericListEntry)
                  00023c2c    00000088                    : BSC.obj (.text:HCILL_ReceiveBytes)
                  00023cb4    00000088                    : BSC.obj (.text:SetTWUARTState$4)
                  00023d3c    00000088                    : BSC.obj (.text:SynchronousHCICommandCallback$10)
                  00023dc4    00000088     rts430x.lib : _printfi_nf.obj (.text:_div)
                  00023e4c    00000088     wflib.obj (.text:pl_wflib_fatfs_xfer)
                  00023ed4    00000086     libBluetopia.a : BSC.obj (.text:BTPS_StartTimer)
                  00023f5a    00000086     SPPDemo.obj (.text:HCI_Event_Callback)
                  00023fe0    00000086     rts430x.lib : trgdrv.obj (.text:HOSTlseek)
                  00024066    00000086     libBluetopia.a : BSC.obj (.text:SPP_Close_Server_Port)
                  000240ec    00000086     msp430-i2c.obj (.text:msp430_i2c_init)
                  00024172    00000084     libBluetopia.a : BSC.obj (.text:BuildAndSubmitCommandThreeWords$10)
                  000241f6    00000084                    : BSC.obj (.text:_HCI_Read_Buffer_Size)
                  0002427a    00000082                    : BSC.obj (.text:L2CAP_StateTimeout$11)
                  000242fc    00000082                    : BSC.obj (.text:ParseConfigurationField$4)
                  0002437e    00000080     rts430x.lib : memory.obj (.text:free)
                  000243fe    0000007e     libBluetopia.a : BSC.obj (.text:AddServiceAttributeEntry$16)
                  0002447c    0000007e                    : BSC.obj (.text:EncodeAndSend$4)
                  000244fa    0000007e                    : BSC.obj (.text:WriteDataElementSequenceHeader)
                  00024578    0000007e     msp430-i2c.obj (.text:msp430_i2c_write)
                  000245f6    0000007c     libBluetopia.a : BSC.obj (.text:BuildAndSubmitCommandBD_ADDRByte$10)
                  00024672    0000007c                    : BSC.obj (.text:ProcessConnectionError$16)
                  000246ee    0000007c     dispinfo.obj (.text:pl_dispinfo_log)
                  0002476a    0000007c     epdpsu.obj (.text:pl_epdpsu_gpio_on)
                  000247e6    0000007a     rts430x.lib : _io_perm.obj (.text:__TI_wrt_ok)
                  00024860    00000078     libBluetopia.a : BSC.obj (.text:BSC_Shutdown)
                  000248d8    00000078                    : BSC.obj (.text:HCI_Schedule_Asynchronous_Callback)
                  00024950    00000078     sprintf.obj (.text:LtoH)
                  000249c8    00000076     libBluetopia.a : BSC.obj (.text:BSC_Event_Callback$7)
                  00024a3e    00000076                    : BSC.obj (.text:L2CAP_Cleanup)
                  00024ab4    00000076                    : BSC.obj (.text:UpdateServiceRecordStateAttribute$16)
                  00024b2a    00000076                    : BSC.obj (.text:_HCI_IO_Capability_Request_Reply)
                  00024ba0    00000074     BTPSKRNL.obj (.text:BTPS_AddFunctionToScheduler)
                  00024c14    00000072     libBluetopia.a : BSC.obj (.text:CreateNewChannel$11)
                  00024c86    00000072     epson-i2c.obj (.text:epson_s1d135xx_i2c_read)
                  00024cf8    00000072     wflib.obj (.text:pl_wflib_init_eeprom)
                  00024d6a    00000072     probe.obj (.text:probe_epdc)
                  00024ddc    00000072     epson-i2c.obj (.text:s1d135xx_i2c_poll)
                  00024e4e    0000006e     libBluetopia.a : BSC.obj (.text:FormatAndDispatchEncryptionChangeEvent$7)
                  00024ebc    0000006e                    : BSC.obj (.text:L2CAP_InformationRequestEvent$11)
                  00024f2a    0000006e                    : BSC.obj (.text:SendConnectionResponse$16)
                  00024f98    0000006e                    : BSC.obj (.text:_HCI_User_Passkey_Request_Reply)
                  00025006    0000006c                    : BSC.obj (.text:HCIRemoteExtendedFeaturesEventHandler$10)
                  00025072    0000006c                    : BSC.obj (.text:_L2CA_Register_PSM)
                  000250de    0000006c     epson-i2c.obj (.text:epson_s1d135xx_i2c_write)
                  0002514a    0000006a     libBluetopia.a : BSC.obj (.text:FormatAndDispatchAuthenticationEvent$7)
                  000251b4    0000006a                    : BSC.obj (.text:HCI_CancelPacket)
                  0002521e    0000006a     rts430x.lib : trgdrv.obj (.text:HOSTrename)
                  00025288    0000006a     libBluetopia.a : BSC.obj (.text:RFCOMMCleanupHandler$14)
                  000252f2    0000006a                    : BSC.obj (.text:TWUART_TransmitBytes)
                  0002535c    0000006a     msp430-epd.obj (.text:abort_now)
                  000253c6    0000006a     rts430x.lib : fseek.obj (.text:fseek)
                  00025430    0000006a     epson-s1d13524.obj (.text:s1d13524_check_rev)
                  0002549a    0000006a     epson-s1d135xx.obj (.text:s1d135xx_fill)
                  00025504    00000068     libBluetopia.a : BSC.obj (.text:AddACLLinkEntry$7)
                  0002556c    00000068                    : BSC.obj (.text:CompareListEntryKeys$0)
                  000255d4    00000068                    : BSC.obj (.text:RetransmitTimerExpired$4)
                  0002563c    00000068     rts430x.lib : fclose.obj (.text:__TI_closefile)
                  000256a4    00000068     wflib.obj (.text:pl_wflib_init_fatfs)
                  0002570c    00000068     epson-s1d135xx.obj (.text:s1d135xx_set_epd_power)
                  00025774    00000066     libBluetopia.a : BSC.obj (.text:BSC_DeleteGenericListEntry)
                  000257da    00000066                    : BSC.obj (.text:CalculateCreditThreshold$17)
                  00025840    00000066                    : BSC.obj (.text:RFCOMM_Start_Link_Negotiation$14)
                  000258a6    00000066                    : BSC.obj (.text:SetTWUARTTimer$4)
                  0002590c    00000066                    : BSC.obj (.text:_HCI_Delete_Stored_Link_Key)
                  00025972    00000066     epson-s1d13541.obj (.text:s1d13541_set_temp_mode)
                  000259d8    00000064     libBluetopia.a : BSC.obj (.text:AcknowledgePackets$4)
                  00025a3c    00000064                    : BSC.obj (.text:BuildEventBD_ADDRDWord$10)
                  00025aa0    00000064                    : BSC.obj (.text:SendQueuedPackets$4)
                  00025b04    00000064                    : BSC.obj (.text:SendTWUARTMessage$4)
                  00025b68    00000064                    : BSC.obj (.text:SendUnreliablePacket$4)
                  00025bcc    00000064     ff.obj (.text:f_readdir)
                  00025c30    00000062     libBluetopia.a : BSC.obj (.text:AddToTransmitBufferList$1)
                  00025c92    00000062     HCITRANS.obj (.text:HCITR_COMClose)
                  00025cf4    00000062     libBluetopia.a : BSC.obj (.text:HCI_ReconfigureDriver)
                  00025d56    00000062     rts430x.lib : trgdrv.obj (.text:HOSTopen)
                  00025db8    00000062                 : fflush.obj (.text:__TI_doflush)
                  00025e1a    00000062     epson-s1d13524.obj (.text:epson_epdc_early_init_s1d13524)
                  00025e7c    00000060     libBluetopia.a : BSC.obj (.text:BuildAndSubmitCommandWordByte$10)
                  00025edc    00000060                    : BSC.obj (.text:HCI_UnRegisterCallback)
                  00025f3c    00000060     parser.obj (.text:parser_read_file_line)
                  00025f9c    0000005e     libBluetopia.a : BSC.obj (.text:FreeL2CAPContextInformation$11)
                  00025ffa    0000005e     rts430x.lib : trgdrv.obj (.text:HOSTwrite)
                  00026058    0000005e     libBluetopia.a : BSC.obj (.text:InitializeProtocol$3)
                  000260b6    0000005e                    : BSC.obj (.text:_RFCOMM_Set_System_Parameters)
                  00026114    0000005e     rts430x.lib : autoinit_wdt.obj (.text:_auto_init_hold_wdt)
                  00026172    0000005e     epson-s1d135xx.obj (.text:s1d135xx_update)
                  000261d0    0000005c     SPPDemo.obj (.text:BD_ADDRToStr)
                  0002622c    0000005c     libBluetopia.a : BSC.obj (.text:BSC_AddGenericListEntry_Actual)
                  00026288    0000005c                    : BSC.obj (.text:FormatAndDispatchEventTEIDLCIByte$14)
                  000262e4    0000005c     rts430x.lib : trgdrv.obj (.text:HOSTread)
                  00026340    0000005c     SPPDemo.obj (.text:SetPairable)
                  0002639c    0000005c     libBluetopia.a : BSC.obj (.text:TWUART_Resynchronize)
                  000263f8    0000005c     epson-s1d13541.obj (.text:s1d13541_update_temp)
                  00026454    0000005a     libBluetopia.a : BSC.obj (.text:AdjustSharedBuffer)
                  000264ae    0000005a                    : BSC.obj (.text:BTPS_ChangeTimer)
                  00026508    0000005a                    : BSC.obj (.text:RemoveRFCOMMMessageInfoEntryByTEIAndDLCIAndMessage$14)
                  00026562    0000005a     SPPDemo.obj (.text:SaveLinkKeyInfoToFlash)
                  000265bc    0000005a     libBluetopia.a : BSC.obj (.text:SearchConnectionInfoEntryByBD_ADDRType$11)
                  00026616    0000005a                    : BSC.obj (.text:_L2CA_Event_Callback$14)
                  00026670    0000005a     rts430x.lib : snprintf.obj (.text:snprintf)
                  000266ca    00000058     libBluetopia.a : BSC.obj (.text:BuildAndSubmitCommandWord$10)
                  00026722    00000058                    : BSC.obj (.text:_HCI_PIN_Code_Request_Reply)
                  0002677a    00000058     ff.obj (.text:dir_find)
                  000267d2    00000058     wflib.obj (.text:pl_wflib_lzss_wr)
                  0002682a    00000058     probe.obj (.text:probe_dispinfo)
                  00026882    00000058     rts430x.lib : div32u.obj (.text)
                  000268da    00000056     libBluetopia.a : BSC.obj (.text:FormatAndDispatchOpenConfirmationEvent$14)
                  00026930    00000056                    : BSC.obj (.text:FormatEventConfigConfirmation$11)
                  00026986    00000056     ff.obj (.text:dir_read)
                  000269dc    00000056     parser.obj (.text:parser_read_str)
                  00026a32    00000054     BTPSKRNL.obj (.text:BTPS_WaitMailbox)
                  00026a86    00000054     libBluetopia.a : BSC.obj (.text:CheckPNResponseValues$14)
                  00026ada    00000054                    : BSC.obj (.text:HCILL_TransmitBytes)
                  00026b2e    00000054                    : BSC.obj (.text:RemoveRFCOMMMessageInfoEntryByTEIAndMessage$14)
                  00026b82    00000054                    : BSC.obj (.text:_HCI_Write_Current_IAC_LAP)
                  00026bd6    00000054     rts430x.lib : lowlev.obj (.text:getdevice)
                  00026c2a    00000054     epson-s1d13524.obj (.text:s1d13524_clear_init)
                  00026c7e    00000052     libBluetopia.a : BSC.obj (.text:BTPS_StopTimer)
                  00026cd0    00000052                    : BSC.obj (.text:FormatEventConnectConfirmation$11)
                  00026d22    00000052                    : BSC.obj (.text:HCI_Delete_Stored_Link_Key)
                  00026d74    00000052                    : BSC.obj (.text:QuerySharedBuffer)
                  00026dc6    00000052                    : BSC.obj (.text:SDP_Cleanup)
                  00026e18    00000052     rts430x.lib : atoi.obj (.text:atoi)
                  00026e6a    00000052     epson-s1d13524.obj (.text:s1d13524_set_temp_mode)
                  00026ebc    00000050     libBluetopia.a : BSC.obj (.text:BuildAndSubmitCommandByte$10)
                  00026f0c    00000050                    : BSC.obj (.text:HCI_CloseDriver)
                  00026f5c    00000050                    : BSC.obj (.text:IssueBondingCallback$7)
                  00026fac    00000050                    : BSC.obj (.text:LP_DisconnectReq$11)
                  00026ffc    00000050     utils.obj (.text:do_abort_msg)
                  0002704c    00000050     ff.obj (.text:move_window)
                  0002709c    00000050     pmic-tps65185.obj (.text:tps65185_set_vcom_voltage)
                  000270ec    0000004e     libBluetopia.a : BSC.obj (.text:AddRFCOMMMessageInfoEntry$14)
                  0002713a    0000004e     BTPSKRNL.obj (.text:BTPS_AddMailbox)
                  00027188    0000004e     libBluetopia.a : BSC.obj (.text:BuildEventBD_ADDRVariableData$10)
                  000271d6    0000004e                    : BSC.obj (.text:FormatAndDispatchAuthenticationStatusEvent$7)
                  00027224    0000004e                    : BSC.obj (.text:_HCI_Read_BD_ADDR)
                  00027272    0000004e                    : BSC.obj (.text:_HCI_Read_Class_of_Device)
                  000272c0    0000004e                    : BSC.obj (.text:_HCI_Read_Local_Supported_Commands)
                  0002730e    0000004e     mmc.obj (.text:rcvr_datablock)
                  0002735c    0000004e     epson-s1d13524.obj (.text:s1d13524_update_temp)
                  000273aa    0000004e     epson-s1d13541.obj (.text:update_temp_auto)
                  000273f8    0000004c     libBluetopia.a : BSC.obj (.text:AddRFCOMMChannelInfoEntry$14)
                  00027444    0000004c                    : BSC.obj (.text:AsynchronousACLDataCallback$10)
                  00027490    0000004c                    : BSC.obj (.text:FormatAndDispatchEventBD_ADDR$17)
                  000274dc    0000004c                    : BSC.obj (.text:FormatAndDispatchFlowEvent$14)
                  00027528    0000004c                    : BSC.obj (.text:FormatResponsePDUHeaderAndSend$16)
                  00027574    0000004c                    : BSC.obj (.text:GAP_Query_Connection_Handle)
                  000275c0    0000004c                    : BSC.obj (.text:GAP_Set_Connectability_Mode)
                  0002760c    0000004c                    : BSC.obj (.text:_HCI_Read_Local_Supported_Features)
                  00027658    0000004c     lzss.obj (.text:getbit)
                  000276a4    0000004a     BTPSKRNL.obj (.text:BTPS_CreateMailbox)
                  000276ee    0000004a     HCITRANS.obj (.text:TxTransmit)
                  00027738    0000004a     libBluetopia.a : BSC.obj (.text:_HCI_Accept_Connection_Request)
                  00027782    0000004a                    : BSC.obj (.text:_HCI_IO_Capability_Request_Negative_Reply)
                  000277cc    0000004a                    : BSC.obj (.text:_HCI_Link_Key_Request_Reply)
                  00027816    0000004a                    : BSC.obj (.text:_HCI_Reject_Connection_Request)
                  00027860    0000004a                    : BSC.obj (.text:_HCI_Write_Class_of_Device)
                  000278aa    0000004a     rts430x.lib : lowlev.obj (.text:close)
                  000278f4    0000004a     epson-s1d13541.obj (.text:epson_epdc_early_init_s1d13541)
                  0002793e    0000004a     epson-s1d135xx.obj (.text:s1d135xx_check_prod_code)
                  00027988    0000004a     epson-s1d135xx.obj (.text:send_cmd_area)
                  000279d2    0000004a     epson-s1d13541.obj (.text:update_temp)
                  00027a1c    00000048     libBluetopia.a : BSC.obj (.text:AcquireGAPStackACLInfo$7)
                  00027a64    00000048                    : BSC.obj (.text:BuildEventByteBD_ADDRByte$10)
                  00027aac    00000048                    : BSC.obj (.text:BuildEventByteWordByte$10)
                  00027af4    00000048                    : BSC.obj (.text:GetNextTimerID$6)
                  00027b3c    00000048                    : BSC.obj (.text:L2CA_Set_Link_Connection_Configuration)
                  00027b84    00000048     BTPSVEND.obj (.text:MovePatchBytes)
                  00027bcc    00000048     libBluetopia.a : BSC.obj (.text:_HCI_Set_Event_Mask)
                  00027c14    00000048     rts430x.lib : fprintf.obj (.text:fprintf)
                  00027c5c    00000048     msp430-spi.obj (.text:spi_init)
                  00027ca4    00000046     libBluetopia.a : BSC.obj (.text:AcquireSPPStackPortInformation$17)
                  00027cea    00000046     BTPSKRNL.obj (.text:BTPS_DeleteMailbox)
                  00027d30    00000046     libBluetopia.a : BSC.obj (.text:CleanupSDPConnection$16)
                  00027d76    00000046                    : BSC.obj (.text:_HCI_Write_Automatic_Flush_Timeout)
                  00027dbc    00000046                    : BSC.obj (.text:_HCI_Write_Link_Supervision_Timeout)
                  00027e02    00000046     lzss.obj (.text:lzss_init)
                  00027e48    00000046     epson-s1d135xx.obj (.text:s1d135xx_wait_idle)
                  00027e8e    00000044     libBluetopia.a : BSC.obj (.text:BuildCommandHeader$10)
                  00027ed2    00000044     HAL.obj (.text:ConfigureVCore)
                  00027f16    00000044     libBluetopia.a : BSC.obj (.text:DeleteChannelInfoEntry$11)
                  00027f5a    00000044     rts430x.lib : trgdrv.obj (.text:HOSTclose)
                  00027f9e    00000044     libBluetopia.a : BSC.obj (.text:_HCI_Read_Scan_Enable)
                  00027fe2    00000044                    : BSC.obj (.text:_HCI_Read_Simple_Pairing_Mode)
                  00028026    00000044     rts430x.lib : _printfi_nf.obj (.text:_pproc_fflags)
                  0002806a    00000042     BTPSKRNL.obj (.text:BTPS_Init)
                  000280ac    00000042     libBluetopia.a : BSC.obj (.text:DispatchSDPConnectionEvent$16)
                  000280ee    00000042     HAL.obj (.text:HAL_ConfigureHardware)
                  00028130    00000042     libBluetopia.a : BSC.obj (.text:HCILL_Initialize)
                  00028172    00000042                    : BSC.obj (.text:HCI_Command_Supported)
                  000281b4    00000042     rts430x.lib : trgdrv.obj (.text:HOSTunlink)
                  000281f6    00000042     libBluetopia.a : BSC.obj (.text:RFCOMM_Control$14)
                  00028238    00000042     SPPDemo.obj (.text:ReadCmdFromPhoneApp)
                  0002827a    00000042     msp430-flashmem.obj (.text:WriteBytesToInfoFlashSeg)
                  000282bc    00000042     msp430-gpio.obj (.text:msp430_gpio_check_port)
                  000282fe    00000042     parser.obj (.text:parser_find_str)
                  00028340    00000042     epdc.obj (.text:pl_epdc_get_wfid)
                  00028382    00000042     epson-s1d13524.obj (.text:s1d13524_init_clocks)
                  000283c4    00000042     epson-s1d135xx.obj (.text:s1d135xx_hard_reset)
                  00028406    00000040     libBluetopia.a : BSC.obj (.text:BTPS_InitializeTimerModule)
                  00028446    00000040                    : BSC.obj (.text:FreeCOMStructureResources$3)
                  00028486    00000040                    : BSC.obj (.text:GAP_Register_Remote_Authentication)
                  000284c6    00000040                    : BSC.obj (.text:L2CAP_ConnectionTimeout$11)
                  00028506    00000040     rts430x.lib : printf.obj (.text:printf)
                  00028546    00000040                 : div32s.obj (.text)
                  00028586    00000040     epson-s1d135xx.obj (.text:s1d135xx_read_reg)
                  000285c6    0000003e     libBluetopia.a : BSC.obj (.text:AddBufferListEntry$4)
                  00028604    0000003e                    : BSC.obj (.text:BSC_SearchGenericListEntry)
                  00028642    0000003e                    : BSC.obj (.text:FormatAndDispatchEventUnsignedInteger$17)
                  00028680    0000003e                    : BSC.obj (.text:TWUART_Shutdown)
                  000286be    0000003e                    : BSC.obj (.text:_HCI_Disconnect)
                  000286fc    0000003e                    : BSC.obj (.text:_HCI_Link_Key_Request_Negative_Reply)
                  0002873a    0000003e                    : BSC.obj (.text:_HCI_PIN_Code_Request_Negative_Reply)
                  00028778    0000003e                    : BSC.obj (.text:_HCI_Read_Remote_Extended_Features)
                  000287b6    0000003e                    : BSC.obj (.text:_HCI_Set_Connection_Encryption)
                  000287f4    0000003e                    : BSC.obj (.text:_HCI_User_Confirmation_Request_Negative_Reply)
                  00028832    0000003e                    : BSC.obj (.text:_HCI_User_Confirmation_Request_Reply)
                  00028870    0000003e                    : BSC.obj (.text:_HCI_User_Passkey_Request_Negative_Reply)
                  000288ae    0000003e     ff.obj (.text:clust2sect)
                  000288ec    0000003e     rts430x.lib : lsl32.obj (.text:l_lsl_const)
                  0002892a    0000003e                 : lsr32.obj (.text:l_lsr_const)
                  00028968    0000003c     BTPSKRNL.obj (.text:BTPS_AllocateMemory)
                  000289a4    0000003c     libBluetopia.a : BSC.obj (.text:HandleReadDataError$11)
                  000289e0    0000003c                    : BSC.obj (.text:_RFCOMM_Event_Callback$17)
                  00028a1c    0000003c     epson-s1d135xx.obj (.text:transfer_file)
                  00028a58    0000003a     libBluetopia.a : BSC.obj (.text:CleanupChannel$11)
                  00028a92    0000003a     rts430x.lib : lsl64.obj (.text:__lslll)
                  00028acc    0000003a                 : lsr64.obj (.text:__lsrll)
                  00028b06    0000003a     i2c.obj (.text:pl_i2c_reg_read_8)
                  00028b40    00000038     libBluetopia.a : BSC.obj (.text:RFCOMM_Cleanup)
                  00028b78    00000038                    : BSC.obj (.text:SearchRFCOMMChannelInfoEntryByTEIAndDLCI$14)
                  00028bb0    00000038     pmic-max17135.obj (.text:max17135_load_timings)
                  00028be8    00000038     rts430x.lib : memory.obj (.text:minit)
                  00028c20    00000038                 : sprintf.obj (.text:sprintf)
                  00028c58    00000036     libBluetopia.a : BSC.obj (.text:AddConnectionInfoEntry$11)
                  00028c8e    00000036                    : BSC.obj (.text:BSC_RegisterEventCallback)
                  00028cc4    00000036                    : BSC.obj (.text:CheckIdle$4)
                  00028cfa    00000036                    : BSC.obj (.text:CompareBluetoothAddress)
                  00028d30    00000036                    : BSC.obj (.text:FreePortInformationEntryMemory$17)
                  00028d66    00000036     msp430-sdcard.obj (.text:SDCard_init)
                  00028d9c    00000036     msp430-sdcard.obj (.text:SDCard_readFrame)
                  00028dd2    00000036     libBluetopia.a : BSC.obj (.text:_HCI_Authentication_Requested)
                  00028e08    00000036                    : BSC.obj (.text:_HCI_Flush)
                  00028e3e    00000036                    : BSC.obj (.text:_HCI_Write_Default_Link_Policy_Settings)
                  00028e74    00000036                    : BSC.obj (.text:_HCI_Write_Encryption_Mode)
                  00028eaa    00000036                    : BSC.obj (.text:_HCI_Write_Scan_Enable)
                  00028ee0    00000036                    : BSC.obj (.text:_HCI_Write_Simple_Pairing_Mode)
                  00028f16    00000036     probe.obj (.text:probe_hwinfo)
                  00028f4c    00000036     msp430-spi.obj (.text:spi_read_bytes)
                  00028f82    00000036     rts430x.lib : strstr.obj (.text:strstr)
                  00028fb8    00000036     epson-s1d135xx.obj (.text:wflib_wr)
                  00028fee    00000034     libBluetopia.a : BSC.obj (.text:DeleteIdentifierInfoEntryByIdentifier$11)
                  00029022    00000034                    : BSC.obj (.text:FormatAndDispatchInquiryEvent$7)
                  00029056    00000034                    : BSC.obj (.text:FreeL2CAPConnectionInfoList$16)
                  0002908a    00000034                    : BSC.obj (.text:GAP_Query_Local_BD_ADDR)
                  000290be    00000034                    : BSC.obj (.text:HCI_Reconfigure_Driver)
                  000290f2    00000034                    : BSC.obj (.text:ProcessPacket$4)
                  00029126    00000034                    : BSC.obj (.text:RemoveRFCOMMChannelInfoEntry$14)
                  0002915a    00000034                    : BSC.obj (.text:TransmitData$1)
                  0002918e    00000034     epson-s1d135xx.obj (.text:get_hrdy)
                  000291c2    00000034     epson-s1d135xx.obj (.text:s1d135xx_write_reg)
                  000291f6    00000034     epson-s1d13541.obj (.text:update_temp_manual)
                  0002922a    00000032     libBluetopia.a : BSC.obj (.text:AcquireL2CAPStackInformation$11)
                  0002925c    00000032                    : BSC.obj (.text:AcquireRFCOMMStackInformation$14)
                  0002928e    00000032                    : BSC.obj (.text:CalculateCRC$4)
                  000292c0    00000032                    : BSC.obj (.text:CleanUpInquiry$7)
                  000292f2    00000032                    : BSC.obj (.text:FreeServiceRecordList$16)
                  00029324    00000032                    : BSC.obj (.text:HCILL_Reconfigure)
                  00029356    00000032     BTPSKRNL.obj (.text:HeapInit)
                  00029388    00000032     SPPDemo.obj (.text:SetDisc)
                  000293ba    00000032     libBluetopia.a : BSC.obj (.text:SetTransportConfiguration$4)
                  000293ec    00000032     rts430x.lib : fopen.obj (.text:__TI_cleanup)
                  0002941e    00000032                 : snprintf.obj (.text:_outs)
                  00029450    00000032     pre_init.obj (.text:_system_pre_init)
                  00029482    00000032     crc16.obj (.text:crc16_run)
                  000294b4    00000032     pmic-max17135.obj (.text:max17135_set_vcom_voltage)
                  000294e6    00000032     hwinfo.obj (.text:pl_hwinfo_log)
                  00029518    00000032     mmc.obj (.text:wait_ready)
                  0002954a    00000030     libBluetopia.a : BSC.obj (.text:BuildEventUnknownData$10)
                  0002957a    00000030                    : BSC.obj (.text:CalculateBufferOffset$0)
                  000295aa    00000030                    : BSC.obj (.text:CloseComm)
                  000295da    00000030     BTPSVEND.obj (.text:ConfigureHCILL)
                  0002960a    00000030     libBluetopia.a : BSC.obj (.text:FreeIdentifierInfoList$11)
                  0002963a    00000030     parser.obj (.text:parser_read_word)
                  0002966a    00000030     gpio.obj (.text:pl_gpio_config_list)
                  0002969a    0000002e     libBluetopia.a : BSC.obj (.text:BSC_GetNextGenericListEntry)
                  000296c8    0000002e                    : BSC.obj (.text:FreeDriverStructureResources$2)
                  000296f6    0000002e                    : BSC.obj (.text:GetAccess)
                  00029724    0000002e     HAL.obj (.text:HAL_GetSystemSpeed)
                  00029752    0000002e     libBluetopia.a : BSC.obj (.text:HCI_Build_ACL_Packet_Type_Mask)
                  00029780    0000002e     msp430-sdcard.obj (.text:SDCard_sendFrame)
                  000297ae    0000002e     SPPDemo.obj (.text:SetConnect)
                  000297dc    0000002e     rts430x.lib : trgmsg.obj (.text:__TI_writemsg)
                  0002980a    0000002e     dispinfo.obj (.text:change_panel_dir)
                  00029838    0000002e     epson-i2c.obj (.text:epson_i2c_init)
                  00029866    0000002e     rts430x.lib : exit.obj (.text:exit)
                  00029894    0000002e     ff.obj (.text:f_mount)
                  000298c2    0000002e     rts430x.lib : lowlev.obj (.text:finddevice)
                  000298f0    0000002e     epdpsu.obj (.text:pl_epdpsu_gpio_off)
                  0002991e    0000002e     epson-i2c.obj (.text:s1d135xx_i2c_send_addr)
                  0002994c    0000002e     msp430-spi.obj (.text:spi_write_bytes)
                  0002997a    0000002c     libBluetopia.a : BSC.obj (.text:BuildEventHeader$10)
                  000299a6    0000002c                    : BSC.obj (.text:CompareNULLBluetoothAddress)
                  000299d2    0000002c                    : BSC.obj (.text:FreeConnectionInfoList$16)
                  000299fe    0000002c                    : BSC.obj (.text:GetNextServiceRecordHandle$16)
                  00029a2a    0000002c                    : BSC.obj (.text:HCI_ProcessHCIDriverInformation)
                  00029a56    0000002c                    : BSC.obj (.text:HCI_Write_Default_Link_Policy_Settings)
                  00029a82    0000002c                    : BSC.obj (.text:MailboxDeleteDataCallback$10)
                  00029aae    0000002c                    : BSC.obj (.text:RestartPacketizer$4)
                  00029ada    0000002c                    : BSC.obj (.text:SearchRFCOMMMessageInfoEntryByMessageTEIAndDLCI$14)
                  00029b06    0000002c     rts430x.lib : trgmsg.obj (.text:__TI_readmsg)
                  00029b32    0000002c     utils.obj (.text:join_path)
                  00029b5e    0000002c     Main.obj (.text:main)
                  00029b8a    0000002c     msp430-uart.obj (.text:msp430_uart_write)
                  00029bb6    0000002c     rts430x.lib : div16s.obj (.text)
                  00029be2    0000002c     epson-s1d135xx.obj (.text:s1d135xx_cmd)
                  00029c0e    0000002c     rts430x.lib : strncpy.obj (.text:strncpy)
                  00029c3a    0000002c     ff.obj (.text:validate)
                  00029c66    0000002a     libBluetopia.a : BSC.obj (.text:AcquireGAPStackInformation$7)
                  00029c90    0000002a                    : BSC.obj (.text:AcquireSDPStackInformation$16)
                  00029cba    0000002a                    : BSC.obj (.text:AcquireSPPStackInformation$17)
                  00029ce4    0000002a     BTPSKRNL.obj (.text:BTPS_Delay)
                  00029d0e    0000002a     libBluetopia.a : BSC.obj (.text:BuildEventWord$10)
                  00029d38    0000002a                    : BSC.obj (.text:FormatEventDisconnectConfirmation$11)
                  00029d62    0000002a                    : BSC.obj (.text:SPP_Cleanup)
                  00029d8c    0000002a                    : BSC.obj (.text:SearchRFCOMMServerInfoEntryByTEI$14)
                  00029db6    0000002a                    : BSC.obj (.text:VerifySharedBufferPointer)
                  00029de0    0000002a                    : BSC.obj (.text:_RFCOMM_Un_Register_Server_Channel)
                  00029e0a    0000002a     epdpsu.obj (.text:pl_epdpsu_epdc_off)
                  00029e34    0000002a     epdpsu.obj (.text:pl_epdpsu_epdc_on)
                  00029e5e    0000002a     epson-s1d135xx.obj (.text:send_cmd)
                  00029e88    0000002a     rts430x.lib : lowlev.obj (.text:unlink)
                  00029eb2    00000028     libBluetopia.a : BSC.obj (.text:DispatchDebugPacketCallbacks$2)
                  00029eda    00000028                    : BSC.obj (.text:FormatEventDisconnectIndication$11)
                  00029f02    00000028                    : BSC.obj (.text:FreeBSCTimerEntryList$0)
                  00029f2a    00000028                    : BSC.obj (.text:HCI_Version_Supported)
                  00029f52    00000028     BTVS.obj (.text:MapSendRawResults)
                  00029f7a    00000028     HAL.obj (.text:StartCrystalOscillator)
                  00029fa2    00000028     libBluetopia.a : BSC.obj (.text:TransmitData$4)
                  00029fca    00000028                    : BSC.obj (.text:_L2CA_Disconnect_Response)
                  00029ff2    00000028     rts430x.lib : fopen.obj (.text:freopen)
                  0002a01a    00000028     msp430-uart.obj (.text:msp430_uart_putc)
                  0002a042    00000028     epson-s1d13524.obj (.text:s1d13524_load_image)
                  0002a06a    00000028     epson-s1d13541.obj (.text:s1d13541_init_clocks)
                  0002a092    00000028     epson-s1d13541.obj (.text:s1d13541_load_image)
                  0002a0ba    00000026     SPPDemo.obj (.text:CloseStack)
                  0002a0e0    00000026     HAL.obj (.text:ConfigureTimer)
                  0002a106    00000026     BTPSKRNL.obj (.text:ConsoleWrite)
                  0002a12c    00000026     libBluetopia.a : BSC.obj (.text:DeleteServiceRecordEntry$16)
                  0002a152    00000026                    : BSC.obj (.text:Discoverability_Timeout_Callback$7)
                  0002a178    00000026                    : BSC.obj (.text:FreeCOMList$3)
                  0002a19e    00000026                    : BSC.obj (.text:FreeDriverList$2)
                  0002a1c4    00000026                    : BSC.obj (.text:FreeTransmitBufferListHead$1)
                  0002a1ea    00000026     HCITRANS.obj (.text:HCITR_COMWrite)
                  0002a210    00000026     sprintf.obj (.text:NumDigits)
                  0002a236    00000026     libBluetopia.a : BSC.obj (.text:SearchServiceRecordEntry$16)
                  0002a25c    00000026                    : BSC.obj (.text:SendQueuedPackets$1)
                  0002a282    00000026     rts430x.lib : lowlev.obj (.text:lseek)
                  0002a2a8    00000026     msp430-gpio.obj (.text:msp430_gpio_set)
                  0002a2ce    00000026     msp430-uart.obj (.text:msp430_uart_read)
                  0002a2f4    00000024     libBluetopia.a : BSC.obj (.text:AcknowledgeTimerExpired$4)
                  0002a318    00000024                    : BSC.obj (.text:BSC_FreeGenericListEntryList)
                  0002a33c    00000024     BTPSVEND.obj (.text:HCI_VS_InitializeBeforeHCIOpen)
                  0002a360    00000024     libBluetopia.a : BSC.obj (.text:SearchRFCOMMMessageInfoEntryByTEIAndDLCI$14)
                  0002a384    00000024     epson-s1d135xx.obj (.text:s1d135xx_clear_init)
                  0002a3a8    00000024     rts430x.lib : lowlev.obj (.text:write)
                  0002a3cc    00000022     libBluetopia.a : BSC.obj (.text:CleanupHCIDriver$2)
                  0002a3ee    00000022                    : BSC.obj (.text:DeleteBTStackEntry$0)
                  0002a410    00000022                    : BSC.obj (.text:DeleteCOMEntry$3)
                  0002a432    00000022                    : BSC.obj (.text:DeleteConnectionInfoEntryCID$16)
                  0002a454    00000022                    : BSC.obj (.text:DeleteDriverEntry$2)
                  0002a476    00000022                    : BSC.obj (.text:DeleteL2CAPConnectionInfoEntryCID$16)
                  0002a498    00000022     msp430-flashmem.obj (.text:EraseInfoFlashSeg)
                  0002a4ba    00000022     libBluetopia.a : BSC.obj (.text:FormatEventCIDOnly$11)
                  0002a4dc    00000022                    : BSC.obj (.text:FreeBufferListHead$4)
                  0002a4fe    00000022                    : BSC.obj (.text:FreePortInformationList$17)
                  0002a520    00000022                    : BSC.obj (.text:IdleTimerExpired$4)
                  0002a542    00000022                    : BSC.obj (.text:SearchBTStackEntry$0)
                  0002a564    00000022                    : BSC.obj (.text:SearchCOMEntry$3)
                  0002a586    00000022                    : BSC.obj (.text:SearchChannelInfoEntry$11)
                  0002a5a8    00000022                    : BSC.obj (.text:SearchConnectionInfoEntry$16)
                  0002a5ca    00000022                    : BSC.obj (.text:SearchConnectionInfoEntryByConnectionHandle$11)
                  0002a5ec    00000022                    : BSC.obj (.text:SearchDriverEntry$2)
                  0002a60e    00000022                    : BSC.obj (.text:SearchL2CAPConnectionInfoEntryByTimerID$14)
                  0002a630    00000022                    : BSC.obj (.text:SearchRFCOMMMessageInfoEntryByTimerID$14)
                  0002a652    00000022                    : BSC.obj (.text:SendNullPacket$4)
                  0002a674    00000022     rts430x.lib : memcmp.obj (.text:memcmp)
                  0002a696    00000022                 : mult32_f5hw.obj (.text)
                  0002a6b8    00000022     epson-s1d135xx.obj (.text:send_params)
                  0002a6da    00000020     libBluetopia.a : BSC.obj (.text:DeleteACLLinkEntryConnection_Handle$7)
[...]
0002205a  _RFCOMM_Modem_Status                         
00022104  vcom_calculate                               
000222fe  _RFCOMM_Register_Server_Channel              
000223a4  pnm_read_header                              
0002244a  HCI_Cleanup                                  
00022632  msp430_uart_register_files                   
000226d4  HAL_CommConfigure                            
00022814  f_opendir                                    
00022bc2  CtsInterrupt                                 
00022c5a  open                                         
00022d88  GAP_Cleanup                                  
00022fdc  app_clear                                    
00023070  disk_read                                    
00023104  eeprom_read                                  
000232bc  VS_Enable_Sleep_Mode                         
0002334e  f_chdir                                      
00023472  _HCI_Read_Local_Version_Information          
00023502  _L2CA_Flush_Channel_Data                     
000236b2  HCI_Reset                                    
00023740  SDP_Delete_Service_Record                    
00023a8a  fputc                                        
00023a8a  putc                                         
00023b16  s1d135xx_load_wflib                          
00023ba2  BSC_AddGenericListEntry                      
00023c2c  HCILL_ReceiveBytes                           
00023ed4  BTPS_StartTimer                              
00023fe0  HOSTlseek                                    
00024066  SPP_Close_Server_Port                        
000240ec  msp430_i2c_init                              
000241f6  _HCI_Read_Buffer_Size                        
0002437e  free                                         
000244fa  WriteDataElementSequenceHeader               
000246ee  pl_dispinfo_log                              
000247e6  __TI_wrt_ok                                  
00024860  BSC_Shutdown                                 
000248d8  HCI_Schedule_Asynchronous_Callback           
00024a3e  L2CAP_Cleanup                                
00024b2a  _HCI_IO_Capability_Request_Reply             
00024ba0  BTPS_AddFunctionToScheduler                  
00024cf8  pl_wflib_init_eeprom                         
00024d6a  probe_epdc                                   
00024f98  _HCI_User_Passkey_Request_Reply              
00025072  _L2CA_Register_PSM                           
000251b4  HCI_CancelPacket                             
0002521e  HOSTrename                                   
000252f2  TWUART_TransmitBytes                         
0002535c  abort_now                                    
000253c6  fseek                                        
0002549a  s1d135xx_fill                                
0002563c  __TI_closefile                               
000256a4  pl_wflib_init_fatfs                          
0002570c  s1d135xx_set_epd_power                       
00025774  BSC_DeleteGenericListEntry                   
0002590c  _HCI_Delete_Stored_Link_Key                  
00025bcc  f_readdir                                    
00025c92  HCITR_COMClose                               
00025cf4  HCI_ReconfigureDriver                        
00025d56  HOSTopen                                     
00025db8  __TI_doflush                                 
00025e1a  epson_epdc_early_init_s1d13524               
00025edc  HCI_UnRegisterCallback                       
00025f3c  parser_read_file_line                        
00025ffa  HOSTwrite                                    
000260b6  _RFCOMM_Set_System_Parameters                
00026114  _auto_init_hold_wdt                          
00026172  s1d135xx_update                              
0002622c  BSC_AddGenericListEntry_Actual               
000262e4  HOSTread                                     
0002639c  TWUART_Resynchronize                         
00026454  AdjustSharedBuffer                           
000264ae  BTPS_ChangeTimer                             
00026670  snprintf                                     
00026722  _HCI_PIN_Code_Request_Reply                  
0002682a  probe_dispinfo                               
00026882  __divul                                      
00026882  __remul                                      
000269dc  parser_read_str                              
00026a32  BTPS_WaitMailbox                             
00026ada  HCILL_TransmitBytes                          
00026b82  _HCI_Write_Current_IAC_LAP                   
00026c7e  BTPS_StopTimer                               
00026d22  HCI_Delete_Stored_Link_Key                   
00026d74  QuerySharedBuffer                            
00026dc6  SDP_Cleanup                                  
00026e18  atoi                                         
00026f0c  HCI_CloseDriver                              
0002709c  tps65185_set_vcom_voltage                    
0002713a  BTPS_AddMailbox                              
00027224  _HCI_Read_BD_ADDR                            
00027272  _HCI_Read_Class_of_Device                    
000272c0  _HCI_Read_Local_Supported_Commands           
00027574  GAP_Query_Connection_Handle                  
000275c0  GAP_Set_Connectability_Mode                  
0002760c  _HCI_Read_Local_Supported_Features           
000276a4  BTPS_CreateMailbox                           
00027738  _HCI_Accept_Connection_Request               
00027782  _HCI_IO_Capability_Request_Negative_Reply    
000277cc  _HCI_Link_Key_Request_Reply                  
00027816  _HCI_Reject_Connection_Request               
00027860  _HCI_Write_Class_of_Device                   
000278aa  close                                        
000278f4  epson_epdc_early_init_s1d13541               
0002793e  s1d135xx_check_prod_code                     
00027b3c  L2CA_Set_Link_Connection_Configuration       
00027bcc  _HCI_Set_Event_Mask                          
00027c14  fprintf                                      
00027c5c  spi_init                                     
00027cea  BTPS_DeleteMailbox                           
00027d76  _HCI_Write_Automatic_Flush_Timeout           
00027dbc  _HCI_Write_Link_Supervision_Timeout          
00027e02  lzss_init                                    
00027e48  s1d135xx_wait_idle                           
00027f5a  HOSTclose                                    
00027f9e  _HCI_Read_Scan_Enable                        
00027fe2  _HCI_Read_Simple_Pairing_Mode                
0002806a  BTPS_Init                                    
000280ee  HAL_ConfigureHardware                        
00028130  HCILL_Initialize                             
00028172  HCI_Command_Supported                        
000281b4  HOSTunlink                                   
00028238  ReadCmdFromPhoneApp                          
0002827a  WriteBytesToInfoFlashSeg                     
000282fe  parser_find_str                              
00028340  pl_epdc_get_wfid                             
000283c4  s1d135xx_hard_reset                          
00028406  BTPS_InitializeTimerModule                   
00028486  GAP_Register_Remote_Authentication           
00028506  printf                                       
00028546  __divli                                      
00028546  __remli                                      
00028586  s1d135xx_read_reg                            
00028604  BSC_SearchGenericListEntry                   
00028680  TWUART_Shutdown                              
000286be  _HCI_Disconnect                              
000286fc  _HCI_Link_Key_Request_Negative_Reply         
0002873a  _HCI_PIN_Code_Request_Negative_Reply         
00028778  _HCI_Read_Remote_Extended_Features           
000287b6  _HCI_Set_Connection_Encryption               
000287f4  _HCI_User_Confirmation_Request_Negative_Reply
00028832  _HCI_User_Confirmation_Request_Reply         
00028870  _HCI_User_Passkey_Request_Negative_Reply     
000288ae  clust2sect                                   
000288ec  L_LSL_15                                     
000288f0  L_LSL_14                                     
000288f4  L_LSL_13                                     
000288f8  L_LSL_12                                     
000288fc  L_LSL_11                                     
00028900  L_LSL_10                                     
00028904  L_LSL_9                                      
00028908  L_LSL_8                                      
0002890c  L_LSL_7                                      
00028910  L_LSL_6                                      
00028914  L_LSL_5                                      
00028918  L_LSL_4                                      
0002891c  L_LSL_3                                      
00028920  L_LSL_2                                      
00028924  L_LSL_1                                      
0002892a  L_LSR_15                                     
0002892e  L_LSR_14                                     
00028932  L_LSR_13                                     
00028936  L_LSR_12                                     
0002893a  L_LSR_11                                     
0002893e  L_LSR_10                                     
00028942  L_LSR_9                                      
00028946  L_LSR_8                                      
0002894a  L_LSR_7                                      
0002894e  L_LSR_6                                      
00028952  L_LSR_5                                      
00028956  L_LSR_4                                      
0002895a  L_LSR_3                                      
0002895e  L_LSR_2                                      
00028962  L_LSR_1                                      
00028968  BTPS_AllocateMemory                          
00028a92  __lslll                                      
00028acc  __lsrll                                      
00028b06  pl_i2c_reg_read_8                            
00028b40  RFCOMM_Cleanup                               
00028be8  minit                                        
00028c20  sprintf                                      
00028c8e  BSC_RegisterEventCallback                    
00028cfa  CompareBluetoothAddress                      
00028d66  SDCard_init                                  
00028d9c  SDCard_readFrame                             
00028dd2  _HCI_Authentication_Requested                
00028e08  _HCI_Flush                                   
00028e3e  _HCI_Write_Default_Link_Policy_Settings      
00028e74  _HCI_Write_Encryption_Mode                   
00028eaa  _HCI_Write_Scan_Enable                       
00028ee0  _HCI_Write_Simple_Pairing_Mode               
00028f16  probe_hwinfo                                 
00028f4c  spi_read_bytes                               
00028f82  strstr                                       
0002908a  GAP_Query_Local_BD_ADDR                      
000290be  HCI_Reconfigure_Driver                       
000291c2  s1d135xx_write_reg                           
00029324  HCILL_Reconfigure                            
000293ec  __TI_cleanup                                 
00029450  _system_pre_init                             
00029482  crc16_run                                    
000294b4  max17135_set_vcom_voltage                    
000294e6  pl_hwinfo_log                                
000295aa  CloseComm                                    
0002963a  parser_read_word                             
0002966a  pl_gpio_config_list                          
0002969a  BSC_GetNextGenericListEntry                  
000296f6  GetAccess                                    
00029724  HAL_GetSystemSpeed                           
00029752  HCI_Build_ACL_Packet_Type_Mask               
00029780  SDCard_sendFrame                             
000297dc  __TI_writemsg                                
00029806  C$$IO$$                                      
00029838  epson_i2c_init                               
00029866  exit                                         
00029894  f_mount                                      
0002994c  spi_write_bytes                              
000299a6  CompareNULLBluetoothAddress                  
00029a2a  HCI_ProcessHCIDriverInformation              
00029a56  HCI_Write_Default_Link_Policy_Settings       
00029b06  __TI_readmsg                                 
00029b32  join_path                                    
00029b5e  main                                         
00029b8a  msp430_uart_write                            
00029bb6  __divi                                       
00029bb6  __remi                                       
00029be2  s1d135xx_cmd                                 
00029c0e  strncpy                                      
00029ce4  BTPS_Delay                                   
00029d62  SPP_Cleanup                                  
00029db6  VerifySharedBufferPointer                    
00029de0  _RFCOMM_Un_Register_Server_Channel           
00029e88  unlink                                       
00029f2a  HCI_Version_Supported                        
00029fca  _L2CA_Disconnect_Response                    
00029ff2  freopen                                      
0002a01a  msp430_uart_putc                             
0002a1ea  HCITR_COMWrite                               
0002a282  lseek                                        
0002a2a8  msp430_gpio_set                              
0002a2ce  msp430_uart_read                             
0002a318  BSC_FreeGenericListEntryList                 
0002a33c  HCI_VS_InitializeBeforeHCIOpen               
0002a384  s1d135xx_clear_init                          
0002a3a8  write                                        
0002a498  EraseInfoFlashSeg                            
0002a674  memcmp                                       
0002a696  __mpyl_f5hw                                  
0002a79a  HCILL_Shutdown                               
0002a7ba  ReadBytesFromInfoFlashSeg                    
0002a93a  disk_status                                  
0002a97a  memmove                                      
0002a9fa  BTPS_OutputMessage                           
0002ab44  pl_i2c_reg_write_8                           
0002ab62  AcquireBluetoothStackInformation             
0002ac0a  CleanupCOMMList                              
0002ac96  msp430_gpio_init                             
0002acb2  pl_epdpsu_epdc_init                          
0002acce  pl_epdpsu_gpio_init                          
0002ad06  swap32                                       
0002ae26  __mpysl_f5hw                                 
0002ae40  f_close                                      
0002ae5a  memccpy                                      
0002ae8e  strchr                                       
0002aeda  BTPS_CleanupTimerModule                      
0002af9a  _RFCOMM_Send_Data                            
0002afca  mdelay                                       
0002afca  msleep                                       
0002affa  s1d135xx_soft_reset                          
0002b02a  strcmp                                       
0002b042  udelay                                       
0002b05a  BSC_UnRegisterEventCallback                  
0002b0b2  HCI_RegisterACLDataCallback                  
0002b0c8  HCI_RegisterEventCallback                    
0002b0de  HCI_Register_ACL_Data_Callback               
0002b0f4  HCI_Register_Event_Callback                  
0002b10a  InitializeBSCModule                          
0002b120  ProcessComm                                  
0002b136  do_abort_msg_error                           
0002b14c  max17135_init                                
0002b162  __divu                                       
0002b162  __remu                                       
0002b178  __mpyi_f5hw                                  
0002b1a4  s1d135xx_init_gate_drv                       
0002b1ba  s1d135xx_wait_dspe_trig                      
0002b1d0  s1d135xx_wait_update_end                     
0002b1fc  BTPS_GetTickCount                            
0002b2d8  InitializeCOMMList                           
0002b300  _L2CA_Data_Write                             
0002b328  epson_epdc_early_init                        
0002b33c  memchr                                       
0002b350  memset                                       
0002b39a  SDCard_fastMode                              
0002b3ac  SDCard_setCSHigh                             
0002b3be  SDCard_setCSLow                              
0002b3d0  _RFCOMM_Send_Credits                         
0002b406  f_chdrive                                    
0002b418  memcpy                                       
0002b42a  msp430_gpio_get                              
0002b44e  msp430_uart_getc                             
0002b460  swap16_array                                 
0002b472  swap32_array                                 
0002b484  timer_start                                  
0002b496  BTPS_ExecuteScheduler                        
0002b4c6  HCITR_COMProcess                             
0002b4e6  SprintF                                      
0002b4f6  L_LSL                                        
0002b506  L_LSR                                        
0002b526  strcpy                                       
0002b536  BTPS_ProcessAsynchronousTimers               
0002b5b4  msp430_uart_open                             
0002b5c2  strlen                                       
0002b5d0  swap16                                       
0002b5de  BTPS_DeInit                                  
0002b5ea  HCI_Send_ACL_Data                            
0002b602  BSC_FreeGenericListEntryMemory               
0002b60c  BTPS_FreeMemory                              
0002b616  HAL_EnableSMCLK                              
0002b620  HAL_GetTickCount                             
0002b62a  HCILL_Resynchronize                          
0002b65c  I_LSL                                        
0002b666  BTPS_MemInitialize                           
0002b6ce  BTPS_MemCompare                              
0002b6d4  BTPS_MemCopy                                 
0002b6da  BTPS_MemMove                                 
0002b6e0  BTPS_StringLength                            
0002b6ec  GetCertLength                                
0002b6f2  GetCertPtr                                   
0002b6fe  HAL_LedToggle                                
0002b70a  SDCard_uDelay                                
0002b710  SPP_Respond_Port_Information                 
0002b722  msp430_uart_lseek                            
0002b72e  timer_stop                                   
0002b73a  BSC_AcquireListLock                          
0002b772  GOEP_Initialize                              
0002b776  GetCertCurrentDate                           
0002b77a  HCI_VS_InitializeAfterHCIClose               
0002b77e  HCI_VS_InitializeAfterHCIOpen                
0002b782  HCI_VS_InitializeBeforeHCIClose              
0002b786  HCI_VS_InitializeBeforeHCIReset              
0002b78a  OTP_Initialize                               
0002b78e  SCO_Initialize                               
0002b79a  C$$EXIT                                      
0002b79a  abort                                        
0002b79e  msp430_uart_close                            
0002b7a2  msp430_uart_rename                           
0002b7a6  msp430_uart_unlink                           
0002b7aa  remove                                       
0002b7ae  _nop                                         
ffffffff  .text                                        
ffffffff  __binit__                                    
ffffffff  __c_args__                                   
ffffffff  __etext__                                    
ffffffff  __pinit__                                    
ffffffff  __text__                                     
ffffffff  binit                                        
ffffffff  etext                                        
ffffffff  pinit                                        

[1190 symbols]
