******************************************************************************
                  MSP430 Linker PC v4.4.4                      
******************************************************************************
>> Linked Thu Sep 03 00:00:40 2015

OUTPUT FILE NAME:   <pl-epd-ti-bt-v4.out>
ENTRY POINT SYMBOL: "_c_int00_noargs"  address: 000081f2


MEMORY CONFIGURATION

         name            origin    length      used     unused   attr    fill
----------------------  --------  ---------  --------  --------  ----  --------
  SFR                   00000000   00000010  00000000  00000010  RWIX
  PERIPHERALS_8BIT      00000010   000000f0  00000000  000000f0  RWIX
  PERIPHERALS_16BIT     00000100   00000100  00000000  00000100  RWIX
  INFOD                 00001800   00000080  00000000  00000080  RWIX
  INFOC                 00001880   00000080  00000000  00000080  RWIX
  INFOB                 00001900   00000080  00000000  00000080  RWIX
  INFOA                 00001980   00000080  00000000  00000080  RWIX
  RAM                   00001c00   00004000  00002744  000018bc  RWIX
  FLASH                 00005c00   0000a380  00002624  00007d5c  RWIX
  INT00                 0000ff80   00000002  00000000  00000002  RWIX
  INT01                 0000ff82   00000002  00000000  00000002  RWIX
  INT02                 0000ff84   00000002  00000000  00000002  RWIX
  INT03                 0000ff86   00000002  00000000  00000002  RWIX
  INT04                 0000ff88   00000002  00000000  00000002  RWIX
  INT05                 0000ff8a   00000002  00000000  00000002  RWIX
  INT06                 0000ff8c   00000002  00000000  00000002  RWIX
  INT07                 0000ff8e   00000002  00000000  00000002  RWIX
  INT08                 0000ff90   00000002  00000000  00000002  RWIX
  INT09                 0000ff92   00000002  00000000  00000002  RWIX
  INT10                 0000ff94   00000002  00000000  00000002  RWIX
  INT11                 0000ff96   00000002  00000000  00000002  RWIX
  INT12                 0000ff98   00000002  00000000  00000002  RWIX
  INT13                 0000ff9a   00000002  00000000  00000002  RWIX
  INT14                 0000ff9c   00000002  00000000  00000002  RWIX
  INT15                 0000ff9e   00000002  00000000  00000002  RWIX
  INT16                 0000ffa0   00000002  00000000  00000002  RWIX
  INT17                 0000ffa2   00000002  00000000  00000002  RWIX
  INT18                 0000ffa4   00000002  00000000  00000002  RWIX
  INT19                 0000ffa6   00000002  00000000  00000002  RWIX
  INT20                 0000ffa8   00000002  00000000  00000002  RWIX
  INT21                 0000ffaa   00000002  00000000  00000002  RWIX
  INT22                 0000ffac   00000002  00000000  00000002  RWIX
  INT23                 0000ffae   00000002  00000000  00000002  RWIX
  INT24                 0000ffb0   00000002  00000000  00000002  RWIX
  INT25                 0000ffb2   00000002  00000000  00000002  RWIX
  INT26                 0000ffb4   00000002  00000000  00000002  RWIX
  INT27                 0000ffb6   00000002  00000000  00000002  RWIX
  INT28                 0000ffb8   00000002  00000000  00000002  RWIX
  INT29                 0000ffba   00000002  00000000  00000002  RWIX
  INT30                 0000ffbc   00000002  00000000  00000002  RWIX
  INT31                 0000ffbe   00000002  00000000  00000002  RWIX
  INT32                 0000ffc0   00000002  00000000  00000002  RWIX
  INT33                 0000ffc2   00000002  00000000  00000002  RWIX
  INT34                 0000ffc4   00000002  00000000  00000002  RWIX
  INT35                 0000ffc6   00000002  00000000  00000002  RWIX
  INT36                 0000ffc8   00000002  00000000  00000002  RWIX
  INT37                 0000ffca   00000002  00000000  00000002  RWIX
  INT38                 0000ffcc   00000002  00000000  00000002  RWIX
  INT39                 0000ffce   00000002  00000000  00000002  RWIX
  INT40                 0000ffd0   00000002  00000000  00000002  RWIX
  INT41                 0000ffd2   00000002  00000002  00000000  RWIX
  INT42                 0000ffd4   00000002  00000002  00000000  RWIX
  INT43                 0000ffd6   00000002  00000002  00000000  RWIX
  INT44                 0000ffd8   00000002  00000002  00000000  RWIX
  INT45                 0000ffda   00000002  00000002  00000000  RWIX
  INT46                 0000ffdc   00000002  00000002  00000000  RWIX
  INT47                 0000ffde   00000002  00000002  00000000  RWIX
  INT48                 0000ffe0   00000002  00000002  00000000  RWIX
  INT49                 0000ffe2   00000002  00000002  00000000  RWIX
  INT50                 0000ffe4   00000002  00000002  00000000  RWIX
  INT51                 0000ffe6   00000002  00000002  00000000  RWIX
  INT52                 0000ffe8   00000002  00000002  00000000  RWIX
  INT53                 0000ffea   00000002  00000002  00000000  RWIX
  INT54                 0000ffec   00000002  00000002  00000000  RWIX
  INT55                 0000ffee   00000002  00000002  00000000  RWIX
  INT56                 0000fff0   00000002  00000002  00000000  RWIX
  INT57                 0000fff2   00000002  00000002  00000000  RWIX
  INT58                 0000fff4   00000002  00000002  00000000  RWIX
  INT59                 0000fff6   00000002  00000002  00000000  RWIX
  INT60                 0000fff8   00000002  00000002  00000000  RWIX
  INT61                 0000fffa   00000002  00000002  00000000  RWIX
  INT62                 0000fffc   00000002  00000002  00000000  RWIX
  RESET                 0000fffe   00000002  00000002  00000000  RWIX
  FLASH2                00010000   00035c00  0001c701  000194ff  RWIX


SECTION ALLOCATION MAP

 output                                  attributes/
section   page    origin      length       input sections
--------  ----  ----------  ----------   ----------------
.bss       0    00001c00    00001d8c     UNINITIALIZED
                  00001c00    00000e12     BTPSKRNL.obj (.bss)
                  00002a12    000006d2     SPPDemo.obj (.bss)
                  000030e4    000002d8     msp430-epd.obj (.bss)
                  000033bc    00000142     HAL.obj (.bss)
                  000034fe    00000132     libBluetopia.a : BSC.obj (.bss)
                  00003630    0000011a     rts430x.lib : defs.obj (.bss)
                  0000374a    000000e6     HCITRANS.obj (.bss)
                  00003830    000000a4     rts430x.lib : lowlev.obj (.bss)
                  000038d4    0000002e     slideshow.obj (.bss)
                  00003902    00000024     sprintf.obj (.bss)
                  00003926    00000010     pmic-max17135.obj (.bss)
                  00003936    0000000c     BTPSVEND.obj (.bss)
                  00003942    0000000a     dac-5820.obj (.bss)
                  0000394c    00000008     rts430x.lib : memory.obj (.bss)
                  00003954    00000008                 : trgdrv.obj (.bss)
                  0000395c    00000006     pre_init.obj (.bss)
                  00003962    00000005     ff.obj (.bss)
                  00003967    00000001     msp430-interrupts.obj (.bss)
                  00003968    00000004     Main.obj (.bss)
                  0000396c    00000004     rts430x.lib : exit_gvars.obj (.bss:__TI_cleanup_ptr)
                  00003970    00000004                 : exit_gvars.obj (.bss:__TI_dtors_ptr)
                  00003974    00000004                 : _lock.obj (.bss:_lock)
                  00003978    00000004                 : _lock.obj (.bss:_unlock)
                  0000397c    00000003     mmc.obj (.bss)
                  0000397f    00000001     msp430-uart.obj (.bss)
                  00003980    00000002     app.obj (.bss)
                  00003982    00000002     msp430-sdcard.obj (.bss)
                  00003984    00000002     msp430-timers.obj (.bss)
                  00003986    00000002     probe.obj (.bss)
                  00003988    00000002     rts430x.lib : errno.obj (.bss)
                  0000398a    00000002                 : fopen.obj (.bss)

.data      0    00001c00    00000000     UNINITIALIZED

.sysmem    0    0000398c    000003e8     UNINITIALIZED
                  0000398c    00000004     rts430x.lib : memory.obj (.sysmem)
                  00003990    000003e4     --HOLE--

.cio       0    00003d74    00000120     UNINITIALIZED
                  00003d74    00000120     rts430x.lib : trgmsg.obj (.cio)

.stack     0    00005750    000004b0     UNINITIALIZED
                  00005750    00000002     rts430x.lib : boot.obj (.stack)
                  00005752    000004ae     --HOLE--

.const     0    00005c00    000021c4     
                  00005c00    0000097e     SPPDemo.obj (.const:.string)
                  0000657e    000001b0     gpio.obj (.const:.string)
                  0000672e    00000188     epson-s1d135xx.obj (.const:.string)
                  000068b6    00000182     dispinfo.obj (.const:.string)
                  00006a38    0000017c     sequencer.obj (.const:.string)
                  00006bb4    00000172     msp430-epd.obj (.const:.string)
                  00006d26    00000170     wflib.obj (.const:.string)
                  00006e96    00000101     rts430x.lib : ctype.obj (.const:.string:_ctypes_)
                  00006f97    00000001     --HOLE-- [fill = 0]
                  00006f98    00000100     libBluetopia.a : BSC.obj (.const:.string:crctable$14)
                  00007098    00000100     pmic-max17135.obj (.const:.string)
                  00007198    000000fe     probe.obj (.const:.string)
                  00007296    000000f8     power.obj (.const:.string)
                  0000738e    000000d6     epson-s1d13524.obj (.const:.string)
                  00007464    000000c6     msp430-gpio.obj (.const:msp430_gpio_defs)
                  0000752a    000000c2     slideshow.obj (.const:.string)
                  000075ec    000000bc     hwinfo.obj (.const:.string)
                  000076a8    00000082     pmic-tps65185.obj (.const:.string)
                  0000772a    00000080     ff.obj (.const:.string:excvt$1)
                  000077aa    00000068     msp430-epd.obj (.const)
                  00007812    00000064     epson-epdc.obj (.const:.string)
                  00007876    00000056     libBluetopia.a : BSC.obj (.const)
                  000078cc    00000054     BTPSKRNL.obj (.const:.string)
                  00007920    00000054     epson-s1d13541.obj (.const:.string)
                  00007974    0000004a     msp430-gpio.obj (.const:.string)
                  000079be    00000040     app.obj (.const:.string)
                  000079fe    0000003c     utils.obj (.const:.string)
                  00007a3a    0000003c     msp430-epd.obj (.const:g_gpios)
                  00007a76    0000003a     msp430-uart.obj (.const:.string)
                  00007ab0    00000036     vcom.obj (.const:.string)
                  00007ae6    00000034     epson-i2c.obj (.const:.string)
                  00007b1a    00000032     libBluetopia.a : BSC.obj (.const:BufferOffsets$0)
                  00007b4c    00000028     dac-5820.obj (.const:.string)
                  00007b74    00000028     libBluetopia.a : BSC.obj (.const:SDPServerRecord$16)
                  00007b9c    00000026     rts430x.lib : _printfi_nf.obj (.const:.string)
                  00007bc2    0000001c     epdpsu.obj (.const:.string)
                  00007bde    0000001c     msp430-epd.obj (.const:g_epson_gpios)
                  00007bfa    00000018     epson-s1d13524.obj (.const:epson_epdc_wf_table_s1d13524)
                  00007c12    00000018     pmic-tps65185.obj (.const:init_data)
                  00007c2a    00000018     epson-s1d13541.obj (.const:s1d13541_wf_table)
                  00007c42    00000015     msp430-epd.obj (.const:.string:g_wflib_fatfs_path)
                  00007c57    00000001     --HOLE-- [fill = 0]
                  00007c58    00000011     epson-s1d135xx.obj (.const:.string:override_path$2)
                  00007c69    00000001     --HOLE-- [fill = 0]
                  00007c6a    00000010     ff.obj (.const:.string)
                  00007c7a    00000010     HAL.obj (.const:Frequency_Settings)
                  00007c8a    00000010     msp430-epd.obj (.const:g_hvpmic_gpios)
                  00007c9a    00000010     msp430-sdcard.obj (.const:gpios$1)
                  00007caa    0000000e     epson-s1d135xx.obj (.const:.string:init_code_path$1)
                  00007cb8    0000000e     libBluetopia.a : BSC.obj (.const:TWUART_MessageList$4)
                  00007cc6    0000000d     epdc.obj (.const:.string:wf_refresh_mono)
                  00007cd3    00000001     --HOLE-- [fill = 0]
                  00007cd4    0000000c     libBluetopia.a : BSC.obj (.const:.string:SPPSDPProtocolDescriptorList$17)
                  00007ce0    0000000c                    : BSC.obj (.const:HCIIOCapabilityBondingTable$7)
                  00007cec    0000000c                    : BSC.obj (.const:HCIIOCapabilityMITMTable$7)
                  00007cf8    0000000c                    : BSC.obj (.const:SLIPByteEncodingMap$4)
                  00007d04    0000000c                    : BSC.obj (.const:TWUART_TimerCallbackList$4)
                  00007d10    0000000c     msp430-spi.obj (.const:gpios$1)
                  00007d1c    0000000b     epdc.obj (.const:.string:wf_delta_mono)
                  00007d27    00000001     --HOLE-- [fill = 0]
                  00007d28    0000000a     probe.obj (.const:.string:px_pmic$3)
                  00007d32    0000000a     probe.obj (.const:.string:px_psu$2)
                  00007d3c    00000008     epdc.obj (.const:.string:wf_refresh)
                  00007d44    00000008     libBluetopia.a : BSC.obj (.const:HCIIOCapabilityTable$7)
                  00007d4c    00000008     i2c-eeprom.obj (.const:device_data)
                  00007d54    00000008     msp430-i2c.obj (.const:gpios$1)
                  00007d5c    00000008     epson-s1d13524.obj (.const:params$2)
                  00007d64    00000007     probe.obj (.const:.string:px$4)
                  00007d6b    00000001     --HOLE-- [fill = 0]
                  00007d6c    00000006     probe.obj (.const:.string:px$1)
                  00007d72    00000006     epdc.obj (.const:.string:wf_delta)
                  00007d78    00000005     libBluetopia.a : BSC.obj (.const:.string:SDPServerRecordHandleRecordState$16)
                  00007d7d    00000001     --HOLE-- [fill = 0]
                  00007d7e    00000005                    : BSC.obj (.const:.string:SDPServerRecordServiceDatabaseState$16)
                  00007d83    00000001     --HOLE-- [fill = 0]
                  00007d84    00000005                    : BSC.obj (.const:.string:SDPServerRecordServiceList$16)
                  00007d89    00000001     --HOLE-- [fill = 0]
                  00007d8a    00000005                    : BSC.obj (.const:.string:SDPServerRecordVersionNumberList$16)
                  00007d8f    00000001     --HOLE-- [fill = 0]
                  00007d90    00000005     msp430-epd.obj (.const:.string:VERSION)
                  00007d95    00000001     --HOLE-- [fill = 0]
                  00007d96    00000005     epdc.obj (.const:.string:wf_init)
                  00007d9b    00000001     --HOLE-- [fill = 0]
                  00007d9c    00000004     libBluetopia.a : BSC.obj (.const:.string:GAPIOCapabilityTable$7)
                  00007da0    00000004                    : BSC.obj (.const:.string:HCILL_Message$1)
                  00007da4    00000004     SPPDemo.obj (.const:.string:img_path)
                  00007da8    00000004     epson-s1d13524.obj (.const:par$3)
                  00007dac    00000003     epson-s1d135xx.obj (.const:.string:sep$3)
                  00007daf    00000001     --HOLE-- [fill = 0]
                  00007db0    00000002     SPPDemo.obj (.const:.string:EPD_CMD_NEXT_IMG)
                  00007db2    00000002     SPPDemo.obj (.const:.string:EPD_CMD_NULL)
                  00007db4    00000002     SPPDemo.obj (.const:.string:EPD_CMD_SAVE_DATA_SDCARD)
                  00007db6    00000002     HCITRANS.obj (.const:.string)
                  00007db8    00000002     rts430x.lib : fputs.obj (.const:.string)
                  00007dba    00000002     BTPSVEND.obj (.const)
                  00007dbc    00000002     crc16.obj (.const)
                  00007dbe    00000002     lzss.obj (.const)
                  00007dc0    00000002     epson-s1d13524.obj (.const:params$1)
                  00007dc2    00000002     pmic-max17135.obj (.const)

.cinit     0    00007dc4    00000234     
                  00007dc4    000000ba     libBluetopia.a : BSC.obj (.cinit)
                  00007e7e    00000048     rts430x.lib : lowlev.obj (.cinit)
                  00007ec6    0000003e     SPPDemo.obj (.cinit)
                  00007f04    0000002e     rts430x.lib : defs.obj (.cinit)
                  00007f32    0000002b     sprintf.obj (.cinit)
                  00007f5d    00000001     --HOLE-- [fill = 0]
                  00007f5e    00000014     BTPSKRNL.obj (.cinit)
                  00007f72    00000014     msp430-epd.obj (.cinit)
                  00007f86    0000000c     HAL.obj (.cinit)
                  00007f92    0000000b     mmc.obj (.cinit)
                  00007f9d    00000001     --HOLE-- [fill = 0]
                  00007f9e    00000008     BTPSVEND.obj (.cinit)
                  00007fa6    00000008     rts430x.lib : exit_gvars.obj (.cinit:__TI_cleanup_ptr)
                  00007fae    00000008                 : exit_gvars.obj (.cinit:__TI_dtors_ptr)
                  00007fb6    00000008                 : _lock.obj (.cinit:_lock)
                  00007fbe    00000008                 : _lock.obj (.cinit:_unlock)
                  00007fc6    00000006     app.obj (.cinit)
                  00007fcc    00000006     msp430-sdcard.obj (.cinit)
                  00007fd2    00000006     rts430x.lib : errno.obj (.cinit)
                  00007fd8    00000006                 : fopen.obj (.cinit)
                  00007fde    00000006                 : memory.obj (.cinit)
                  00007fe4    00000006     slideshow.obj (.cinit)
                  00007fea    00000005     msp430-interrupts.obj (.cinit)
                  00007fef    00000001     --HOLE-- [fill = 0]
                  00007ff0    00000005     msp430-uart.obj (.cinit)
                  00007ff5    00000001     --HOLE-- [fill = 0]
                  00007ff6    00000002     (.pad.cinit) [fill = 0]

.text:_isr 
*          0    00007ff8    0000022c     
                  00007ff8    000000a8     HCITRANS.obj (.text:_isr:UartInterrupt)
                  000080a0    0000007a     HAL.obj (.text:_isr:DEBUG_UART_INTERRUPT)
                  0000811a    0000006c     msp430-interrupts.obj (.text:_isr:Port_2)
                  00008186    00000032     msp430-timers.obj (.text:_isr:TIMER0_ISR)
                  000081b8    0000001e     HAL.obj (.text:_isr:CTS_ISR)
                  000081d6    0000001c     msp430-timers.obj (.text:_isr:RTC_ISR)
                  000081f2    0000001c     rts430x.lib : boot_special.obj (.text:_isr:_c_int00_noargs)
                  0000820e    00000010     HAL.obj (.text:_isr:TIMER_INTERRUPT)
                  0000821e    00000006     rts430x.lib : isr_trap.obj (.text:_isr:__TI_ISR_TRAP)

.patch     0    00010000    00001093     
                  00010000    00001093     BTPSVEND.obj (.patch)

.pinit     0    00005c00    00000000     UNINITIALIZED

RTC        0    0000ffd2    00000002     
                  0000ffd2    00000002     msp430-timers.obj (.int41)

PORT2      0    0000ffd4    00000002     
                  0000ffd4    00000002     msp430-interrupts.obj (.int42)

USCI_B3    0    0000ffd6    00000002     
                  0000ffd6    00000002     rts430x.lib : int43.obj (.int43)

USCI_A3    0    0000ffd8    00000002     
                  0000ffd8    00000002     rts430x.lib : int44.obj (.int44)

USCI_B1    0    0000ffda    00000002     
                  0000ffda    00000002     rts430x.lib : int45.obj (.int45)

USCI_A1    0    0000ffdc    00000002     
                  0000ffdc    00000002     HAL.obj (.int46)

PORT1      0    0000ffde    00000002     
                  0000ffde    00000002     HAL.obj (.int47)

TIMER1_A1 
*          0    0000ffe0    00000002     
                  0000ffe0    00000002     rts430x.lib : int48.obj (.int48)

TIMER1_A0 
*          0    0000ffe2    00000002     
                  0000ffe2    00000002     HAL.obj (.int49)

DMA        0    0000ffe4    00000002     
                  0000ffe4    00000002     rts430x.lib : int50.obj (.int50)

USCI_B2    0    0000ffe6    00000002     
                  0000ffe6    00000002     rts430x.lib : int51.obj (.int51)

USCI_A2    0    0000ffe8    00000002     
                  0000ffe8    00000002     HCITRANS.obj (.int52)

TIMER0_A1 
*          0    0000ffea    00000002     
                  0000ffea    00000002     msp430-timers.obj (.int53)

TIMER0_A0 
*          0    0000ffec    00000002     
                  0000ffec    00000002     rts430x.lib : int54.obj (.int54)

ADC12      0    0000ffee    00000002     
                  0000ffee    00000002     rts430x.lib : int55.obj (.int55)

USCI_B0    0    0000fff0    00000002     
                  0000fff0    00000002     rts430x.lib : int56.obj (.int56)

USCI_A0    0    0000fff2    00000002     
                  0000fff2    00000002     rts430x.lib : int57.obj (.int57)

WDT        0    0000fff4    00000002     
                  0000fff4    00000002     rts430x.lib : int58.obj (.int58)

TIMER0_B1 
*          0    0000fff6    00000002     
                  0000fff6    00000002     rts430x.lib : int59.obj (.int59)

TIMER0_B0 
*          0    0000fff8    00000002     
                  0000fff8    00000002     rts430x.lib : int60.obj (.int60)

UNMI       0    0000fffa    00000002     
                  0000fffa    00000002     rts430x.lib : int61.obj (.int61)

SYSNMI     0    0000fffc    00000002     
                  0000fffc    00000002     rts430x.lib : int62.obj (.int62)

.reset     0    0000fffe    00000002     
                  0000fffe    00000002     rts430x.lib : boot.obj (.reset)

.text      0    00011094    0001b66e     
                  00011094    000009ce     libBluetopia.a : BSC.obj (.text:L2CA_Event_Callback$16)
                  00011a62    000008b0     SPPDemo.obj (.text:GAP_Event_Callback)
                  00012312    0000089c     libBluetopia.a : BSC.obj (.text:HCI_Event_Callback$7)
                  00012bae    000005a4                    : BSC.obj (.text:HCI_Event_Callback$11)
                  00013152    0000052e                    : BSC.obj (.text:AsynchronousHCIEventCallback$10)
                  00013680    000004e0     SPPDemo.obj (.text:SPP_Event_Callback)
                  00013b60    000004b4     ff.obj (.text:chk_mounted)
                  00014014    000004a0     libBluetopia.a : BSC.obj (.text:ProcessRFCOMMControlMessage$14)
                  000144b4    0000047c                    : BSC.obj (.text:ProcessServiceSearchAttributeRequest$16)
                  00014930    00000476                    : BSC.obj (.text:L2CA_Event_Callback$14)
                  00014da6    0000039a     rts430x.lib : div64u.obj (.text:__divull)
                  00015140    00000322     libBluetopia.a : BSC.obj (.text:ProcessRFCOMMDataMessage$14)
                  00015462    0000030e                    : BSC.obj (.text:RFCOMM_Event_Callback$17)
                  00015770    000002f2                    : BSC.obj (.text:BSC_Initialize)
                  00015a62    000002f2                    : BSC.obj (.text:ProcessServiceAttributeRequest$16)
                  00015d54    000002e2                    : BSC.obj (.text:ProcessL2CAPDataPacket$11)
                  00016036    000002cc                    : BSC.obj (.text:L2CAP_ConfigRequestEvent$11)
                  00016302    000002b0                    : BSC.obj (.text:ProtocolEventCallback$3)
                  000165b2    000002ae                    : BSC.obj (.text:SPP_Data_Write)
                  00016860    00000294     msp430-epd.obj (.text:epd_sys_init)
                  00016af4    0000028e     libBluetopia.a : BSC.obj (.text:SPP_Register_Raw_SDP_Record)
                  00016d82    0000028e     ff.obj (.text:f_write)
                  00017010    00000278     libBluetopia.a : BSC.obj (.text:HCITR_COMDataCallback_UART$3)
                  00017288    0000026c                    : BSC.obj (.text:ParseRecordAttributes$16)
                  000174f4    0000025a                    : BSC.obj (.text:HCI_Initialize)
                  0001774e    00000252                    : BSC.obj (.text:ProcessServiceSearchRequest$16)
                  000179a0    00000250     ff.obj (.text:f_lseek)
                  00017bf0    00000222     libBluetopia.a : BSC.obj (.text:CompareServiceRecordWithServiceList$16)
                  00017e12    00000218                    : BSC.obj (.text:L2CAP_ConnectRequestEvent$11)
                  0001802a    00000210     ff.obj (.text:f_open)
                  0001823a    00000204     libBluetopia.a : BSC.obj (.text:L2CAP_Initialize)
                  0001843e    000001fa                    : BSC.obj (.text:RFCOMMServerSABMMessageHandler$14)
                  00018638    000001f8                    : BSC.obj (.text:HCI_DriverCallback$2)
                  00018830    000001f0                    : BSC.obj (.text:ParseOptionsToAPI$11)
                  00018a20    000001ec                    : BSC.obj (.text:Disconnect$14)
                  00018c0c    000001ec                    : BSC.obj (.text:GAP_Set_Discoverability_Mode)
                  00018df8    000001e6     rts430x.lib : _printfi_nf.obj (.text:_setfield)
                  00018fde    000001e2     ff.obj (.text:f_read)
                  000191c0    000001d6     libBluetopia.a : BSC.obj (.text:_L2CA_Config_Request)
                  00019396    000001d2     HCITRANS.obj (.text:HCITR_COMOpen)
                  00019568    000001cc     libBluetopia.a : BSC.obj (.text:HCI_ACL_Data_Callback$11)
                  00019734    000001cc                    : BSC.obj (.text:ParseAttributeIDList$16)
                  00019900    000001c8                    : BSC.obj (.text:UpdateHCICallbackThread$10)
                  00019ac8    000001c4     rts430x.lib : _printfi_nf.obj (.text:__TI_printfi_nofloat)
                  00019c8c    000001be     libBluetopia.a : BSC.obj (.text:GAP_Authentication_Response)
                  00019e4a    000001ba                    : BSC.obj (.text:LP_ConnectCfm$11)
                  0001a004    000001b8                    : BSC.obj (.text:HCI_Send_Raw_Command)
                  0001a1bc    000001b6                    : BSC.obj (.text:SPPServerHandler$17)
                  0001a372    000001b0                    : BSC.obj (.text:SDP_Create_Service_Record)
                  0001a522    000001ae                    : BSC.obj (.text:ProcessSendQueueData$11)
                  0001a6d0    000001a8                    : BSC.obj (.text:L2CAP_RequestTimeout$11)
                  0001a878    000001a2     dispinfo.obj (.text:pl_dispinfo_init_eeprom)
                  0001aa1a    0000019c     libBluetopia.a : BSC.obj (.text:TWUART_ReceiveBytes)
                  0001abb6    00000194     rts430x.lib : strtoul.obj (.text:strtoul)
                  0001ad4a    0000018e     vcom.obj (.text:vcom_init)
                  0001aed8    0000017e     probe.obj (.text:probe_hvpmic)
                  0001b056    00000176     libBluetopia.a : BSC.obj (.text:ParseAPIUUIDs$16)
                  0001b1cc    00000176     HAL.obj (.text:SetSystemClock)
                  0001b342    00000176     ff.obj (.text:dir_next)
                  0001b4b8    00000176     ff.obj (.text:put_fat)
                  0001b62e    00000174     libBluetopia.a : BSC.obj (.text:L2CAP_ConnectResponseEvent$11)
                  0001b7a2    00000174     ff.obj (.text:create_name)
                  0001b916    0000016e     libBluetopia.a : BSC.obj (.text:SDP_Add_Raw_Attribute)
                  0001ba84    00000168                    : BSC.obj (.text:ParseServiceSearchPattern$16)
                  0001bbec    00000166     wflib.obj (.text:pl_wflib_eeprom_xfer)
                  0001bd52    00000164     rts430x.lib : _printfi_nf.obj (.text:_getarg_diouxp)
                  0001beb6    0000015c     pmic-max17135.obj (.text:max17135_configure)
                  0001c012    00000158     libBluetopia.a : BSC.obj (.text:SPP_Data_Read)
                  0001c16a    00000154                    : BSC.obj (.text:SendQueuedData$17)
                  0001c2be    00000152     SPPDemo.obj (.text:OpenStack)
                  0001c410    0000014e     libBluetopia.a : BSC.obj (.text:ProcessReceivedPacket$4)
                  0001c55e    0000014c     BTPSKRNL.obj (.text:_Malloc)
                  0001c6aa    00000144     SPPDemo.obj (.text:InitializeApplication)
                  0001c7ee    00000144     dispinfo.obj (.text:pl_dispinfo_init_fatfs)
                  0001c932    00000142     libBluetopia.a : BSC.obj (.text:CalculateDataTypeLength$16)
                  0001ca74    00000140     rts430x.lib : _printfi_nf.obj (.text:_pproc_diouxp)
                  0001cbb4    0000013e     libBluetopia.a : BSC.obj (.text:ParseAPIOptions$11)
                  0001ccf2    00000136                    : BSC.obj (.text:RFCOMM_Data_Write$14)
                  0001ce28    0000012e     SPPDemo.obj (.text:DeleteLinkKey)
                  0001cf56    0000012e     libBluetopia.a : BSC.obj (.text:_RFCOMM_Send_Data_With_Credits)
                  0001d084    0000012e     ff.obj (.text:get_fat)
                  0001d1b2    0000012c     libBluetopia.a : BSC.obj (.text:CheckQueuedDataWrite$11)
                  0001d2de    0000012c     mmc.obj (.text:disk_initialize)
                  0001d40a    00000128     SPPDemo.obj (.text:OpenServer)
                  0001d532    00000128     libBluetopia.a : BSC.obj (.text:SPP_Open_Server_Port)
                  0001d65a    00000126     hwinfo.obj (.text:pl_hwinfo_init)
                  0001d780    00000120     ff.obj (.text:create_chain)
                  0001d8a0    0000011e     libBluetopia.a : BSC.obj (.text:L2CA_Get_Link_Connection_State)
                  0001d9be    0000011e                    : BSC.obj (.text:LP_ConnectCfmNeg$11)
                  0001dadc    00000118                    : BSC.obj (.text:ProcessTWUARTMessage$4)
                  0001dbf4    00000116                    : BSC.obj (.text:LP_DisconnectCfm$11)
                  0001dd0a    00000116                    : BSC.obj (.text:SendDataPacket$10)
                  0001de20    00000116     sprintf.obj (.text:vSprintF)
                  0001df36    00000112     libBluetopia.a : BSC.obj (.text:L2CAP_ConfigRequestResponse$11)
                  0001e048    00000110     epson-s1d13541.obj (.text:epson_epdc_init_s1d13541)
                  0001e158    0000010e     libBluetopia.a : BSC.obj (.text:SendFormattedControlMessage$14)
                  0001e266    0000010c                    : BSC.obj (.text:RFCOMM_Initialize)
                  0001e372    0000010a                    : BSC.obj (.text:OpenComm)
                  0001e47c    00000108                    : BSC.obj (.text:ReconfigureComm)
                  0001e584    00000108     epson-s1d13524.obj (.text:epson_epdc_init_s1d13524)
                  0001e68c    00000106     lzss.obj (.text:lzss_decode)
                  0001e792    00000106     epson-s1d135xx.obj (.text:s1d135xx_load_image)
                  0001e898    00000104     rts430x.lib : fopen.obj (.text:_openfile)
                  0001e99c    00000100     libBluetopia.a : BSC.obj (.text:RFCOMMServerPNMessageHandler$14)
                  0001ea9c    00000100                    : BSC.obj (.text:SDP_Initialize)
                  0001eb9c    000000fe                    : BSC.obj (.text:_RFCOMM_Release_Request)
                  0001ec9a    000000fc                    : BSC.obj (.text:HandleChannelDisconnection$11)
                  0001ed96    000000fc                    : BSC.obj (.text:SendHCIPacketToLowerDriver$2)
                  0001ee92    000000fa     ff.obj (.text:dir_sdi)
                  0001ef8c    000000f4     HCITRANS.obj (.text:HCITR_COMReconfigure)
                  0001f080    000000f4     rts430x.lib : _printfi_nf.obj (.text:_pproc_fwp)
                  0001f174    000000f4     mmc.obj (.text:disk_ioctl)
                  0001f268    000000f2     libBluetopia.a : BSC.obj (.text:L2CAP_ConfigResponseEvent$11)
                  0001f35a    000000f2     epson-s1d135xx.obj (.text:transfer_image)
                  0001f44c    000000ee     BTPSKRNL.obj (.text:BTPS_DeleteFunctionFromScheduler)
                  0001f53a    000000ee     libBluetopia.a : BSC.obj (.text:L2CAP_RejectCommand$11)
                  0001f628    000000ee                    : BSC.obj (.text:_L2CA_Connect_Response)
                  0001f716    000000ec     ff.obj (.text:sync)
                  0001f802    000000ea     libBluetopia.a : BSC.obj (.text:SendSLIPPacket$4)
                  0001f8ec    000000ea                    : BSC.obj (.text:TWUART_Initialize)
                  0001f9d6    000000ea     BTVS.obj (.text:VS_Update_HCILL_Parameters)
                  0001fac0    000000e6     msp430-gpio.obj (.text:msp430_gpio_config)
                  0001fba6    000000e2     libBluetopia.a : BSC.obj (.text:GAP_Initialize)
                  0001fc88    000000e0     epson-s1d135xx.obj (.text:s1d135xx_load_init_code)
                  0001fd68    000000de     libBluetopia.a : BSC.obj (.text:L2CAP_InformationRequestResponse$11)
                  0001fe46    000000de     epson-epdc.obj (.text:epson_epdc_init)
                  0001ff24    000000de     rts430x.lib : fputs.obj (.text:fputs)
                  00020002    000000de     epson-s1d135xx.obj (.text:s1d135xx_load_register_overrides)
                  000200e0    000000d8     libBluetopia.a : BSC.obj (.text:L2CAP_ConnectRequestResponse$11)
                  000201b8    000000d8                    : BSC.obj (.text:_L2CA_Enhanced_Data_Write)
                  00020290    000000d6     BTPSVEND.obj (.text:Download_Patch)
                  00020366    000000d6     libBluetopia.a : BSC.obj (.text:GAP_Set_Pairability_Mode)
                  0002043c    000000d6                    : BSC.obj (.text:TWUART_Reconfigure)
                  00020512    000000d6     epson-s1d135xx.obj (.text:do_fill)
                  000205e8    000000d4     libBluetopia.a : BSC.obj (.text:GAP_Authenticate_Remote_Device)
                  000206bc    000000d2                    : BSC.obj (.text:DelayedAuthenticationProcess$11)
                  0002078e    000000d2                    : BSC.obj (.text:ProcessSDPConnectionRequest$16)
                  00020860    000000d2     BTVS.obj (.text:VS_Update_UART_Baud_Rate)
                  00020932    000000d2     ff.obj (.text:follow_path)
                  00020a04    000000d2     ff.obj (.text:get_fileinfo)
                  00020ad6    000000d0     HAL.obj (.text:IncrementVCORE)
                  00020ba6    000000d0     libBluetopia.a : BSC.obj (.text:_RFCOMM_Parameter_Negotiation_Response)
                  00020c76    000000ce                    : BSC.obj (.text:HCI_SendPacket)
                  00020d44    000000ce     pmic-tps65185.obj (.text:tps65185_init)
                  00020e12    000000cc     HCITRANS.obj (.text:LoadTransmitBuffer)
                  00020ede    000000cc     libBluetopia.a : BSC.obj (.text:RFCOMM_SignalTimeout$14)
                  00020faa    000000cc                    : BSC.obj (.text:SPP_Port_Status)
                  00021076    000000cc     rts430x.lib : setvbuf.obj (.text:setvbuf)
                  00021142    000000ca     libBluetopia.a : BSC.obj (.text:_L2CA_Disconnect_Request)
                  0002120c    000000ca     pnm-utils.obj (.text:pnm_read_int32)
                  000212d6    000000c8     libBluetopia.a : BSC.obj (.text:L2CAP_DataWrite$11)
                  0002139e    000000c4                    : BSC.obj (.text:SendCommPacket)
                  00021462    000000c4     slideshow.obj (.text:app_slideshow_with_spacebar)
                  00021526    000000c4     epson-s1d135xx.obj (.text:s1d135xx_set_power_state)
                  000215ea    000000c2     sprintf.obj (.text:LtoA)
                  000216ac    000000c0     libBluetopia.a : BSC.obj (.text:GAP_Cancel_Bonding)
                  0002176c    000000c0                    : BSC.obj (.text:SPP_Set_Configuration_Parameters)
                  0002182c    000000c0                    : BSC.obj (.text:_RFCOMM_Open_Response)
                  000218ec    000000c0     ff.obj (.text:move_window)
                  000219ac    000000be     SPPDemo.obj (.text:ReadCmdFromPhoneApp)
                  00021a6a    000000be     libBluetopia.a : BSC.obj (.text:_L2CA_Config_Response)
                  00021b28    000000bc                    : BSC.obj (.text:CalculateAttributeRequestParameters$16)
                  00021be4    000000bc                    : BSC.obj (.text:GetNextServiceAttribute$16)
                  00021ca0    000000bc     rts430x.lib : lowlev.obj (.text:add_device)
                  00021d5c    000000bc     mmc.obj (.text:disk_write)
                  00021e18    000000bc     slideshow.obj (.text:show_image)
                  00021ed4    000000ba     libBluetopia.a : BSC.obj (.text:CleanupPortInformationEntry$17)
                  00021f8e    000000ba     BTPSVEND.obj (.text:HCI_VS_InitializeAfterHCIReset)
                  00022048    000000b6     HAL.obj (.text:HAL_ConsoleWrite)
                  000220fe    000000b6     Main.obj (.text:MainThread)
                  000221b4    000000b4     libBluetopia.a : BSC.obj (.text:L2CAP_ReceiveTimeout$11)
                  00022268    000000b4     msp430-i2c.obj (.text:msp430_i2c_read)
                  0002231c    000000b4     epson-s1d135xx.obj (.text:s1d135xx_pattern_check)
                  000223d0    000000b2     libBluetopia.a : BSC.obj (.text:FragmentPacket$11)
                  00022482    000000b2                    : BSC.obj (.text:L2CAP_DisconnectRequestEvent$11)
                  00022534    000000b2                    : BSC.obj (.text:WriteAttributeRequestContinuationInformation$16)
                  000225e6    000000b0                    : BSC.obj (.text:BSC_AuthenticateDevice)
                  00022696    000000b0     probe.obj (.text:probe_i2c)
                  00022746    000000ae     libBluetopia.a : BSC.obj (.text:SPP_Initialize)
                  000227f4    000000ae     mmc.obj (.text:send_cmd)
                  000228a2    000000ac     BTPSKRNL.obj (.text:BTPS_ProcessScheduler)
                  0002294e    000000ac     libBluetopia.a : BSC.obj (.text:LP_ConnectIndication$11)
                  000229fa    000000ac     SPPDemo.obj (.text:LinkKeyToStr)
                  00022aa6    000000ac     libBluetopia.a : BSC.obj (.text:UpdateAndExpireTimers$6)
                  00022b52    000000ac                    : BSC.obj (.text:VerifyACLHeader$11)
                  00022bfe    000000ac     rts430x.lib : memory.obj (.text:malloc)
                  00022caa    000000aa     libBluetopia.a : BSC.obj (.text:GAP_Set_Encryption_Mode)
                  00022d54    000000aa                    : BSC.obj (.text:HCISendPacket$10)
                  00022dfe    000000aa                    : BSC.obj (.text:HCI_OpenDriver)
                  00022ea8    000000aa                    : BSC.obj (.text:_RFCOMM_Modem_Status)
                  00022f52    000000aa     vcom.obj (.text:vcom_calculate)
                  00022ffc    000000a8     libBluetopia.a : BSC.obj (.text:L2CAP_DisconnectRequestResponse$11)
                  000230a4    000000a8                    : BSC.obj (.text:L2CAP_EchoRequestResponse$11)
                  0002314c    000000a6                    : BSC.obj (.text:_RFCOMM_Register_Server_Channel)
                  000231f2    000000a6     pnm-utils.obj (.text:pnm_read_header)
                  00023298    000000a4     libBluetopia.a : BSC.obj (.text:HCI_Cleanup)
                  0002333c    000000a4     ff.obj (.text:f_sync)
                  000233e0    000000a2     HAL.obj (.text:DecrementVCORE)
                  00023482    000000a2     libBluetopia.a : BSC.obj (.text:RegisterCallback$2)
                  00023524    000000a2     ff.obj (.text:f_opendir)
                  000235c6    000000a2     msp430-uart.obj (.text:msp430_uart_register_files)
                  00023668    000000a0     HAL.obj (.text:HAL_CommConfigure)
                  00023708    000000a0     rts430x.lib : _printfi_nf.obj (.text:_pproc_str)
                  000237a8    0000009e     libBluetopia.a : BSC.obj (.text:NormalizeUUID$16)
                  00023846    0000009e     HCITRANS.obj (.text:RxProcess)
                  000238e4    0000009e     epson-s1d13524.obj (.text:s1d13524_load_wflib)
                  00023982    0000009c     ff.obj (.text:remove_chain)
                  00023a1e    0000009a     libBluetopia.a : BSC.obj (.text:AddPacketQueueEntry$2)
                  00023ab8    0000009a                    : BSC.obj (.text:BuildAndSubmitCommandBD_ADDRByteVariable$10)
                  00023b52    00000098     HCITRANS.obj (.text:CtsInterrupt)
                  00023bea    00000098     rts430x.lib : lowlev.obj (.text:open)
                  00023c82    00000096     libBluetopia.a : BSC.obj (.text:DisconnectChannel$14)
                  00023d18    00000096                    : BSC.obj (.text:GAP_Cleanup)
                  00023dae    00000096     rts430x.lib : _printfi_nf.obj (.text:_ltostr)
                  00023e44    00000094     libBluetopia.a : BSC.obj (.text:RFCOMM_Control_Message$14)
                  00023ed8    00000094                    : BSC.obj (.text:ReadDataElementSequenceLength$16)
                  00023f6c    00000094     mmc.obj (.text:disk_read)
                  00024000    00000094     i2c-eeprom.obj (.text:eeprom_read)
                  00024094    00000094     ff.obj (.text:f_chdir)
                  00024128    00000092     libBluetopia.a : BSC.obj (.text:EnhancedFragmentPacket$11)
                  000241ba    00000092                    : BSC.obj (.text:RegisterCallback$10)
                  0002424c    00000092     BTVS.obj (.text:VS_Enable_Sleep_Mode)
                  000242de    00000092     wflib.obj (.text:pl_wflib_lzss_rd)
                  00024370    00000090     libBluetopia.a : BSC.obj (.text:_HCI_Read_Local_Version_Information)
                  00024400    00000090                    : BSC.obj (.text:_L2CA_Flush_Channel_Data)
                  00024490    00000090     BTPSKRNL.obj (.text:_MemFree)
                  00024520    00000090     ff.obj (.text:check_fs)
                  000245b0    0000008e     libBluetopia.a : BSC.obj (.text:HCI_Reset)
                  0002463e    0000008e                    : BSC.obj (.text:SDP_Delete_Service_Record)
                  000246cc    0000008c                    : BSC.obj (.text:AddUnsignedInteger4Bytes$16)
                  00024758    0000008c                    : BSC.obj (.text:BuildAndSubmitCommandByteVariable$10)
                  000247e4    0000008c                    : BSC.obj (.text:CreateNewIdentifierEntry$11)
                  00024870    0000008c                    : BSC.obj (.text:L2CAP_DisconnectResponseEvent$11)
                  000248fc    0000008c                    : BSC.obj (.text:SendReliablePacket$4)
                  00024988    0000008c     rts430x.lib : fputc.obj (.text:fputc)
                  00024a14    0000008c     epson-s1d135xx.obj (.text:s1d135xx_load_wflib)
                  00024aa0    0000008a     libBluetopia.a : BSC.obj (.text:BSC_AddGenericListEntry)
                  00024b2a    00000088                    : BSC.obj (.text:HCILL_ReceiveBytes)
                  00024bb2    00000088                    : BSC.obj (.text:SetTWUARTState$4)
                  00024c3a    00000088                    : BSC.obj (.text:SynchronousHCICommandCallback$10)
                  00024cc2    00000088     rts430x.lib : _printfi_nf.obj (.text:_div)
                  00024d4a    00000088     wflib.obj (.text:pl_wflib_fatfs_xfer)
                  00024dd2    00000086     libBluetopia.a : BSC.obj (.text:BTPS_StartTimer)
                  00024e58    00000086     SPPDemo.obj (.text:HCI_Event_Callback)
                  00024ede    00000086     rts430x.lib : trgdrv.obj (.text:HOSTlseek)
                  00024f64    00000086     libBluetopia.a : BSC.obj (.text:SPP_Close_Server_Port)
                  00024fea    00000086     msp430-i2c.obj (.text:msp430_i2c_init)
                  00025070    00000084     libBluetopia.a : BSC.obj (.text:BuildAndSubmitCommandThreeWords$10)
                  000250f4    00000084                    : BSC.obj (.text:_HCI_Read_Buffer_Size)
                  00025178    00000084     ff.obj (.text:dir_register)
                  000251fc    00000082     libBluetopia.a : BSC.obj (.text:L2CAP_StateTimeout$11)
                  0002527e    00000082                    : BSC.obj (.text:ParseConfigurationField$4)
                  00025300    00000080     rts430x.lib : memory.obj (.text:free)
                  00025380    0000007e     libBluetopia.a : BSC.obj (.text:AddServiceAttributeEntry$16)
                  000253fe    0000007e                    : BSC.obj (.text:EncodeAndSend$4)
                  0002547c    0000007e                    : BSC.obj (.text:WriteDataElementSequenceHeader)
                  000254fa    0000007e     msp430-i2c.obj (.text:msp430_i2c_write)
                  00025578    0000007c     libBluetopia.a : BSC.obj (.text:BuildAndSubmitCommandBD_ADDRByte$10)
                  000255f4    0000007c                    : BSC.obj (.text:ProcessConnectionError$16)
                  00025670    0000007c     dispinfo.obj (.text:pl_dispinfo_log)
                  000256ec    0000007c     epdpsu.obj (.text:pl_epdpsu_gpio_on)
                  00025768    0000007a     rts430x.lib : _io_perm.obj (.text:__TI_wrt_ok)
                  000257e2    00000078     libBluetopia.a : BSC.obj (.text:BSC_Shutdown)
                  0002585a    00000078                    : BSC.obj (.text:HCI_Schedule_Asynchronous_Callback)
                  000258d2    00000078     sprintf.obj (.text:LtoH)
                  0002594a    00000076     libBluetopia.a : BSC.obj (.text:BSC_Event_Callback$7)
                  000259c0    00000076                    : BSC.obj (.text:L2CAP_Cleanup)
                  00025a36    00000076                    : BSC.obj (.text:UpdateServiceRecordStateAttribute$16)
                  00025aac    00000076                    : BSC.obj (.text:_HCI_IO_Capability_Request_Reply)
                  00025b22    00000074     BTPSKRNL.obj (.text:BTPS_AddFunctionToScheduler)
                  00025b96    00000072     libBluetopia.a : BSC.obj (.text:CreateNewChannel$11)
                  00025c08    00000072     epson-i2c.obj (.text:epson_s1d135xx_i2c_read)
                  00025c7a    00000072     wflib.obj (.text:pl_wflib_init_eeprom)
                  00025cec    00000072     probe.obj (.text:probe_epdc)
                  00025d5e    00000072     epson-i2c.obj (.text:s1d135xx_i2c_poll)
                  00025dd0    0000006e     libBluetopia.a : BSC.obj (.text:FormatAndDispatchEncryptionChangeEvent$7)
                  00025e3e    0000006e                    : BSC.obj (.text:L2CAP_InformationRequestEvent$11)
                  00025eac    0000006e                    : BSC.obj (.text:SendConnectionResponse$16)
                  00025f1a    0000006e                    : BSC.obj (.text:_HCI_User_Passkey_Request_Reply)
                  00025f88    0000006c                    : BSC.obj (.text:HCIRemoteExtendedFeaturesEventHandler$10)
                  00025ff4    0000006c                    : BSC.obj (.text:_L2CA_Register_PSM)
                  00026060    0000006c     epson-i2c.obj (.text:epson_s1d135xx_i2c_write)
                  000260cc    0000006a     libBluetopia.a : BSC.obj (.text:FormatAndDispatchAuthenticationEvent$7)
                  00026136    0000006a                    : BSC.obj (.text:HCI_CancelPacket)
                  000261a0    0000006a     rts430x.lib : trgdrv.obj (.text:HOSTrename)
                  0002620a    0000006a     libBluetopia.a : BSC.obj (.text:RFCOMMCleanupHandler$14)
                  00026274    0000006a                    : BSC.obj (.text:TWUART_TransmitBytes)
                  000262de    0000006a     msp430-epd.obj (.text:abort_now)
                  00026348    0000006a     rts430x.lib : fseek.obj (.text:fseek)
                  000263b2    0000006a     epson-s1d13524.obj (.text:s1d13524_check_rev)
                  0002641c    0000006a     epson-s1d135xx.obj (.text:s1d135xx_fill)
                  00026486    00000068     libBluetopia.a : BSC.obj (.text:AddACLLinkEntry$7)
                  000264ee    00000068                    : BSC.obj (.text:CompareListEntryKeys$0)
                  00026556    00000068                    : BSC.obj (.text:RetransmitTimerExpired$4)
                  000265be    00000068     rts430x.lib : fclose.obj (.text:__TI_closefile)
                  00026626    00000068     wflib.obj (.text:pl_wflib_init_fatfs)
                  0002668e    00000068     epson-s1d135xx.obj (.text:s1d135xx_set_epd_power)
                  000266f6    00000066     libBluetopia.a : BSC.obj (.text:BSC_DeleteGenericListEntry)
                  0002675c    00000066                    : BSC.obj (.text:CalculateCreditThreshold$17)
                  000267c2    00000066                    : BSC.obj (.text:RFCOMM_Start_Link_Negotiation$14)
                  00026828    00000066                    : BSC.obj (.text:SetTWUARTTimer$4)
                  0002688e    00000066                    : BSC.obj (.text:_HCI_Delete_Stored_Link_Key)
                  000268f4    00000066     ff.obj (.text:f_readdir)
                  0002695a    00000066     epson-s1d13541.obj (.text:s1d13541_set_temp_mode)
                  000269c0    00000064     libBluetopia.a : BSC.obj (.text:AcknowledgePackets$4)
                  00026a24    00000064                    : BSC.obj (.text:BuildEventBD_ADDRDWord$10)
                  00026a88    00000064                    : BSC.obj (.text:SendQueuedPackets$4)
                  00026aec    00000064                    : BSC.obj (.text:SendTWUARTMessage$4)
                  00026b50    00000064                    : BSC.obj (.text:SendUnreliablePacket$4)
                  00026bb4    00000062                    : BSC.obj (.text:AddToTransmitBufferList$1)
                  00026c16    00000062     HCITRANS.obj (.text:HCITR_COMClose)
                  00026c78    00000062     libBluetopia.a : BSC.obj (.text:HCI_ReconfigureDriver)
                  00026cda    00000062     rts430x.lib : trgdrv.obj (.text:HOSTopen)
                  00026d3c    00000062                 : fflush.obj (.text:__TI_doflush)
                  00026d9e    00000062     epson-s1d13524.obj (.text:epson_epdc_early_init_s1d13524)
                  00026e00    00000060     libBluetopia.a : BSC.obj (.text:BuildAndSubmitCommandWordByte$10)
                  00026e60    00000060                    : BSC.obj (.text:HCI_UnRegisterCallback)
                  00026ec0    00000060     parser.obj (.text:parser_read_file_line)
                  00026f20    0000005e     libBluetopia.a : BSC.obj (.text:FreeL2CAPContextInformation$11)
                  00026f7e    0000005e     rts430x.lib : trgdrv.obj (.text:HOSTwrite)
                  00026fdc    0000005e     libBluetopia.a : BSC.obj (.text:InitializeProtocol$3)
                  0002703a    0000005e                    : BSC.obj (.text:_RFCOMM_Set_System_Parameters)
                  00027098    0000005e     rts430x.lib : autoinit_wdt.obj (.text:_auto_init_hold_wdt)
                  000270f6    0000005e     epson-s1d135xx.obj (.text:s1d135xx_update)
                  00027154    0000005c     SPPDemo.obj (.text:BD_ADDRToStr)
                  000271b0    0000005c     libBluetopia.a : BSC.obj (.text:BSC_AddGenericListEntry_Actual)
                  0002720c    0000005c                    : BSC.obj (.text:FormatAndDispatchEventTEIDLCIByte$14)
                  00027268    0000005c     rts430x.lib : trgdrv.obj (.text:HOSTread)
                  000272c4    0000005c     SPPDemo.obj (.text:SetPairable)
                  00027320    0000005c     libBluetopia.a : BSC.obj (.text:TWUART_Resynchronize)
                  0002737c    0000005c     epson-s1d13541.obj (.text:s1d13541_update_temp)
                  000273d8    0000005a     libBluetopia.a : BSC.obj (.text:AdjustSharedBuffer)
                  00027432    0000005a                    : BSC.obj (.text:BTPS_ChangeTimer)
                  0002748c    0000005a                    : BSC.obj (.text:RemoveRFCOMMMessageInfoEntryByTEIAndDLCIAndMessage$14)
                  000274e6    0000005a     SPPDemo.obj (.text:SaveLinkKeyInfoToFlash)
                  00027540    0000005a     libBluetopia.a : BSC.obj (.text:SearchConnectionInfoEntryByBD_ADDRType$11)
                  0002759a    0000005a                    : BSC.obj (.text:_L2CA_Event_Callback$14)
                  000275f4    0000005a     ff.obj (.text:dir_find)
                  0002764e    0000005a     rts430x.lib : snprintf.obj (.text:snprintf)
                  000276a8    00000058     libBluetopia.a : BSC.obj (.text:BuildAndSubmitCommandWord$10)
                  00027700    00000058                    : BSC.obj (.text:_HCI_PIN_Code_Request_Reply)
                  00027758    00000058     ff.obj (.text:dir_read)
                  000277b0    00000058     wflib.obj (.text:pl_wflib_lzss_wr)
                  00027808    00000058     probe.obj (.text:probe_dispinfo)
                  00027860    00000058     rts430x.lib : div32u.obj (.text)
                  000278b8    00000058     mmc.obj (.text:xmit_datablock)
                  00027910    00000056     libBluetopia.a : BSC.obj (.text:FormatAndDispatchOpenConfirmationEvent$14)
                  00027966    00000056                    : BSC.obj (.text:FormatEventConfigConfirmation$11)
                  000279bc    00000056     parser.obj (.text:parser_read_str)
                  00027a12    00000054     BTPSKRNL.obj (.text:BTPS_WaitMailbox)
                  00027a66    00000054     libBluetopia.a : BSC.obj (.text:CheckPNResponseValues$14)
                  00027aba    00000054                    : BSC.obj (.text:HCILL_TransmitBytes)
                  00027b0e    00000054                    : BSC.obj (.text:RemoveRFCOMMMessageInfoEntryByTEIAndMessage$14)
                  00027b62    00000054                    : BSC.obj (.text:_HCI_Write_Current_IAC_LAP)
                  00027bb6    00000054     rts430x.lib : lowlev.obj (.text:getdevice)
                  00027c0a    00000054     epson-s1d13524.obj (.text:s1d13524_clear_init)
                  00027c5e    00000052     libBluetopia.a : BSC.obj (.text:BTPS_StopTimer)
                  00027cb0    00000052                    : BSC.obj (.text:FormatEventConnectConfirmation$11)
                  00027d02    00000052                    : BSC.obj (.text:HCI_Delete_Stored_Link_Key)
                  00027d54    00000052                    : BSC.obj (.text:QuerySharedBuffer)
                  00027da6    00000052                    : BSC.obj (.text:SDP_Cleanup)
                  00027df8    00000052     rts430x.lib : atoi.obj (.text:atoi)
                  00027e4a    00000052     epson-s1d13524.obj (.text:s1d13524_set_temp_mode)
                  00027e9c    00000050     libBluetopia.a : BSC.obj (.text:BuildAndSubmitCommandByte$10)
                  00027eec    00000050                    : BSC.obj (.text:HCI_CloseDriver)
                  00027f3c    00000050                    : BSC.obj (.text:IssueBondingCallback$7)
                  00027f8c    00000050                    : BSC.obj (.text:LP_DisconnectReq$11)
                  00027fdc    00000050     utils.obj (.text:do_abort_msg)
                  0002802c    00000050     pmic-tps65185.obj (.text:tps65185_set_vcom_voltage)
                  0002807c    0000004e     libBluetopia.a : BSC.obj (.text:AddRFCOMMMessageInfoEntry$14)
                  000280ca    0000004e     BTPSKRNL.obj (.text:BTPS_AddMailbox)
                  00028118    0000004e     libBluetopia.a : BSC.obj (.text:BuildEventBD_ADDRVariableData$10)
                  00028166    0000004e                    : BSC.obj (.text:FormatAndDispatchAuthenticationStatusEvent$7)
                  000281b4    0000004e                    : BSC.obj (.text:_HCI_Read_BD_ADDR)
                  00028202    0000004e                    : BSC.obj (.text:_HCI_Read_Class_of_Device)
                  00028250    0000004e                    : BSC.obj (.text:_HCI_Read_Local_Supported_Commands)
                  0002829e    0000004e     mmc.obj (.text:rcvr_datablock)
                  000282ec    0000004e     epson-s1d13524.obj (.text:s1d13524_update_temp)
                  0002833a    0000004e     epson-s1d13541.obj (.text:update_temp_auto)
                  00028388    0000004c     libBluetopia.a : BSC.obj (.text:AddRFCOMMChannelInfoEntry$14)
                  000283d4    0000004c                    : BSC.obj (.text:AsynchronousACLDataCallback$10)
                  00028420    0000004c                    : BSC.obj (.text:FormatAndDispatchEventBD_ADDR$17)
                  0002846c    0000004c                    : BSC.obj (.text:FormatAndDispatchFlowEvent$14)
                  000284b8    0000004c                    : BSC.obj (.text:FormatResponsePDUHeaderAndSend$16)
                  00028504    0000004c                    : BSC.obj (.text:GAP_Query_Connection_Handle)
                  00028550    0000004c                    : BSC.obj (.text:GAP_Set_Connectability_Mode)
                  0002859c    0000004c                    : BSC.obj (.text:_HCI_Read_Local_Supported_Features)
                  000285e8    0000004c     lzss.obj (.text:getbit)
                  00028634    0000004a     BTPSKRNL.obj (.text:BTPS_CreateMailbox)
                  0002867e    0000004a     HCITRANS.obj (.text:TxTransmit)
                  000286c8    0000004a     libBluetopia.a : BSC.obj (.text:_HCI_Accept_Connection_Request)
                  00028712    0000004a                    : BSC.obj (.text:_HCI_IO_Capability_Request_Negative_Reply)
                  0002875c    0000004a                    : BSC.obj (.text:_HCI_Link_Key_Request_Reply)
                  000287a6    0000004a                    : BSC.obj (.text:_HCI_Reject_Connection_Request)
                  000287f0    0000004a                    : BSC.obj (.text:_HCI_Write_Class_of_Device)
                  0002883a    0000004a     rts430x.lib : lowlev.obj (.text:close)
                  00028884    0000004a     epson-s1d13541.obj (.text:epson_epdc_early_init_s1d13541)
                  000288ce    0000004a     epson-s1d135xx.obj (.text:s1d135xx_check_prod_code)
                  00028918    0000004a     epson-s1d135xx.obj (.text:send_cmd_area)
                  00028962    0000004a     epson-s1d13541.obj (.text:update_temp)
                  000289ac    00000048     libBluetopia.a : BSC.obj (.text:AcquireGAPStackACLInfo$7)
                  000289f4    00000048                    : BSC.obj (.text:BuildEventByteBD_ADDRByte$10)
                  00028a3c    00000048                    : BSC.obj (.text:BuildEventByteWordByte$10)
                  00028a84    00000048                    : BSC.obj (.text:GetNextTimerID$6)
                  00028acc    00000048                    : BSC.obj (.text:L2CA_Set_Link_Connection_Configuration)
                  00028b14    00000048     BTPSVEND.obj (.text:MovePatchBytes)
                  00028b5c    00000048     libBluetopia.a : BSC.obj (.text:_HCI_Set_Event_Mask)
                  00028ba4    00000048     rts430x.lib : fprintf.obj (.text:fprintf)
                  00028bec    00000048     msp430-spi.obj (.text:spi_init)
                  00028c34    00000046     libBluetopia.a : BSC.obj (.text:AcquireSPPStackPortInformation$17)
                  00028c7a    00000046     BTPSKRNL.obj (.text:BTPS_DeleteMailbox)
                  00028cc0    00000046     libBluetopia.a : BSC.obj (.text:CleanupSDPConnection$16)
                  00028d06    00000046                    : BSC.obj (.text:_HCI_Write_Automatic_Flush_Timeout)
                  00028d4c    00000046                    : BSC.obj (.text:_HCI_Write_Link_Supervision_Timeout)
                  00028d92    00000046     lzss.obj (.text:lzss_init)
                  00028dd8    00000046     epson-s1d135xx.obj (.text:s1d135xx_wait_idle)
                  00028e1e    00000044     libBluetopia.a : BSC.obj (.text:BuildCommandHeader$10)
                  00028e62    00000044     HAL.obj (.text:ConfigureVCore)
                  00028ea6    00000044     libBluetopia.a : BSC.obj (.text:DeleteChannelInfoEntry$11)
                  00028eea    00000044     rts430x.lib : trgdrv.obj (.text:HOSTclose)
                  00028f2e    00000044     libBluetopia.a : BSC.obj (.text:_HCI_Read_Scan_Enable)
                  00028f72    00000044                    : BSC.obj (.text:_HCI_Read_Simple_Pairing_Mode)
                  00028fb6    00000044     rts430x.lib : _printfi_nf.obj (.text:_pproc_fflags)
                  00028ffa    00000042     BTPSKRNL.obj (.text:BTPS_Init)
                  0002903c    00000042     libBluetopia.a : BSC.obj (.text:DispatchSDPConnectionEvent$16)
                  0002907e    00000042     HAL.obj (.text:HAL_ConfigureHardware)
                  000290c0    00000042     libBluetopia.a : BSC.obj (.text:HCILL_Initialize)
                  00029102    00000042                    : BSC.obj (.text:HCI_Command_Supported)
                  00029144    00000042     rts430x.lib : trgdrv.obj (.text:HOSTunlink)
                  00029186    00000042     libBluetopia.a : BSC.obj (.text:RFCOMM_Control$14)
                  000291c8    00000042     msp430-flashmem.obj (.text:WriteBytesToInfoFlashSeg)
                  0002920a    00000042     msp430-gpio.obj (.text:msp430_gpio_check_port)
                  0002924c    00000042     parser.obj (.text:parser_find_str)
                  0002928e    00000042     epdc.obj (.text:pl_epdc_get_wfid)
                  000292d0    00000042     epson-s1d13524.obj (.text:s1d13524_init_clocks)
                  00029312    00000042     epson-s1d135xx.obj (.text:s1d135xx_hard_reset)
                  00029354    00000040     libBluetopia.a : BSC.obj (.text:BTPS_InitializeTimerModule)
                  00029394    00000040                    : BSC.obj (.text:FreeCOMStructureResources$3)
                  000293d4    00000040                    : BSC.obj (.text:GAP_Register_Remote_Authentication)
                  00029414    00000040                    : BSC.obj (.text:L2CAP_ConnectionTimeout$11)
                  00029454    00000040     rts430x.lib : printf.obj (.text:printf)
                  00029494    00000040                 : div32s.obj (.text)
                  000294d4    00000040     epson-s1d135xx.obj (.text:s1d135xx_read_reg)
                  00029514    0000003e     libBluetopia.a : BSC.obj (.text:AddBufferListEntry$4)
                  00029552    0000003e                    : BSC.obj (.text:BSC_SearchGenericListEntry)
                  00029590    0000003e                    : BSC.obj (.text:FormatAndDispatchEventUnsignedInteger$17)
                  000295ce    0000003e                    : BSC.obj (.text:TWUART_Shutdown)
                  0002960c    0000003e                    : BSC.obj (.text:_HCI_Disconnect)
                  0002964a    0000003e                    : BSC.obj (.text:_HCI_Link_Key_Request_Negative_Reply)
                  00029688    0000003e                    : BSC.obj (.text:_HCI_PIN_Code_Request_Negative_Reply)
                  000296c6    0000003e                    : BSC.obj (.text:_HCI_Read_Remote_Extended_Features)
                  00029704    0000003e                    : BSC.obj (.text:_HCI_Set_Connection_Encryption)
                  00029742    0000003e                    : BSC.obj (.text:_HCI_User_Confirmation_Request_Negative_Reply)
                  00029780    0000003e                    : BSC.obj (.text:_HCI_User_Confirmation_Request_Reply)
                  000297be    0000003e                    : BSC.obj (.text:_HCI_User_Passkey_Request_Negative_Reply)
                  000297fc    0000003e     ff.obj (.text:clust2sect)
                  0002983a    0000003e     rts430x.lib : lsl32.obj (.text:l_lsl_const)
                  00029878    0000003e                 : lsr32.obj (.text:l_lsr_const)
                  000298b6    0000003c     BTPSKRNL.obj (.text:BTPS_AllocateMemory)
                  000298f2    0000003c     libBluetopia.a : BSC.obj (.text:HandleReadDataError$11)
                  0002992e    0000003c                    : BSC.obj (.text:_RFCOMM_Event_Callback$17)
                  0002996a    0000003c     epson-s1d135xx.obj (.text:transfer_file)
                  000299a6    0000003a     libBluetopia.a : BSC.obj (.text:CleanupChannel$11)
                  000299e0    0000003a     rts430x.lib : lsl64.obj (.text:__lslll)
                  00029a1a    0000003a                 : lsr64.obj (.text:__lsrll)
                  00029a54    0000003a     i2c.obj (.text:pl_i2c_reg_read_8)
                  00029a8e    00000038     libBluetopia.a : BSC.obj (.text:RFCOMM_Cleanup)
                  00029ac6    00000038                    : BSC.obj (.text:SearchRFCOMMChannelInfoEntryByTEIAndDLCI$14)
                  00029afe    00000038     pmic-max17135.obj (.text:max17135_load_timings)
                  00029b36    00000038     rts430x.lib : memory.obj (.text:minit)
                  00029b6e    00000038                 : sprintf.obj (.text:sprintf)
                  00029ba6    00000036     libBluetopia.a : BSC.obj (.text:AddConnectionInfoEntry$11)
                  00029bdc    00000036                    : BSC.obj (.text:BSC_RegisterEventCallback)
                  00029c12    00000036                    : BSC.obj (.text:CheckIdle$4)
                  00029c48    00000036                    : BSC.obj (.text:CompareBluetoothAddress)
                  00029c7e    00000036                    : BSC.obj (.text:FreePortInformationEntryMemory$17)
                  00029cb4    00000036     msp430-sdcard.obj (.text:SDCard_init)
                  00029cea    00000036     msp430-sdcard.obj (.text:SDCard_readFrame)
                  00029d20    00000036     libBluetopia.a : BSC.obj (.text:_HCI_Authentication_Requested)
                  00029d56    00000036                    : BSC.obj (.text:_HCI_Flush)
                  00029d8c    00000036                    : BSC.obj (.text:_HCI_Write_Default_Link_Policy_Settings)
                  00029dc2    00000036                    : BSC.obj (.text:_HCI_Write_Encryption_Mode)
                  00029df8    00000036                    : BSC.obj (.text:_HCI_Write_Scan_Enable)
                  00029e2e    00000036                    : BSC.obj (.text:_HCI_Write_Simple_Pairing_Mode)
                  00029e64    00000036     probe.obj (.text:probe_hwinfo)
                  00029e9a    00000036     msp430-spi.obj (.text:spi_read_bytes)
                  00029ed0    00000036     rts430x.lib : strstr.obj (.text:strstr)
                  00029f06    00000036     epson-s1d135xx.obj (.text:wflib_wr)
                  00029f3c    00000034     libBluetopia.a : BSC.obj (.text:DeleteIdentifierInfoEntryByIdentifier$11)
                  00029f70    00000034                    : BSC.obj (.text:FormatAndDispatchInquiryEvent$7)
                  00029fa4    00000034                    : BSC.obj (.text:FreeL2CAPConnectionInfoList$16)
                  00029fd8    00000034                    : BSC.obj (.text:GAP_Query_Local_BD_ADDR)
                  0002a00c    00000034                    : BSC.obj (.text:HCI_Reconfigure_Driver)
                  0002a040    00000034                    : BSC.obj (.text:ProcessPacket$4)
                  0002a074    00000034                    : BSC.obj (.text:RemoveRFCOMMChannelInfoEntry$14)
                  0002a0a8    00000034                    : BSC.obj (.text:TransmitData$1)
                  0002a0dc    00000034     epson-s1d135xx.obj (.text:get_hrdy)
                  0002a110    00000034     epson-s1d135xx.obj (.text:s1d135xx_write_reg)
                  0002a144    00000034     epson-s1d13541.obj (.text:update_temp_manual)
                  0002a178    00000032     libBluetopia.a : BSC.obj (.text:AcquireL2CAPStackInformation$11)
                  0002a1aa    00000032                    : BSC.obj (.text:AcquireRFCOMMStackInformation$14)
                  0002a1dc    00000032                    : BSC.obj (.text:CalculateCRC$4)
                  0002a20e    00000032                    : BSC.obj (.text:CleanUpInquiry$7)
                  0002a240    00000032                    : BSC.obj (.text:FreeServiceRecordList$16)
                  0002a272    00000032                    : BSC.obj (.text:HCILL_Reconfigure)
                  0002a2a4    00000032     BTPSKRNL.obj (.text:HeapInit)
                  0002a2d6    00000032     SPPDemo.obj (.text:SetDisc)
                  0002a308    00000032     libBluetopia.a : BSC.obj (.text:SetTransportConfiguration$4)
                  0002a33a    00000032     rts430x.lib : fopen.obj (.text:__TI_cleanup)
                  0002a36c    00000032                 : snprintf.obj (.text:_outs)
                  0002a39e    00000032     pre_init.obj (.text:_system_pre_init)
                  0002a3d0    00000032     crc16.obj (.text:crc16_run)
                  0002a402    00000032     pmic-max17135.obj (.text:max17135_set_vcom_voltage)
                  0002a434    00000032     hwinfo.obj (.text:pl_hwinfo_log)
                  0002a466    00000032     mmc.obj (.text:wait_ready)
                  0002a498    00000030     libBluetopia.a : BSC.obj (.text:BuildEventUnknownData$10)
                  0002a4c8    00000030                    : BSC.obj (.text:CalculateBufferOffset$0)
                  0002a4f8    00000030                    : BSC.obj (.text:CloseComm)
                  0002a528    00000030     BTPSVEND.obj (.text:ConfigureHCILL)
                  0002a558    00000030     libBluetopia.a : BSC.obj (.text:FreeIdentifierInfoList$11)
                  0002a588    00000030     parser.obj (.text:parser_read_word)
                  0002a5b8    00000030     gpio.obj (.text:pl_gpio_config_list)
                  0002a5e8    0000002e     libBluetopia.a : BSC.obj (.text:BSC_GetNextGenericListEntry)
                  0002a616    0000002e                    : BSC.obj (.text:FreeDriverStructureResources$2)
                  0002a644    0000002e                    : BSC.obj (.text:GetAccess)
                  0002a672    0000002e     HAL.obj (.text:HAL_GetSystemSpeed)
                  0002a6a0    0000002e     libBluetopia.a : BSC.obj (.text:HCI_Build_ACL_Packet_Type_Mask)
                  0002a6ce    0000002e     msp430-sdcard.obj (.text:SDCard_sendFrame)
                  0002a6fc    0000002e     SPPDemo.obj (.text:SetConnect)
                  0002a72a    0000002e     rts430x.lib : trgmsg.obj (.text:__TI_writemsg)
                  0002a758    0000002e     dispinfo.obj (.text:change_panel_dir)
                  0002a786    0000002e     epson-i2c.obj (.text:epson_i2c_init)
                  0002a7b4    0000002e     rts430x.lib : exit.obj (.text:exit)
                  0002a7e2    0000002e     ff.obj (.text:f_mount)
                  0002a810    0000002e     rts430x.lib : lowlev.obj (.text:finddevice)
                  0002a83e    0000002e     epdpsu.obj (.text:pl_epdpsu_gpio_off)
                  0002a86c    0000002e     epson-i2c.obj (.text:s1d135xx_i2c_send_addr)
                  0002a89a    0000002e     msp430-spi.obj (.text:spi_write_bytes)
                  0002a8c8    0000002c     libBluetopia.a : BSC.obj (.text:BuildEventHeader$10)
                  0002a8f4    0000002c                    : BSC.obj (.text:CompareNULLBluetoothAddress)
                  0002a920    0000002c                    : BSC.obj (.text:FreeConnectionInfoList$16)
                  0002a94c    0000002c                    : BSC.obj (.text:GetNextServiceRecordHandle$16)
                  0002a978    0000002c                    : BSC.obj (.text:HCI_ProcessHCIDriverInformation)
                  0002a9a4    0000002c                    : BSC.obj (.text:HCI_Write_Default_Link_Policy_Settings)
                  0002a9d0    0000002c                    : BSC.obj (.text:MailboxDeleteDataCallback$10)
                  0002a9fc    0000002c                    : BSC.obj (.text:RestartPacketizer$4)
                  0002aa28    0000002c                    : BSC.obj (.text:SearchRFCOMMMessageInfoEntryByMessageTEIAndDLCI$14)
                  0002aa54    0000002c     rts430x.lib : trgmsg.obj (.text:__TI_readmsg)
                  0002aa80    0000002c     utils.obj (.text:join_path)
                  0002aaac    0000002c     Main.obj (.text:main)
                  0002aad8    0000002c     msp430-uart.obj (.text:msp430_uart_write)
                  0002ab04    0000002c     rts430x.lib : div16s.obj (.text)
                  0002ab30    0000002c     epson-s1d135xx.obj (.text:s1d135xx_cmd)
                  0002ab5c    0000002c     rts430x.lib : strncpy.obj (.text:strncpy)
                  0002ab88    0000002c     ff.obj (.text:validate)
                  0002abb4    0000002a     libBluetopia.a : BSC.obj (.text:AcquireGAPStackInformation$7)
                  0002abde    0000002a                    : BSC.obj (.text:AcquireSDPStackInformation$16)
                  0002ac08    0000002a                    : BSC.obj (.text:AcquireSPPStackInformation$17)
                  0002ac32    0000002a     BTPSKRNL.obj (.text:BTPS_Delay)
                  0002ac5c    0000002a     libBluetopia.a : BSC.obj (.text:BuildEventWord$10)
                  0002ac86    0000002a                    : BSC.obj (.text:FormatEventDisconnectConfirmation$11)
                  0002acb0    0000002a                    : BSC.obj (.text:SPP_Cleanup)
                  0002acda    0000002a                    : BSC.obj (.text:SearchRFCOMMServerInfoEntryByTEI$14)
                  0002ad04    0000002a                    : BSC.obj (.text:VerifySharedBufferPointer)
                  0002ad2e    0000002a                    : BSC.obj (.text:_RFCOMM_Un_Register_Server_Channel)
                  0002ad58    0000002a     epdpsu.obj (.text:pl_epdpsu_epdc_off)
                  0002ad82    0000002a     epdpsu.obj (.text:pl_epdpsu_epdc_on)
                  0002adac    0000002a     epson-s1d135xx.obj (.text:send_cmd)
                  0002add6    0000002a     rts430x.lib : lowlev.obj (.text:unlink)
                  0002ae00    00000028     libBluetopia.a : BSC.obj (.text:DispatchDebugPacketCallbacks$2)
                  0002ae28    00000028                    : BSC.obj (.text:FormatEventDisconnectIndication$11)
                  0002ae50    00000028                    : BSC.obj (.text:FreeBSCTimerEntryList$0)
                  0002ae78    00000028                    : BSC.obj (.text:HCI_Version_Supported)
                  0002aea0    00000028     BTVS.obj (.text:MapSendRawResults)
                  0002aec8    00000028     HAL.obj (.text:StartCrystalOscillator)
                  0002aef0    00000028     libBluetopia.a : BSC.obj (.text:TransmitData$4)
                  0002af18    00000028                    : BSC.obj (.text:_L2CA_Disconnect_Response)
                  0002af40    00000028     rts430x.lib : fopen.obj (.text:freopen)
                  0002af68    00000028     msp430-uart.obj (.text:msp430_uart_putc)
                  0002af90    00000028     epson-s1d13524.obj (.text:s1d13524_load_image)
                  0002afb8    00000028     epson-s1d13541.obj (.text:s1d13541_init_clocks)
                  0002afe0    00000028     epson-s1d13541.obj (.text:s1d13541_load_image)
                  0002b008    00000026     SPPDemo.obj (.text:CloseStack)
                  0002b02e    00000026     HAL.obj (.text:ConfigureTimer)
                  0002b054    00000026     BTPSKRNL.obj (.text:ConsoleWrite)
                  0002b07a    00000026     libBluetopia.a : BSC.obj (.text:DeleteServiceRecordEntry$16)
                  0002b0a0    00000026                    : BSC.obj (.text:Discoverability_Timeout_Callback$7)
                  0002b0c6    00000026                    : BSC.obj (.text:FreeCOMList$3)
                  0002b0ec    00000026                    : BSC.obj (.text:FreeDriverList$2)
                  0002b112    00000026                    : BSC.obj (.text:FreeTransmitBufferListHead$1)
                  0002b138    00000026     HCITRANS.obj (.text:HCITR_COMWrite)
                  0002b15e    00000026     sprintf.obj (.text:NumDigits)
                  0002b184    00000026     libBluetopia.a : BSC.obj (.text:SearchServiceRecordEntry$16)
                  0002b1aa    00000026                    : BSC.obj (.text:SendQueuedPackets$1)
                  0002b1d0    00000026     rts430x.lib : lowlev.obj (.text:lseek)
                  0002b1f6    00000026     msp430-gpio.obj (.text:msp430_gpio_set)
                  0002b21c    00000026     msp430-uart.obj (.text:msp430_uart_read)
                  0002b242    00000024     libBluetopia.a : BSC.obj (.text:AcknowledgeTimerExpired$4)
                  0002b266    00000024                    : BSC.obj (.text:BSC_FreeGenericListEntryList)
                  0002b28a    00000024     BTPSVEND.obj (.text:HCI_VS_InitializeBeforeHCIOpen)
                  0002b2ae    00000024     libBluetopia.a : BSC.obj (.text:SearchRFCOMMMessageInfoEntryByTEIAndDLCI$14)
                  0002b2d2    00000024     epson-s1d135xx.obj (.text:s1d135xx_clear_init)
                  0002b2f6    00000024     rts430x.lib : lowlev.obj (.text:write)
                  0002b31a    00000022     libBluetopia.a : BSC.obj (.text:CleanupHCIDriver$2)
                  0002b33c    00000022                    : BSC.obj (.text:DeleteBTStackEntry$0)
                  0002b35e    00000022                    : BSC.obj (.text:DeleteCOMEntry$3)
                  0002b380    00000022                    : BSC.obj (.text:DeleteConnectionInfoEntryCID$16)
                  0002b3a2    00000022                    : BSC.obj (.text:DeleteDriverEntry$2)
                  0002b3c4    00000022                    : BSC.obj (.text:DeleteL2CAPConnectionInfoEntryCID$16)
                  0002b3e6    00000022     msp430-flashmem.obj (.text:EraseInfoFlashSeg)
                  0002b408    00000022     libBluetopia.a : BSC.obj (.text:FormatEventCIDOnly$11)
                  0002b42a    00000022                    : BSC.obj (.text:FreeBufferListHead$4)
                  0002b44c    00000022                    : BSC.obj (.text:FreePortInformationList$17)
                  0002b46e    00000022                    : BSC.obj (.text:IdleTimerExpired$4)
                  0002b490    00000022                    : BSC.obj (.text:SearchBTStackEntry$0)
                  0002b4b2    00000022                    : BSC.obj (.text:SearchCOMEntry$3)
                  0002b4d4    00000022                    : BSC.obj (.text:SearchChannelInfoEntry$11)
                  0002b4f6    00000022                    : BSC.obj (.text:SearchConnectionInfoEntry$16)
                  0002b518    00000022                    : BSC.obj (.text:SearchConnectionInfoEntryByConnectionHandle$11)
[...]
00022ea8  _RFCOMM_Modem_Status                         
00022f52  vcom_calculate                               
0002314c  _RFCOMM_Register_Server_Channel              
000231f2  pnm_read_header                              
00023298  HCI_Cleanup                                  
0002333c  f_sync                                       
00023524  f_opendir                                    
000235c6  msp430_uart_register_files                   
00023668  HAL_CommConfigure                            
00023b52  CtsInterrupt                                 
00023bea  open                                         
00023d18  GAP_Cleanup                                  
00023f6c  disk_read                                    
00024000  eeprom_read                                  
00024094  f_chdir                                      
0002424c  VS_Enable_Sleep_Mode                         
00024370  _HCI_Read_Local_Version_Information          
00024400  _L2CA_Flush_Channel_Data                     
000245b0  HCI_Reset                                    
0002463e  SDP_Delete_Service_Record                    
00024988  fputc                                        
00024988  putc                                         
00024a14  s1d135xx_load_wflib                          
00024aa0  BSC_AddGenericListEntry                      
00024b2a  HCILL_ReceiveBytes                           
00024dd2  BTPS_StartTimer                              
00024ede  HOSTlseek                                    
00024f64  SPP_Close_Server_Port                        
00024fea  msp430_i2c_init                              
000250f4  _HCI_Read_Buffer_Size                        
00025300  free                                         
0002547c  WriteDataElementSequenceHeader               
00025670  pl_dispinfo_log                              
00025768  __TI_wrt_ok                                  
000257e2  BSC_Shutdown                                 
0002585a  HCI_Schedule_Asynchronous_Callback           
000259c0  L2CAP_Cleanup                                
00025aac  _HCI_IO_Capability_Request_Reply             
00025b22  BTPS_AddFunctionToScheduler                  
00025c7a  pl_wflib_init_eeprom                         
00025cec  probe_epdc                                   
00025f1a  _HCI_User_Passkey_Request_Reply              
00025ff4  _L2CA_Register_PSM                           
00026136  HCI_CancelPacket                             
000261a0  HOSTrename                                   
00026274  TWUART_TransmitBytes                         
000262de  abort_now                                    
00026348  fseek                                        
0002641c  s1d135xx_fill                                
000265be  __TI_closefile                               
00026626  pl_wflib_init_fatfs                          
0002668e  s1d135xx_set_epd_power                       
000266f6  BSC_DeleteGenericListEntry                   
0002688e  _HCI_Delete_Stored_Link_Key                  
000268f4  f_readdir                                    
00026c16  HCITR_COMClose                               
00026c78  HCI_ReconfigureDriver                        
00026cda  HOSTopen                                     
00026d3c  __TI_doflush                                 
00026d9e  epson_epdc_early_init_s1d13524               
00026e60  HCI_UnRegisterCallback                       
00026ec0  parser_read_file_line                        
00026f7e  HOSTwrite                                    
0002703a  _RFCOMM_Set_System_Parameters                
00027098  _auto_init_hold_wdt                          
000270f6  s1d135xx_update                              
000271b0  BSC_AddGenericListEntry_Actual               
00027268  HOSTread                                     
00027320  TWUART_Resynchronize                         
000273d8  AdjustSharedBuffer                           
00027432  BTPS_ChangeTimer                             
0002764e  snprintf                                     
00027700  _HCI_PIN_Code_Request_Reply                  
00027808  probe_dispinfo                               
00027860  __divul                                      
00027860  __remul                                      
000279bc  parser_read_str                              
00027a12  BTPS_WaitMailbox                             
00027aba  HCILL_TransmitBytes                          
00027b62  _HCI_Write_Current_IAC_LAP                   
00027c5e  BTPS_StopTimer                               
00027d02  HCI_Delete_Stored_Link_Key                   
00027d54  QuerySharedBuffer                            
00027da6  SDP_Cleanup                                  
00027df8  atoi                                         
00027eec  HCI_CloseDriver                              
0002802c  tps65185_set_vcom_voltage                    
000280ca  BTPS_AddMailbox                              
000281b4  _HCI_Read_BD_ADDR                            
00028202  _HCI_Read_Class_of_Device                    
00028250  _HCI_Read_Local_Supported_Commands           
00028504  GAP_Query_Connection_Handle                  
00028550  GAP_Set_Connectability_Mode                  
0002859c  _HCI_Read_Local_Supported_Features           
00028634  BTPS_CreateMailbox                           
000286c8  _HCI_Accept_Connection_Request               
00028712  _HCI_IO_Capability_Request_Negative_Reply    
0002875c  _HCI_Link_Key_Request_Reply                  
000287a6  _HCI_Reject_Connection_Request               
000287f0  _HCI_Write_Class_of_Device                   
0002883a  close                                        
00028884  epson_epdc_early_init_s1d13541               
000288ce  s1d135xx_check_prod_code                     
00028acc  L2CA_Set_Link_Connection_Configuration       
00028b5c  _HCI_Set_Event_Mask                          
00028ba4  fprintf                                      
00028bec  spi_init                                     
00028c7a  BTPS_DeleteMailbox                           
00028d06  _HCI_Write_Automatic_Flush_Timeout           
00028d4c  _HCI_Write_Link_Supervision_Timeout          
00028d92  lzss_init                                    
00028dd8  s1d135xx_wait_idle                           
00028eea  HOSTclose                                    
00028f2e  _HCI_Read_Scan_Enable                        
00028f72  _HCI_Read_Simple_Pairing_Mode                
00028ffa  BTPS_Init                                    
0002907e  HAL_ConfigureHardware                        
000290c0  HCILL_Initialize                             
00029102  HCI_Command_Supported                        
00029144  HOSTunlink                                   
000291c8  WriteBytesToInfoFlashSeg                     
0002924c  parser_find_str                              
0002928e  pl_epdc_get_wfid                             
00029312  s1d135xx_hard_reset                          
00029354  BTPS_InitializeTimerModule                   
000293d4  GAP_Register_Remote_Authentication           
00029454  printf                                       
00029494  __divli                                      
00029494  __remli                                      
000294d4  s1d135xx_read_reg                            
00029552  BSC_SearchGenericListEntry                   
000295ce  TWUART_Shutdown                              
0002960c  _HCI_Disconnect                              
0002964a  _HCI_Link_Key_Request_Negative_Reply         
00029688  _HCI_PIN_Code_Request_Negative_Reply         
000296c6  _HCI_Read_Remote_Extended_Features           
00029704  _HCI_Set_Connection_Encryption               
00029742  _HCI_User_Confirmation_Request_Negative_Reply
00029780  _HCI_User_Confirmation_Request_Reply         
000297be  _HCI_User_Passkey_Request_Negative_Reply     
000297fc  clust2sect                                   
0002983a  L_LSL_15                                     
0002983e  L_LSL_14                                     
00029842  L_LSL_13                                     
00029846  L_LSL_12                                     
0002984a  L_LSL_11                                     
0002984e  L_LSL_10                                     
00029852  L_LSL_9                                      
00029856  L_LSL_8                                      
0002985a  L_LSL_7                                      
0002985e  L_LSL_6                                      
00029862  L_LSL_5                                      
00029866  L_LSL_4                                      
0002986a  L_LSL_3                                      
0002986e  L_LSL_2                                      
00029872  L_LSL_1                                      
00029878  L_LSR_15                                     
0002987c  L_LSR_14                                     
00029880  L_LSR_13                                     
00029884  L_LSR_12                                     
00029888  L_LSR_11                                     
0002988c  L_LSR_10                                     
00029890  L_LSR_9                                      
00029894  L_LSR_8                                      
00029898  L_LSR_7                                      
0002989c  L_LSR_6                                      
000298a0  L_LSR_5                                      
000298a4  L_LSR_4                                      
000298a8  L_LSR_3                                      
000298ac  L_LSR_2                                      
000298b0  L_LSR_1                                      
000298b6  BTPS_AllocateMemory                          
000299e0  __lslll                                      
00029a1a  __lsrll                                      
00029a54  pl_i2c_reg_read_8                            
00029a8e  RFCOMM_Cleanup                               
00029b36  minit                                        
00029b6e  sprintf                                      
00029bdc  BSC_RegisterEventCallback                    
00029c48  CompareBluetoothAddress                      
00029cb4  SDCard_init                                  
00029cea  SDCard_readFrame                             
00029d20  _HCI_Authentication_Requested                
00029d56  _HCI_Flush                                   
00029d8c  _HCI_Write_Default_Link_Policy_Settings      
00029dc2  _HCI_Write_Encryption_Mode                   
00029df8  _HCI_Write_Scan_Enable                       
00029e2e  _HCI_Write_Simple_Pairing_Mode               
00029e64  probe_hwinfo                                 
00029e9a  spi_read_bytes                               
00029ed0  strstr                                       
00029fd8  GAP_Query_Local_BD_ADDR                      
0002a00c  HCI_Reconfigure_Driver                       
0002a110  s1d135xx_write_reg                           
0002a272  HCILL_Reconfigure                            
0002a33a  __TI_cleanup                                 
0002a39e  _system_pre_init                             
0002a3d0  crc16_run                                    
0002a402  max17135_set_vcom_voltage                    
0002a434  pl_hwinfo_log                                
0002a4f8  CloseComm                                    
0002a588  parser_read_word                             
0002a5b8  pl_gpio_config_list                          
0002a5e8  BSC_GetNextGenericListEntry                  
0002a644  GetAccess                                    
0002a672  HAL_GetSystemSpeed                           
0002a6a0  HCI_Build_ACL_Packet_Type_Mask               
0002a6ce  SDCard_sendFrame                             
0002a72a  __TI_writemsg                                
0002a754  C$$IO$$                                      
0002a786  epson_i2c_init                               
0002a7b4  exit                                         
0002a7e2  f_mount                                      
0002a89a  spi_write_bytes                              
0002a8f4  CompareNULLBluetoothAddress                  
0002a978  HCI_ProcessHCIDriverInformation              
0002a9a4  HCI_Write_Default_Link_Policy_Settings       
0002aa54  __TI_readmsg                                 
0002aa80  join_path                                    
0002aaac  main                                         
0002aad8  msp430_uart_write                            
0002ab04  __divi                                       
0002ab04  __remi                                       
0002ab30  s1d135xx_cmd                                 
0002ab5c  strncpy                                      
0002ac32  BTPS_Delay                                   
0002acb0  SPP_Cleanup                                  
0002ad04  VerifySharedBufferPointer                    
0002ad2e  _RFCOMM_Un_Register_Server_Channel           
0002add6  unlink                                       
0002ae78  HCI_Version_Supported                        
0002af18  _L2CA_Disconnect_Response                    
0002af40  freopen                                      
0002af68  msp430_uart_putc                             
0002b138  HCITR_COMWrite                               
0002b1d0  lseek                                        
0002b1f6  msp430_gpio_set                              
0002b21c  msp430_uart_read                             
0002b266  BSC_FreeGenericListEntryList                 
0002b28a  HCI_VS_InitializeBeforeHCIOpen               
0002b2d2  s1d135xx_clear_init                          
0002b2f6  write                                        
0002b3e6  EraseInfoFlashSeg                            
0002b5c2  memcmp                                       
0002b5e4  __mpyl_f5hw                                  
0002b6e8  HCILL_Shutdown                               
0002b708  ReadBytesFromInfoFlashSeg                    
0002b888  disk_status                                  
0002b8c8  memmove                                      
0002b948  BTPS_OutputMessage                           
0002ba92  pl_i2c_reg_write_8                           
0002bab0  AcquireBluetoothStackInformation             
0002bb58  CleanupCOMMList                              
0002bbe4  msp430_gpio_init                             
0002bc00  pl_epdpsu_epdc_init                          
0002bc1c  pl_epdpsu_gpio_init                          
0002bc54  swap32                                       
0002bd74  __mpysl_f5hw                                 
0002bd8e  memccpy                                      
0002bdc2  strchr                                       
0002be0e  BTPS_CleanupTimerModule                      
0002bece  _RFCOMM_Send_Data                            
0002befe  mdelay                                       
0002befe  msleep                                       
0002bf2e  s1d135xx_soft_reset                          
0002bf5e  strcmp                                       
0002bf76  udelay                                       
0002bf8e  BSC_UnRegisterEventCallback                  
0002bfe6  HCI_RegisterACLDataCallback                  
0002bffc  HCI_RegisterEventCallback                    
0002c012  HCI_Register_ACL_Data_Callback               
0002c028  HCI_Register_Event_Callback                  
0002c03e  InitializeBSCModule                          
0002c054  ProcessComm                                  
0002c06a  do_abort_msg_error                           
0002c080  max17135_init                                
0002c096  __divu                                       
0002c096  __remu                                       
0002c0ac  __mpyi_f5hw                                  
0002c0d8  s1d135xx_init_gate_drv                       
0002c0ee  s1d135xx_wait_dspe_trig                      
0002c104  s1d135xx_wait_update_end                     
0002c130  BTPS_GetTickCount                            
0002c20c  InitializeCOMMList                           
0002c234  _L2CA_Data_Write                             
0002c25c  epson_epdc_early_init                        
0002c270  f_close                                      
0002c284  memchr                                       
0002c298  memset                                       
0002c2e2  SDCard_fastMode                              
0002c2f4  SDCard_setCSHigh                             
0002c306  SDCard_setCSLow                              
0002c318  _RFCOMM_Send_Credits                         
0002c34e  f_chdrive                                    
0002c360  memcpy                                       
0002c372  msp430_gpio_get                              
0002c396  msp430_uart_getc                             
0002c3a8  swap16_array                                 
0002c3ba  swap32_array                                 
0002c3cc  timer_start                                  
0002c3de  BTPS_ExecuteScheduler                        
0002c40e  HCITR_COMProcess                             
0002c42e  SprintF                                      
0002c43e  L_LSL                                        
0002c44e  L_LSR                                        
0002c46e  strcpy                                       
0002c47e  BTPS_ProcessAsynchronousTimers               
0002c4fc  msp430_uart_open                             
0002c50a  strlen                                       
0002c518  swap16                                       
0002c526  BTPS_DeInit                                  
0002c532  HCI_Send_ACL_Data                            
0002c54a  BSC_FreeGenericListEntryMemory               
0002c554  BTPS_FreeMemory                              
0002c55e  HAL_EnableSMCLK                              
0002c568  HAL_GetTickCount                             
0002c572  HCILL_Resynchronize                          
0002c5a4  get_fattime                                  
0002c5ae  I_LSL                                        
0002c5b8  BTPS_MemInitialize                           
0002c620  BTPS_MemCompare                              
0002c626  BTPS_MemCopy                                 
0002c62c  BTPS_MemMove                                 
0002c632  BTPS_StringLength                            
0002c63e  GetCertLength                                
0002c644  GetCertPtr                                   
0002c650  HAL_LedToggle                                
0002c65c  SDCard_uDelay                                
0002c662  SPP_Respond_Port_Information                 
0002c674  msp430_uart_lseek                            
0002c680  timer_stop                                   
0002c68c  BSC_AcquireListLock                          
0002c6c4  GOEP_Initialize                              
0002c6c8  GetCertCurrentDate                           
0002c6cc  HCI_VS_InitializeAfterHCIClose               
0002c6d0  HCI_VS_InitializeAfterHCIOpen                
0002c6d4  HCI_VS_InitializeBeforeHCIClose              
0002c6d8  HCI_VS_InitializeBeforeHCIReset              
0002c6dc  OTP_Initialize                               
0002c6e0  SCO_Initialize                               
0002c6ec  C$$EXIT                                      
0002c6ec  abort                                        
0002c6f0  msp430_uart_close                            
0002c6f4  msp430_uart_rename                           
0002c6f8  msp430_uart_unlink                           
0002c6fc  remove                                       
0002c700  _nop                                         
ffffffff  .text                                        
ffffffff  __binit__                                    
ffffffff  __c_args__                                   
ffffffff  __etext__                                    
ffffffff  __pinit__                                    
ffffffff  __text__                                     
ffffffff  binit                                        
ffffffff  etext                                        
ffffffff  pinit                                        

[1198 symbols]
