******************************************************************************
                  MSP430 Linker PC v4.4.4                      
******************************************************************************
>> Linked Sun Sep 13 14:27:52 2015

OUTPUT FILE NAME:   <pl-epd-ti-bt-v4.out>
ENTRY POINT SYMBOL: "_c_int00_noargs"  address: 00008234


MEMORY CONFIGURATION

         name            origin    length      used     unused   attr    fill
----------------------  --------  ---------  --------  --------  ----  --------
  SFR                   00000000   00000010  00000000  00000010  RWIX
  PERIPHERALS_8BIT      00000010   000000f0  00000000  000000f0  RWIX
  PERIPHERALS_16BIT     00000100   00000100  00000000  00000100  RWIX
  INFOD                 00001800   00000080  00000000  00000080  RWIX
  INFOC                 00001880   00000080  00000000  00000080  RWIX
  INFOB                 00001900   00000080  00000000  00000080  RWIX
  INFOA                 00001980   00000080  00000000  00000080  RWIX
  RAM                   00001c00   00004000  00002364  00001c9c  RWIX
  FLASH                 00005c00   0000a380  00002666  00007d1a  RWIX
  INT00                 0000ff80   00000002  00000000  00000002  RWIX
  INT01                 0000ff82   00000002  00000000  00000002  RWIX
  INT02                 0000ff84   00000002  00000000  00000002  RWIX
  INT03                 0000ff86   00000002  00000000  00000002  RWIX
  INT04                 0000ff88   00000002  00000000  00000002  RWIX
  INT05                 0000ff8a   00000002  00000000  00000002  RWIX
  INT06                 0000ff8c   00000002  00000000  00000002  RWIX
  INT07                 0000ff8e   00000002  00000000  00000002  RWIX
  INT08                 0000ff90   00000002  00000000  00000002  RWIX
  INT09                 0000ff92   00000002  00000000  00000002  RWIX
  INT10                 0000ff94   00000002  00000000  00000002  RWIX
  INT11                 0000ff96   00000002  00000000  00000002  RWIX
  INT12                 0000ff98   00000002  00000000  00000002  RWIX
  INT13                 0000ff9a   00000002  00000000  00000002  RWIX
  INT14                 0000ff9c   00000002  00000000  00000002  RWIX
  INT15                 0000ff9e   00000002  00000000  00000002  RWIX
  INT16                 0000ffa0   00000002  00000000  00000002  RWIX
  INT17                 0000ffa2   00000002  00000000  00000002  RWIX
  INT18                 0000ffa4   00000002  00000000  00000002  RWIX
  INT19                 0000ffa6   00000002  00000000  00000002  RWIX
  INT20                 0000ffa8   00000002  00000000  00000002  RWIX
  INT21                 0000ffaa   00000002  00000000  00000002  RWIX
  INT22                 0000ffac   00000002  00000000  00000002  RWIX
  INT23                 0000ffae   00000002  00000000  00000002  RWIX
  INT24                 0000ffb0   00000002  00000000  00000002  RWIX
  INT25                 0000ffb2   00000002  00000000  00000002  RWIX
  INT26                 0000ffb4   00000002  00000000  00000002  RWIX
  INT27                 0000ffb6   00000002  00000000  00000002  RWIX
  INT28                 0000ffb8   00000002  00000000  00000002  RWIX
  INT29                 0000ffba   00000002  00000000  00000002  RWIX
  INT30                 0000ffbc   00000002  00000000  00000002  RWIX
  INT31                 0000ffbe   00000002  00000000  00000002  RWIX
  INT32                 0000ffc0   00000002  00000000  00000002  RWIX
  INT33                 0000ffc2   00000002  00000000  00000002  RWIX
  INT34                 0000ffc4   00000002  00000000  00000002  RWIX
  INT35                 0000ffc6   00000002  00000000  00000002  RWIX
  INT36                 0000ffc8   00000002  00000000  00000002  RWIX
  INT37                 0000ffca   00000002  00000000  00000002  RWIX
  INT38                 0000ffcc   00000002  00000000  00000002  RWIX
  INT39                 0000ffce   00000002  00000000  00000002  RWIX
  INT40                 0000ffd0   00000002  00000000  00000002  RWIX
  INT41                 0000ffd2   00000002  00000002  00000000  RWIX
  INT42                 0000ffd4   00000002  00000002  00000000  RWIX
  INT43                 0000ffd6   00000002  00000002  00000000  RWIX
  INT44                 0000ffd8   00000002  00000002  00000000  RWIX
  INT45                 0000ffda   00000002  00000002  00000000  RWIX
  INT46                 0000ffdc   00000002  00000002  00000000  RWIX
  INT47                 0000ffde   00000002  00000002  00000000  RWIX
  INT48                 0000ffe0   00000002  00000002  00000000  RWIX
  INT49                 0000ffe2   00000002  00000002  00000000  RWIX
  INT50                 0000ffe4   00000002  00000002  00000000  RWIX
  INT51                 0000ffe6   00000002  00000002  00000000  RWIX
  INT52                 0000ffe8   00000002  00000002  00000000  RWIX
  INT53                 0000ffea   00000002  00000002  00000000  RWIX
  INT54                 0000ffec   00000002  00000002  00000000  RWIX
  INT55                 0000ffee   00000002  00000002  00000000  RWIX
  INT56                 0000fff0   00000002  00000002  00000000  RWIX
  INT57                 0000fff2   00000002  00000002  00000000  RWIX
  INT58                 0000fff4   00000002  00000002  00000000  RWIX
  INT59                 0000fff6   00000002  00000002  00000000  RWIX
  INT60                 0000fff8   00000002  00000002  00000000  RWIX
  INT61                 0000fffa   00000002  00000002  00000000  RWIX
  INT62                 0000fffc   00000002  00000002  00000000  RWIX
  RESET                 0000fffe   00000002  00000002  00000000  RWIX
  FLASH2                00010000   00035c00  0001c343  000198bd  RWIX


SECTION ALLOCATION MAP

 output                                  attributes/
section   page    origin      length       input sections
--------  ----  ----------  ----------   ----------------
.bss       0    00001c00    000019ac     UNINITIALIZED
                  00001c00    00000e12     BTPSKRNL.obj (.bss)
                  00002a12    000002f2     SPPDemo.obj (.bss)
                  00002d04    000002d8     msp430-epd.obj (.bss)
                  00002fdc    00000142     HAL.obj (.bss)
                  0000311e    00000132     libBluetopia.a : BSC.obj (.bss)
                  00003250    0000011a     rts430x.lib : defs.obj (.bss)
                  0000336a    000000e6     HCITRANS.obj (.bss)
                  00003450    000000a4     rts430x.lib : lowlev.obj (.bss)
                  000034f4    0000002e     slideshow.obj (.bss)
                  00003522    00000024     sprintf.obj (.bss)
                  00003546    00000010     pmic-max17135.obj (.bss)
                  00003556    0000000c     BTPSVEND.obj (.bss)
                  00003562    0000000a     dac-5820.obj (.bss)
                  0000356c    00000008     rts430x.lib : memory.obj (.bss)
                  00003574    00000008                 : trgdrv.obj (.bss)
                  0000357c    00000006     pre_init.obj (.bss)
                  00003582    00000005     ff.obj (.bss)
                  00003587    00000001     msp430-interrupts.obj (.bss)
                  00003588    00000004     Main.obj (.bss)
                  0000358c    00000004     rts430x.lib : exit_gvars.obj (.bss:__TI_cleanup_ptr)
                  00003590    00000004                 : exit_gvars.obj (.bss:__TI_dtors_ptr)
                  00003594    00000004                 : _lock.obj (.bss:_lock)
                  00003598    00000004                 : _lock.obj (.bss:_unlock)
                  0000359c    00000003     mmc.obj (.bss)
                  0000359f    00000001     msp430-uart.obj (.bss)
                  000035a0    00000002     app.obj (.bss)
                  000035a2    00000002     msp430-sdcard.obj (.bss)
                  000035a4    00000002     msp430-timers.obj (.bss)
                  000035a6    00000002     probe.obj (.bss)
                  000035a8    00000002     rts430x.lib : errno.obj (.bss)
                  000035aa    00000002                 : fopen.obj (.bss)

.data      0    00001c00    00000000     UNINITIALIZED

.sysmem    0    000035ac    000003e8     UNINITIALIZED
                  000035ac    00000004     rts430x.lib : memory.obj (.sysmem)
                  000035b0    000003e4     --HOLE--

.cio       0    00003994    00000120     UNINITIALIZED
                  00003994    00000120     rts430x.lib : trgmsg.obj (.cio)

.stack     0    00005750    000004b0     UNINITIALIZED
                  00005750    00000002     rts430x.lib : boot.obj (.stack)
                  00005752    000004ae     --HOLE--

.const     0    00005c00    00002206     
                  00005c00    000009c8     SPPDemo.obj (.const:.string)
                  000065c8    000001b0     gpio.obj (.const:.string)
                  00006778    00000188     epson-s1d135xx.obj (.const:.string)
                  00006900    00000182     dispinfo.obj (.const:.string)
                  00006a82    0000017c     sequencer.obj (.const:.string)
                  00006bfe    00000172     msp430-epd.obj (.const:.string)
                  00006d70    00000170     wflib.obj (.const:.string)
                  00006ee0    00000101     rts430x.lib : ctype.obj (.const:.string:_ctypes_)
                  00006fe1    00000001     --HOLE-- [fill = 0]
                  00006fe2    00000100     libBluetopia.a : BSC.obj (.const:.string:crctable$14)
                  000070e2    00000100     pmic-max17135.obj (.const:.string)
                  000071e2    000000fe     probe.obj (.const:.string)
                  000072e0    000000f8     power.obj (.const:.string)
                  000073d8    000000d6     epson-s1d13524.obj (.const:.string)
                  000074ae    000000c6     msp430-gpio.obj (.const:msp430_gpio_defs)
                  00007574    000000c2     slideshow.obj (.const:.string)
                  00007636    000000bc     hwinfo.obj (.const:.string)
                  000076f2    00000082     pmic-tps65185.obj (.const:.string)
                  00007774    00000080     ff.obj (.const:.string:excvt$1)
                  000077f4    00000068     msp430-epd.obj (.const)
                  0000785c    00000064     epson-epdc.obj (.const:.string)
                  000078c0    00000056     libBluetopia.a : BSC.obj (.const)
                  00007916    00000054     BTPSKRNL.obj (.const:.string)
                  0000796a    00000054     epson-s1d13541.obj (.const:.string)
                  000079be    0000004a     msp430-gpio.obj (.const:.string)
                  00007a08    00000040     app.obj (.const:.string)
                  00007a48    0000003c     utils.obj (.const:.string)
                  00007a84    0000003c     msp430-epd.obj (.const:g_gpios)
                  00007ac0    0000003a     msp430-uart.obj (.const:.string)
                  00007afa    00000036     vcom.obj (.const:.string)
                  00007b30    00000034     epson-i2c.obj (.const:.string)
                  00007b64    00000032     libBluetopia.a : BSC.obj (.const:BufferOffsets$0)
                  00007b96    00000028     dac-5820.obj (.const:.string)
                  00007bbe    00000028     libBluetopia.a : BSC.obj (.const:SDPServerRecord$16)
                  00007be6    00000026     rts430x.lib : _printfi_nf.obj (.const:.string)
                  00007c0c    0000001c     epdpsu.obj (.const:.string)
                  00007c28    0000001c     msp430-epd.obj (.const:g_epson_gpios)
                  00007c44    00000018     epson-s1d13524.obj (.const:epson_epdc_wf_table_s1d13524)
                  00007c5c    00000018     pmic-tps65185.obj (.const:init_data)
                  00007c74    00000018     epson-s1d13541.obj (.const:s1d13541_wf_table)
                  00007c8c    00000015     msp430-epd.obj (.const:.string:g_wflib_fatfs_path)
                  00007ca1    00000001     --HOLE-- [fill = 0]
                  00007ca2    00000011     epson-s1d135xx.obj (.const:.string:override_path$2)
                  00007cb3    00000001     --HOLE-- [fill = 0]
                  00007cb4    00000010     ff.obj (.const:.string)
                  00007cc4    00000010     HAL.obj (.const:Frequency_Settings)
                  00007cd4    00000010     msp430-epd.obj (.const:g_hvpmic_gpios)
                  00007ce4    00000010     msp430-sdcard.obj (.const:gpios$1)
                  00007cf4    0000000e     epson-s1d135xx.obj (.const:.string:init_code_path$1)
                  00007d02    0000000e     libBluetopia.a : BSC.obj (.const:TWUART_MessageList$4)
                  00007d10    0000000d     epdc.obj (.const:.string:wf_refresh_mono)
                  00007d1d    00000001     --HOLE-- [fill = 0]
                  00007d1e    0000000c     libBluetopia.a : BSC.obj (.const:.string:SPPSDPProtocolDescriptorList$17)
                  00007d2a    0000000c                    : BSC.obj (.const:HCIIOCapabilityBondingTable$7)
                  00007d36    0000000c                    : BSC.obj (.const:HCIIOCapabilityMITMTable$7)
                  00007d42    0000000c                    : BSC.obj (.const:SLIPByteEncodingMap$4)
                  00007d4e    0000000c                    : BSC.obj (.const:TWUART_TimerCallbackList$4)
                  00007d5a    0000000c     msp430-spi.obj (.const:gpios$1)
                  00007d66    0000000b     epdc.obj (.const:.string:wf_delta_mono)
                  00007d71    00000001     --HOLE-- [fill = 0]
                  00007d72    0000000a     probe.obj (.const:.string:px_pmic$3)
                  00007d7c    0000000a     probe.obj (.const:.string:px_psu$2)
                  00007d86    00000008     epdc.obj (.const:.string:wf_refresh)
                  00007d8e    00000008     libBluetopia.a : BSC.obj (.const:HCIIOCapabilityTable$7)
                  00007d96    00000008     i2c-eeprom.obj (.const:device_data)
                  00007d9e    00000008     msp430-i2c.obj (.const:gpios$1)
                  00007da6    00000008     epson-s1d13524.obj (.const:params$2)
                  00007dae    00000007     probe.obj (.const:.string:px$4)
                  00007db5    00000001     --HOLE-- [fill = 0]
                  00007db6    00000006     probe.obj (.const:.string:px$1)
                  00007dbc    00000006     epdc.obj (.const:.string:wf_delta)
                  00007dc2    00000005     libBluetopia.a : BSC.obj (.const:.string:SDPServerRecordHandleRecordState$16)
                  00007dc7    00000001     --HOLE-- [fill = 0]
                  00007dc8    00000005                    : BSC.obj (.const:.string:SDPServerRecordServiceDatabaseState$16)
                  00007dcd    00000001     --HOLE-- [fill = 0]
                  00007dce    00000005                    : BSC.obj (.const:.string:SDPServerRecordServiceList$16)
                  00007dd3    00000001     --HOLE-- [fill = 0]
                  00007dd4    00000005                    : BSC.obj (.const:.string:SDPServerRecordVersionNumberList$16)
                  00007dd9    00000001     --HOLE-- [fill = 0]
                  00007dda    00000005     msp430-epd.obj (.const:.string:VERSION)
                  00007ddf    00000001     --HOLE-- [fill = 0]
                  00007de0    00000005     epdc.obj (.const:.string:wf_init)
                  00007de5    00000001     --HOLE-- [fill = 0]
                  00007de6    00000004     libBluetopia.a : BSC.obj (.const:.string:GAPIOCapabilityTable$7)
                  00007dea    00000004                    : BSC.obj (.const:.string:HCILL_Message$1)
                  00007dee    00000004     epson-s1d13524.obj (.const:par$3)
                  00007df2    00000003     epson-s1d135xx.obj (.const:.string:sep$3)
                  00007df5    00000001     --HOLE-- [fill = 0]
                  00007df6    00000002     SPPDemo.obj (.const:.string:EPD_CMD_NULL)
                  00007df8    00000002     HCITRANS.obj (.const:.string)
                  00007dfa    00000002     rts430x.lib : fputs.obj (.const:.string)
                  00007dfc    00000002     BTPSVEND.obj (.const)
                  00007dfe    00000002     crc16.obj (.const)
                  00007e00    00000002     lzss.obj (.const)
                  00007e02    00000002     epson-s1d13524.obj (.const:params$1)
                  00007e04    00000002     pmic-max17135.obj (.const)

.cinit     0    00007e06    00000234     
                  00007e06    000000ba     libBluetopia.a : BSC.obj (.cinit)
                  00007ec0    00000048     rts430x.lib : lowlev.obj (.cinit)
                  00007f08    0000003e     SPPDemo.obj (.cinit)
                  00007f46    0000002e     rts430x.lib : defs.obj (.cinit)
                  00007f74    0000002b     sprintf.obj (.cinit)
                  00007f9f    00000001     --HOLE-- [fill = 0]
                  00007fa0    00000014     BTPSKRNL.obj (.cinit)
                  00007fb4    00000014     msp430-epd.obj (.cinit)
                  00007fc8    0000000c     HAL.obj (.cinit)
                  00007fd4    0000000b     mmc.obj (.cinit)
                  00007fdf    00000001     --HOLE-- [fill = 0]
                  00007fe0    00000008     BTPSVEND.obj (.cinit)
                  00007fe8    00000008     rts430x.lib : exit_gvars.obj (.cinit:__TI_cleanup_ptr)
                  00007ff0    00000008                 : exit_gvars.obj (.cinit:__TI_dtors_ptr)
                  00007ff8    00000008                 : _lock.obj (.cinit:_lock)
                  00008000    00000008                 : _lock.obj (.cinit:_unlock)
                  00008008    00000006     app.obj (.cinit)
                  0000800e    00000006     msp430-sdcard.obj (.cinit)
                  00008014    00000006     rts430x.lib : errno.obj (.cinit)
                  0000801a    00000006                 : fopen.obj (.cinit)
                  00008020    00000006                 : memory.obj (.cinit)
                  00008026    00000006     slideshow.obj (.cinit)
                  0000802c    00000005     msp430-interrupts.obj (.cinit)
                  00008031    00000001     --HOLE-- [fill = 0]
                  00008032    00000005     msp430-uart.obj (.cinit)
                  00008037    00000001     --HOLE-- [fill = 0]
                  00008038    00000002     (.pad.cinit) [fill = 0]

.text:_isr 
*          0    0000803a    0000022c     
                  0000803a    000000a8     HCITRANS.obj (.text:_isr:UartInterrupt)
                  000080e2    0000007a     HAL.obj (.text:_isr:DEBUG_UART_INTERRUPT)
                  0000815c    0000006c     msp430-interrupts.obj (.text:_isr:Port_2)
                  000081c8    00000032     msp430-timers.obj (.text:_isr:TIMER0_ISR)
                  000081fa    0000001e     HAL.obj (.text:_isr:CTS_ISR)
                  00008218    0000001c     msp430-timers.obj (.text:_isr:RTC_ISR)
                  00008234    0000001c     rts430x.lib : boot_special.obj (.text:_isr:_c_int00_noargs)
                  00008250    00000010     HAL.obj (.text:_isr:TIMER_INTERRUPT)
                  00008260    00000006     rts430x.lib : isr_trap.obj (.text:_isr:__TI_ISR_TRAP)

.patch     0    00010000    00001093     
                  00010000    00001093     BTPSVEND.obj (.patch)

.pinit     0    00005c00    00000000     UNINITIALIZED

RTC        0    0000ffd2    00000002     
                  0000ffd2    00000002     msp430-timers.obj (.int41)

PORT2      0    0000ffd4    00000002     
                  0000ffd4    00000002     msp430-interrupts.obj (.int42)

USCI_B3    0    0000ffd6    00000002     
                  0000ffd6    00000002     rts430x.lib : int43.obj (.int43)

USCI_A3    0    0000ffd8    00000002     
                  0000ffd8    00000002     rts430x.lib : int44.obj (.int44)

USCI_B1    0    0000ffda    00000002     
                  0000ffda    00000002     rts430x.lib : int45.obj (.int45)

USCI_A1    0    0000ffdc    00000002     
                  0000ffdc    00000002     HAL.obj (.int46)

PORT1      0    0000ffde    00000002     
                  0000ffde    00000002     HAL.obj (.int47)

TIMER1_A1 
*          0    0000ffe0    00000002     
                  0000ffe0    00000002     rts430x.lib : int48.obj (.int48)

TIMER1_A0 
*          0    0000ffe2    00000002     
                  0000ffe2    00000002     HAL.obj (.int49)

DMA        0    0000ffe4    00000002     
                  0000ffe4    00000002     rts430x.lib : int50.obj (.int50)

USCI_B2    0    0000ffe6    00000002     
                  0000ffe6    00000002     rts430x.lib : int51.obj (.int51)

USCI_A2    0    0000ffe8    00000002     
                  0000ffe8    00000002     HCITRANS.obj (.int52)

TIMER0_A1 
*          0    0000ffea    00000002     
                  0000ffea    00000002     msp430-timers.obj (.int53)

TIMER0_A0 
*          0    0000ffec    00000002     
                  0000ffec    00000002     rts430x.lib : int54.obj (.int54)

ADC12      0    0000ffee    00000002     
                  0000ffee    00000002     rts430x.lib : int55.obj (.int55)

USCI_B0    0    0000fff0    00000002     
                  0000fff0    00000002     rts430x.lib : int56.obj (.int56)

USCI_A0    0    0000fff2    00000002     
                  0000fff2    00000002     rts430x.lib : int57.obj (.int57)

WDT        0    0000fff4    00000002     
                  0000fff4    00000002     rts430x.lib : int58.obj (.int58)

TIMER0_B1 
*          0    0000fff6    00000002     
                  0000fff6    00000002     rts430x.lib : int59.obj (.int59)

TIMER0_B0 
*          0    0000fff8    00000002     
                  0000fff8    00000002     rts430x.lib : int60.obj (.int60)

UNMI       0    0000fffa    00000002     
                  0000fffa    00000002     rts430x.lib : int61.obj (.int61)

SYSNMI     0    0000fffc    00000002     
                  0000fffc    00000002     rts430x.lib : int62.obj (.int62)

.reset     0    0000fffe    00000002     
                  0000fffe    00000002     rts430x.lib : boot.obj (.reset)

.text      0    00011094    0001b2b0     
                  00011094    000009ce     libBluetopia.a : BSC.obj (.text:L2CA_Event_Callback$16)
                  00011a62    000008b0     SPPDemo.obj (.text:GAP_Event_Callback)
                  00012312    0000089c     libBluetopia.a : BSC.obj (.text:HCI_Event_Callback$7)
                  00012bae    000005a4                    : BSC.obj (.text:HCI_Event_Callback$11)
                  00013152    0000052e                    : BSC.obj (.text:AsynchronousHCIEventCallback$10)
                  00013680    000004be     SPPDemo.obj (.text:SPP_Event_Callback)
                  00013b3e    000004b4     ff.obj (.text:chk_mounted)
                  00013ff2    000004a0     libBluetopia.a : BSC.obj (.text:ProcessRFCOMMControlMessage$14)
                  00014492    0000047c                    : BSC.obj (.text:ProcessServiceSearchAttributeRequest$16)
                  0001490e    00000476                    : BSC.obj (.text:L2CA_Event_Callback$14)
                  00014d84    0000039a     rts430x.lib : div64u.obj (.text:__divull)
                  0001511e    00000322     libBluetopia.a : BSC.obj (.text:ProcessRFCOMMDataMessage$14)
                  00015440    0000030e                    : BSC.obj (.text:RFCOMM_Event_Callback$17)
                  0001574e    000002f2                    : BSC.obj (.text:BSC_Initialize)
                  00015a40    000002f2                    : BSC.obj (.text:ProcessServiceAttributeRequest$16)
                  00015d32    000002e2                    : BSC.obj (.text:ProcessL2CAPDataPacket$11)
                  00016014    000002cc                    : BSC.obj (.text:L2CAP_ConfigRequestEvent$11)
                  000162e0    000002b0                    : BSC.obj (.text:ProtocolEventCallback$3)
                  00016590    000002ae                    : BSC.obj (.text:SPP_Data_Write)
                  0001683e    00000294     msp430-epd.obj (.text:epd_sys_init)
                  00016ad2    0000028e     libBluetopia.a : BSC.obj (.text:SPP_Register_Raw_SDP_Record)
                  00016d60    0000028e     ff.obj (.text:f_write)
                  00016fee    00000278     libBluetopia.a : BSC.obj (.text:HCITR_COMDataCallback_UART$3)
                  00017266    0000026c                    : BSC.obj (.text:ParseRecordAttributes$16)
                  000174d2    0000025a                    : BSC.obj (.text:HCI_Initialize)
                  0001772c    00000252                    : BSC.obj (.text:ProcessServiceSearchRequest$16)
                  0001797e    00000250     ff.obj (.text:f_lseek)
                  00017bce    00000222     libBluetopia.a : BSC.obj (.text:CompareServiceRecordWithServiceList$16)
                  00017df0    00000218                    : BSC.obj (.text:L2CAP_ConnectRequestEvent$11)
                  00018008    00000210     ff.obj (.text:f_open)
                  00018218    00000204     libBluetopia.a : BSC.obj (.text:L2CAP_Initialize)
                  0001841c    000001fa                    : BSC.obj (.text:RFCOMMServerSABMMessageHandler$14)
                  00018616    000001f8                    : BSC.obj (.text:HCI_DriverCallback$2)
                  0001880e    000001f0                    : BSC.obj (.text:ParseOptionsToAPI$11)
                  000189fe    000001ec                    : BSC.obj (.text:Disconnect$14)
                  00018bea    000001ec                    : BSC.obj (.text:GAP_Set_Discoverability_Mode)
                  00018dd6    000001e6     rts430x.lib : _printfi_nf.obj (.text:_setfield)
                  00018fbc    000001e2     ff.obj (.text:f_read)
                  0001919e    000001d6     libBluetopia.a : BSC.obj (.text:_L2CA_Config_Request)
                  00019374    000001d2     HCITRANS.obj (.text:HCITR_COMOpen)
                  00019546    000001cc     libBluetopia.a : BSC.obj (.text:HCI_ACL_Data_Callback$11)
                  00019712    000001cc                    : BSC.obj (.text:ParseAttributeIDList$16)
                  000198de    000001c8                    : BSC.obj (.text:UpdateHCICallbackThread$10)
                  00019aa6    000001c4     rts430x.lib : _printfi_nf.obj (.text:__TI_printfi_nofloat)
                  00019c6a    000001be     libBluetopia.a : BSC.obj (.text:GAP_Authentication_Response)
                  00019e28    000001ba                    : BSC.obj (.text:LP_ConnectCfm$11)
                  00019fe2    000001b8                    : BSC.obj (.text:HCI_Send_Raw_Command)
                  0001a19a    000001b6                    : BSC.obj (.text:SPPServerHandler$17)
                  0001a350    000001b0                    : BSC.obj (.text:SDP_Create_Service_Record)
                  0001a500    000001ae                    : BSC.obj (.text:ProcessSendQueueData$11)
                  0001a6ae    000001a8                    : BSC.obj (.text:L2CAP_RequestTimeout$11)
                  0001a856    000001a2     dispinfo.obj (.text:pl_dispinfo_init_eeprom)
                  0001a9f8    0000019c     libBluetopia.a : BSC.obj (.text:TWUART_ReceiveBytes)
                  0001ab94    00000194     rts430x.lib : strtoul.obj (.text:strtoul)
                  0001ad28    0000018e     vcom.obj (.text:vcom_init)
                  0001aeb6    0000017e     probe.obj (.text:probe_hvpmic)
                  0001b034    00000176     libBluetopia.a : BSC.obj (.text:ParseAPIUUIDs$16)
                  0001b1aa    00000176     HAL.obj (.text:SetSystemClock)
                  0001b320    00000176     ff.obj (.text:dir_next)
                  0001b496    00000176     ff.obj (.text:put_fat)
                  0001b60c    00000174     libBluetopia.a : BSC.obj (.text:L2CAP_ConnectResponseEvent$11)
                  0001b780    00000174     ff.obj (.text:create_name)
                  0001b8f4    0000016e     libBluetopia.a : BSC.obj (.text:SDP_Add_Raw_Attribute)
                  0001ba62    00000168                    : BSC.obj (.text:ParseServiceSearchPattern$16)
                  0001bbca    00000166     wflib.obj (.text:pl_wflib_eeprom_xfer)
                  0001bd30    00000164     rts430x.lib : _printfi_nf.obj (.text:_getarg_diouxp)
                  0001be94    0000015c     pmic-max17135.obj (.text:max17135_configure)
                  0001bff0    00000158     libBluetopia.a : BSC.obj (.text:SPP_Data_Read)
                  0001c148    00000154                    : BSC.obj (.text:SendQueuedData$17)
                  0001c29c    00000152     SPPDemo.obj (.text:OpenStack)
                  0001c3ee    0000014e     libBluetopia.a : BSC.obj (.text:ProcessReceivedPacket$4)
                  0001c53c    0000014c     BTPSKRNL.obj (.text:_Malloc)
                  0001c688    00000148     SPPDemo.obj (.text:InitializeApplication)
                  0001c7d0    00000144     dispinfo.obj (.text:pl_dispinfo_init_fatfs)
                  0001c914    00000142     libBluetopia.a : BSC.obj (.text:CalculateDataTypeLength$16)
                  0001ca56    00000140     rts430x.lib : _printfi_nf.obj (.text:_pproc_diouxp)
                  0001cb96    0000013e     libBluetopia.a : BSC.obj (.text:ParseAPIOptions$11)
                  0001ccd4    00000136                    : BSC.obj (.text:RFCOMM_Data_Write$14)
                  0001ce0a    0000012e     SPPDemo.obj (.text:DeleteLinkKey)
                  0001cf38    0000012e     libBluetopia.a : BSC.obj (.text:_RFCOMM_Send_Data_With_Credits)
                  0001d066    0000012e     ff.obj (.text:get_fat)
                  0001d194    0000012c     libBluetopia.a : BSC.obj (.text:CheckQueuedDataWrite$11)
                  0001d2c0    0000012c     mmc.obj (.text:disk_initialize)
                  0001d3ec    00000128     SPPDemo.obj (.text:OpenServer)
                  0001d514    00000128     libBluetopia.a : BSC.obj (.text:SPP_Open_Server_Port)
                  0001d63c    00000126     hwinfo.obj (.text:pl_hwinfo_init)
                  0001d762    00000120     ff.obj (.text:create_chain)
                  0001d882    0000011e     libBluetopia.a : BSC.obj (.text:L2CA_Get_Link_Connection_State)
                  0001d9a0    0000011e                    : BSC.obj (.text:LP_ConnectCfmNeg$11)
                  0001dabe    00000118                    : BSC.obj (.text:ProcessTWUARTMessage$4)
                  0001dbd6    00000116                    : BSC.obj (.text:LP_DisconnectCfm$11)
                  0001dcec    00000116                    : BSC.obj (.text:SendDataPacket$10)
                  0001de02    00000116     sprintf.obj (.text:vSprintF)
                  0001df18    00000112     libBluetopia.a : BSC.obj (.text:L2CAP_ConfigRequestResponse$11)
                  0001e02a    00000110     epson-s1d13541.obj (.text:epson_epdc_init_s1d13541)
                  0001e13a    0000010e     libBluetopia.a : BSC.obj (.text:SendFormattedControlMessage$14)
                  0001e248    0000010c                    : BSC.obj (.text:RFCOMM_Initialize)
                  0001e354    0000010a                    : BSC.obj (.text:OpenComm)
                  0001e45e    00000108                    : BSC.obj (.text:ReconfigureComm)
                  0001e566    00000108     epson-s1d13524.obj (.text:epson_epdc_init_s1d13524)
                  0001e66e    00000106     lzss.obj (.text:lzss_decode)
                  0001e774    00000106     epson-s1d135xx.obj (.text:s1d135xx_load_image)
                  0001e87a    00000104     rts430x.lib : fopen.obj (.text:_openfile)
                  0001e97e    00000100     libBluetopia.a : BSC.obj (.text:RFCOMMServerPNMessageHandler$14)
                  0001ea7e    00000100                    : BSC.obj (.text:SDP_Initialize)
                  0001eb7e    000000fe                    : BSC.obj (.text:_RFCOMM_Release_Request)
                  0001ec7c    000000fc                    : BSC.obj (.text:HandleChannelDisconnection$11)
                  0001ed78    000000fc                    : BSC.obj (.text:SendHCIPacketToLowerDriver$2)
                  0001ee74    000000fa     ff.obj (.text:dir_sdi)
                  0001ef6e    000000f4     HCITRANS.obj (.text:HCITR_COMReconfigure)
                  0001f062    000000f4     rts430x.lib : _printfi_nf.obj (.text:_pproc_fwp)
                  0001f156    000000f4     mmc.obj (.text:disk_ioctl)
                  0001f24a    000000f2     libBluetopia.a : BSC.obj (.text:L2CAP_ConfigResponseEvent$11)
                  0001f33c    000000f2     epson-s1d135xx.obj (.text:transfer_image)
                  0001f42e    000000ee     BTPSKRNL.obj (.text:BTPS_DeleteFunctionFromScheduler)
                  0001f51c    000000ee     libBluetopia.a : BSC.obj (.text:L2CAP_RejectCommand$11)
                  0001f60a    000000ee                    : BSC.obj (.text:_L2CA_Connect_Response)
                  0001f6f8    000000ec     ff.obj (.text:sync)
                  0001f7e4    000000ea     libBluetopia.a : BSC.obj (.text:SendSLIPPacket$4)
                  0001f8ce    000000ea                    : BSC.obj (.text:TWUART_Initialize)
                  0001f9b8    000000ea     BTVS.obj (.text:VS_Update_HCILL_Parameters)
                  0001faa2    000000e6     msp430-gpio.obj (.text:msp430_gpio_config)
                  0001fb88    000000e2     libBluetopia.a : BSC.obj (.text:GAP_Initialize)
                  0001fc6a    000000e0     epson-s1d135xx.obj (.text:s1d135xx_load_init_code)
                  0001fd4a    000000de     libBluetopia.a : BSC.obj (.text:L2CAP_InformationRequestResponse$11)
                  0001fe28    000000de     epson-epdc.obj (.text:epson_epdc_init)
                  0001ff06    000000de     rts430x.lib : fputs.obj (.text:fputs)
                  0001ffe4    000000de     epson-s1d135xx.obj (.text:s1d135xx_load_register_overrides)
                  000200c2    000000d8     libBluetopia.a : BSC.obj (.text:L2CAP_ConnectRequestResponse$11)
                  0002019a    000000d8                    : BSC.obj (.text:_L2CA_Enhanced_Data_Write)
                  00020272    000000d6     BTPSVEND.obj (.text:Download_Patch)
                  00020348    000000d6     libBluetopia.a : BSC.obj (.text:GAP_Set_Pairability_Mode)
                  0002041e    000000d6                    : BSC.obj (.text:TWUART_Reconfigure)
                  000204f4    000000d6     epson-s1d135xx.obj (.text:do_fill)
                  000205ca    000000d4     libBluetopia.a : BSC.obj (.text:GAP_Authenticate_Remote_Device)
                  0002069e    000000d2                    : BSC.obj (.text:DelayedAuthenticationProcess$11)
                  00020770    000000d2                    : BSC.obj (.text:ProcessSDPConnectionRequest$16)
                  00020842    000000d2     BTVS.obj (.text:VS_Update_UART_Baud_Rate)
                  00020914    000000d2     ff.obj (.text:follow_path)
                  000209e6    000000d0     HAL.obj (.text:IncrementVCORE)
                  00020ab6    000000d0     libBluetopia.a : BSC.obj (.text:_RFCOMM_Parameter_Negotiation_Response)
                  00020b86    000000ce                    : BSC.obj (.text:HCI_SendPacket)
                  00020c54    000000ce     pmic-tps65185.obj (.text:tps65185_init)
                  00020d22    000000cc     HCITRANS.obj (.text:LoadTransmitBuffer)
                  00020dee    000000cc     libBluetopia.a : BSC.obj (.text:RFCOMM_SignalTimeout$14)
                  00020eba    000000cc                    : BSC.obj (.text:SPP_Port_Status)
                  00020f86    000000cc     rts430x.lib : setvbuf.obj (.text:setvbuf)
                  00021052    000000ca     libBluetopia.a : BSC.obj (.text:_L2CA_Disconnect_Request)
                  0002111c    000000ca     pnm-utils.obj (.text:pnm_read_int32)
                  000211e6    000000c8     libBluetopia.a : BSC.obj (.text:L2CAP_DataWrite$11)
                  000212ae    000000c4                    : BSC.obj (.text:SendCommPacket)
                  00021372    000000c4     epson-s1d135xx.obj (.text:s1d135xx_set_power_state)
                  00021436    000000c2     sprintf.obj (.text:LtoA)
                  000214f8    000000c0     libBluetopia.a : BSC.obj (.text:GAP_Cancel_Bonding)
                  000215b8    000000c0                    : BSC.obj (.text:SPP_Set_Configuration_Parameters)
                  00021678    000000c0                    : BSC.obj (.text:_RFCOMM_Open_Response)
                  00021738    000000c0     ff.obj (.text:move_window)
                  000217f8    000000be     libBluetopia.a : BSC.obj (.text:_L2CA_Config_Response)
                  000218b6    000000bc                    : BSC.obj (.text:CalculateAttributeRequestParameters$16)
                  00021972    000000bc                    : BSC.obj (.text:GetNextServiceAttribute$16)
                  00021a2e    000000bc     rts430x.lib : lowlev.obj (.text:add_device)
                  00021aea    000000bc     mmc.obj (.text:disk_write)
                  00021ba6    000000ba     libBluetopia.a : BSC.obj (.text:CleanupPortInformationEntry$17)
                  00021c60    000000ba     BTPSVEND.obj (.text:HCI_VS_InitializeAfterHCIReset)
                  00021d1a    000000b6     HAL.obj (.text:HAL_ConsoleWrite)
                  00021dd0    000000b4     libBluetopia.a : BSC.obj (.text:L2CAP_ReceiveTimeout$11)
                  00021e84    000000b4     Main.obj (.text:MainThread)
                  00021f38    000000b4     msp430-i2c.obj (.text:msp430_i2c_read)
                  00021fec    000000b4     epson-s1d135xx.obj (.text:s1d135xx_pattern_check)
                  000220a0    000000b2     libBluetopia.a : BSC.obj (.text:FragmentPacket$11)
                  00022152    000000b2                    : BSC.obj (.text:L2CAP_DisconnectRequestEvent$11)
                  00022204    000000b2                    : BSC.obj (.text:WriteAttributeRequestContinuationInformation$16)
                  000222b6    000000b0                    : BSC.obj (.text:BSC_AuthenticateDevice)
                  00022366    000000b0     probe.obj (.text:probe_i2c)
                  00022416    000000ae     libBluetopia.a : BSC.obj (.text:SPP_Initialize)
                  000224c4    000000ae     mmc.obj (.text:send_cmd)
                  00022572    000000ac     BTPSKRNL.obj (.text:BTPS_ProcessScheduler)
                  0002261e    000000ac     libBluetopia.a : BSC.obj (.text:LP_ConnectIndication$11)
                  000226ca    000000ac     SPPDemo.obj (.text:LinkKeyToStr)
                  00022776    000000ac     libBluetopia.a : BSC.obj (.text:UpdateAndExpireTimers$6)
                  00022822    000000ac                    : BSC.obj (.text:VerifyACLHeader$11)
                  000228ce    000000ac     rts430x.lib : memory.obj (.text:malloc)
                  0002297a    000000aa     libBluetopia.a : BSC.obj (.text:GAP_Set_Encryption_Mode)
                  00022a24    000000aa                    : BSC.obj (.text:HCISendPacket$10)
                  00022ace    000000aa                    : BSC.obj (.text:HCI_OpenDriver)
                  00022b78    000000aa                    : BSC.obj (.text:_RFCOMM_Modem_Status)
                  00022c22    000000aa     vcom.obj (.text:vcom_calculate)
                  00022ccc    000000a8     libBluetopia.a : BSC.obj (.text:L2CAP_DisconnectRequestResponse$11)
                  00022d74    000000a8                    : BSC.obj (.text:L2CAP_EchoRequestResponse$11)
                  00022e1c    000000a6     SPPDemo.obj (.text:ReadCmdFromPhoneApp)
                  00022ec2    000000a6     libBluetopia.a : BSC.obj (.text:_RFCOMM_Register_Server_Channel)
                  00022f68    000000a6     pnm-utils.obj (.text:pnm_read_header)
                  0002300e    000000a4     libBluetopia.a : BSC.obj (.text:HCI_Cleanup)
                  000230b2    000000a4     ff.obj (.text:f_sync)
                  00023156    000000a2     HAL.obj (.text:DecrementVCORE)
                  000231f8    000000a2     libBluetopia.a : BSC.obj (.text:RegisterCallback$2)
                  0002329a    000000a2     msp430-uart.obj (.text:msp430_uart_register_files)
                  0002333c    000000a0     HAL.obj (.text:HAL_CommConfigure)
                  000233dc    000000a0     rts430x.lib : _printfi_nf.obj (.text:_pproc_str)
                  0002347c    0000009e     libBluetopia.a : BSC.obj (.text:NormalizeUUID$16)
                  0002351a    0000009e     HCITRANS.obj (.text:RxProcess)
                  000235b8    0000009e     epson-s1d13524.obj (.text:s1d13524_load_wflib)
                  00023656    0000009c     ff.obj (.text:remove_chain)
                  000236f2    0000009a     libBluetopia.a : BSC.obj (.text:AddPacketQueueEntry$2)
                  0002378c    0000009a                    : BSC.obj (.text:BuildAndSubmitCommandBD_ADDRByteVariable$10)
                  00023826    00000098     HCITRANS.obj (.text:CtsInterrupt)
                  000238be    00000098     rts430x.lib : lowlev.obj (.text:open)
                  00023956    00000096     libBluetopia.a : BSC.obj (.text:DisconnectChannel$14)
                  000239ec    00000096                    : BSC.obj (.text:GAP_Cleanup)
                  00023a82    00000096     rts430x.lib : _printfi_nf.obj (.text:_ltostr)
                  00023b18    00000094     libBluetopia.a : BSC.obj (.text:RFCOMM_Control_Message$14)
                  00023bac    00000094                    : BSC.obj (.text:ReadDataElementSequenceLength$16)
                  00023c40    00000094     mmc.obj (.text:disk_read)
                  00023cd4    00000094     i2c-eeprom.obj (.text:eeprom_read)
                  00023d68    00000094     ff.obj (.text:f_chdir)
                  00023dfc    00000092     libBluetopia.a : BSC.obj (.text:EnhancedFragmentPacket$11)
                  00023e8e    00000092                    : BSC.obj (.text:RegisterCallback$10)
                  00023f20    00000092     BTVS.obj (.text:VS_Enable_Sleep_Mode)
                  00023fb2    00000092     wflib.obj (.text:pl_wflib_lzss_rd)
                  00024044    00000090     libBluetopia.a : BSC.obj (.text:_HCI_Read_Local_Version_Information)
                  000240d4    00000090                    : BSC.obj (.text:_L2CA_Flush_Channel_Data)
                  00024164    00000090     BTPSKRNL.obj (.text:_MemFree)
                  000241f4    00000090     ff.obj (.text:check_fs)
                  00024284    0000008e     libBluetopia.a : BSC.obj (.text:HCI_Reset)
                  00024312    0000008e                    : BSC.obj (.text:SDP_Delete_Service_Record)
                  000243a0    0000008c                    : BSC.obj (.text:AddUnsignedInteger4Bytes$16)
                  0002442c    0000008c                    : BSC.obj (.text:BuildAndSubmitCommandByteVariable$10)
                  000244b8    0000008c                    : BSC.obj (.text:CreateNewIdentifierEntry$11)
                  00024544    0000008c                    : BSC.obj (.text:L2CAP_DisconnectResponseEvent$11)
                  000245d0    0000008c                    : BSC.obj (.text:SendReliablePacket$4)
                  0002465c    0000008c     rts430x.lib : fputc.obj (.text:fputc)
                  000246e8    0000008c     epson-s1d135xx.obj (.text:s1d135xx_load_wflib)
                  00024774    0000008a     libBluetopia.a : BSC.obj (.text:BSC_AddGenericListEntry)
                  000247fe    00000088                    : BSC.obj (.text:HCILL_ReceiveBytes)
                  00024886    00000088                    : BSC.obj (.text:SetTWUARTState$4)
                  0002490e    00000088                    : BSC.obj (.text:SynchronousHCICommandCallback$10)
                  00024996    00000088     rts430x.lib : _printfi_nf.obj (.text:_div)
                  00024a1e    00000088     wflib.obj (.text:pl_wflib_fatfs_xfer)
                  00024aa6    00000086     libBluetopia.a : BSC.obj (.text:BTPS_StartTimer)
                  00024b2c    00000086     SPPDemo.obj (.text:HCI_Event_Callback)
                  00024bb2    00000086     rts430x.lib : trgdrv.obj (.text:HOSTlseek)
                  00024c38    00000086     libBluetopia.a : BSC.obj (.text:SPP_Close_Server_Port)
                  00024cbe    00000086     msp430-i2c.obj (.text:msp430_i2c_init)
                  00024d44    00000084     libBluetopia.a : BSC.obj (.text:BuildAndSubmitCommandThreeWords$10)
                  00024dc8    00000084                    : BSC.obj (.text:_HCI_Read_Buffer_Size)
                  00024e4c    00000084     ff.obj (.text:dir_register)
                  00024ed0    00000082     libBluetopia.a : BSC.obj (.text:L2CAP_StateTimeout$11)
                  00024f52    00000082                    : BSC.obj (.text:ParseConfigurationField$4)
                  00024fd4    00000080     rts430x.lib : memory.obj (.text:free)
                  00025054    0000007e     libBluetopia.a : BSC.obj (.text:AddServiceAttributeEntry$16)
                  000250d2    0000007e                    : BSC.obj (.text:EncodeAndSend$4)
                  00025150    0000007e                    : BSC.obj (.text:WriteDataElementSequenceHeader)
                  000251ce    0000007e     msp430-i2c.obj (.text:msp430_i2c_write)
                  0002524c    0000007c     libBluetopia.a : BSC.obj (.text:BuildAndSubmitCommandBD_ADDRByte$10)
                  000252c8    0000007c                    : BSC.obj (.text:ProcessConnectionError$16)
                  00025344    0000007c     dispinfo.obj (.text:pl_dispinfo_log)
                  000253c0    0000007c     epdpsu.obj (.text:pl_epdpsu_gpio_on)
                  0002543c    0000007a     rts430x.lib : _io_perm.obj (.text:__TI_wrt_ok)
                  000254b6    00000078     libBluetopia.a : BSC.obj (.text:BSC_Shutdown)
                  0002552e    00000078                    : BSC.obj (.text:HCI_Schedule_Asynchronous_Callback)
                  000255a6    00000078     sprintf.obj (.text:LtoH)
                  0002561e    00000076     libBluetopia.a : BSC.obj (.text:BSC_Event_Callback$7)
                  00025694    00000076                    : BSC.obj (.text:L2CAP_Cleanup)
                  0002570a    00000076                    : BSC.obj (.text:UpdateServiceRecordStateAttribute$16)
                  00025780    00000076                    : BSC.obj (.text:_HCI_IO_Capability_Request_Reply)
                  000257f6    00000074     BTPSKRNL.obj (.text:BTPS_AddFunctionToScheduler)
                  0002586a    00000072     libBluetopia.a : BSC.obj (.text:CreateNewChannel$11)
                  000258dc    00000072     epson-i2c.obj (.text:epson_s1d135xx_i2c_read)
                  0002594e    00000072     wflib.obj (.text:pl_wflib_init_eeprom)
                  000259c0    00000072     probe.obj (.text:probe_epdc)
                  00025a32    00000072     epson-i2c.obj (.text:s1d135xx_i2c_poll)
                  00025aa4    0000006e     libBluetopia.a : BSC.obj (.text:FormatAndDispatchEncryptionChangeEvent$7)
                  00025b12    0000006e                    : BSC.obj (.text:L2CAP_InformationRequestEvent$11)
                  00025b80    0000006e                    : BSC.obj (.text:SendConnectionResponse$16)
                  00025bee    0000006e                    : BSC.obj (.text:_HCI_User_Passkey_Request_Reply)
                  00025c5c    0000006c                    : BSC.obj (.text:HCIRemoteExtendedFeaturesEventHandler$10)
                  00025cc8    0000006c                    : BSC.obj (.text:_L2CA_Register_PSM)
                  00025d34    0000006c     epson-i2c.obj (.text:epson_s1d135xx_i2c_write)
                  00025da0    0000006a     libBluetopia.a : BSC.obj (.text:FormatAndDispatchAuthenticationEvent$7)
                  00025e0a    0000006a                    : BSC.obj (.text:HCI_CancelPacket)
                  00025e74    0000006a     rts430x.lib : trgdrv.obj (.text:HOSTrename)
                  00025ede    0000006a     libBluetopia.a : BSC.obj (.text:RFCOMMCleanupHandler$14)
                  00025f48    0000006a                    : BSC.obj (.text:TWUART_TransmitBytes)
                  00025fb2    0000006a     msp430-epd.obj (.text:abort_now)
                  0002601c    0000006a     rts430x.lib : fseek.obj (.text:fseek)
                  00026086    0000006a     epson-s1d13524.obj (.text:s1d13524_check_rev)
                  000260f0    0000006a     epson-s1d135xx.obj (.text:s1d135xx_fill)
                  0002615a    00000068     libBluetopia.a : BSC.obj (.text:AddACLLinkEntry$7)
                  000261c2    00000068                    : BSC.obj (.text:CompareListEntryKeys$0)
                  0002622a    00000068                    : BSC.obj (.text:RetransmitTimerExpired$4)
                  00026292    00000068     rts430x.lib : fclose.obj (.text:__TI_closefile)
                  000262fa    00000068     wflib.obj (.text:pl_wflib_init_fatfs)
                  00026362    00000068     epson-s1d135xx.obj (.text:s1d135xx_set_epd_power)
                  000263ca    00000066     libBluetopia.a : BSC.obj (.text:BSC_DeleteGenericListEntry)
                  00026430    00000066                    : BSC.obj (.text:CalculateCreditThreshold$17)
                  00026496    00000066                    : BSC.obj (.text:RFCOMM_Start_Link_Negotiation$14)
                  000264fc    00000066     SPPDemo.obj (.text:Read)
                  00026562    00000066     libBluetopia.a : BSC.obj (.text:SetTWUARTTimer$4)
                  000265c8    00000066                    : BSC.obj (.text:_HCI_Delete_Stored_Link_Key)
                  0002662e    00000066     epson-s1d13541.obj (.text:s1d13541_set_temp_mode)
                  00026694    00000064     libBluetopia.a : BSC.obj (.text:AcknowledgePackets$4)
                  000266f8    00000064                    : BSC.obj (.text:BuildEventBD_ADDRDWord$10)
                  0002675c    00000064                    : BSC.obj (.text:SendQueuedPackets$4)
                  000267c0    00000064                    : BSC.obj (.text:SendTWUARTMessage$4)
                  00026824    00000064                    : BSC.obj (.text:SendUnreliablePacket$4)
                  00026888    00000062                    : BSC.obj (.text:AddToTransmitBufferList$1)
                  000268ea    00000062     HCITRANS.obj (.text:HCITR_COMClose)
                  0002694c    00000062     libBluetopia.a : BSC.obj (.text:HCI_ReconfigureDriver)
                  000269ae    00000062     rts430x.lib : trgdrv.obj (.text:HOSTopen)
                  00026a10    00000062                 : fflush.obj (.text:__TI_doflush)
                  00026a72    00000062     epson-s1d13524.obj (.text:epson_epdc_early_init_s1d13524)
                  00026ad4    00000060     libBluetopia.a : BSC.obj (.text:BuildAndSubmitCommandWordByte$10)
                  00026b34    00000060                    : BSC.obj (.text:HCI_UnRegisterCallback)
                  00026b94    00000060     parser.obj (.text:parser_read_file_line)
                  00026bf4    0000005e     libBluetopia.a : BSC.obj (.text:FreeL2CAPContextInformation$11)
                  00026c52    0000005e     rts430x.lib : trgdrv.obj (.text:HOSTwrite)
                  00026cb0    0000005e     libBluetopia.a : BSC.obj (.text:InitializeProtocol$3)
                  00026d0e    0000005e                    : BSC.obj (.text:_RFCOMM_Set_System_Parameters)
                  00026d6c    0000005e     rts430x.lib : autoinit_wdt.obj (.text:_auto_init_hold_wdt)
                  00026dca    0000005e     epson-s1d135xx.obj (.text:s1d135xx_update)
                  00026e28    0000005c     SPPDemo.obj (.text:BD_ADDRToStr)
                  00026e84    0000005c     libBluetopia.a : BSC.obj (.text:BSC_AddGenericListEntry_Actual)
                  00026ee0    0000005c                    : BSC.obj (.text:FormatAndDispatchEventTEIDLCIByte$14)
                  00026f3c    0000005c     rts430x.lib : trgdrv.obj (.text:HOSTread)
                  00026f98    0000005c     SPPDemo.obj (.text:SetPairable)
                  00026ff4    0000005c     libBluetopia.a : BSC.obj (.text:TWUART_Resynchronize)
                  00027050    0000005c     epson-s1d13541.obj (.text:s1d13541_update_temp)
                  000270ac    0000005a     libBluetopia.a : BSC.obj (.text:AdjustSharedBuffer)
                  00027106    0000005a                    : BSC.obj (.text:BTPS_ChangeTimer)
                  00027160    0000005a                    : BSC.obj (.text:RemoveRFCOMMMessageInfoEntryByTEIAndDLCIAndMessage$14)
                  000271ba    0000005a     SPPDemo.obj (.text:SaveLinkKeyInfoToFlash)
                  00027214    0000005a     libBluetopia.a : BSC.obj (.text:SearchConnectionInfoEntryByBD_ADDRType$11)
                  0002726e    0000005a                    : BSC.obj (.text:_L2CA_Event_Callback$14)
                  000272c8    0000005a     ff.obj (.text:dir_find)
                  00027322    0000005a     rts430x.lib : snprintf.obj (.text:snprintf)
                  0002737c    00000058     libBluetopia.a : BSC.obj (.text:BuildAndSubmitCommandWord$10)
                  000273d4    00000058                    : BSC.obj (.text:_HCI_PIN_Code_Request_Reply)
                  0002742c    00000058     wflib.obj (.text:pl_wflib_lzss_wr)
                  00027484    00000058     probe.obj (.text:probe_dispinfo)
                  000274dc    00000058     rts430x.lib : div32u.obj (.text)
                  00027534    00000058     mmc.obj (.text:xmit_datablock)
                  0002758c    00000056     libBluetopia.a : BSC.obj (.text:FormatAndDispatchOpenConfirmationEvent$14)
                  000275e2    00000056                    : BSC.obj (.text:FormatEventConfigConfirmation$11)
                  00027638    00000056     parser.obj (.text:parser_read_str)
                  0002768e    00000054     BTPSKRNL.obj (.text:BTPS_WaitMailbox)
                  000276e2    00000054     libBluetopia.a : BSC.obj (.text:CheckPNResponseValues$14)
                  00027736    00000054                    : BSC.obj (.text:HCILL_TransmitBytes)
                  0002778a    00000054                    : BSC.obj (.text:RemoveRFCOMMMessageInfoEntryByTEIAndMessage$14)
                  000277de    00000054                    : BSC.obj (.text:_HCI_Write_Current_IAC_LAP)
                  00027832    00000054     rts430x.lib : lowlev.obj (.text:getdevice)
                  00027886    00000054     epson-s1d13524.obj (.text:s1d13524_clear_init)
                  000278da    00000052     libBluetopia.a : BSC.obj (.text:BTPS_StopTimer)
                  0002792c    00000052                    : BSC.obj (.text:FormatEventConnectConfirmation$11)
                  0002797e    00000052                    : BSC.obj (.text:HCI_Delete_Stored_Link_Key)
                  000279d0    00000052                    : BSC.obj (.text:QuerySharedBuffer)
                  00027a22    00000052                    : BSC.obj (.text:SDP_Cleanup)
                  00027a74    00000052     rts430x.lib : atoi.obj (.text:atoi)
                  00027ac6    00000052     epson-s1d13524.obj (.text:s1d13524_set_temp_mode)
                  00027b18    00000050     libBluetopia.a : BSC.obj (.text:BuildAndSubmitCommandByte$10)
                  00027b68    00000050                    : BSC.obj (.text:HCI_CloseDriver)
                  00027bb8    00000050                    : BSC.obj (.text:IssueBondingCallback$7)
                  00027c08    00000050                    : BSC.obj (.text:LP_DisconnectReq$11)
                  00027c58    00000050     utils.obj (.text:do_abort_msg)
                  00027ca8    00000050     pmic-tps65185.obj (.text:tps65185_set_vcom_voltage)
                  00027cf8    0000004e     libBluetopia.a : BSC.obj (.text:AddRFCOMMMessageInfoEntry$14)
                  00027d46    0000004e     BTPSKRNL.obj (.text:BTPS_AddMailbox)
                  00027d94    0000004e     libBluetopia.a : BSC.obj (.text:BuildEventBD_ADDRVariableData$10)
                  00027de2    0000004e                    : BSC.obj (.text:FormatAndDispatchAuthenticationStatusEvent$7)
                  00027e30    0000004e                    : BSC.obj (.text:_HCI_Read_BD_ADDR)
                  00027e7e    0000004e                    : BSC.obj (.text:_HCI_Read_Class_of_Device)
                  00027ecc    0000004e                    : BSC.obj (.text:_HCI_Read_Local_Supported_Commands)
                  00027f1a    0000004e     mmc.obj (.text:rcvr_datablock)
                  00027f68    0000004e     epson-s1d13524.obj (.text:s1d13524_update_temp)
                  00027fb6    0000004e     epson-s1d13541.obj (.text:update_temp_auto)
                  00028004    0000004c     libBluetopia.a : BSC.obj (.text:AddRFCOMMChannelInfoEntry$14)
                  00028050    0000004c                    : BSC.obj (.text:AsynchronousACLDataCallback$10)
                  0002809c    0000004c                    : BSC.obj (.text:FormatAndDispatchEventBD_ADDR$17)
                  000280e8    0000004c                    : BSC.obj (.text:FormatAndDispatchFlowEvent$14)
                  00028134    0000004c                    : BSC.obj (.text:FormatResponsePDUHeaderAndSend$16)
                  00028180    0000004c                    : BSC.obj (.text:GAP_Query_Connection_Handle)
                  000281cc    0000004c                    : BSC.obj (.text:GAP_Set_Connectability_Mode)
                  00028218    0000004c                    : BSC.obj (.text:_HCI_Read_Local_Supported_Features)
                  00028264    0000004c     lzss.obj (.text:getbit)
                  000282b0    0000004a     BTPSKRNL.obj (.text:BTPS_CreateMailbox)
                  000282fa    0000004a     HCITRANS.obj (.text:TxTransmit)
                  00028344    0000004a     libBluetopia.a : BSC.obj (.text:_HCI_Accept_Connection_Request)
                  0002838e    0000004a                    : BSC.obj (.text:_HCI_IO_Capability_Request_Negative_Reply)
                  000283d8    0000004a                    : BSC.obj (.text:_HCI_Link_Key_Request_Reply)
                  00028422    0000004a                    : BSC.obj (.text:_HCI_Reject_Connection_Request)
                  0002846c    0000004a                    : BSC.obj (.text:_HCI_Write_Class_of_Device)
                  000284b6    0000004a     rts430x.lib : lowlev.obj (.text:close)
                  00028500    0000004a     epson-s1d13541.obj (.text:epson_epdc_early_init_s1d13541)
                  0002854a    0000004a     epson-s1d135xx.obj (.text:s1d135xx_check_prod_code)
                  00028594    0000004a     epson-s1d135xx.obj (.text:send_cmd_area)
                  000285de    0000004a     epson-s1d13541.obj (.text:update_temp)
                  00028628    00000048     libBluetopia.a : BSC.obj (.text:AcquireGAPStackACLInfo$7)
                  00028670    00000048                    : BSC.obj (.text:BuildEventByteBD_ADDRByte$10)
                  000286b8    00000048                    : BSC.obj (.text:BuildEventByteWordByte$10)
                  00028700    00000048                    : BSC.obj (.text:GetNextTimerID$6)
                  00028748    00000048                    : BSC.obj (.text:L2CA_Set_Link_Connection_Configuration)
                  00028790    00000048     BTPSVEND.obj (.text:MovePatchBytes)
                  000287d8    00000048     libBluetopia.a : BSC.obj (.text:_HCI_Set_Event_Mask)
                  00028820    00000048     rts430x.lib : fprintf.obj (.text:fprintf)
                  00028868    00000048     msp430-spi.obj (.text:spi_init)
                  000288b0    00000046     libBluetopia.a : BSC.obj (.text:AcquireSPPStackPortInformation$17)
                  000288f6    00000046     BTPSKRNL.obj (.text:BTPS_DeleteMailbox)
                  0002893c    00000046     libBluetopia.a : BSC.obj (.text:CleanupSDPConnection$16)
                  00028982    00000046                    : BSC.obj (.text:_HCI_Write_Automatic_Flush_Timeout)
                  000289c8    00000046                    : BSC.obj (.text:_HCI_Write_Link_Supervision_Timeout)
                  00028a0e    00000046     lzss.obj (.text:lzss_init)
                  00028a54    00000046     epson-s1d135xx.obj (.text:s1d135xx_wait_idle)
                  00028a9a    00000044     libBluetopia.a : BSC.obj (.text:BuildCommandHeader$10)
                  00028ade    00000044     HAL.obj (.text:ConfigureVCore)
                  00028b22    00000044     libBluetopia.a : BSC.obj (.text:DeleteChannelInfoEntry$11)
                  00028b66    00000044     rts430x.lib : trgdrv.obj (.text:HOSTclose)
                  00028baa    00000044     libBluetopia.a : BSC.obj (.text:_HCI_Read_Scan_Enable)
                  00028bee    00000044                    : BSC.obj (.text:_HCI_Read_Simple_Pairing_Mode)
                  00028c32    00000044     rts430x.lib : _printfi_nf.obj (.text:_pproc_fflags)
                  00028c76    00000042     BTPSKRNL.obj (.text:BTPS_Init)
                  00028cb8    00000042     libBluetopia.a : BSC.obj (.text:DispatchSDPConnectionEvent$16)
                  00028cfa    00000042     HAL.obj (.text:HAL_ConfigureHardware)
                  00028d3c    00000042     libBluetopia.a : BSC.obj (.text:HCILL_Initialize)
                  00028d7e    00000042                    : BSC.obj (.text:HCI_Command_Supported)
                  00028dc0    00000042     rts430x.lib : trgdrv.obj (.text:HOSTunlink)
                  00028e02    00000042     libBluetopia.a : BSC.obj (.text:RFCOMM_Control$14)
                  00028e44    00000042     msp430-flashmem.obj (.text:WriteBytesToInfoFlashSeg)
                  00028e86    00000042     msp430-gpio.obj (.text:msp430_gpio_check_port)
                  00028ec8    00000042     parser.obj (.text:parser_find_str)
                  00028f0a    00000042     epson-s1d13524.obj (.text:s1d13524_init_clocks)
                  00028f4c    00000042     epson-s1d135xx.obj (.text:s1d135xx_hard_reset)
                  00028f8e    00000040     libBluetopia.a : BSC.obj (.text:BTPS_InitializeTimerModule)
                  00028fce    00000040                    : BSC.obj (.text:FreeCOMStructureResources$3)
                  0002900e    00000040                    : BSC.obj (.text:GAP_Register_Remote_Authentication)
                  0002904e    00000040                    : BSC.obj (.text:L2CAP_ConnectionTimeout$11)
                  0002908e    00000040     rts430x.lib : printf.obj (.text:printf)
                  000290ce    00000040                 : div32s.obj (.text)
                  0002910e    00000040     epson-s1d135xx.obj (.text:s1d135xx_read_reg)
                  0002914e    0000003e     libBluetopia.a : BSC.obj (.text:AddBufferListEntry$4)
                  0002918c    0000003e                    : BSC.obj (.text:BSC_SearchGenericListEntry)
                  000291ca    0000003e                    : BSC.obj (.text:FormatAndDispatchEventUnsignedInteger$17)
                  00029208    0000003e                    : BSC.obj (.text:TWUART_Shutdown)
                  00029246    0000003e     SPPDemo.obj (.text:Write)
                  00029284    0000003e     libBluetopia.a : BSC.obj (.text:_HCI_Disconnect)
                  000292c2    0000003e                    : BSC.obj (.text:_HCI_Link_Key_Request_Negative_Reply)
                  00029300    0000003e                    : BSC.obj (.text:_HCI_PIN_Code_Request_Negative_Reply)
                  0002933e    0000003e                    : BSC.obj (.text:_HCI_Read_Remote_Extended_Features)
                  0002937c    0000003e                    : BSC.obj (.text:_HCI_Set_Connection_Encryption)
                  000293ba    0000003e                    : BSC.obj (.text:_HCI_User_Confirmation_Request_Negative_Reply)
                  000293f8    0000003e                    : BSC.obj (.text:_HCI_User_Confirmation_Request_Reply)
                  00029436    0000003e                    : BSC.obj (.text:_HCI_User_Passkey_Request_Negative_Reply)
                  00029474    0000003e     ff.obj (.text:clust2sect)
                  000294b2    0000003e     rts430x.lib : lsl32.obj (.text:l_lsl_const)
                  000294f0    0000003e                 : lsr32.obj (.text:l_lsr_const)
                  0002952e    0000003c     BTPSKRNL.obj (.text:BTPS_AllocateMemory)
                  0002956a    0000003c     libBluetopia.a : BSC.obj (.text:HandleReadDataError$11)
                  000295a6    0000003c                    : BSC.obj (.text:_RFCOMM_Event_Callback$17)
                  000295e2    0000003c     epson-s1d135xx.obj (.text:transfer_file)
                  0002961e    0000003a     libBluetopia.a : BSC.obj (.text:CleanupChannel$11)
                  00029658    0000003a     rts430x.lib : lsl64.obj (.text:__lslll)
                  00029692    0000003a                 : lsr64.obj (.text:__lsrll)
                  000296cc    0000003a     i2c.obj (.text:pl_i2c_reg_read_8)
                  00029706    00000038     libBluetopia.a : BSC.obj (.text:RFCOMM_Cleanup)
                  0002973e    00000038                    : BSC.obj (.text:SearchRFCOMMChannelInfoEntryByTEIAndDLCI$14)
                  00029776    00000038     pmic-max17135.obj (.text:max17135_load_timings)
                  000297ae    00000038     rts430x.lib : memory.obj (.text:minit)
                  000297e6    00000038                 : sprintf.obj (.text:sprintf)
                  0002981e    00000036     libBluetopia.a : BSC.obj (.text:AddConnectionInfoEntry$11)
                  00029854    00000036                    : BSC.obj (.text:BSC_RegisterEventCallback)
                  0002988a    00000036                    : BSC.obj (.text:CheckIdle$4)
                  000298c0    00000036                    : BSC.obj (.text:CompareBluetoothAddress)
                  000298f6    00000036                    : BSC.obj (.text:FreePortInformationEntryMemory$17)
                  0002992c    00000036     msp430-sdcard.obj (.text:SDCard_init)
                  00029962    00000036     msp430-sdcard.obj (.text:SDCard_readFrame)
                  00029998    00000036     libBluetopia.a : BSC.obj (.text:_HCI_Authentication_Requested)
                  000299ce    00000036                    : BSC.obj (.text:_HCI_Flush)
                  00029a04    00000036                    : BSC.obj (.text:_HCI_Write_Default_Link_Policy_Settings)
                  00029a3a    00000036                    : BSC.obj (.text:_HCI_Write_Encryption_Mode)
                  00029a70    00000036                    : BSC.obj (.text:_HCI_Write_Scan_Enable)
                  00029aa6    00000036                    : BSC.obj (.text:_HCI_Write_Simple_Pairing_Mode)
                  00029adc    00000036     probe.obj (.text:probe_hwinfo)
                  00029b12    00000036     msp430-spi.obj (.text:spi_read_bytes)
                  00029b48    00000036     epson-s1d135xx.obj (.text:wflib_wr)
                  00029b7e    00000034     libBluetopia.a : BSC.obj (.text:DeleteIdentifierInfoEntryByIdentifier$11)
                  00029bb2    00000034                    : BSC.obj (.text:FormatAndDispatchInquiryEvent$7)
                  00029be6    00000034                    : BSC.obj (.text:FreeL2CAPConnectionInfoList$16)
                  00029c1a    00000034                    : BSC.obj (.text:GAP_Query_Local_BD_ADDR)
                  00029c4e    00000034                    : BSC.obj (.text:HCI_Reconfigure_Driver)
                  00029c82    00000034                    : BSC.obj (.text:ProcessPacket$4)
                  00029cb6    00000034                    : BSC.obj (.text:RemoveRFCOMMChannelInfoEntry$14)
                  00029cea    00000034                    : BSC.obj (.text:TransmitData$1)
                  00029d1e    00000034     epson-s1d135xx.obj (.text:get_hrdy)
                  00029d52    00000034     epson-s1d135xx.obj (.text:s1d135xx_write_reg)
                  00029d86    00000034     epson-s1d13541.obj (.text:update_temp_manual)
                  00029dba    00000032     libBluetopia.a : BSC.obj (.text:AcquireL2CAPStackInformation$11)
                  00029dec    00000032                    : BSC.obj (.text:AcquireRFCOMMStackInformation$14)
                  00029e1e    00000032                    : BSC.obj (.text:CalculateCRC$4)
                  00029e50    00000032                    : BSC.obj (.text:CleanUpInquiry$7)
                  00029e82    00000032                    : BSC.obj (.text:FreeServiceRecordList$16)
                  00029eb4    00000032                    : BSC.obj (.text:HCILL_Reconfigure)
                  00029ee6    00000032     BTPSKRNL.obj (.text:HeapInit)
                  00029f18    00000032     SPPDemo.obj (.text:SetDisc)
                  00029f4a    00000032     libBluetopia.a : BSC.obj (.text:SetTransportConfiguration$4)
                  00029f7c    00000032     rts430x.lib : fopen.obj (.text:__TI_cleanup)
                  00029fae    00000032                 : snprintf.obj (.text:_outs)
                  00029fe0    00000032     pre_init.obj (.text:_system_pre_init)
                  0002a012    00000032     crc16.obj (.text:crc16_run)
                  0002a044    00000032     pmic-max17135.obj (.text:max17135_set_vcom_voltage)
                  0002a076    00000032     hwinfo.obj (.text:pl_hwinfo_log)
                  0002a0a8    00000032     mmc.obj (.text:wait_ready)
                  0002a0da    00000030     libBluetopia.a : BSC.obj (.text:BuildEventUnknownData$10)
                  0002a10a    00000030                    : BSC.obj (.text:CalculateBufferOffset$0)
                  0002a13a    00000030                    : BSC.obj (.text:CloseComm)
                  0002a16a    00000030     BTPSVEND.obj (.text:ConfigureHCILL)
                  0002a19a    00000030     libBluetopia.a : BSC.obj (.text:FreeIdentifierInfoList$11)
                  0002a1ca    00000030     parser.obj (.text:parser_read_word)
                  0002a1fa    00000030     gpio.obj (.text:pl_gpio_config_list)
                  0002a22a    0000002e     libBluetopia.a : BSC.obj (.text:BSC_GetNextGenericListEntry)
                  0002a258    0000002e                    : BSC.obj (.text:FreeDriverStructureResources$2)
                  0002a286    0000002e                    : BSC.obj (.text:GetAccess)
                  0002a2b4    0000002e     HAL.obj (.text:HAL_GetSystemSpeed)
                  0002a2e2    0000002e     libBluetopia.a : BSC.obj (.text:HCI_Build_ACL_Packet_Type_Mask)
                  0002a310    0000002e     msp430-sdcard.obj (.text:SDCard_sendFrame)
                  0002a33e    0000002e     SPPDemo.obj (.text:SetConnect)
                  0002a36c    0000002e     rts430x.lib : trgmsg.obj (.text:__TI_writemsg)
                  0002a39a    0000002e     dispinfo.obj (.text:change_panel_dir)
                  0002a3c8    0000002e     epson-i2c.obj (.text:epson_i2c_init)
                  0002a3f6    0000002e     rts430x.lib : exit.obj (.text:exit)
                  0002a424    0000002e     ff.obj (.text:f_mount)
                  0002a452    0000002e     rts430x.lib : lowlev.obj (.text:finddevice)
                  0002a480    0000002e     epdpsu.obj (.text:pl_epdpsu_gpio_off)
                  0002a4ae    0000002e     epson-i2c.obj (.text:s1d135xx_i2c_send_addr)
                  0002a4dc    0000002e     msp430-spi.obj (.text:spi_write_bytes)
                  0002a50a    0000002c     libBluetopia.a : BSC.obj (.text:BuildEventHeader$10)
                  0002a536    0000002c                    : BSC.obj (.text:CompareNULLBluetoothAddress)
                  0002a562    0000002c                    : BSC.obj (.text:FreeConnectionInfoList$16)
                  0002a58e    0000002c                    : BSC.obj (.text:GetNextServiceRecordHandle$16)
                  0002a5ba    0000002c                    : BSC.obj (.text:HCI_ProcessHCIDriverInformation)
                  0002a5e6    0000002c                    : BSC.obj (.text:HCI_Write_Default_Link_Policy_Settings)
                  0002a612    0000002c                    : BSC.obj (.text:MailboxDeleteDataCallback$10)
                  0002a63e    0000002c                    : BSC.obj (.text:RestartPacketizer$4)
                  0002a66a    0000002c                    : BSC.obj (.text:SearchRFCOMMMessageInfoEntryByMessageTEIAndDLCI$14)
                  0002a696    0000002c     rts430x.lib : trgmsg.obj (.text:__TI_readmsg)
                  0002a6c2    0000002c     utils.obj (.text:join_path)
                  0002a6ee    0000002c     Main.obj (.text:main)
                  0002a71a    0000002c     msp430-uart.obj (.text:msp430_uart_write)
                  0002a746    0000002c     rts430x.lib : div16s.obj (.text)
                  0002a772    0000002c     epson-s1d135xx.obj (.text:s1d135xx_cmd)
                  0002a79e    0000002c     rts430x.lib : strncpy.obj (.text:strncpy)
                  0002a7ca    0000002c     ff.obj (.text:validate)
                  0002a7f6    0000002a     libBluetopia.a : BSC.obj (.text:AcquireGAPStackInformation$7)
                  0002a820    0000002a                    : BSC.obj (.text:AcquireSDPStackInformation$16)
                  0002a84a    0000002a                    : BSC.obj (.text:AcquireSPPStackInformation$17)
                  0002a874    0000002a     BTPSKRNL.obj (.text:BTPS_Delay)
                  0002a89e    0000002a     libBluetopia.a : BSC.obj (.text:BuildEventWord$10)
                  0002a8c8    0000002a                    : BSC.obj (.text:FormatEventDisconnectConfirmation$11)
                  0002a8f2    0000002a                    : BSC.obj (.text:SPP_Cleanup)
                  0002a91c    0000002a                    : BSC.obj (.text:SearchRFCOMMServerInfoEntryByTEI$14)
                  0002a946    0000002a                    : BSC.obj (.text:VerifySharedBufferPointer)
                  0002a970    0000002a                    : BSC.obj (.text:_RFCOMM_Un_Register_Server_Channel)
                  0002a99a    0000002a     epdpsu.obj (.text:pl_epdpsu_epdc_off)
                  0002a9c4    0000002a     epdpsu.obj (.text:pl_epdpsu_epdc_on)
                  0002a9ee    0000002a     epson-s1d135xx.obj (.text:send_cmd)
                  0002aa18    0000002a     rts430x.lib : lowlev.obj (.text:unlink)
                  0002aa42    00000028     libBluetopia.a : BSC.obj (.text:DispatchDebugPacketCallbacks$2)
                  0002aa6a    00000028                    : BSC.obj (.text:FormatEventDisconnectIndication$11)
                  0002aa92    00000028                    : BSC.obj (.text:FreeBSCTimerEntryList$0)
                  0002aaba    00000028                    : BSC.obj (.text:HCI_Version_Supported)
                  0002aae2    00000028     BTVS.obj (.text:MapSendRawResults)
                  0002ab0a    00000028     HAL.obj (.text:StartCrystalOscillator)
                  0002ab32    00000028     libBluetopia.a : BSC.obj (.text:TransmitData$4)
                  0002ab5a    00000028                    : BSC.obj (.text:_L2CA_Disconnect_Response)
                  0002ab82    00000028     rts430x.lib : fopen.obj (.text:freopen)
                  0002abaa    00000028     msp430-uart.obj (.text:msp430_uart_putc)
                  0002abd2    00000028     epson-s1d13524.obj (.text:s1d13524_load_image)
                  0002abfa    00000028     epson-s1d13541.obj (.text:s1d13541_init_clocks)
                  0002ac22    00000028     epson-s1d13541.obj (.text:s1d13541_load_image)
                  0002ac4a    00000026     SPPDemo.obj (.text:CloseStack)
                  0002ac70    00000026     HAL.obj (.text:ConfigureTimer)
                  0002ac96    00000026     BTPSKRNL.obj (.text:ConsoleWrite)
                  0002acbc    00000026     libBluetopia.a : BSC.obj (.text:DeleteServiceRecordEntry$16)
                  0002ace2    00000026                    : BSC.obj (.text:Discoverability_Timeout_Callback$7)
                  0002ad08    00000026                    : BSC.obj (.text:FreeCOMList$3)
                  0002ad2e    00000026                    : BSC.obj (.text:FreeDriverList$2)
                  0002ad54    00000026                    : BSC.obj (.text:FreeTransmitBufferListHead$1)
                  0002ad7a    00000026     HCITRANS.obj (.text:HCITR_COMWrite)
                  0002ada0    00000026     sprintf.obj (.text:NumDigits)
                  0002adc6    00000026     libBluetopia.a : BSC.obj (.text:SearchServiceRecordEntry$16)
                  0002adec    00000026                    : BSC.obj (.text:SendQueuedPackets$1)
                  0002ae12    00000026     rts430x.lib : lowlev.obj (.text:lseek)
                  0002ae38    00000026     msp430-gpio.obj (.text:msp430_gpio_set)
                  0002ae5e    00000026     msp430-uart.obj (.text:msp430_uart_read)
                  0002ae84    00000024     libBluetopia.a : BSC.obj (.text:AcknowledgeTimerExpired$4)
                  0002aea8    00000024                    : BSC.obj (.text:BSC_FreeGenericListEntryList)
                  0002aecc    00000024     BTPSVEND.obj (.text:HCI_VS_InitializeBeforeHCIOpen)
                  0002aef0    00000024     libBluetopia.a : BSC.obj (.text:SearchRFCOMMMessageInfoEntryByTEIAndDLCI$14)
                  0002af14    00000024     epson-s1d135xx.obj (.text:s1d135xx_clear_init)
                  0002af38    00000024     rts430x.lib : lowlev.obj (.text:write)
                  0002af5c    00000022     libBluetopia.a : BSC.obj (.text:CleanupHCIDriver$2)
                  0002af7e    00000022                    : BSC.obj (.text:DeleteBTStackEntry$0)
                  0002afa0    00000022                    : BSC.obj (.text:DeleteCOMEntry$3)
                  0002afc2    00000022                    : BSC.obj (.text:DeleteConnectionInfoEntryCID$16)
                  0002afe4    00000022                    : BSC.obj (.text:DeleteDriverEntry$2)
                  0002b006    00000022                    : BSC.obj (.text:DeleteL2CAPConnectionInfoEntryCID$16)
                  0002b028    00000022     msp430-flashmem.obj (.text:EraseInfoFlashSeg)
                  0002b04a    00000022     libBluetopia.a : BSC.obj (.text:FormatEventCIDOnly$11)
                  0002b06c    00000022                    : BSC.obj (.text:FreeBufferListHead$4)
                  0002b08e    00000022                    : BSC.obj (.text:FreePortInformationList$17)
                  0002b0b0    00000022                    : BSC.obj (.text:IdleTimerExpired$4)
                  0002b0d2    00000022                    : BSC.obj (.text:SearchBTStackEntry$0)
                  0002b0f4    00000022                    : BSC.obj (.text:SearchCOMEntry$3)
                  0002b116    00000022                    : BSC.obj (.text:SearchChannelInfoEntry$11)
                  0002b138    00000022                    : BSC.obj (.text:SearchConnectionInfoEntry$16)
                  0002b15a    00000022                    : BSC.obj (.text:SearchConnectionInfoEntryByConnectionHandle$11)
                  0002b17c    00000022                    : BSC.obj (.text:SearchDriverEntry$2)
                  0002b19e    00000022                    : BSC.obj (.text:SearchL2CAPConnectionInfoEntryByTimerID$14)
                  0002b1c0    00000022                    : BSC.obj (.text:SearchRFCOMMMessageInfoEntryByTimerID$14)
                  0002b1e2    00000022                    : BSC.obj (.text:SendNullPacket$4)
                  0002b204    00000022     rts430x.lib : memcmp.obj (.text:memcmp)
                  0002b226    00000022                 : mult32_f5hw.obj (.text)
                  0002b248    00000022     epson-s1d135xx.obj (.text:send_params)
[...]
000228ce  malloc                                       
0002297a  GAP_Set_Encryption_Mode                      
00022ace  HCI_OpenDriver                               
00022b78  _RFCOMM_Modem_Status                         
00022c22  vcom_calculate                               
00022e1c  ReadCmdFromPhoneApp                          
00022ec2  _RFCOMM_Register_Server_Channel              
00022f68  pnm_read_header                              
0002300e  HCI_Cleanup                                  
000230b2  f_sync                                       
0002329a  msp430_uart_register_files                   
0002333c  HAL_CommConfigure                            
00023826  CtsInterrupt                                 
000238be  open                                         
000239ec  GAP_Cleanup                                  
00023c40  disk_read                                    
00023cd4  eeprom_read                                  
00023d68  f_chdir                                      
00023f20  VS_Enable_Sleep_Mode                         
00024044  _HCI_Read_Local_Version_Information          
000240d4  _L2CA_Flush_Channel_Data                     
00024284  HCI_Reset                                    
00024312  SDP_Delete_Service_Record                    
0002465c  fputc                                        
0002465c  putc                                         
000246e8  s1d135xx_load_wflib                          
00024774  BSC_AddGenericListEntry                      
000247fe  HCILL_ReceiveBytes                           
00024aa6  BTPS_StartTimer                              
00024bb2  HOSTlseek                                    
00024c38  SPP_Close_Server_Port                        
00024cbe  msp430_i2c_init                              
00024dc8  _HCI_Read_Buffer_Size                        
00024fd4  free                                         
00025150  WriteDataElementSequenceHeader               
00025344  pl_dispinfo_log                              
0002543c  __TI_wrt_ok                                  
000254b6  BSC_Shutdown                                 
0002552e  HCI_Schedule_Asynchronous_Callback           
00025694  L2CAP_Cleanup                                
00025780  _HCI_IO_Capability_Request_Reply             
000257f6  BTPS_AddFunctionToScheduler                  
0002594e  pl_wflib_init_eeprom                         
000259c0  probe_epdc                                   
00025bee  _HCI_User_Passkey_Request_Reply              
00025cc8  _L2CA_Register_PSM                           
00025e0a  HCI_CancelPacket                             
00025e74  HOSTrename                                   
00025f48  TWUART_TransmitBytes                         
00025fb2  abort_now                                    
0002601c  fseek                                        
000260f0  s1d135xx_fill                                
00026292  __TI_closefile                               
000262fa  pl_wflib_init_fatfs                          
00026362  s1d135xx_set_epd_power                       
000263ca  BSC_DeleteGenericListEntry                   
000265c8  _HCI_Delete_Stored_Link_Key                  
000268ea  HCITR_COMClose                               
0002694c  HCI_ReconfigureDriver                        
000269ae  HOSTopen                                     
00026a10  __TI_doflush                                 
00026a72  epson_epdc_early_init_s1d13524               
00026b34  HCI_UnRegisterCallback                       
00026b94  parser_read_file_line                        
00026c52  HOSTwrite                                    
00026d0e  _RFCOMM_Set_System_Parameters                
00026d6c  _auto_init_hold_wdt                          
00026dca  s1d135xx_update                              
00026e84  BSC_AddGenericListEntry_Actual               
00026f3c  HOSTread                                     
00026ff4  TWUART_Resynchronize                         
000270ac  AdjustSharedBuffer                           
00027106  BTPS_ChangeTimer                             
00027322  snprintf                                     
000273d4  _HCI_PIN_Code_Request_Reply                  
00027484  probe_dispinfo                               
000274dc  __divul                                      
000274dc  __remul                                      
00027638  parser_read_str                              
0002768e  BTPS_WaitMailbox                             
00027736  HCILL_TransmitBytes                          
000277de  _HCI_Write_Current_IAC_LAP                   
000278da  BTPS_StopTimer                               
0002797e  HCI_Delete_Stored_Link_Key                   
000279d0  QuerySharedBuffer                            
00027a22  SDP_Cleanup                                  
00027a74  atoi                                         
00027b68  HCI_CloseDriver                              
00027ca8  tps65185_set_vcom_voltage                    
00027d46  BTPS_AddMailbox                              
00027e30  _HCI_Read_BD_ADDR                            
00027e7e  _HCI_Read_Class_of_Device                    
00027ecc  _HCI_Read_Local_Supported_Commands           
00028180  GAP_Query_Connection_Handle                  
000281cc  GAP_Set_Connectability_Mode                  
00028218  _HCI_Read_Local_Supported_Features           
000282b0  BTPS_CreateMailbox                           
00028344  _HCI_Accept_Connection_Request               
0002838e  _HCI_IO_Capability_Request_Negative_Reply    
000283d8  _HCI_Link_Key_Request_Reply                  
00028422  _HCI_Reject_Connection_Request               
0002846c  _HCI_Write_Class_of_Device                   
000284b6  close                                        
00028500  epson_epdc_early_init_s1d13541               
0002854a  s1d135xx_check_prod_code                     
00028748  L2CA_Set_Link_Connection_Configuration       
000287d8  _HCI_Set_Event_Mask                          
00028820  fprintf                                      
00028868  spi_init                                     
000288f6  BTPS_DeleteMailbox                           
00028982  _HCI_Write_Automatic_Flush_Timeout           
000289c8  _HCI_Write_Link_Supervision_Timeout          
00028a0e  lzss_init                                    
00028a54  s1d135xx_wait_idle                           
00028b66  HOSTclose                                    
00028baa  _HCI_Read_Scan_Enable                        
00028bee  _HCI_Read_Simple_Pairing_Mode                
00028c76  BTPS_Init                                    
00028cfa  HAL_ConfigureHardware                        
00028d3c  HCILL_Initialize                             
00028d7e  HCI_Command_Supported                        
00028dc0  HOSTunlink                                   
00028e44  WriteBytesToInfoFlashSeg                     
00028ec8  parser_find_str                              
00028f4c  s1d135xx_hard_reset                          
00028f8e  BTPS_InitializeTimerModule                   
0002900e  GAP_Register_Remote_Authentication           
0002908e  printf                                       
000290ce  __divli                                      
000290ce  __remli                                      
0002910e  s1d135xx_read_reg                            
0002918c  BSC_SearchGenericListEntry                   
00029208  TWUART_Shutdown                              
00029284  _HCI_Disconnect                              
000292c2  _HCI_Link_Key_Request_Negative_Reply         
00029300  _HCI_PIN_Code_Request_Negative_Reply         
0002933e  _HCI_Read_Remote_Extended_Features           
0002937c  _HCI_Set_Connection_Encryption               
000293ba  _HCI_User_Confirmation_Request_Negative_Reply
000293f8  _HCI_User_Confirmation_Request_Reply         
00029436  _HCI_User_Passkey_Request_Negative_Reply     
00029474  clust2sect                                   
000294b2  L_LSL_15                                     
000294b6  L_LSL_14                                     
000294ba  L_LSL_13                                     
000294be  L_LSL_12                                     
000294c2  L_LSL_11                                     
000294c6  L_LSL_10                                     
000294ca  L_LSL_9                                      
000294ce  L_LSL_8                                      
000294d2  L_LSL_7                                      
000294d6  L_LSL_6                                      
000294da  L_LSL_5                                      
000294de  L_LSL_4                                      
000294e2  L_LSL_3                                      
000294e6  L_LSL_2                                      
000294ea  L_LSL_1                                      
000294f0  L_LSR_15                                     
000294f4  L_LSR_14                                     
000294f8  L_LSR_13                                     
000294fc  L_LSR_12                                     
00029500  L_LSR_11                                     
00029504  L_LSR_10                                     
00029508  L_LSR_9                                      
0002950c  L_LSR_8                                      
00029510  L_LSR_7                                      
00029514  L_LSR_6                                      
00029518  L_LSR_5                                      
0002951c  L_LSR_4                                      
00029520  L_LSR_3                                      
00029524  L_LSR_2                                      
00029528  L_LSR_1                                      
0002952e  BTPS_AllocateMemory                          
00029658  __lslll                                      
00029692  __lsrll                                      
000296cc  pl_i2c_reg_read_8                            
00029706  RFCOMM_Cleanup                               
000297ae  minit                                        
000297e6  sprintf                                      
00029854  BSC_RegisterEventCallback                    
000298c0  CompareBluetoothAddress                      
0002992c  SDCard_init                                  
00029962  SDCard_readFrame                             
00029998  _HCI_Authentication_Requested                
000299ce  _HCI_Flush                                   
00029a04  _HCI_Write_Default_Link_Policy_Settings      
00029a3a  _HCI_Write_Encryption_Mode                   
00029a70  _HCI_Write_Scan_Enable                       
00029aa6  _HCI_Write_Simple_Pairing_Mode               
00029adc  probe_hwinfo                                 
00029b12  spi_read_bytes                               
00029c1a  GAP_Query_Local_BD_ADDR                      
00029c4e  HCI_Reconfigure_Driver                       
00029d52  s1d135xx_write_reg                           
00029eb4  HCILL_Reconfigure                            
00029f7c  __TI_cleanup                                 
00029fe0  _system_pre_init                             
0002a012  crc16_run                                    
0002a044  max17135_set_vcom_voltage                    
0002a076  pl_hwinfo_log                                
0002a13a  CloseComm                                    
0002a1ca  parser_read_word                             
0002a1fa  pl_gpio_config_list                          
0002a22a  BSC_GetNextGenericListEntry                  
0002a286  GetAccess                                    
0002a2b4  HAL_GetSystemSpeed                           
0002a2e2  HCI_Build_ACL_Packet_Type_Mask               
0002a310  SDCard_sendFrame                             
0002a36c  __TI_writemsg                                
0002a396  C$$IO$$                                      
0002a3c8  epson_i2c_init                               
0002a3f6  exit                                         
0002a424  f_mount                                      
0002a4dc  spi_write_bytes                              
0002a536  CompareNULLBluetoothAddress                  
0002a5ba  HCI_ProcessHCIDriverInformation              
0002a5e6  HCI_Write_Default_Link_Policy_Settings       
0002a696  __TI_readmsg                                 
0002a6c2  join_path                                    
0002a6ee  main                                         
0002a71a  msp430_uart_write                            
0002a746  __divi                                       
0002a746  __remi                                       
0002a772  s1d135xx_cmd                                 
0002a79e  strncpy                                      
0002a874  BTPS_Delay                                   
0002a8f2  SPP_Cleanup                                  
0002a946  VerifySharedBufferPointer                    
0002a970  _RFCOMM_Un_Register_Server_Channel           
0002aa18  unlink                                       
0002aaba  HCI_Version_Supported                        
0002ab5a  _L2CA_Disconnect_Response                    
0002ab82  freopen                                      
0002abaa  msp430_uart_putc                             
0002ad7a  HCITR_COMWrite                               
0002ae12  lseek                                        
0002ae38  msp430_gpio_set                              
0002ae5e  msp430_uart_read                             
0002aea8  BSC_FreeGenericListEntryList                 
0002aecc  HCI_VS_InitializeBeforeHCIOpen               
0002af14  s1d135xx_clear_init                          
0002af38  write                                        
0002b028  EraseInfoFlashSeg                            
0002b204  memcmp                                       
0002b226  __mpyl_f5hw                                  
0002b32a  HCILL_Shutdown                               
0002b34a  ReadBytesFromInfoFlashSeg                    
0002b4ca  disk_status                                  
0002b50a  memmove                                      
0002b58a  BTPS_OutputMessage                           
0002b6d4  pl_i2c_reg_write_8                           
0002b6f2  AcquireBluetoothStackInformation             
0002b79a  CleanupCOMMList                              
0002b826  msp430_gpio_init                             
0002b842  pl_epdpsu_epdc_init                          
0002b85e  pl_epdpsu_gpio_init                          
0002b896  swap32                                       
0002b9b6  __mpysl_f5hw                                 
0002b9d0  memccpy                                      
0002ba04  strchr                                       
0002ba50  BTPS_CleanupTimerModule                      
0002bb10  _RFCOMM_Send_Data                            
0002bb40  mdelay                                       
0002bb40  msleep                                       
0002bb70  s1d135xx_soft_reset                          
0002bba0  strcmp                                       
0002bbb8  udelay                                       
0002bbd0  BSC_UnRegisterEventCallback                  
0002bc28  HCI_RegisterACLDataCallback                  
0002bc3e  HCI_RegisterEventCallback                    
0002bc54  HCI_Register_ACL_Data_Callback               
0002bc6a  HCI_Register_Event_Callback                  
0002bc80  InitializeBSCModule                          
0002bc96  ProcessComm                                  
0002bcac  do_abort_msg_error                           
0002bcc2  max17135_init                                
0002bcd8  __divu                                       
0002bcd8  __remu                                       
0002bcee  __mpyi_f5hw                                  
0002bd1a  s1d135xx_init_gate_drv                       
0002bd30  s1d135xx_wait_dspe_trig                      
0002bd46  s1d135xx_wait_update_end                     
0002bd72  BTPS_GetTickCount                            
0002be4e  InitializeCOMMList                           
0002be76  _L2CA_Data_Write                             
0002be9e  epson_epdc_early_init                        
0002beb2  f_close                                      
0002bec6  memchr                                       
0002beda  memset                                       
0002bf24  SDCard_fastMode                              
0002bf36  SDCard_setCSHigh                             
0002bf48  SDCard_setCSLow                              
0002bf5a  _RFCOMM_Send_Credits                         
0002bf90  f_chdrive                                    
0002bfa2  memcpy                                       
0002bfb4  msp430_gpio_get                              
0002bfd8  msp430_uart_getc                             
0002bfea  swap16_array                                 
0002bffc  swap32_array                                 
0002c00e  timer_start                                  
0002c020  BTPS_ExecuteScheduler                        
0002c050  HCITR_COMProcess                             
0002c070  SprintF                                      
0002c080  L_LSL                                        
0002c090  L_LSR                                        
0002c0b0  strcpy                                       
0002c0c0  BTPS_ProcessAsynchronousTimers               
0002c13e  msp430_uart_open                             
0002c14c  strlen                                       
0002c15a  swap16                                       
0002c168  BTPS_DeInit                                  
0002c174  HCI_Send_ACL_Data                            
0002c18c  BSC_FreeGenericListEntryMemory               
0002c196  BTPS_FreeMemory                              
0002c1a0  HAL_EnableSMCLK                              
0002c1aa  HAL_GetTickCount                             
0002c1b4  HCILL_Resynchronize                          
0002c1e6  get_fattime                                  
0002c1f0  I_LSL                                        
0002c1fa  BTPS_MemInitialize                           
0002c262  BTPS_MemCompare                              
0002c268  BTPS_MemCopy                                 
0002c26e  BTPS_MemMove                                 
0002c274  BTPS_StringLength                            
0002c280  GetCertLength                                
0002c286  GetCertPtr                                   
0002c292  HAL_LedToggle                                
0002c29e  SDCard_uDelay                                
0002c2a4  SPP_Respond_Port_Information                 
0002c2b6  msp430_uart_lseek                            
0002c2c2  timer_stop                                   
0002c2ce  BSC_AcquireListLock                          
0002c306  GOEP_Initialize                              
0002c30a  GetCertCurrentDate                           
0002c30e  HCI_VS_InitializeAfterHCIClose               
0002c312  HCI_VS_InitializeAfterHCIOpen                
0002c316  HCI_VS_InitializeBeforeHCIClose              
0002c31a  HCI_VS_InitializeBeforeHCIReset              
0002c31e  OTP_Initialize                               
0002c322  SCO_Initialize                               
0002c32e  C$$EXIT                                      
0002c32e  abort                                        
0002c332  msp430_uart_close                            
0002c336  msp430_uart_rename                           
0002c33a  msp430_uart_unlink                           
0002c33e  remove                                       
0002c342  _nop                                         
ffffffff  .text                                        
ffffffff  __binit__                                    
ffffffff  __c_args__                                   
ffffffff  __etext__                                    
ffffffff  __pinit__                                    
ffffffff  __text__                                     
ffffffff  binit                                        
ffffffff  etext                                        
ffffffff  pinit                                        

[1190 symbols]
