<?xml version="1.0"?>
<link_info>
   <banner>MSP430 Linker PC v4.4.4</banner>
   <copyright>Copyright (c) 2003-2015 Texas Instruments Incorporated</copyright>
   <link_time>0x55e7c5e8</link_time>
   <link_errors>0x0</link_errors>
   <output_file>pl-epd-ti-bt-v4.out</output_file>
   <entry_point>
      <name>_c_int00_noargs</name>
      <address>0x81f2</address>
   </entry_point>
   <input_file_list>
      <input_file id="fl-2">
         <path>.\</path>
         <kind>object</kind>
         <file>Main.obj</file>
         <name>Main.obj</name>
      </input_file>
      <input_file id="fl-3">
         <path>.\</path>
         <kind>object</kind>
         <file>SPPDemo.obj</file>
         <name>SPPDemo.obj</name>
      </input_file>
      <input_file id="fl-4">
         <path>.\pl\</path>
         <kind>object</kind>
         <file>dispinfo.obj</file>
         <name>dispinfo.obj</name>
      </input_file>
      <input_file id="fl-5">
         <path>.\pl\</path>
         <kind>object</kind>
         <file>epdc.obj</file>
         <name>epdc.obj</name>
      </input_file>
      <input_file id="fl-6">
         <path>.\pl\</path>
         <kind>object</kind>
         <file>epdpsu.obj</file>
         <name>epdpsu.obj</name>
      </input_file>
      <input_file id="fl-7">
         <path>.\pl\</path>
         <kind>object</kind>
         <file>gpio.obj</file>
         <name>gpio.obj</name>
      </input_file>
      <input_file id="fl-8">
         <path>.\pl\</path>
         <kind>object</kind>
         <file>hwinfo.obj</file>
         <name>hwinfo.obj</name>
      </input_file>
      <input_file id="fl-9">
         <path>.\pl\</path>
         <kind>object</kind>
         <file>i2c.obj</file>
         <name>i2c.obj</name>
      </input_file>
      <input_file id="fl-a">
         <path>.\pl\</path>
         <kind>object</kind>
         <file>wflib.obj</file>
         <name>wflib.obj</name>
      </input_file>
      <input_file id="fl-b">
         <path>.\epson\</path>
         <kind>object</kind>
         <file>epson-epdc.obj</file>
         <name>epson-epdc.obj</name>
      </input_file>
      <input_file id="fl-c">
         <path>.\epson\</path>
         <kind>object</kind>
         <file>epson-i2c.obj</file>
         <name>epson-i2c.obj</name>
      </input_file>
      <input_file id="fl-d">
         <path>.\epson\</path>
         <kind>object</kind>
         <file>epson-s1d13524.obj</file>
         <name>epson-s1d13524.obj</name>
      </input_file>
      <input_file id="fl-e">
         <path>.\epson\</path>
         <kind>object</kind>
         <file>epson-s1d13541.obj</file>
         <name>epson-s1d13541.obj</name>
      </input_file>
      <input_file id="fl-f">
         <path>.\epson\</path>
         <kind>object</kind>
         <file>epson-s1d135xx.obj</file>
         <name>epson-s1d135xx.obj</name>
      </input_file>
      <input_file id="fl-10">
         <path>.\epd_sys\</path>
         <kind>object</kind>
         <file>crc16.obj</file>
         <name>crc16.obj</name>
      </input_file>
      <input_file id="fl-11">
         <path>.\epd_sys\</path>
         <kind>object</kind>
         <file>dac-5820.obj</file>
         <name>dac-5820.obj</name>
      </input_file>
      <input_file id="fl-12">
         <path>.\epd_sys\</path>
         <kind>object</kind>
         <file>i2c-eeprom.obj</file>
         <name>i2c-eeprom.obj</name>
      </input_file>
      <input_file id="fl-13">
         <path>.\epd_sys\</path>
         <kind>object</kind>
         <file>lzss.obj</file>
         <name>lzss.obj</name>
      </input_file>
      <input_file id="fl-14">
         <path>.\epd_sys\</path>
         <kind>object</kind>
         <file>pmic-max17135.obj</file>
         <name>pmic-max17135.obj</name>
      </input_file>
      <input_file id="fl-15">
         <path>.\epd_sys\</path>
         <kind>object</kind>
         <file>pmic-tps65185.obj</file>
         <name>pmic-tps65185.obj</name>
      </input_file>
      <input_file id="fl-16">
         <path>.\epd_sys\</path>
         <kind>object</kind>
         <file>pnm-utils.obj</file>
         <name>pnm-utils.obj</name>
      </input_file>
      <input_file id="fl-17">
         <path>.\epd_sys\</path>
         <kind>object</kind>
         <file>probe.obj</file>
         <name>probe.obj</name>
      </input_file>
      <input_file id="fl-18">
         <path>.\epd_sys\</path>
         <kind>object</kind>
         <file>utils.obj</file>
         <name>utils.obj</name>
      </input_file>
      <input_file id="fl-19">
         <path>.\epd_sys\</path>
         <kind>object</kind>
         <file>vcom.obj</file>
         <name>vcom.obj</name>
      </input_file>
      <input_file id="fl-1a">
         <path>.\epd_app\</path>
         <kind>object</kind>
         <file>app.obj</file>
         <name>app.obj</name>
      </input_file>
      <input_file id="fl-1b">
         <path>.\epd_app\</path>
         <kind>object</kind>
         <file>parser.obj</file>
         <name>parser.obj</name>
      </input_file>
      <input_file id="fl-1c">
         <path>.\epd_app\</path>
         <kind>object</kind>
         <file>pattern.obj</file>
         <name>pattern.obj</name>
      </input_file>
      <input_file id="fl-1d">
         <path>.\epd_app\</path>
         <kind>object</kind>
         <file>power.obj</file>
         <name>power.obj</name>
      </input_file>
      <input_file id="fl-1e">
         <path>.\epd_app\</path>
         <kind>object</kind>
         <file>sequencer.obj</file>
         <name>sequencer.obj</name>
      </input_file>
      <input_file id="fl-1f">
         <path>.\epd_app\</path>
         <kind>object</kind>
         <file>slideshow.obj</file>
         <name>slideshow.obj</name>
      </input_file>
      <input_file id="fl-20">
         <path>.\Hardware\</path>
         <kind>object</kind>
         <file>low_level_init.obj</file>
         <name>low_level_init.obj</name>
      </input_file>
      <input_file id="fl-21">
         <path>.\Hardware\</path>
         <kind>object</kind>
         <file>pre_init.obj</file>
         <name>pre_init.obj</name>
      </input_file>
      <input_file id="fl-22">
         <path>.\Hardware\msp430\</path>
         <kind>object</kind>
         <file>HAL.obj</file>
         <name>HAL.obj</name>
      </input_file>
      <input_file id="fl-23">
         <path>.\Hardware\msp430\</path>
         <kind>object</kind>
         <file>hal_pmm.obj</file>
         <name>hal_pmm.obj</name>
      </input_file>
      <input_file id="fl-24">
         <path>.\Hardware\msp430\</path>
         <kind>object</kind>
         <file>msp430-epd.obj</file>
         <name>msp430-epd.obj</name>
      </input_file>
      <input_file id="fl-25">
         <path>.\Hardware\msp430\</path>
         <kind>object</kind>
         <file>msp430-flashmem.obj</file>
         <name>msp430-flashmem.obj</name>
      </input_file>
      <input_file id="fl-26">
         <path>.\Hardware\msp430\</path>
         <kind>object</kind>
         <file>msp430-gpio.obj</file>
         <name>msp430-gpio.obj</name>
      </input_file>
      <input_file id="fl-27">
         <path>.\Hardware\msp430\</path>
         <kind>object</kind>
         <file>msp430-i2c.obj</file>
         <name>msp430-i2c.obj</name>
      </input_file>
      <input_file id="fl-28">
         <path>.\Hardware\msp430\</path>
         <kind>object</kind>
         <file>msp430-interrupts.obj</file>
         <name>msp430-interrupts.obj</name>
      </input_file>
      <input_file id="fl-29">
         <path>.\Hardware\msp430\</path>
         <kind>object</kind>
         <file>msp430-sdcard.obj</file>
         <name>msp430-sdcard.obj</name>
      </input_file>
      <input_file id="fl-2a">
         <path>.\Hardware\msp430\</path>
         <kind>object</kind>
         <file>msp430-spi.obj</file>
         <name>msp430-spi.obj</name>
      </input_file>
      <input_file id="fl-2b">
         <path>.\Hardware\msp430\</path>
         <kind>object</kind>
         <file>msp430-timers.obj</file>
         <name>msp430-timers.obj</name>
      </input_file>
      <input_file id="fl-2c">
         <path>.\Hardware\msp430\</path>
         <kind>object</kind>
         <file>msp430-uart.obj</file>
         <name>msp430-uart.obj</name>
      </input_file>
      <input_file id="fl-2d">
         <path>.\FatFs\</path>
         <kind>object</kind>
         <file>ff.obj</file>
         <name>ff.obj</name>
      </input_file>
      <input_file id="fl-2e">
         <path>.\FatFs\</path>
         <kind>object</kind>
         <file>mmc.obj</file>
         <name>mmc.obj</name>
      </input_file>
      <input_file id="fl-2f">
         <path>.\Bluetopia\hcitrans\</path>
         <kind>object</kind>
         <file>HCITRANS.obj</file>
         <name>HCITRANS.obj</name>
      </input_file>
      <input_file id="fl-30">
         <path>.\Bluetopia\btvs\</path>
         <kind>object</kind>
         <file>BTVS.obj</file>
         <name>BTVS.obj</name>
      </input_file>
      <input_file id="fl-31">
         <path>.\Bluetopia\btpsvend\</path>
         <kind>object</kind>
         <file>BTPSVEND.obj</file>
         <name>BTPSVEND.obj</name>
      </input_file>
      <input_file id="fl-32">
         <path>.\Bluetopia\btpskrnl\</path>
         <kind>object</kind>
         <file>BTPSKRNL.obj</file>
         <name>BTPSKRNL.obj</name>
      </input_file>
      <input_file id="fl-33">
         <path>.\Bluetopia\btpskrnl\</path>
         <kind>object</kind>
         <file>sprintf.obj</file>
         <name>sprintf.obj</name>
      </input_file>
      <input_file id="fl-47">
         <path>C:\Users\Robo\Google Drive\sTicker\Coding Stuff\CCS Projects\EPD with BT SPP\pl-epd-ti-bt-v4\Bluetopia\lib\DefaultMTU\coffabi\</path>
         <kind>archive</kind>
         <file>libBluetopia.a</file>
         <name>BSC.obj</name>
      </input_file>
      <input_file id="fl-71">
         <path>C:\ti\ccsv6\tools\compiler\ti-cgt-msp430_4.4.4\lib\</path>
         <kind>archive</kind>
         <file>rts430x.lib</file>
         <name>asr32.obj</name>
      </input_file>
      <input_file id="fl-72">
         <path>C:\ti\ccsv6\tools\compiler\ti-cgt-msp430_4.4.4\lib\</path>
         <kind>archive</kind>
         <file>rts430x.lib</file>
         <name>atoi.obj</name>
      </input_file>
      <input_file id="fl-73">
         <path>C:\ti\ccsv6\tools\compiler\ti-cgt-msp430_4.4.4\lib\</path>
         <kind>archive</kind>
         <file>rts430x.lib</file>
         <name>boot.obj</name>
      </input_file>
      <input_file id="fl-74">
         <path>C:\ti\ccsv6\tools\compiler\ti-cgt-msp430_4.4.4\lib\</path>
         <kind>archive</kind>
         <file>rts430x.lib</file>
         <name>boot_special.obj</name>
      </input_file>
      <input_file id="fl-75">
         <path>C:\ti\ccsv6\tools\compiler\ti-cgt-msp430_4.4.4\lib\</path>
         <kind>archive</kind>
         <file>rts430x.lib</file>
         <name>copy_decompress_none.obj</name>
      </input_file>
      <input_file id="fl-76">
         <path>C:\ti\ccsv6\tools\compiler\ti-cgt-msp430_4.4.4\lib\</path>
         <kind>archive</kind>
         <file>rts430x.lib</file>
         <name>copy_decompress_rle.obj</name>
      </input_file>
      <input_file id="fl-77">
         <path>C:\ti\ccsv6\tools\compiler\ti-cgt-msp430_4.4.4\lib\</path>
         <kind>archive</kind>
         <file>rts430x.lib</file>
         <name>copy_zero_init.obj</name>
      </input_file>
      <input_file id="fl-78">
         <path>C:\ti\ccsv6\tools\compiler\ti-cgt-msp430_4.4.4\lib\</path>
         <kind>archive</kind>
         <file>rts430x.lib</file>
         <name>cpy_util.obj</name>
      </input_file>
      <input_file id="fl-79">
         <path>C:\ti\ccsv6\tools\compiler\ti-cgt-msp430_4.4.4\lib\</path>
         <kind>archive</kind>
         <file>rts430x.lib</file>
         <name>ctype.obj</name>
      </input_file>
      <input_file id="fl-7a">
         <path>C:\ti\ccsv6\tools\compiler\ti-cgt-msp430_4.4.4\lib\</path>
         <kind>archive</kind>
         <file>rts430x.lib</file>
         <name>defs.obj</name>
      </input_file>
      <input_file id="fl-7b">
         <path>C:\ti\ccsv6\tools\compiler\ti-cgt-msp430_4.4.4\lib\</path>
         <kind>archive</kind>
         <file>rts430x.lib</file>
         <name>div16s.obj</name>
      </input_file>
      <input_file id="fl-7c">
         <path>C:\ti\ccsv6\tools\compiler\ti-cgt-msp430_4.4.4\lib\</path>
         <kind>archive</kind>
         <file>rts430x.lib</file>
         <name>div16u.obj</name>
      </input_file>
      <input_file id="fl-7d">
         <path>C:\ti\ccsv6\tools\compiler\ti-cgt-msp430_4.4.4\lib\</path>
         <kind>archive</kind>
         <file>rts430x.lib</file>
         <name>div32s.obj</name>
      </input_file>
      <input_file id="fl-7e">
         <path>C:\ti\ccsv6\tools\compiler\ti-cgt-msp430_4.4.4\lib\</path>
         <kind>archive</kind>
         <file>rts430x.lib</file>
         <name>div32u.obj</name>
      </input_file>
      <input_file id="fl-7f">
         <path>C:\ti\ccsv6\tools\compiler\ti-cgt-msp430_4.4.4\lib\</path>
         <kind>archive</kind>
         <file>rts430x.lib</file>
         <name>exit.obj</name>
      </input_file>
      <input_file id="fl-80">
         <path>C:\ti\ccsv6\tools\compiler\ti-cgt-msp430_4.4.4\lib\</path>
         <kind>archive</kind>
         <file>rts430x.lib</file>
         <name>exit_gvars.obj</name>
      </input_file>
      <input_file id="fl-81">
         <path>C:\ti\ccsv6\tools\compiler\ti-cgt-msp430_4.4.4\lib\</path>
         <kind>archive</kind>
         <file>rts430x.lib</file>
         <name>fopen.obj</name>
      </input_file>
      <input_file id="fl-82">
         <path>C:\ti\ccsv6\tools\compiler\ti-cgt-msp430_4.4.4\lib\</path>
         <kind>archive</kind>
         <file>rts430x.lib</file>
         <name>fprintf.obj</name>
      </input_file>
      <input_file id="fl-83">
         <path>C:\ti\ccsv6\tools\compiler\ti-cgt-msp430_4.4.4\lib\</path>
         <kind>archive</kind>
         <file>rts430x.lib</file>
         <name>fputc.obj</name>
      </input_file>
      <input_file id="fl-84">
         <path>C:\ti\ccsv6\tools\compiler\ti-cgt-msp430_4.4.4\lib\</path>
         <kind>archive</kind>
         <file>rts430x.lib</file>
         <name>fputs.obj</name>
      </input_file>
      <input_file id="fl-85">
         <path>C:\ti\ccsv6\tools\compiler\ti-cgt-msp430_4.4.4\lib\</path>
         <kind>archive</kind>
         <file>rts430x.lib</file>
         <name>int43.obj</name>
      </input_file>
      <input_file id="fl-86">
         <path>C:\ti\ccsv6\tools\compiler\ti-cgt-msp430_4.4.4\lib\</path>
         <kind>archive</kind>
         <file>rts430x.lib</file>
         <name>int44.obj</name>
      </input_file>
      <input_file id="fl-87">
         <path>C:\ti\ccsv6\tools\compiler\ti-cgt-msp430_4.4.4\lib\</path>
         <kind>archive</kind>
         <file>rts430x.lib</file>
         <name>int45.obj</name>
      </input_file>
      <input_file id="fl-88">
         <path>C:\ti\ccsv6\tools\compiler\ti-cgt-msp430_4.4.4\lib\</path>
         <kind>archive</kind>
         <file>rts430x.lib</file>
         <name>int48.obj</name>
      </input_file>
      <input_file id="fl-89">
         <path>C:\ti\ccsv6\tools\compiler\ti-cgt-msp430_4.4.4\lib\</path>
         <kind>archive</kind>
         <file>rts430x.lib</file>
         <name>int50.obj</name>
      </input_file>
      <input_file id="fl-8a">
         <path>C:\ti\ccsv6\tools\compiler\ti-cgt-msp430_4.4.4\lib\</path>
         <kind>archive</kind>
         <file>rts430x.lib</file>
         <name>int51.obj</name>
      </input_file>
      <input_file id="fl-8b">
         <path>C:\ti\ccsv6\tools\compiler\ti-cgt-msp430_4.4.4\lib\</path>
         <kind>archive</kind>
         <file>rts430x.lib</file>
         <name>int54.obj</name>
      </input_file>
      <input_file id="fl-8c">
         <path>C:\ti\ccsv6\tools\compiler\ti-cgt-msp430_4.4.4\lib\</path>
         <kind>archive</kind>
         <file>rts430x.lib</file>
         <name>int55.obj</name>
      </input_file>
      <input_file id="fl-8d">
         <path>C:\ti\ccsv6\tools\compiler\ti-cgt-msp430_4.4.4\lib\</path>
         <kind>archive</kind>
         <file>rts430x.lib</file>
         <name>int56.obj</name>
      </input_file>
      <input_file id="fl-8e">
         <path>C:\ti\ccsv6\tools\compiler\ti-cgt-msp430_4.4.4\lib\</path>
         <kind>archive</kind>
         <file>rts430x.lib</file>
         <name>int57.obj</name>
      </input_file>
      <input_file id="fl-8f">
         <path>C:\ti\ccsv6\tools\compiler\ti-cgt-msp430_4.4.4\lib\</path>
         <kind>archive</kind>
         <file>rts430x.lib</file>
         <name>int58.obj</name>
      </input_file>
      <input_file id="fl-90">
         <path>C:\ti\ccsv6\tools\compiler\ti-cgt-msp430_4.4.4\lib\</path>
         <kind>archive</kind>
         <file>rts430x.lib</file>
         <name>int59.obj</name>
      </input_file>
      <input_file id="fl-91">
         <path>C:\ti\ccsv6\tools\compiler\ti-cgt-msp430_4.4.4\lib\</path>
         <kind>archive</kind>
         <file>rts430x.lib</file>
         <name>int60.obj</name>
      </input_file>
      <input_file id="fl-92">
         <path>C:\ti\ccsv6\tools\compiler\ti-cgt-msp430_4.4.4\lib\</path>
         <kind>archive</kind>
         <file>rts430x.lib</file>
         <name>int61.obj</name>
      </input_file>
      <input_file id="fl-93">
         <path>C:\ti\ccsv6\tools\compiler\ti-cgt-msp430_4.4.4\lib\</path>
         <kind>archive</kind>
         <file>rts430x.lib</file>
         <name>int62.obj</name>
      </input_file>
      <input_file id="fl-94">
         <path>C:\ti\ccsv6\tools\compiler\ti-cgt-msp430_4.4.4\lib\</path>
         <kind>archive</kind>
         <file>rts430x.lib</file>
         <name>isr_trap.obj</name>
      </input_file>
      <input_file id="fl-95">
         <path>C:\ti\ccsv6\tools\compiler\ti-cgt-msp430_4.4.4\lib\</path>
         <kind>archive</kind>
         <file>rts430x.lib</file>
         <name>lowlev.obj</name>
      </input_file>
      <input_file id="fl-96">
         <path>C:\ti\ccsv6\tools\compiler\ti-cgt-msp430_4.4.4\lib\</path>
         <kind>archive</kind>
         <file>rts430x.lib</file>
         <name>lsl16.obj</name>
      </input_file>
      <input_file id="fl-97">
         <path>C:\ti\ccsv6\tools\compiler\ti-cgt-msp430_4.4.4\lib\</path>
         <kind>archive</kind>
         <file>rts430x.lib</file>
         <name>lsl32.obj</name>
      </input_file>
      <input_file id="fl-98">
         <path>C:\ti\ccsv6\tools\compiler\ti-cgt-msp430_4.4.4\lib\</path>
         <kind>archive</kind>
         <file>rts430x.lib</file>
         <name>lsr32.obj</name>
      </input_file>
      <input_file id="fl-99">
         <path>C:\ti\ccsv6\tools\compiler\ti-cgt-msp430_4.4.4\lib\</path>
         <kind>archive</kind>
         <file>rts430x.lib</file>
         <name>memchr.obj</name>
      </input_file>
      <input_file id="fl-9a">
         <path>C:\ti\ccsv6\tools\compiler\ti-cgt-msp430_4.4.4\lib\</path>
         <kind>archive</kind>
         <file>rts430x.lib</file>
         <name>memcmp.obj</name>
      </input_file>
      <input_file id="fl-9b">
         <path>C:\ti\ccsv6\tools\compiler\ti-cgt-msp430_4.4.4\lib\</path>
         <kind>archive</kind>
         <file>rts430x.lib</file>
         <name>memcpy.obj</name>
      </input_file>
      <input_file id="fl-9c">
         <path>C:\ti\ccsv6\tools\compiler\ti-cgt-msp430_4.4.4\lib\</path>
         <kind>archive</kind>
         <file>rts430x.lib</file>
         <name>memmov.obj</name>
      </input_file>
      <input_file id="fl-9d">
         <path>C:\ti\ccsv6\tools\compiler\ti-cgt-msp430_4.4.4\lib\</path>
         <kind>archive</kind>
         <file>rts430x.lib</file>
         <name>memory.obj</name>
      </input_file>
      <input_file id="fl-9e">
         <path>C:\ti\ccsv6\tools\compiler\ti-cgt-msp430_4.4.4\lib\</path>
         <kind>archive</kind>
         <file>rts430x.lib</file>
         <name>memset.obj</name>
      </input_file>
      <input_file id="fl-9f">
         <path>C:\ti\ccsv6\tools\compiler\ti-cgt-msp430_4.4.4\lib\</path>
         <kind>archive</kind>
         <file>rts430x.lib</file>
         <name>mpu_init.obj</name>
      </input_file>
      <input_file id="fl-a0">
         <path>C:\ti\ccsv6\tools\compiler\ti-cgt-msp430_4.4.4\lib\</path>
         <kind>archive</kind>
         <file>rts430x.lib</file>
         <name>mult16.obj</name>
      </input_file>
      <input_file id="fl-a1">
         <path>C:\ti\ccsv6\tools\compiler\ti-cgt-msp430_4.4.4\lib\</path>
         <kind>archive</kind>
         <file>rts430x.lib</file>
         <name>mult1632.obj</name>
      </input_file>
      <input_file id="fl-a2">
         <path>C:\ti\ccsv6\tools\compiler\ti-cgt-msp430_4.4.4\lib\</path>
         <kind>archive</kind>
         <file>rts430x.lib</file>
         <name>mult1632_f5hw.obj</name>
      </input_file>
      <input_file id="fl-a3">
         <path>C:\ti\ccsv6\tools\compiler\ti-cgt-msp430_4.4.4\lib\</path>
         <kind>archive</kind>
         <file>rts430x.lib</file>
         <name>mult16_f5hw.obj</name>
      </input_file>
      <input_file id="fl-a4">
         <path>C:\ti\ccsv6\tools\compiler\ti-cgt-msp430_4.4.4\lib\</path>
         <kind>archive</kind>
         <file>rts430x.lib</file>
         <name>mult32.obj</name>
      </input_file>
      <input_file id="fl-a5">
         <path>C:\ti\ccsv6\tools\compiler\ti-cgt-msp430_4.4.4\lib\</path>
         <kind>archive</kind>
         <file>rts430x.lib</file>
         <name>mult3264_f5hw.obj</name>
      </input_file>
      <input_file id="fl-a6">
         <path>C:\ti\ccsv6\tools\compiler\ti-cgt-msp430_4.4.4\lib\</path>
         <kind>archive</kind>
         <file>rts430x.lib</file>
         <name>mult32_f5hw.obj</name>
      </input_file>
      <input_file id="fl-a7">
         <path>C:\ti\ccsv6\tools\compiler\ti-cgt-msp430_4.4.4\lib\</path>
         <kind>archive</kind>
         <file>rts430x.lib</file>
         <name>mult64_f5hw.obj</name>
      </input_file>
      <input_file id="fl-a8">
         <path>C:\ti\ccsv6\tools\compiler\ti-cgt-msp430_4.4.4\lib\</path>
         <kind>archive</kind>
         <file>rts430x.lib</file>
         <name>printf.obj</name>
      </input_file>
      <input_file id="fl-a9">
         <path>C:\ti\ccsv6\tools\compiler\ti-cgt-msp430_4.4.4\lib\</path>
         <kind>archive</kind>
         <file>rts430x.lib</file>
         <name>setvbuf.obj</name>
      </input_file>
      <input_file id="fl-aa">
         <path>C:\ti\ccsv6\tools\compiler\ti-cgt-msp430_4.4.4\lib\</path>
         <kind>archive</kind>
         <file>rts430x.lib</file>
         <name>snprintf.obj</name>
      </input_file>
      <input_file id="fl-ab">
         <path>C:\ti\ccsv6\tools\compiler\ti-cgt-msp430_4.4.4\lib\</path>
         <kind>archive</kind>
         <file>rts430x.lib</file>
         <name>sprintf.obj</name>
      </input_file>
      <input_file id="fl-ac">
         <path>C:\ti\ccsv6\tools\compiler\ti-cgt-msp430_4.4.4\lib\</path>
         <kind>archive</kind>
         <file>rts430x.lib</file>
         <name>strchr.obj</name>
      </input_file>
      <input_file id="fl-ad">
         <path>C:\ti\ccsv6\tools\compiler\ti-cgt-msp430_4.4.4\lib\</path>
         <kind>archive</kind>
         <file>rts430x.lib</file>
         <name>strcmp.obj</name>
      </input_file>
      <input_file id="fl-ae">
         <path>C:\ti\ccsv6\tools\compiler\ti-cgt-msp430_4.4.4\lib\</path>
         <kind>archive</kind>
         <file>rts430x.lib</file>
         <name>strcpy.obj</name>
      </input_file>
      <input_file id="fl-af">
         <path>C:\ti\ccsv6\tools\compiler\ti-cgt-msp430_4.4.4\lib\</path>
         <kind>archive</kind>
         <file>rts430x.lib</file>
         <name>strlen.obj</name>
      </input_file>
      <input_file id="fl-b0">
         <path>C:\ti\ccsv6\tools\compiler\ti-cgt-msp430_4.4.4\lib\</path>
         <kind>archive</kind>
         <file>rts430x.lib</file>
         <name>strncpy.obj</name>
      </input_file>
      <input_file id="fl-b1">
         <path>C:\ti\ccsv6\tools\compiler\ti-cgt-msp430_4.4.4\lib\</path>
         <kind>archive</kind>
         <file>rts430x.lib</file>
         <name>strstr.obj</name>
      </input_file>
      <input_file id="fl-b2">
         <path>C:\ti\ccsv6\tools\compiler\ti-cgt-msp430_4.4.4\lib\</path>
         <kind>archive</kind>
         <file>rts430x.lib</file>
         <name>strtoul.obj</name>
      </input_file>
      <input_file id="fl-b3">
         <path>C:\ti\ccsv6\tools\compiler\ti-cgt-msp430_4.4.4\lib\</path>
         <kind>archive</kind>
         <file>rts430x.lib</file>
         <name>trgdrv.obj</name>
      </input_file>
      <input_file id="fl-b4">
         <path>C:\ti\ccsv6\tools\compiler\ti-cgt-msp430_4.4.4\lib\</path>
         <kind>archive</kind>
         <file>rts430x.lib</file>
         <name>trgmsg.obj</name>
      </input_file>
      <input_file id="fl-b5">
         <path>C:\ti\ccsv6\tools\compiler\ti-cgt-msp430_4.4.4\lib\</path>
         <kind>archive</kind>
         <file>rts430x.lib</file>
         <name>_io_perm.obj</name>
      </input_file>
      <input_file id="fl-b6">
         <path>C:\ti\ccsv6\tools\compiler\ti-cgt-msp430_4.4.4\lib\</path>
         <kind>archive</kind>
         <file>rts430x.lib</file>
         <name>_lock.obj</name>
      </input_file>
      <input_file id="fl-b7">
         <path>C:\ti\ccsv6\tools\compiler\ti-cgt-msp430_4.4.4\lib\</path>
         <kind>archive</kind>
         <file>rts430x.lib</file>
         <name>_printfi_nf.obj</name>
      </input_file>
      <input_file id="fl-b8">
         <path>C:\ti\ccsv6\tools\compiler\ti-cgt-msp430_4.4.4\lib\</path>
         <kind>archive</kind>
         <file>rts430x.lib</file>
         <name>args_main.obj</name>
      </input_file>
      <input_file id="fl-b9">
         <path>C:\ti\ccsv6\tools\compiler\ti-cgt-msp430_4.4.4\lib\</path>
         <kind>archive</kind>
         <file>rts430x.lib</file>
         <name>autoinit_wdt.obj</name>
      </input_file>
      <input_file id="fl-ba">
         <path>C:\ti\ccsv6\tools\compiler\ti-cgt-msp430_4.4.4\lib\</path>
         <kind>archive</kind>
         <file>rts430x.lib</file>
         <name>div64u.obj</name>
      </input_file>
      <input_file id="fl-bb">
         <path>C:\ti\ccsv6\tools\compiler\ti-cgt-msp430_4.4.4\lib\</path>
         <kind>archive</kind>
         <file>rts430x.lib</file>
         <name>errno.obj</name>
      </input_file>
      <input_file id="fl-bc">
         <path>C:\ti\ccsv6\tools\compiler\ti-cgt-msp430_4.4.4\lib\</path>
         <kind>archive</kind>
         <file>rts430x.lib</file>
         <name>fclose.obj</name>
      </input_file>
      <input_file id="fl-bd">
         <path>C:\ti\ccsv6\tools\compiler\ti-cgt-msp430_4.4.4\lib\</path>
         <kind>archive</kind>
         <file>rts430x.lib</file>
         <name>fflush.obj</name>
      </input_file>
      <input_file id="fl-be">
         <path>C:\ti\ccsv6\tools\compiler\ti-cgt-msp430_4.4.4\lib\</path>
         <kind>archive</kind>
         <file>rts430x.lib</file>
         <name>fseek.obj</name>
      </input_file>
      <input_file id="fl-bf">
         <path>C:\ti\ccsv6\tools\compiler\ti-cgt-msp430_4.4.4\lib\</path>
         <kind>archive</kind>
         <file>rts430x.lib</file>
         <name>lsl64.obj</name>
      </input_file>
      <input_file id="fl-c0">
         <path>C:\ti\ccsv6\tools\compiler\ti-cgt-msp430_4.4.4\lib\</path>
         <kind>archive</kind>
         <file>rts430x.lib</file>
         <name>lsr64.obj</name>
      </input_file>
      <input_file id="fl-c1">
         <path>C:\ti\ccsv6\tools\compiler\ti-cgt-msp430_4.4.4\lib\</path>
         <kind>archive</kind>
         <file>rts430x.lib</file>
         <name>memccpy.obj</name>
      </input_file>
      <input_file id="fl-c2">
         <path>C:\ti\ccsv6\tools\compiler\ti-cgt-msp430_4.4.4\lib\</path>
         <kind>archive</kind>
         <file>rts430x.lib</file>
         <name>remove.obj</name>
      </input_file>
   </input_file_list>
   <object_component_list>
      <object_component id="oc-8f">
         <name>.bss</name>
         <uninitialized>true</uninitialized>
         <run_address>0x3968</run_address>
         <size>0x4</size>
         <input_file_ref idref="fl-2"/>
      </object_component>
      <object_component id="oc-95">
         <name>.bss</name>
         <uninitialized>true</uninitialized>
         <run_address>0x2a12</run_address>
         <size>0x6d2</size>
         <input_file_ref idref="fl-3"/>
      </object_component>
      <object_component id="oc-e9">
         <name>.bss</name>
         <uninitialized>true</uninitialized>
         <run_address>0x3942</run_address>
         <size>0xa</size>
         <input_file_ref idref="fl-11"/>
      </object_component>
      <object_component id="oc-fb">
         <name>.bss</name>
         <uninitialized>true</uninitialized>
         <run_address>0x3926</run_address>
         <size>0x10</size>
         <input_file_ref idref="fl-14"/>
      </object_component>
      <object_component id="oc-10e">
         <name>.bss</name>
         <uninitialized>true</uninitialized>
         <run_address>0x3986</run_address>
         <size>0x2</size>
         <input_file_ref idref="fl-17"/>
      </object_component>
      <object_component id="oc-121">
         <name>.bss</name>
         <uninitialized>true</uninitialized>
         <run_address>0x3980</run_address>
         <size>0x2</size>
         <input_file_ref idref="fl-1a"/>
      </object_component>
      <object_component id="oc-13f">
         <name>.bss</name>
         <uninitialized>true</uninitialized>
         <run_address>0x38d4</run_address>
         <size>0x2e</size>
         <input_file_ref idref="fl-1f"/>
      </object_component>
      <object_component id="oc-14c">
         <name>.bss</name>
         <uninitialized>true</uninitialized>
         <run_address>0x395c</run_address>
         <size>0x6</size>
         <input_file_ref idref="fl-21"/>
      </object_component>
      <object_component id="oc-152">
         <name>.bss</name>
         <uninitialized>true</uninitialized>
         <run_address>0x33bc</run_address>
         <size>0x142</size>
         <input_file_ref idref="fl-22"/>
      </object_component>
      <object_component id="oc-15e">
         <name>.bss</name>
         <uninitialized>true</uninitialized>
         <run_address>0x30e4</run_address>
         <size>0x2d8</size>
         <input_file_ref idref="fl-24"/>
      </object_component>
      <object_component id="oc-177">
         <name>.bss</name>
         <uninitialized>true</uninitialized>
         <run_address>0x3967</run_address>
         <size>0x1</size>
         <input_file_ref idref="fl-28"/>
      </object_component>
      <object_component id="oc-17e">
         <name>.bss</name>
         <uninitialized>true</uninitialized>
         <run_address>0x3982</run_address>
         <size>0x2</size>
         <input_file_ref idref="fl-29"/>
      </object_component>
      <object_component id="oc-18a">
         <name>.bss</name>
         <uninitialized>true</uninitialized>
         <run_address>0x3984</run_address>
         <size>0x2</size>
         <input_file_ref idref="fl-2b"/>
      </object_component>
      <object_component id="oc-190">
         <name>.bss</name>
         <uninitialized>true</uninitialized>
         <run_address>0x397f</run_address>
         <size>0x1</size>
         <input_file_ref idref="fl-2c"/>
      </object_component>
      <object_component id="oc-198">
         <name>.bss</name>
         <uninitialized>true</uninitialized>
         <run_address>0x3962</run_address>
         <size>0x5</size>
         <input_file_ref idref="fl-2d"/>
      </object_component>
      <object_component id="oc-19f">
         <name>.bss</name>
         <uninitialized>true</uninitialized>
         <run_address>0x397c</run_address>
         <size>0x3</size>
         <input_file_ref idref="fl-2e"/>
      </object_component>
      <object_component id="oc-1a6">
         <name>.bss</name>
         <uninitialized>true</uninitialized>
         <run_address>0x374a</run_address>
         <size>0xe6</size>
         <input_file_ref idref="fl-2f"/>
      </object_component>
      <object_component id="oc-1b2">
         <name>.bss</name>
         <uninitialized>true</uninitialized>
         <run_address>0x3936</run_address>
         <size>0xc</size>
         <input_file_ref idref="fl-31"/>
      </object_component>
      <object_component id="oc-1bb">
         <name>.bss</name>
         <uninitialized>true</uninitialized>
         <run_address>0x1c00</run_address>
         <size>0xe12</size>
         <input_file_ref idref="fl-32"/>
      </object_component>
      <object_component id="oc-1c3">
         <name>.bss</name>
         <uninitialized>true</uninitialized>
         <run_address>0x3902</run_address>
         <size>0x24</size>
         <input_file_ref idref="fl-33"/>
      </object_component>
      <object_component id="oc-1ca">
         <name>.bss</name>
         <uninitialized>true</uninitialized>
         <run_address>0x34fe</run_address>
         <size>0x132</size>
         <input_file_ref idref="fl-47"/>
      </object_component>
      <object_component id="oc-1f7">
         <name>.bss</name>
         <uninitialized>true</uninitialized>
         <run_address>0x3630</run_address>
         <size>0x11a</size>
         <input_file_ref idref="fl-7a"/>
      </object_component>
      <object_component id="oc-341">
         <name>.bss:__TI_cleanup_ptr</name>
         <uninitialized>true</uninitialized>
         <run_address>0x396c</run_address>
         <size>0x4</size>
         <input_file_ref idref="fl-80"/>
      </object_component>
      <object_component id="oc-33f">
         <name>.bss:__TI_dtors_ptr</name>
         <uninitialized>true</uninitialized>
         <run_address>0x3970</run_address>
         <size>0x4</size>
         <input_file_ref idref="fl-80"/>
      </object_component>
      <object_component id="oc-216">
         <name>.bss</name>
         <uninitialized>true</uninitialized>
         <run_address>0x398a</run_address>
         <size>0x2</size>
         <input_file_ref idref="fl-81"/>
      </object_component>
      <object_component id="oc-232">
         <name>.bss</name>
         <uninitialized>true</uninitialized>
         <run_address>0x3830</run_address>
         <size>0xa4</size>
         <input_file_ref idref="fl-95"/>
      </object_component>
      <object_component id="oc-25a">
         <name>.bss</name>
         <uninitialized>true</uninitialized>
         <run_address>0x394c</run_address>
         <size>0x8</size>
         <input_file_ref idref="fl-9d"/>
      </object_component>
      <object_component id="oc-2c3">
         <name>.bss</name>
         <uninitialized>true</uninitialized>
         <run_address>0x3954</run_address>
         <size>0x8</size>
         <input_file_ref idref="fl-b3"/>
      </object_component>
      <object_component id="oc-33d">
         <name>.bss:_lock</name>
         <uninitialized>true</uninitialized>
         <run_address>0x3974</run_address>
         <size>0x4</size>
         <input_file_ref idref="fl-b6"/>
      </object_component>
      <object_component id="oc-343">
         <name>.bss:_unlock</name>
         <uninitialized>true</uninitialized>
         <run_address>0x3978</run_address>
         <size>0x4</size>
         <input_file_ref idref="fl-b6"/>
      </object_component>
      <object_component id="oc-2ee">
         <name>.bss</name>
         <uninitialized>true</uninitialized>
         <run_address>0x3988</run_address>
         <size>0x2</size>
         <input_file_ref idref="fl-bb"/>
      </object_component>
      <object_component id="oc-25d">
         <name>.sysmem</name>
         <uninitialized>true</uninitialized>
         <run_address>0x398c</run_address>
         <size>0x4</size>
         <input_file_ref idref="fl-9d"/>
      </object_component>
      <object_component id="oc-715">
         <name>.sysmem</name>
         <uninitialized>true</uninitialized>
         <run_address>0x398c</run_address>
         <size>0x0</size>
      </object_component>
      <object_component id="oc-1d7">
         <name>.stack</name>
         <uninitialized>true</uninitialized>
         <run_address>0x5750</run_address>
         <size>0x2</size>
         <input_file_ref idref="fl-73"/>
      </object_component>
      <object_component id="oc-714">
         <name>.stack</name>
         <uninitialized>true</uninitialized>
         <run_address>0x5750</run_address>
         <size>0x0</size>
      </object_component>
      <object_component id="oc-52a">
         <name>.text:L2CA_Event_Callback$16</name>
         <load_address>0x11094</load_address>
         <run_address>0x11094</run_address>
         <size>0x9ce</size>
         <input_file_ref idref="fl-47"/>
      </object_component>
      <object_component id="oc-41c">
         <name>.text:GAP_Event_Callback</name>
         <load_address>0x11a62</load_address>
         <run_address>0x11a62</run_address>
         <size>0x8b0</size>
         <input_file_ref idref="fl-3"/>
      </object_component>
      <object_component id="oc-52d">
         <name>.text:HCI_Event_Callback$7</name>
         <load_address>0x12312</load_address>
         <run_address>0x12312</run_address>
         <size>0x89c</size>
         <input_file_ref idref="fl-47"/>
      </object_component>
      <object_component id="oc-524">
         <name>.text:HCI_Event_Callback$11</name>
         <load_address>0x12bae</load_address>
         <run_address>0x12bae</run_address>
         <size>0x5a4</size>
         <input_file_ref idref="fl-47"/>
      </object_component>
      <object_component id="oc-514">
         <name>.text:AsynchronousHCIEventCallback$10</name>
         <load_address>0x13152</load_address>
         <run_address>0x13152</run_address>
         <size>0x52e</size>
         <input_file_ref idref="fl-47"/>
      </object_component>
      <object_component id="oc-421">
         <name>.text:SPP_Event_Callback</name>
         <load_address>0x13680</load_address>
         <run_address>0x13680</run_address>
         <size>0x4e0</size>
         <input_file_ref idref="fl-3"/>
      </object_component>
      <object_component id="oc-456">
         <name>.text:chk_mounted</name>
         <load_address>0x13b60</load_address>
         <run_address>0x13b60</run_address>
         <size>0x4b4</size>
         <input_file_ref idref="fl-2d"/>
      </object_component>
      <object_component id="oc-67d">
         <name>.text:ProcessRFCOMMControlMessage$14</name>
         <load_address>0x14014</load_address>
         <run_address>0x14014</run_address>
         <size>0x4a0</size>
         <input_file_ref idref="fl-47"/>
      </object_component>
      <object_component id="oc-5e8">
         <name>.text:ProcessServiceSearchAttributeRequest$16</name>
         <load_address>0x144b4</load_address>
         <run_address>0x144b4</run_address>
         <size>0x47c</size>
         <input_file_ref idref="fl-47"/>
      </object_component>
      <object_component id="oc-572">
         <name>.text:L2CA_Event_Callback$14</name>
         <load_address>0x14930</load_address>
         <run_address>0x14930</run_address>
         <size>0x476</size>
         <input_file_ref idref="fl-47"/>
      </object_component>
      <object_component id="oc-641">
         <name>.text:__divull</name>
         <load_address>0x14da6</load_address>
         <run_address>0x14da6</run_address>
         <size>0x39a</size>
         <input_file_ref idref="fl-ba"/>
      </object_component>
      <object_component id="oc-621">
         <name>.text:ProcessRFCOMMDataMessage$14</name>
         <load_address>0x15140</load_address>
         <run_address>0x15140</run_address>
         <size>0x322</size>
         <input_file_ref idref="fl-47"/>
      </object_component>
      <object_component id="oc-4b4">
         <name>.text:RFCOMM_Event_Callback$17</name>
         <load_address>0x15462</load_address>
         <run_address>0x15462</run_address>
         <size>0x30e</size>
         <input_file_ref idref="fl-47"/>
      </object_component>
      <object_component id="oc-410">
         <name>.text:BSC_Initialize</name>
         <load_address>0x15770</load_address>
         <run_address>0x15770</run_address>
         <size>0x2f2</size>
         <input_file_ref idref="fl-47"/>
      </object_component>
      <object_component id="oc-5e9">
         <name>.text:ProcessServiceAttributeRequest$16</name>
         <load_address>0x15a62</load_address>
         <run_address>0x15a62</run_address>
         <size>0x2f2</size>
         <input_file_ref idref="fl-47"/>
      </object_component>
      <object_component id="oc-5de">
         <name>.text:ProcessL2CAPDataPacket$11</name>
         <load_address>0x15d54</load_address>
         <run_address>0x15d54</run_address>
         <size>0x2e2</size>
         <input_file_ref idref="fl-47"/>
      </object_component>
      <object_component id="oc-65f">
         <name>.text:L2CAP_ConfigRequestEvent$11</name>
         <load_address>0x16036</load_address>
         <run_address>0x16036</run_address>
         <size>0x2cc</size>
         <input_file_ref idref="fl-47"/>
      </object_component>
      <object_component id="oc-587">
         <name>.text:ProtocolEventCallback$3</name>
         <load_address>0x16302</load_address>
         <run_address>0x16302</run_address>
         <size>0x2b0</size>
         <input_file_ref idref="fl-47"/>
      </object_component>
      <object_component id="oc-4af">
         <name>.text:SPP_Data_Write</name>
         <load_address>0x165b2</load_address>
         <run_address>0x165b2</run_address>
         <size>0x2ae</size>
         <input_file_ref idref="fl-47"/>
      </object_component>
      <object_component id="oc-346">
         <name>.text:epd_sys_init</name>
         <load_address>0x16860</load_address>
         <run_address>0x16860</run_address>
         <size>0x294</size>
         <input_file_ref idref="fl-24"/>
      </object_component>
      <object_component id="oc-424">
         <name>.text:SPP_Register_Raw_SDP_Record</name>
         <load_address>0x16af4</load_address>
         <run_address>0x16af4</run_address>
         <size>0x28e</size>
         <input_file_ref idref="fl-47"/>
      </object_component>
      <object_component id="oc-42f">
         <name>.text:f_write</name>
         <load_address>0x16d82</load_address>
         <run_address>0x16d82</run_address>
         <size>0x28e</size>
         <input_file_ref idref="fl-2d"/>
      </object_component>
      <object_component id="oc-5b3">
         <name>.text:HCITR_COMDataCallback_UART$3</name>
         <load_address>0x17010</load_address>
         <run_address>0x17010</run_address>
         <size>0x278</size>
         <input_file_ref idref="fl-47"/>
      </object_component>
      <object_component id="oc-668">
         <name>.text:ParseRecordAttributes$16</name>
         <load_address>0x17288</load_address>
         <run_address>0x17288</run_address>
         <size>0x26c</size>
         <input_file_ref idref="fl-47"/>
      </object_component>
      <object_component id="oc-480">
         <name>.text:HCI_Initialize</name>
         <load_address>0x174f4</load_address>
         <run_address>0x174f4</run_address>
         <size>0x25a</size>
         <input_file_ref idref="fl-47"/>
      </object_component>
      <object_component id="oc-5ea">
         <name>.text:ProcessServiceSearchRequest$16</name>
         <load_address>0x1774e</load_address>
         <run_address>0x1774e</run_address>
         <size>0x252</size>
         <input_file_ref idref="fl-47"/>
      </object_component>
      <object_component id="oc-45e">
         <name>.text:f_lseek</name>
         <load_address>0x179a0</load_address>
         <run_address>0x179a0</run_address>
         <size>0x250</size>
         <input_file_ref idref="fl-2d"/>
      </object_component>
      <object_component id="oc-66a">
         <name>.text:CompareServiceRecordWithServiceList$16</name>
         <load_address>0x17bf0</load_address>
         <run_address>0x17bf0</run_address>
         <size>0x222</size>
         <input_file_ref idref="fl-47"/>
      </object_component>
      <object_component id="oc-661">
         <name>.text:L2CAP_ConnectRequestEvent$11</name>
         <load_address>0x17e12</load_address>
         <run_address>0x17e12</run_address>
         <size>0x218</size>
         <input_file_ref idref="fl-47"/>
      </object_component>
      <object_component id="oc-3fa">
         <name>.text:f_open</name>
         <load_address>0x1802a</load_address>
         <run_address>0x1802a</run_address>
         <size>0x210</size>
         <input_file_ref idref="fl-2d"/>
      </object_component>
      <object_component id="oc-486">
         <name>.text:L2CAP_Initialize</name>
         <load_address>0x1823a</load_address>
         <run_address>0x1823a</run_address>
         <size>0x204</size>
         <input_file_ref idref="fl-47"/>
      </object_component>
      <object_component id="oc-574">
         <name>.text:RFCOMMServerSABMMessageHandler$14</name>
         <load_address>0x1843e</load_address>
         <run_address>0x1843e</run_address>
         <size>0x1fa</size>
         <input_file_ref idref="fl-47"/>
      </object_component>
      <object_component id="oc-50d">
         <name>.text:HCI_DriverCallback$2</name>
         <load_address>0x18638</load_address>
         <run_address>0x18638</run_address>
         <size>0x1f8</size>
         <input_file_ref idref="fl-47"/>
      </object_component>
      <object_component id="oc-69c">
         <name>.text:ParseOptionsToAPI$11</name>
         <load_address>0x18830</load_address>
         <run_address>0x18830</run_address>
         <size>0x1f0</size>
         <input_file_ref idref="fl-47"/>
      </object_component>
      <object_component id="oc-585">
         <name>.text:Disconnect$14</name>
         <load_address>0x18a20</load_address>
         <run_address>0x18a20</run_address>
         <size>0x1ec</size>
         <input_file_ref idref="fl-47"/>
      </object_component>
      <object_component id="oc-419">
         <name>.text:GAP_Set_Discoverability_Mode</name>
         <load_address>0x18c0c</load_address>
         <run_address>0x18c0c</run_address>
         <size>0x1ec</size>
         <input_file_ref idref="fl-47"/>
      </object_component>
      <object_component id="oc-3ed">
         <name>.text:_setfield</name>
         <load_address>0x18df8</load_address>
         <run_address>0x18df8</run_address>
         <size>0x1e6</size>
         <input_file_ref idref="fl-b7"/>
      </object_component>
      <object_component id="oc-45c">
         <name>.text:f_read</name>
         <load_address>0x18fde</load_address>
         <run_address>0x18fde</run_address>
         <size>0x1e2</size>
         <input_file_ref idref="fl-2d"/>
      </object_component>
      <object_component id="oc-5f2">
         <name>.text:_L2CA_Config_Request</name>
         <load_address>0x191c0</load_address>
         <run_address>0x191c0</run_address>
         <size>0x1d6</size>
         <input_file_ref idref="fl-47"/>
      </object_component>
      <object_component id="oc-5b4">
         <name>.text:HCITR_COMOpen</name>
         <load_address>0x19396</load_address>
         <run_address>0x19396</run_address>
         <size>0x1d2</size>
         <input_file_ref idref="fl-2f"/>
      </object_component>
      <object_component id="oc-525">
         <name>.text:HCI_ACL_Data_Callback$11</name>
         <load_address>0x19568</load_address>
         <run_address>0x19568</run_address>
         <size>0x1cc</size>
         <input_file_ref idref="fl-47"/>
      </object_component>
      <object_component id="oc-5e6">
         <name>.text:ParseAttributeIDList$16</name>
         <load_address>0x19734</load_address>
         <run_address>0x19734</run_address>
         <size>0x1cc</size>
         <input_file_ref idref="fl-47"/>
      </object_component>
      <object_component id="oc-518">
         <name>.text:UpdateHCICallbackThread$10</name>
         <load_address>0x19900</load_address>
         <run_address>0x19900</run_address>
         <size>0x1c8</size>
         <input_file_ref idref="fl-47"/>
      </object_component>
      <object_component id="oc-3a3">
         <name>.text:__TI_printfi_nofloat</name>
         <load_address>0x19ac8</load_address>
         <run_address>0x19ac8</run_address>
         <size>0x1c4</size>
         <input_file_ref idref="fl-b7"/>
      </object_component>
      <object_component id="oc-4a7">
         <name>.text:GAP_Authentication_Response</name>
         <load_address>0x19c8c</load_address>
         <run_address>0x19c8c</run_address>
         <size>0x1be</size>
         <input_file_ref idref="fl-47"/>
      </object_component>
      <object_component id="oc-5d9">
         <name>.text:LP_ConnectCfm$11</name>
         <load_address>0x19e4a</load_address>
         <run_address>0x19e4a</run_address>
         <size>0x1ba</size>
         <input_file_ref idref="fl-47"/>
      </object_component>
      <object_component id="oc-68d">
         <name>.text:HCI_Send_Raw_Command</name>
         <load_address>0x1a004</load_address>
         <run_address>0x1a004</run_address>
         <size>0x1b8</size>
         <input_file_ref idref="fl-47"/>
      </object_component>
      <object_component id="oc-4b3">
         <name>.text:SPPServerHandler$17</name>
         <load_address>0x1a1bc</load_address>
         <run_address>0x1a1bc</run_address>
         <size>0x1b6</size>
         <input_file_ref idref="fl-47"/>
      </object_component>
      <object_component id="oc-4bb">
         <name>.text:SDP_Create_Service_Record</name>
         <load_address>0x1a372</load_address>
         <run_address>0x1a372</run_address>
         <size>0x1b0</size>
         <input_file_ref idref="fl-47"/>
      </object_component>
      <object_component id="oc-651">
         <name>.text:ProcessSendQueueData$11</name>
         <load_address>0x1a522</load_address>
         <run_address>0x1a522</run_address>
         <size>0x1ae</size>
         <input_file_ref idref="fl-47"/>
      </object_component>
      <object_component id="oc-662">
         <name>.text:L2CAP_RequestTimeout$11</name>
         <load_address>0x1a6d0</load_address>
         <run_address>0x1a6d0</run_address>
         <size>0x1a8</size>
         <input_file_ref idref="fl-47"/>
      </object_component>
      <object_component id="oc-3ac">
         <name>.text:pl_dispinfo_init_eeprom</name>
         <load_address>0x1a878</load_address>
         <run_address>0x1a878</run_address>
         <size>0x1a2</size>
         <input_file_ref idref="fl-4"/>
      </object_component>
      <object_component id="oc-32e">
         <name>.text:TWUART_ReceiveBytes</name>
         <load_address>0x1aa1a</load_address>
         <run_address>0x1aa1a</run_address>
         <size>0x19c</size>
         <input_file_ref idref="fl-47"/>
      </object_component>
      <object_component id="oc-5a5">
         <name>.text:strtoul</name>
         <load_address>0x1abb6</load_address>
         <run_address>0x1abb6</run_address>
         <size>0x194</size>
         <input_file_ref idref="fl-b2"/>
      </object_component>
      <object_component id="oc-3b4">
         <name>.text:vcom_init</name>
         <load_address>0x1ad4a</load_address>
         <run_address>0x1ad4a</run_address>
         <size>0x18e</size>
         <input_file_ref idref="fl-19"/>
      </object_component>
      <object_component id="oc-37e">
         <name>.text:probe_hvpmic</name>
         <load_address>0x1aed8</load_address>
         <run_address>0x1aed8</run_address>
         <size>0x17e</size>
         <input_file_ref idref="fl-17"/>
      </object_component>
      <object_component id="oc-57a">
         <name>.text:ParseAPIUUIDs$16</name>
         <load_address>0x1b056</load_address>
         <run_address>0x1b056</run_address>
         <size>0x176</size>
         <input_file_ref idref="fl-47"/>
      </object_component>
      <object_component id="oc-368">
         <name>.text:SetSystemClock</name>
         <load_address>0x1b1cc</load_address>
         <run_address>0x1b1cc</run_address>
         <size>0x176</size>
         <input_file_ref idref="fl-22"/>
      </object_component>
      <object_component id="oc-4ee">
         <name>.text:dir_next</name>
         <load_address>0x1b342</load_address>
         <run_address>0x1b342</run_address>
         <size>0x176</size>
         <input_file_ref idref="fl-2d"/>
      </object_component>
      <object_component id="oc-4ef">
         <name>.text:put_fat</name>
         <load_address>0x1b4b8</load_address>
         <run_address>0x1b4b8</run_address>
         <size>0x176</size>
         <input_file_ref idref="fl-2d"/>
      </object_component>
      <object_component id="oc-660">
         <name>.text:L2CAP_ConnectResponseEvent$11</name>
         <load_address>0x1b62e</load_address>
         <run_address>0x1b62e</run_address>
         <size>0x174</size>
         <input_file_ref idref="fl-47"/>
      </object_component>
      <object_component id="oc-4eb">
         <name>.text:create_name</name>
         <load_address>0x1b7a2</load_address>
         <run_address>0x1b7a2</run_address>
         <size>0x174</size>
         <input_file_ref idref="fl-2d"/>
      </object_component>
      <object_component id="oc-4bd">
         <name>.text:SDP_Add_Raw_Attribute</name>
         <load_address>0x1b916</load_address>
         <run_address>0x1b916</run_address>
         <size>0x16e</size>
         <input_file_ref idref="fl-47"/>
      </object_component>
      <object_component id="oc-5e5">
         <name>.text:ParseServiceSearchPattern$16</name>
         <load_address>0x1ba84</load_address>
         <run_address>0x1ba84</run_address>
         <size>0x168</size>
         <input_file_ref idref="fl-47"/>
      </object_component>
      <object_component id="oc-3f8">
         <name>.text:pl_wflib_eeprom_xfer</name>
         <load_address>0x1bbec</load_address>
         <run_address>0x1bbec</run_address>
         <size>0x166</size>
         <input_file_ref idref="fl-a"/>
      </object_component>
      <object_component id="oc-4d9">
         <name>.text:_getarg_diouxp</name>
         <load_address>0x1bd52</load_address>
         <run_address>0x1bd52</run_address>
         <size>0x164</size>
         <input_file_ref idref="fl-b7"/>
      </object_component>
      <object_component id="oc-3b9">
         <name>.text:max17135_configure</name>
         <load_address>0x1beb6</load_address>
         <run_address>0x1beb6</run_address>
         <size>0x15c</size>
         <input_file_ref idref="fl-14"/>
      </object_component>
      <object_component id="oc-4ae">
         <name>.text:SPP_Data_Read</name>
         <load_address>0x1c012</load_address>
         <run_address>0x1c012</run_address>
         <size>0x158</size>
         <input_file_ref idref="fl-47"/>
      </object_component>
      <object_component id="oc-56f">
         <name>.text:SendQueuedData$17</name>
         <load_address>0x1c16a</load_address>
         <run_address>0x1c16a</run_address>
         <size>0x154</size>
         <input_file_ref idref="fl-47"/>
      </object_component>
      <object_component id="oc-3be">
         <name>.text:OpenStack</name>
         <load_address>0x1c2be</load_address>
         <run_address>0x1c2be</run_address>
         <size>0x152</size>
         <input_file_ref idref="fl-3"/>
      </object_component>
      <object_component id="oc-35c">
         <name>.text:ProcessReceivedPacket$4</name>
         <load_address>0x1c410</load_address>
         <run_address>0x1c410</run_address>
         <size>0x14e</size>
         <input_file_ref idref="fl-47"/>
      </object_component>
      <object_component id="oc-390">
         <name>.text:_Malloc</name>
         <load_address>0x1c55e</load_address>
         <run_address>0x1c55e</run_address>
         <size>0x14c</size>
         <input_file_ref idref="fl-32"/>
      </object_component>
      <object_component id="oc-382">
         <name>.text:InitializeApplication</name>
         <load_address>0x1c6aa</load_address>
         <run_address>0x1c6aa</run_address>
         <size>0x144</size>
         <input_file_ref idref="fl-3"/>
      </object_component>
      <object_component id="oc-3ae">
         <name>.text:pl_dispinfo_init_fatfs</name>
         <load_address>0x1c7ee</load_address>
         <run_address>0x1c7ee</run_address>
         <size>0x144</size>
         <input_file_ref idref="fl-4"/>
      </object_component>
      <object_component id="oc-5e7">
         <name>.text:CalculateDataTypeLength$16</name>
         <load_address>0x1c932</load_address>
         <run_address>0x1c932</run_address>
         <size>0x142</size>
         <input_file_ref idref="fl-47"/>
      </object_component>
      <object_component id="oc-446">
         <name>.text:_pproc_diouxp</name>
         <load_address>0x1ca74</load_address>
         <run_address>0x1ca74</run_address>
         <size>0x140</size>
         <input_file_ref idref="fl-b7"/>
      </object_component>
      <object_component id="oc-66c">
         <name>.text:ParseAPIOptions$11</name>
         <load_address>0x1cbb4</load_address>
         <run_address>0x1cbb4</run_address>
         <size>0x13e</size>
         <input_file_ref idref="fl-47"/>
      </object_component>
      <object_component id="oc-61d">
         <name>.text:RFCOMM_Data_Write$14</name>
         <load_address>0x1ccf2</load_address>
         <run_address>0x1ccf2</run_address>
         <size>0x136</size>
         <input_file_ref idref="fl-47"/>
      </object_component>
      <object_component id="oc-417">
         <name>.text:DeleteLinkKey</name>
         <load_address>0x1ce28</load_address>
         <run_address>0x1ce28</run_address>
         <size>0x12e</size>
         <input_file_ref idref="fl-3"/>
      </object_component>
      <object_component id="oc-565">
         <name>.text:_RFCOMM_Send_Data_With_Credits</name>
         <load_address>0x1cf56</load_address>
         <run_address>0x1cf56</run_address>
         <size>0x12e</size>
         <input_file_ref idref="fl-47"/>
      </object_component>
      <object_component id="oc-4f0">
         <name>.text:get_fat</name>
         <load_address>0x1d084</load_address>
         <run_address>0x1d084</run_address>
         <size>0x12e</size>
         <input_file_ref idref="fl-2d"/>
      </object_component>
      <object_component id="oc-6a5">
         <name>.text:CheckQueuedDataWrite$11</name>
         <load_address>0x1d1b2</load_address>
         <run_address>0x1d1b2</run_address>
         <size>0x12c</size>
         <input_file_ref idref="fl-47"/>
      </object_component>
      <object_component id="oc-4e8">
         <name>.text:disk_initialize</name>
         <load_address>0x1d2de</load_address>
         <run_address>0x1d2de</run_address>
         <size>0x12c</size>
         <input_file_ref idref="fl-2e"/>
      </object_component>
      <object_component id="oc-3c7">
         <name>.text:OpenServer</name>
         <load_address>0x1d40a</load_address>
         <run_address>0x1d40a</run_address>
         <size>0x128</size>
         <input_file_ref idref="fl-3"/>
      </object_component>
      <object_component id="oc-422">
         <name>.text:SPP_Open_Server_Port</name>
         <load_address>0x1d532</load_address>
         <run_address>0x1d532</run_address>
         <size>0x128</size>
         <input_file_ref idref="fl-47"/>
      </object_component>
      <object_component id="oc-3a9">
         <name>.text:pl_hwinfo_init</name>
         <load_address>0x1d65a</load_address>
         <run_address>0x1d65a</run_address>
         <size>0x126</size>
         <input_file_ref idref="fl-8"/>
      </object_component>
      <object_component id="oc-4cb">
         <name>.text:create_chain</name>
         <load_address>0x1d780</load_address>
         <run_address>0x1d780</run_address>
         <size>0x120</size>
         <input_file_ref idref="fl-2d"/>
      </object_component>
      <object_component id="oc-550">
         <name>.text:L2CA_Get_Link_Connection_State</name>
         <load_address>0x1d8a0</load_address>
         <run_address>0x1d8a0</run_address>
         <size>0x11e</size>
         <input_file_ref idref="fl-47"/>
      </object_component>
      <object_component id="oc-5da">
         <name>.text:LP_ConnectCfmNeg$11</name>
         <load_address>0x1d9be</load_address>
         <run_address>0x1d9be</run_address>
         <size>0x11e</size>
         <input_file_ref idref="fl-47"/>
      </object_component>
      <object_component id="oc-396">
         <name>.text:ProcessTWUARTMessage$4</name>
         <load_address>0x1dadc</load_address>
         <run_address>0x1dadc</run_address>
         <size>0x118</size>
         <input_file_ref idref="fl-47"/>
      </object_component>
      <object_component id="oc-5d3">
         <name>.text:LP_DisconnectCfm$11</name>
         <load_address>0x1dbf4</load_address>
         <run_address>0x1dbf4</run_address>
         <size>0x116</size>
         <input_file_ref idref="fl-47"/>
      </object_component>
      <object_component id="oc-6ac">
         <name>.text:SendDataPacket$10</name>
         <load_address>0x1dd0a</load_address>
         <run_address>0x1dd0a</run_address>
         <size>0x116</size>
         <input_file_ref idref="fl-47"/>
      </object_component>
      <object_component id="oc-3d3">
         <name>.text:vSprintF</name>
         <load_address>0x1de20</load_address>
         <run_address>0x1de20</run_address>
         <size>0x116</size>
         <input_file_ref idref="fl-33"/>
      </object_component>
      <object_component id="oc-66d">
         <name>.text:L2CAP_ConfigRequestResponse$11</name>
         <load_address>0x1df36</load_address>
         <run_address>0x1df36</run_address>
         <size>0x112</size>
         <input_file_ref idref="fl-47"/>
      </object_component>
      <object_component id="oc-40d">
         <name>.text:epson_epdc_init_s1d13541</name>
         <load_address>0x1e048</load_address>
         <run_address>0x1e048</run_address>
         <size>0x110</size>
         <input_file_ref idref="fl-e"/>
      </object_component>
      <object_component id="oc-67a">
         <name>.text:SendFormattedControlMessage$14</name>
         <load_address>0x1e158</load_address>
         <run_address>0x1e158</run_address>
         <size>0x10e</size>
         <input_file_ref idref="fl-47"/>
      </object_component>
      <object_component id="oc-488">
         <name>.text:RFCOMM_Initialize</name>
         <load_address>0x1e266</load_address>
         <run_address>0x1e266</run_address>
         <size>0x10c</size>
         <input_file_ref idref="fl-47"/>
      </object_component>
      <object_component id="oc-50e">
         <name>.text:OpenComm</name>
         <load_address>0x1e372</load_address>
         <run_address>0x1e372</run_address>
         <size>0x10a</size>
         <input_file_ref idref="fl-47"/>
      </object_component>
      <object_component id="oc-42b">
         <name>.text:ReconfigureComm</name>
         <load_address>0x1e47c</load_address>
         <run_address>0x1e47c</run_address>
         <size>0x108</size>
         <input_file_ref idref="fl-47"/>
      </object_component>
      <object_component id="oc-40e">
         <name>.text:epson_epdc_init_s1d13524</name>
         <load_address>0x1e584</load_address>
         <run_address>0x1e584</run_address>
         <size>0x108</size>
         <input_file_ref idref="fl-d"/>
      </object_component>
      <object_component id="oc-455">
         <name>.text:lzss_decode</name>
         <load_address>0x1e68c</load_address>
         <run_address>0x1e68c</run_address>
         <size>0x106</size>
         <input_file_ref idref="fl-13"/>
      </object_component>
      <object_component id="oc-501">
         <name>.text:s1d135xx_load_image</name>
         <load_address>0x1e792</load_address>
         <run_address>0x1e792</run_address>
         <size>0x106</size>
         <input_file_ref idref="fl-f"/>
      </object_component>
      <object_component id="oc-439">
         <name>.text:_openfile</name>
         <load_address>0x1e898</load_address>
         <run_address>0x1e898</run_address>
         <size>0x104</size>
         <input_file_ref idref="fl-81"/>
      </object_component>
      <object_component id="oc-575">
         <name>.text:RFCOMMServerPNMessageHandler$14</name>
         <load_address>0x1e99c</load_address>
         <run_address>0x1e99c</run_address>
         <size>0x100</size>
         <input_file_ref idref="fl-47"/>
      </object_component>
      <object_component id="oc-487">
         <name>.text:SDP_Initialize</name>
         <load_address>0x1ea9c</load_address>
         <run_address>0x1ea9c</run_address>
         <size>0x100</size>
         <input_file_ref idref="fl-47"/>
      </object_component>
      <object_component id="oc-4c1">
         <name>.text:_RFCOMM_Release_Request</name>
         <load_address>0x1eb9c</load_address>
         <run_address>0x1eb9c</run_address>
         <size>0xfe</size>
         <input_file_ref idref="fl-47"/>
      </object_component>
      <object_component id="oc-53a">
         <name>.text:HandleChannelDisconnection$11</name>
         <load_address>0x1ec9a</load_address>
         <run_address>0x1ec9a</run_address>
         <size>0xfc</size>
         <input_file_ref idref="fl-47"/>
      </object_component>
      <object_component id="oc-5b0">
         <name>.text:SendHCIPacketToLowerDriver$2</name>
         <load_address>0x1ed96</load_address>
         <run_address>0x1ed96</run_address>
         <size>0xfc</size>
         <input_file_ref idref="fl-47"/>
      </object_component>
      <object_component id="oc-4ed">
         <name>.text:dir_sdi</name>
         <load_address>0x1ee92</load_address>
         <run_address>0x1ee92</run_address>
         <size>0xfa</size>
         <input_file_ref idref="fl-2d"/>
      </object_component>
      <object_component id="oc-4c9">
         <name>.text:HCITR_COMReconfigure</name>
         <load_address>0x1ef8c</load_address>
         <run_address>0x1ef8c</run_address>
         <size>0xf4</size>
         <input_file_ref idref="fl-2f"/>
      </object_component>
      <object_component id="oc-3ec">
         <name>.text:_pproc_fwp</name>
         <load_address>0x1f080</load_address>
         <run_address>0x1f080</run_address>
         <size>0xf4</size>
         <input_file_ref idref="fl-b7"/>
      </object_component>
      <object_component id="oc-5a2">
         <name>.text:disk_ioctl</name>
         <load_address>0x1f174</load_address>
         <run_address>0x1f174</run_address>
         <size>0xf4</size>
         <input_file_ref idref="fl-2e"/>
      </object_component>
      <object_component id="oc-65e">
         <name>.text:L2CAP_ConfigResponseEvent$11</name>
         <load_address>0x1f268</load_address>
         <run_address>0x1f268</run_address>
         <size>0xf2</size>
         <input_file_ref idref="fl-47"/>
      </object_component>
      <object_component id="oc-5aa">
         <name>.text:transfer_image</name>
         <load_address>0x1f35a</load_address>
         <run_address>0x1f35a</run_address>
         <size>0xf2</size>
         <input_file_ref idref="fl-f"/>
      </object_component>
      <object_component id="oc-51d">
         <name>.text:BTPS_DeleteFunctionFromScheduler</name>
         <load_address>0x1f44c</load_address>
         <run_address>0x1f44c</run_address>
         <size>0xee</size>
         <input_file_ref idref="fl-32"/>
      </object_component>
      <object_component id="oc-663">
         <name>.text:L2CAP_RejectCommand$11</name>
         <load_address>0x1f53a</load_address>
         <run_address>0x1f53a</run_address>
         <size>0xee</size>
         <input_file_ref idref="fl-47"/>
      </object_component>
      <object_component id="oc-5fa">
         <name>.text:_L2CA_Connect_Response</name>
         <load_address>0x1f628</load_address>
         <run_address>0x1f628</run_address>
         <size>0xee</size>
         <input_file_ref idref="fl-47"/>
      </object_component>
      <object_component id="oc-4f1">
         <name>.text:sync</name>
         <load_address>0x1f716</load_address>
         <run_address>0x1f716</run_address>
         <size>0xec</size>
         <input_file_ref idref="fl-2d"/>
      </object_component>
      <object_component id="oc-38e">
         <name>.text:SendSLIPPacket$4</name>
         <load_address>0x1f802</load_address>
         <run_address>0x1f802</run_address>
         <size>0xea</size>
         <input_file_ref idref="fl-47"/>
      </object_component>
      <object_component id="oc-588">
         <name>.text:TWUART_Initialize</name>
         <load_address>0x1f8ec</load_address>
         <run_address>0x1f8ec</run_address>
         <size>0xea</size>
         <input_file_ref idref="fl-47"/>
      </object_component>
      <object_component id="oc-690">
         <name>.text:VS_Update_HCILL_Parameters</name>
         <load_address>0x1f9d6</load_address>
         <run_address>0x1f9d6</run_address>
         <size>0xea</size>
         <input_file_ref idref="fl-30"/>
      </object_component>
      <object_component id="oc-39d">
         <name>.text:msp430_gpio_config</name>
         <load_address>0x1fac0</load_address>
         <run_address>0x1fac0</run_address>
         <size>0xe6</size>
         <input_file_ref idref="fl-26"/>
      </object_component>
      <object_component id="oc-48a">
         <name>.text:GAP_Initialize</name>
         <load_address>0x1fba6</load_address>
         <run_address>0x1fba6</run_address>
         <size>0xe2</size>
         <input_file_ref idref="fl-47"/>
      </object_component>
      <object_component id="oc-464">
         <name>.text:s1d135xx_load_init_code</name>
         <load_address>0x1fc88</load_address>
         <run_address>0x1fc88</run_address>
         <size>0xe0</size>
         <input_file_ref idref="fl-f"/>
      </object_component>
      <object_component id="oc-698">
         <name>.text:L2CAP_InformationRequestResponse$11</name>
         <load_address>0x1fd68</load_address>
         <run_address>0x1fd68</run_address>
         <size>0xde</size>
         <input_file_ref idref="fl-47"/>
      </object_component>
      <object_component id="oc-3bc">
         <name>.text:epson_epdc_init</name>
         <load_address>0x1fe46</load_address>
         <run_address>0x1fe46</run_address>
         <size>0xde</size>
         <input_file_ref idref="fl-b"/>
      </object_component>
      <object_component id="oc-3e9">
         <name>.text:fputs</name>
         <load_address>0x1ff24</load_address>
         <run_address>0x1ff24</run_address>
         <size>0xde</size>
         <input_file_ref idref="fl-84"/>
      </object_component>
      <object_component id="oc-465">
         <name>.text:s1d135xx_load_register_overrides</name>
         <load_address>0x20002</load_address>
         <run_address>0x20002</run_address>
         <size>0xde</size>
         <input_file_ref idref="fl-f"/>
      </object_component>
      <object_component id="oc-5d0">
         <name>.text:L2CAP_ConnectRequestResponse$11</name>
         <load_address>0x200e0</load_address>
         <run_address>0x200e0</run_address>
         <size>0xd8</size>
         <input_file_ref idref="fl-47"/>
      </object_component>
      <object_component id="oc-67c">
         <name>.text:_L2CA_Enhanced_Data_Write</name>
         <load_address>0x201b8</load_address>
         <run_address>0x201b8</run_address>
         <size>0xd8</size>
         <input_file_ref idref="fl-47"/>
      </object_component>
      <object_component id="oc-64e">
         <name>.text:Download_Patch</name>
         <load_address>0x20290</load_address>
         <run_address>0x20290</run_address>
         <size>0xd6</size>
         <input_file_ref idref="fl-31"/>
      </object_component>
      <object_component id="oc-41b">
         <name>.text:GAP_Set_Pairability_Mode</name>
         <load_address>0x20366</load_address>
         <run_address>0x20366</run_address>
         <size>0xd6</size>
         <input_file_ref idref="fl-47"/>
      </object_component>
      <object_component id="oc-32b">
         <name>.text:TWUART_Reconfigure</name>
         <load_address>0x2043c</load_address>
         <run_address>0x2043c</run_address>
         <size>0xd6</size>
         <input_file_ref idref="fl-47"/>
      </object_component>
      <object_component id="oc-5a8">
         <name>.text:do_fill</name>
         <load_address>0x20512</load_address>
         <run_address>0x20512</run_address>
         <size>0xd6</size>
         <input_file_ref idref="fl-f"/>
      </object_component>
      <object_component id="oc-60a">
         <name>.text:GAP_Authenticate_Remote_Device</name>
         <load_address>0x205e8</load_address>
         <run_address>0x205e8</run_address>
         <size>0xd4</size>
         <input_file_ref idref="fl-47"/>
      </object_component>
      <object_component id="oc-5cb">
         <name>.text:DelayedAuthenticationProcess$11</name>
         <load_address>0x206bc</load_address>
         <run_address>0x206bc</run_address>
         <size>0xd2</size>
         <input_file_ref idref="fl-47"/>
      </object_component>
      <object_component id="oc-5f8">
         <name>.text:ProcessSDPConnectionRequest$16</name>
         <load_address>0x2078e</load_address>
         <run_address>0x2078e</run_address>
         <size>0xd2</size>
         <input_file_ref idref="fl-47"/>
      </object_component>
      <object_component id="oc-64d">
         <name>.text:VS_Update_UART_Baud_Rate</name>
         <load_address>0x20860</load_address>
         <run_address>0x20860</run_address>
         <size>0xd2</size>
         <input_file_ref idref="fl-30"/>
      </object_component>
      <object_component id="oc-457">
         <name>.text:follow_path</name>
         <load_address>0x20932</load_address>
         <run_address>0x20932</run_address>
         <size>0xd2</size>
         <input_file_ref idref="fl-2d"/>
      </object_component>
      <object_component id="oc-590">
         <name>.text:get_fileinfo</name>
         <load_address>0x20a04</load_address>
         <run_address>0x20a04</run_address>
         <size>0xd2</size>
         <input_file_ref idref="fl-2d"/>
      </object_component>
      <object_component id="oc-3d7">
         <name>.text:IncrementVCORE</name>
         <load_address>0x20ad6</load_address>
         <run_address>0x20ad6</run_address>
         <size>0xd0</size>
         <input_file_ref idref="fl-22"/>
      </object_component>
      <object_component id="oc-56d">
         <name>.text:_RFCOMM_Parameter_Negotiation_Response</name>
         <load_address>0x20ba6</load_address>
         <run_address>0x20ba6</run_address>
         <size>0xd0</size>
         <input_file_ref idref="fl-47"/>
      </object_component>
      <object_component id="oc-677">
         <name>.text:HCI_SendPacket</name>
         <load_address>0x20c76</load_address>
         <run_address>0x20c76</run_address>
         <size>0xce</size>
         <input_file_ref idref="fl-47"/>
      </object_component>
      <object_component id="oc-3b6">
         <name>.text:tps65185_init</name>
         <load_address>0x20d44</load_address>
         <run_address>0x20d44</run_address>
         <size>0xce</size>
         <input_file_ref idref="fl-15"/>
      </object_component>
      <object_component id="oc-684">
         <name>.text:LoadTransmitBuffer</name>
         <load_address>0x20e12</load_address>
         <run_address>0x20e12</run_address>
         <size>0xcc</size>
         <input_file_ref idref="fl-2f"/>
      </object_component>
      <object_component id="oc-584">
         <name>.text:RFCOMM_SignalTimeout$14</name>
         <load_address>0x20ede</load_address>
         <run_address>0x20ede</run_address>
         <size>0xcc</size>
         <input_file_ref idref="fl-47"/>
      </object_component>
      <object_component id="oc-562">
         <name>.text:SPP_Port_Status</name>
         <load_address>0x20faa</load_address>
         <run_address>0x20faa</run_address>
         <size>0xcc</size>
         <input_file_ref idref="fl-47"/>
      </object_component>
      <object_component id="oc-3e2">
         <name>.text:setvbuf</name>
         <load_address>0x21076</load_address>
         <run_address>0x21076</run_address>
         <size>0xcc</size>
         <input_file_ref idref="fl-a9"/>
      </object_component>
      <object_component id="oc-5f6">
         <name>.text:_L2CA_Disconnect_Request</name>
         <load_address>0x21142</load_address>
         <run_address>0x21142</run_address>
         <size>0xca</size>
         <input_file_ref idref="fl-47"/>
      </object_component>
      <object_component id="oc-3fb">
         <name>.text:pnm_read_int32</name>
         <load_address>0x2120c</load_address>
         <run_address>0x2120c</run_address>
         <size>0xca</size>
         <input_file_ref idref="fl-16"/>
      </object_component>
      <object_component id="oc-652">
         <name>.text:L2CAP_DataWrite$11</name>
         <load_address>0x212d6</load_address>
         <run_address>0x212d6</run_address>
         <size>0xc8</size>
         <input_file_ref idref="fl-47"/>
      </object_component>
      <object_component id="oc-648">
         <name>.text:SendCommPacket</name>
         <load_address>0x2139e</load_address>
         <run_address>0x2139e</run_address>
         <size>0xc4</size>
         <input_file_ref idref="fl-47"/>
      </object_component>
      <object_component id="oc-431">
         <name>.text:app_slideshow_with_spacebar</name>
         <load_address>0x21462</load_address>
         <run_address>0x21462</run_address>
         <size>0xc4</size>
         <input_file_ref idref="fl-1f"/>
      </object_component>
      <object_component id="oc-462">
         <name>.text:s1d135xx_set_power_state</name>
         <load_address>0x21526</load_address>
         <run_address>0x21526</run_address>
         <size>0xc4</size>
         <input_file_ref idref="fl-f"/>
      </object_component>
      <object_component id="oc-433">
         <name>.text:LtoA</name>
         <load_address>0x215ea</load_address>
         <run_address>0x215ea</run_address>
         <size>0xc2</size>
         <input_file_ref idref="fl-33"/>
      </object_component>
      <object_component id="oc-4a6">
         <name>.text:GAP_Cancel_Bonding</name>
         <load_address>0x216ac</load_address>
         <run_address>0x216ac</run_address>
         <size>0xc0</size>
         <input_file_ref idref="fl-47"/>
      </object_component>
      <object_component id="oc-3c5">
         <name>.text:SPP_Set_Configuration_Parameters</name>
         <load_address>0x2176c</load_address>
         <run_address>0x2176c</run_address>
         <size>0xc0</size>
         <input_file_ref idref="fl-47"/>
      </object_component>
      <object_component id="oc-569">
         <name>.text:_RFCOMM_Open_Response</name>
         <load_address>0x2182c</load_address>
         <run_address>0x2182c</run_address>
         <size>0xc0</size>
         <input_file_ref idref="fl-47"/>
      </object_component>
      <object_component id="oc-45b">
         <name>.text:move_window</name>
         <load_address>0x218ec</load_address>
         <run_address>0x218ec</run_address>
         <size>0xc0</size>
         <input_file_ref idref="fl-2d"/>
      </object_component>
      <object_component id="oc-3cb">
         <name>.text:ReadCmdFromPhoneApp</name>
         <load_address>0x219ac</load_address>
         <run_address>0x219ac</run_address>
         <size>0xbe</size>
         <input_file_ref idref="fl-3"/>
      </object_component>
      <object_component id="oc-5f3">
         <name>.text:_L2CA_Config_Response</name>
         <load_address>0x21a6a</load_address>
[...]
         <name>_reset_vector</name>
         <value>0xfffe</value>
         <object_component_ref idref="oc-1d8"/>
      </symbol>
      <symbol id="sm-2056">
         <name>_c_int00_noargs</name>
         <value>0x81f2</value>
         <object_component_ref idref="oc-87"/>
      </symbol>
      <symbol id="sm-2082">
         <name>_ctypes_</name>
         <value>0x6e96</value>
         <object_component_ref idref="oc-4d8"/>
      </symbol>
      <symbol id="sm-208d">
         <name>__TI_tmpnams</name>
         <value>0x36a8</value>
         <object_component_ref idref="oc-1f7"/>
      </symbol>
      <symbol id="sm-208e">
         <name>_ftable</name>
         <value>0x3630</value>
         <object_component_ref idref="oc-1f7"/>
      </symbol>
      <symbol id="sm-208f">
         <name>__TI_ft_end</name>
         <value>0x3748</value>
         <object_component_ref idref="oc-1f7"/>
      </symbol>
      <symbol id="sm-209f">
         <name>__remi</name>
         <value>0x2ab04</value>
         <object_component_ref idref="oc-1fb"/>
      </symbol>
      <symbol id="sm-20a0">
         <name>__divi</name>
         <value>0x2ab04</value>
         <object_component_ref idref="oc-1fb"/>
      </symbol>
      <symbol id="sm-20ae">
         <name>__remu</name>
         <value>0x2c096</value>
         <object_component_ref idref="oc-200"/>
      </symbol>
      <symbol id="sm-20af">
         <name>__divu</name>
         <value>0x2c096</value>
         <object_component_ref idref="oc-200"/>
      </symbol>
      <symbol id="sm-20c0">
         <name>__remli</name>
         <value>0x29494</value>
         <object_component_ref idref="oc-205"/>
      </symbol>
      <symbol id="sm-20c1">
         <name>__divli</name>
         <value>0x29494</value>
         <object_component_ref idref="oc-205"/>
      </symbol>
      <symbol id="sm-20d4">
         <name>__divul</name>
         <value>0x27860</value>
         <object_component_ref idref="oc-20a"/>
      </symbol>
      <symbol id="sm-20d5">
         <name>__remul</name>
         <value>0x27860</value>
         <object_component_ref idref="oc-20a"/>
      </symbol>
      <symbol id="sm-20e7">
         <name>C$$EXIT</name>
         <value>0x2c6ec</value>
         <object_component_ref idref="oc-324"/>
      </symbol>
      <symbol id="sm-20e8">
         <name>abort</name>
         <value>0x2c6ec</value>
         <object_component_ref idref="oc-324"/>
      </symbol>
      <symbol id="sm-20e9">
         <name>exit</name>
         <value>0x2a7b4</value>
         <object_component_ref idref="oc-321"/>
      </symbol>
      <symbol id="sm-20f7">
         <name>__TI_dtors_ptr</name>
         <value>0x3970</value>
         <object_component_ref idref="oc-33f"/>
      </symbol>
      <symbol id="sm-20f8">
         <name>__TI_cleanup_ptr</name>
         <value>0x396c</value>
         <object_component_ref idref="oc-341"/>
      </symbol>
      <symbol id="sm-212b">
         <name>__TI_cleanup</name>
         <value>0x2a33a</value>
         <object_component_ref idref="oc-43c"/>
      </symbol>
      <symbol id="sm-212c">
         <name>freopen</name>
         <value>0x2af40</value>
         <object_component_ref idref="oc-3e1"/>
      </symbol>
      <symbol id="sm-2140">
         <name>fprintf</name>
         <value>0x28ba4</value>
         <object_component_ref idref="oc-3e7"/>
      </symbol>
      <symbol id="sm-2153">
         <name>putc</name>
         <value>0x24988</value>
         <object_component_ref idref="oc-3ea"/>
      </symbol>
      <symbol id="sm-2154">
         <name>fputc</name>
         <value>0x24988</value>
         <object_component_ref idref="oc-3ea"/>
      </symbol>
      <symbol id="sm-216f">
         <name>fputs</name>
         <value>0x1ff24</value>
         <object_component_ref idref="oc-3e9"/>
      </symbol>
      <symbol id="sm-2173">
         <name>__TI_int43</name>
         <value>0xffd6</value>
         <object_component_ref idref="oc-70"/>
      </symbol>
      <symbol id="sm-2177">
         <name>__TI_int44</name>
         <value>0xffd8</value>
         <object_component_ref idref="oc-71"/>
      </symbol>
      <symbol id="sm-217b">
         <name>__TI_int45</name>
         <value>0xffda</value>
         <object_component_ref idref="oc-72"/>
      </symbol>
      <symbol id="sm-217f">
         <name>__TI_int48</name>
         <value>0xffe0</value>
         <object_component_ref idref="oc-75"/>
      </symbol>
      <symbol id="sm-2183">
         <name>__TI_int50</name>
         <value>0xffe4</value>
         <object_component_ref idref="oc-77"/>
      </symbol>
      <symbol id="sm-2187">
         <name>__TI_int51</name>
         <value>0xffe6</value>
         <object_component_ref idref="oc-78"/>
      </symbol>
      <symbol id="sm-218b">
         <name>__TI_int54</name>
         <value>0xffec</value>
         <object_component_ref idref="oc-7b"/>
      </symbol>
      <symbol id="sm-218f">
         <name>__TI_int55</name>
         <value>0xffee</value>
         <object_component_ref idref="oc-7c"/>
      </symbol>
      <symbol id="sm-2193">
         <name>__TI_int56</name>
         <value>0xfff0</value>
         <object_component_ref idref="oc-7d"/>
      </symbol>
      <symbol id="sm-2197">
         <name>__TI_int57</name>
         <value>0xfff2</value>
         <object_component_ref idref="oc-7e"/>
      </symbol>
      <symbol id="sm-219b">
         <name>__TI_int58</name>
         <value>0xfff4</value>
         <object_component_ref idref="oc-7f"/>
      </symbol>
      <symbol id="sm-219f">
         <name>__TI_int59</name>
         <value>0xfff6</value>
         <object_component_ref idref="oc-80"/>
      </symbol>
      <symbol id="sm-21a3">
         <name>__TI_int60</name>
         <value>0xfff8</value>
         <object_component_ref idref="oc-81"/>
      </symbol>
      <symbol id="sm-21a7">
         <name>__TI_int61</name>
         <value>0xfffa</value>
         <object_component_ref idref="oc-82"/>
      </symbol>
      <symbol id="sm-21ab">
         <name>__TI_int62</name>
         <value>0xfffc</value>
         <object_component_ref idref="oc-83"/>
      </symbol>
      <symbol id="sm-21b7">
         <name>__TI_ISR_TRAP</name>
         <value>0x821e</value>
         <object_component_ref idref="oc-22d"/>
      </symbol>
      <symbol id="sm-21fb">
         <name>open</name>
         <value>0x23bea</value>
         <object_component_ref idref="oc-4d5"/>
      </symbol>
      <symbol id="sm-21fc">
         <name>add_device</name>
         <value>0x21ca0</value>
         <object_component_ref idref="oc-3e0"/>
      </symbol>
      <symbol id="sm-21fd">
         <name>lseek</name>
         <value>0x2b1d0</value>
         <object_component_ref idref="oc-594"/>
      </symbol>
      <symbol id="sm-21fe">
         <name>write</name>
         <value>0x2b2f6</value>
         <object_component_ref idref="oc-444"/>
      </symbol>
      <symbol id="sm-21ff">
         <name>close</name>
         <value>0x2883a</value>
         <object_component_ref idref="oc-4d3"/>
      </symbol>
      <symbol id="sm-2200">
         <name>unlink</name>
         <value>0x2add6</value>
         <object_component_ref idref="oc-592"/>
      </symbol>
      <symbol id="sm-220d">
         <name>I_LSL</name>
         <value>0x2c5ae</value>
         <object_component_ref idref="oc-239"/>
      </symbol>
      <symbol id="sm-221d">
         <name>L_LSL_3</name>
         <value>0x2986a</value>
         <object_component_ref idref="oc-361"/>
      </symbol>
      <symbol id="sm-221e">
         <name>L_LSL_2</name>
         <value>0x2986e</value>
         <object_component_ref idref="oc-361"/>
      </symbol>
      <symbol id="sm-221f">
         <name>L_LSL_1</name>
         <value>0x29872</value>
         <object_component_ref idref="oc-361"/>
      </symbol>
      <symbol id="sm-2220">
         <name>L_LSL_7</name>
         <value>0x2985a</value>
         <object_component_ref idref="oc-361"/>
      </symbol>
      <symbol id="sm-2221">
         <name>L_LSL_6</name>
         <value>0x2985e</value>
         <object_component_ref idref="oc-361"/>
      </symbol>
      <symbol id="sm-2222">
         <name>L_LSL_5</name>
         <value>0x29862</value>
         <object_component_ref idref="oc-361"/>
      </symbol>
      <symbol id="sm-2223">
         <name>L_LSL_4</name>
         <value>0x29866</value>
         <object_component_ref idref="oc-361"/>
      </symbol>
      <symbol id="sm-2224">
         <name>L_LSL_9</name>
         <value>0x29852</value>
         <object_component_ref idref="oc-361"/>
      </symbol>
      <symbol id="sm-2225">
         <name>L_LSL_8</name>
         <value>0x29856</value>
         <object_component_ref idref="oc-361"/>
      </symbol>
      <symbol id="sm-2226">
         <name>L_LSL</name>
         <value>0x2c43e</value>
         <object_component_ref idref="oc-35a"/>
      </symbol>
      <symbol id="sm-2227">
         <name>L_LSL_12</name>
         <value>0x29846</value>
         <object_component_ref idref="oc-361"/>
      </symbol>
      <symbol id="sm-2228">
         <name>L_LSL_13</name>
         <value>0x29842</value>
         <object_component_ref idref="oc-361"/>
      </symbol>
      <symbol id="sm-2229">
         <name>L_LSL_10</name>
         <value>0x2984e</value>
         <object_component_ref idref="oc-361"/>
      </symbol>
      <symbol id="sm-222a">
         <name>L_LSL_11</name>
         <value>0x2984a</value>
         <object_component_ref idref="oc-361"/>
      </symbol>
      <symbol id="sm-222b">
         <name>L_LSL_14</name>
         <value>0x2983e</value>
         <object_component_ref idref="oc-361"/>
      </symbol>
      <symbol id="sm-222c">
         <name>L_LSL_15</name>
         <value>0x2983a</value>
         <object_component_ref idref="oc-361"/>
      </symbol>
      <symbol id="sm-223c">
         <name>L_LSR_12</name>
         <value>0x29884</value>
         <object_component_ref idref="oc-358"/>
      </symbol>
      <symbol id="sm-223d">
         <name>L_LSR_13</name>
         <value>0x29880</value>
         <object_component_ref idref="oc-358"/>
      </symbol>
      <symbol id="sm-223e">
         <name>L_LSR_10</name>
         <value>0x2988c</value>
         <object_component_ref idref="oc-358"/>
      </symbol>
      <symbol id="sm-223f">
         <name>L_LSR_11</name>
         <value>0x29888</value>
         <object_component_ref idref="oc-358"/>
      </symbol>
      <symbol id="sm-2240">
         <name>L_LSR_14</name>
         <value>0x2987c</value>
         <object_component_ref idref="oc-358"/>
      </symbol>
      <symbol id="sm-2241">
         <name>L_LSR_15</name>
         <value>0x29878</value>
         <object_component_ref idref="oc-358"/>
      </symbol>
      <symbol id="sm-2242">
         <name>L_LSR</name>
         <value>0x2c44e</value>
         <object_component_ref idref="oc-68a"/>
      </symbol>
      <symbol id="sm-2243">
         <name>L_LSR_3</name>
         <value>0x298a8</value>
         <object_component_ref idref="oc-358"/>
      </symbol>
      <symbol id="sm-2244">
         <name>L_LSR_2</name>
         <value>0x298ac</value>
         <object_component_ref idref="oc-358"/>
      </symbol>
      <symbol id="sm-2245">
         <name>L_LSR_1</name>
         <value>0x298b0</value>
         <object_component_ref idref="oc-358"/>
      </symbol>
      <symbol id="sm-2246">
         <name>L_LSR_7</name>
         <value>0x29898</value>
         <object_component_ref idref="oc-358"/>
      </symbol>
      <symbol id="sm-2247">
         <name>L_LSR_6</name>
         <value>0x2989c</value>
         <object_component_ref idref="oc-358"/>
      </symbol>
      <symbol id="sm-2248">
         <name>L_LSR_5</name>
         <value>0x298a0</value>
         <object_component_ref idref="oc-358"/>
      </symbol>
      <symbol id="sm-2249">
         <name>L_LSR_4</name>
         <value>0x298a4</value>
         <object_component_ref idref="oc-358"/>
      </symbol>
      <symbol id="sm-224a">
         <name>L_LSR_9</name>
         <value>0x29890</value>
         <object_component_ref idref="oc-358"/>
      </symbol>
      <symbol id="sm-224b">
         <name>L_LSR_8</name>
         <value>0x29894</value>
         <object_component_ref idref="oc-358"/>
      </symbol>
      <symbol id="sm-225a">
         <name>memchr</name>
         <value>0x2c284</value>
         <object_component_ref idref="oc-442"/>
      </symbol>
      <symbol id="sm-2269">
         <name>memcmp</name>
         <value>0x2b5c2</value>
         <object_component_ref idref="oc-42e"/>
      </symbol>
      <symbol id="sm-2277">
         <name>memcpy</name>
         <value>0x2c360</value>
         <object_component_ref idref="oc-33c"/>
      </symbol>
      <symbol id="sm-2286">
         <name>memmove</name>
         <value>0x2b8c8</value>
         <object_component_ref idref="oc-61c"/>
      </symbol>
      <symbol id="sm-22ba">
         <name>_sys_memory</name>
         <value>0x398c</value>
         <object_component_ref idref="oc-25d"/>
      </symbol>
      <symbol id="sm-22bb">
         <name>free</name>
         <value>0x25300</value>
         <object_component_ref idref="oc-43a"/>
      </symbol>
      <symbol id="sm-22bc">
         <name>malloc</name>
         <value>0x22bfe</value>
         <object_component_ref idref="oc-43b"/>
      </symbol>
      <symbol id="sm-22bd">
         <name>minit</name>
         <value>0x29b36</value>
         <object_component_ref idref="oc-4d6"/>
      </symbol>
      <symbol id="sm-22cb">
         <name>memset</name>
         <value>0x2c298</value>
         <object_component_ref idref="oc-33b"/>
      </symbol>
      <symbol id="sm-22f9">
         <name>__mpysl_f5hw</name>
         <value>0x2bd74</value>
         <object_component_ref idref="oc-646"/>
      </symbol>
      <symbol id="sm-230a">
         <name>__mpyi_f5hw</name>
         <value>0x2c0ac</value>
         <object_component_ref idref="oc-3cc"/>
      </symbol>
      <symbol id="sm-2340">
         <name>__mpyl_f5hw</name>
         <value>0x2b5e4</value>
         <object_component_ref idref="oc-402"/>
      </symbol>
      <symbol id="sm-2369">
         <name>printf</name>
         <value>0x29454</value>
         <object_component_ref idref="oc-36f"/>
      </symbol>
      <symbol id="sm-2381">
         <name>setvbuf</name>
         <value>0x21076</value>
         <object_component_ref idref="oc-3e2"/>
      </symbol>
      <symbol id="sm-2399">
         <name>snprintf</name>
         <value>0x2764e</value>
         <object_component_ref idref="oc-4e5"/>
      </symbol>
      <symbol id="sm-23ab">
         <name>sprintf</name>
         <value>0x29b6e</value>
         <object_component_ref idref="oc-3e6"/>
      </symbol>
      <symbol id="sm-23ba">
         <name>strchr</name>
         <value>0x2bdc2</value>
         <object_component_ref idref="oc-63f"/>
      </symbol>
      <symbol id="sm-23c8">
         <name>strcmp</name>
         <value>0x2bf5e</value>
         <object_component_ref idref="oc-3b0"/>
      </symbol>
      <symbol id="sm-23d5">
         <name>strcpy</name>
         <value>0x2c46e</value>
         <object_component_ref idref="oc-362"/>
      </symbol>
      <symbol id="sm-23e2">
         <name>strlen</name>
         <value>0x2c50a</value>
         <object_component_ref idref="oc-35e"/>
      </symbol>
      <symbol id="sm-23f2">
         <name>strncpy</name>
         <value>0x2ab5c</value>
         <object_component_ref idref="oc-3f9"/>
      </symbol>
      <symbol id="sm-2405">
         <name>strstr</name>
         <value>0x29ed0</value>
         <object_component_ref idref="oc-4d0"/>
      </symbol>
      <symbol id="sm-242a">
         <name>strtoul</name>
         <value>0x1abb6</value>
         <object_component_ref idref="oc-5a5"/>
      </symbol>
      <symbol id="sm-2448">
         <name>HOSTrename</name>
         <value>0x261a0</value>
         <object_component_ref idref="oc-335"/>
      </symbol>
      <symbol id="sm-2449">
         <name>HOSTclose</name>
         <value>0x28eea</value>
         <object_component_ref idref="oc-330"/>
      </symbol>
      <symbol id="sm-244a">
         <name>HOSTunlink</name>
         <value>0x29144</value>
         <object_component_ref idref="oc-334"/>
      </symbol>
      <symbol id="sm-244b">
         <name>HOSTlseek</name>
         <value>0x24ede</value>
         <object_component_ref idref="oc-333"/>
      </symbol>
      <symbol id="sm-244c">
         <name>HOSTopen</name>
         <value>0x26cda</value>
         <object_component_ref idref="oc-32f"/>
      </symbol>
      <symbol id="sm-244d">
         <name>HOSTwrite</name>
         <value>0x26f7e</value>
         <object_component_ref idref="oc-332"/>
      </symbol>
      <symbol id="sm-244e">
         <name>HOSTread</name>
         <value>0x27268</value>
         <object_component_ref idref="oc-331"/>
      </symbol>
      <symbol id="sm-2464">
         <name>__TI_readmsg</name>
         <value>0x2aa54</value>
         <object_component_ref idref="oc-360"/>
      </symbol>
      <symbol id="sm-2465">
         <name>C$$IO$$</name>
         <value>0x2a754</value>
         <object_component_ref idref="oc-35f"/>
      </symbol>
      <symbol id="sm-2466">
         <name>_CIOBUF_</name>
         <value>0x3d74</value>
         <object_component_ref idref="oc-2ca"/>
      </symbol>
      <symbol id="sm-2467">
         <name>__TI_writemsg</name>
         <value>0x2a72a</value>
         <object_component_ref idref="oc-35f"/>
      </symbol>
      <symbol id="sm-247a">
         <name>__TI_wrt_ok</name>
         <value>0x25768</value>
         <object_component_ref idref="oc-441"/>
      </symbol>
      <symbol id="sm-248e">
         <name>_nop</name>
         <value>0x2c700</value>
         <object_component_ref idref="oc-365"/>
      </symbol>
      <symbol id="sm-248f">
         <name>_lock</name>
         <value>0x3974</value>
         <object_component_ref idref="oc-33d"/>
      </symbol>
      <symbol id="sm-2490">
         <name>_unlock</name>
         <value>0x3978</value>
         <object_component_ref idref="oc-343"/>
      </symbol>
      <symbol id="sm-2524">
         <name>__TI_printfi_nofloat</name>
         <value>0x19ac8</value>
         <object_component_ref idref="oc-3a3"/>
      </symbol>
      <symbol id="sm-2540">
         <name>_auto_init_hold_wdt</name>
         <value>0x27098</value>
         <object_component_ref idref="oc-31f"/>
      </symbol>
      <symbol id="sm-2572">
         <name>__divull</name>
         <value>0x14da6</value>
         <object_component_ref idref="oc-641"/>
      </symbol>
      <symbol id="sm-257c">
         <name>_Errno</name>
         <value>0x3988</value>
         <object_component_ref idref="oc-2ee"/>
      </symbol>
      <symbol id="sm-258d">
         <name>__TI_closefile</name>
         <value>0x265be</value>
         <object_component_ref idref="oc-438"/>
      </symbol>
      <symbol id="sm-259e">
         <name>__TI_doflush</name>
         <value>0x26d3c</value>
         <object_component_ref idref="oc-443"/>
      </symbol>
      <symbol id="sm-25ae">
         <name>fseek</name>
         <value>0x26348</value>
         <object_component_ref idref="oc-4d7"/>
      </symbol>
      <symbol id="sm-25be">
         <name>__lslll</name>
         <value>0x299e0</value>
         <object_component_ref idref="oc-68b"/>
      </symbol>
      <symbol id="sm-25ce">
         <name>__lsrll</name>
         <value>0x29a1a</value>
         <object_component_ref idref="oc-640"/>
      </symbol>
      <symbol id="sm-25dd">
         <name>memccpy</name>
         <value>0x2bd8e</value>
         <object_component_ref idref="oc-447"/>
      </symbol>
      <symbol id="sm-25e9">
         <name>remove</name>
         <value>0x2c6fc</value>
         <object_component_ref idref="oc-4d4"/>
      </symbol>
   </symbol_table>
   <title>Link successful</title>
</link_info>
