<?xml version="1.0"?>
<link_info>
   <banner>MSP430 Linker PC v4.4.4</banner>
   <copyright>Copyright (c) 2003-2015 Texas Instruments Incorporated</copyright>
   <link_time>0x55e28567</link_time>
   <link_errors>0x0</link_errors>
   <output_file>pl-epd-ti-bt-v3.out</output_file>
   <entry_point>
      <name>_c_int00_noargs</name>
      <address>0x8172</address>
   </entry_point>
   <input_file_list>
      <input_file id="fl-2">
         <path>.\</path>
         <kind>object</kind>
         <file>Main.obj</file>
         <name>Main.obj</name>
      </input_file>
      <input_file id="fl-3">
         <path>.\</path>
         <kind>object</kind>
         <file>SPPDemo.obj</file>
         <name>SPPDemo.obj</name>
      </input_file>
      <input_file id="fl-4">
         <path>.\pl\</path>
         <kind>object</kind>
         <file>dispinfo.obj</file>
         <name>dispinfo.obj</name>
      </input_file>
      <input_file id="fl-5">
         <path>.\pl\</path>
         <kind>object</kind>
         <file>epdc.obj</file>
         <name>epdc.obj</name>
      </input_file>
      <input_file id="fl-6">
         <path>.\pl\</path>
         <kind>object</kind>
         <file>epdpsu.obj</file>
         <name>epdpsu.obj</name>
      </input_file>
      <input_file id="fl-7">
         <path>.\pl\</path>
         <kind>object</kind>
         <file>gpio.obj</file>
         <name>gpio.obj</name>
      </input_file>
      <input_file id="fl-8">
         <path>.\pl\</path>
         <kind>object</kind>
         <file>hwinfo.obj</file>
         <name>hwinfo.obj</name>
      </input_file>
      <input_file id="fl-9">
         <path>.\pl\</path>
         <kind>object</kind>
         <file>i2c.obj</file>
         <name>i2c.obj</name>
      </input_file>
      <input_file id="fl-a">
         <path>.\pl\</path>
         <kind>object</kind>
         <file>wflib.obj</file>
         <name>wflib.obj</name>
      </input_file>
      <input_file id="fl-b">
         <path>.\epson\</path>
         <kind>object</kind>
         <file>epson-epdc.obj</file>
         <name>epson-epdc.obj</name>
      </input_file>
      <input_file id="fl-c">
         <path>.\epson\</path>
         <kind>object</kind>
         <file>epson-i2c.obj</file>
         <name>epson-i2c.obj</name>
      </input_file>
      <input_file id="fl-d">
         <path>.\epson\</path>
         <kind>object</kind>
         <file>epson-s1d13524.obj</file>
         <name>epson-s1d13524.obj</name>
      </input_file>
      <input_file id="fl-e">
         <path>.\epson\</path>
         <kind>object</kind>
         <file>epson-s1d13541.obj</file>
         <name>epson-s1d13541.obj</name>
      </input_file>
      <input_file id="fl-f">
         <path>.\epson\</path>
         <kind>object</kind>
         <file>epson-s1d135xx.obj</file>
         <name>epson-s1d135xx.obj</name>
      </input_file>
      <input_file id="fl-10">
         <path>.\epd_sys\</path>
         <kind>object</kind>
         <file>crc16.obj</file>
         <name>crc16.obj</name>
      </input_file>
      <input_file id="fl-11">
         <path>.\epd_sys\</path>
         <kind>object</kind>
         <file>dac-5820.obj</file>
         <name>dac-5820.obj</name>
      </input_file>
      <input_file id="fl-12">
         <path>.\epd_sys\</path>
         <kind>object</kind>
         <file>i2c-eeprom.obj</file>
         <name>i2c-eeprom.obj</name>
      </input_file>
      <input_file id="fl-13">
         <path>.\epd_sys\</path>
         <kind>object</kind>
         <file>lzss.obj</file>
         <name>lzss.obj</name>
      </input_file>
      <input_file id="fl-14">
         <path>.\epd_sys\</path>
         <kind>object</kind>
         <file>pmic-max17135.obj</file>
         <name>pmic-max17135.obj</name>
      </input_file>
      <input_file id="fl-15">
         <path>.\epd_sys\</path>
         <kind>object</kind>
         <file>pmic-tps65185.obj</file>
         <name>pmic-tps65185.obj</name>
      </input_file>
      <input_file id="fl-16">
         <path>.\epd_sys\</path>
         <kind>object</kind>
         <file>pnm-utils.obj</file>
         <name>pnm-utils.obj</name>
      </input_file>
      <input_file id="fl-17">
         <path>.\epd_sys\</path>
         <kind>object</kind>
         <file>probe.obj</file>
         <name>probe.obj</name>
      </input_file>
      <input_file id="fl-18">
         <path>.\epd_sys\</path>
         <kind>object</kind>
         <file>utils.obj</file>
         <name>utils.obj</name>
      </input_file>
      <input_file id="fl-19">
         <path>.\epd_sys\</path>
         <kind>object</kind>
         <file>vcom.obj</file>
         <name>vcom.obj</name>
      </input_file>
      <input_file id="fl-1a">
         <path>.\epd_app\</path>
         <kind>object</kind>
         <file>app.obj</file>
         <name>app.obj</name>
      </input_file>
      <input_file id="fl-1b">
         <path>.\epd_app\</path>
         <kind>object</kind>
         <file>parser.obj</file>
         <name>parser.obj</name>
      </input_file>
      <input_file id="fl-1c">
         <path>.\epd_app\</path>
         <kind>object</kind>
         <file>pattern.obj</file>
         <name>pattern.obj</name>
      </input_file>
      <input_file id="fl-1d">
         <path>.\epd_app\</path>
         <kind>object</kind>
         <file>power.obj</file>
         <name>power.obj</name>
      </input_file>
      <input_file id="fl-1e">
         <path>.\epd_app\</path>
         <kind>object</kind>
         <file>sequencer.obj</file>
         <name>sequencer.obj</name>
      </input_file>
      <input_file id="fl-1f">
         <path>.\epd_app\</path>
         <kind>object</kind>
         <file>slideshow.obj</file>
         <name>slideshow.obj</name>
      </input_file>
      <input_file id="fl-20">
         <path>.\Hardware\</path>
         <kind>object</kind>
         <file>low_level_init.obj</file>
         <name>low_level_init.obj</name>
      </input_file>
      <input_file id="fl-21">
         <path>.\Hardware\</path>
         <kind>object</kind>
         <file>pre_init.obj</file>
         <name>pre_init.obj</name>
      </input_file>
      <input_file id="fl-22">
         <path>.\Hardware\msp430\</path>
         <kind>object</kind>
         <file>HAL.obj</file>
         <name>HAL.obj</name>
      </input_file>
      <input_file id="fl-23">
         <path>.\Hardware\msp430\</path>
         <kind>object</kind>
         <file>hal_pmm.obj</file>
         <name>hal_pmm.obj</name>
      </input_file>
      <input_file id="fl-24">
         <path>.\Hardware\msp430\</path>
         <kind>object</kind>
         <file>msp430-epd.obj</file>
         <name>msp430-epd.obj</name>
      </input_file>
      <input_file id="fl-25">
         <path>.\Hardware\msp430\</path>
         <kind>object</kind>
         <file>msp430-flashmem.obj</file>
         <name>msp430-flashmem.obj</name>
      </input_file>
      <input_file id="fl-26">
         <path>.\Hardware\msp430\</path>
         <kind>object</kind>
         <file>msp430-gpio.obj</file>
         <name>msp430-gpio.obj</name>
      </input_file>
      <input_file id="fl-27">
         <path>.\Hardware\msp430\</path>
         <kind>object</kind>
         <file>msp430-i2c.obj</file>
         <name>msp430-i2c.obj</name>
      </input_file>
      <input_file id="fl-28">
         <path>.\Hardware\msp430\</path>
         <kind>object</kind>
         <file>msp430-interrupts.obj</file>
         <name>msp430-interrupts.obj</name>
      </input_file>
      <input_file id="fl-29">
         <path>.\Hardware\msp430\</path>
         <kind>object</kind>
         <file>msp430-sdcard.obj</file>
         <name>msp430-sdcard.obj</name>
      </input_file>
      <input_file id="fl-2a">
         <path>.\Hardware\msp430\</path>
         <kind>object</kind>
         <file>msp430-spi.obj</file>
         <name>msp430-spi.obj</name>
      </input_file>
      <input_file id="fl-2b">
         <path>.\Hardware\msp430\</path>
         <kind>object</kind>
         <file>msp430-timers.obj</file>
         <name>msp430-timers.obj</name>
      </input_file>
      <input_file id="fl-2c">
         <path>.\Hardware\msp430\</path>
         <kind>object</kind>
         <file>msp430-uart.obj</file>
         <name>msp430-uart.obj</name>
      </input_file>
      <input_file id="fl-2d">
         <path>.\FatFs\</path>
         <kind>object</kind>
         <file>ff.obj</file>
         <name>ff.obj</name>
      </input_file>
      <input_file id="fl-2e">
         <path>.\FatFs\</path>
         <kind>object</kind>
         <file>mmc.obj</file>
         <name>mmc.obj</name>
      </input_file>
      <input_file id="fl-2f">
         <path>.\Bluetopia\hcitrans\</path>
         <kind>object</kind>
         <file>HCITRANS.obj</file>
         <name>HCITRANS.obj</name>
      </input_file>
      <input_file id="fl-30">
         <path>.\Bluetopia\btvs\</path>
         <kind>object</kind>
         <file>BTVS.obj</file>
         <name>BTVS.obj</name>
      </input_file>
      <input_file id="fl-31">
         <path>.\Bluetopia\btpsvend\</path>
         <kind>object</kind>
         <file>BTPSVEND.obj</file>
         <name>BTPSVEND.obj</name>
      </input_file>
      <input_file id="fl-32">
         <path>.\Bluetopia\btpskrnl\</path>
         <kind>object</kind>
         <file>BTPSKRNL.obj</file>
         <name>BTPSKRNL.obj</name>
      </input_file>
      <input_file id="fl-33">
         <path>.\Bluetopia\btpskrnl\</path>
         <kind>object</kind>
         <file>sprintf.obj</file>
         <name>sprintf.obj</name>
      </input_file>
      <input_file id="fl-47">
         <path>C:\Users\Robo\Google Drive\sTicker\Coding Stuff\CCS Projects\EPD with BT SPP\pl-epd-ti-bt-v3\Bluetopia\lib\DefaultMTU\coffabi\</path>
         <kind>archive</kind>
         <file>libBluetopia.a</file>
         <name>BSC.obj</name>
      </input_file>
      <input_file id="fl-71">
         <path>C:\ti\ccsv6\tools\compiler\ti-cgt-msp430_4.4.4\lib\</path>
         <kind>archive</kind>
         <file>rts430x.lib</file>
         <name>asr32.obj</name>
      </input_file>
      <input_file id="fl-72">
         <path>C:\ti\ccsv6\tools\compiler\ti-cgt-msp430_4.4.4\lib\</path>
         <kind>archive</kind>
         <file>rts430x.lib</file>
         <name>atoi.obj</name>
      </input_file>
      <input_file id="fl-73">
         <path>C:\ti\ccsv6\tools\compiler\ti-cgt-msp430_4.4.4\lib\</path>
         <kind>archive</kind>
         <file>rts430x.lib</file>
         <name>boot.obj</name>
      </input_file>
      <input_file id="fl-74">
         <path>C:\ti\ccsv6\tools\compiler\ti-cgt-msp430_4.4.4\lib\</path>
         <kind>archive</kind>
         <file>rts430x.lib</file>
         <name>boot_special.obj</name>
      </input_file>
      <input_file id="fl-75">
         <path>C:\ti\ccsv6\tools\compiler\ti-cgt-msp430_4.4.4\lib\</path>
         <kind>archive</kind>
         <file>rts430x.lib</file>
         <name>copy_decompress_none.obj</name>
      </input_file>
      <input_file id="fl-76">
         <path>C:\ti\ccsv6\tools\compiler\ti-cgt-msp430_4.4.4\lib\</path>
         <kind>archive</kind>
         <file>rts430x.lib</file>
         <name>copy_decompress_rle.obj</name>
      </input_file>
      <input_file id="fl-77">
         <path>C:\ti\ccsv6\tools\compiler\ti-cgt-msp430_4.4.4\lib\</path>
         <kind>archive</kind>
         <file>rts430x.lib</file>
         <name>copy_zero_init.obj</name>
      </input_file>
      <input_file id="fl-78">
         <path>C:\ti\ccsv6\tools\compiler\ti-cgt-msp430_4.4.4\lib\</path>
         <kind>archive</kind>
         <file>rts430x.lib</file>
         <name>cpy_util.obj</name>
      </input_file>
      <input_file id="fl-79">
         <path>C:\ti\ccsv6\tools\compiler\ti-cgt-msp430_4.4.4\lib\</path>
         <kind>archive</kind>
         <file>rts430x.lib</file>
         <name>ctype.obj</name>
      </input_file>
      <input_file id="fl-7a">
         <path>C:\ti\ccsv6\tools\compiler\ti-cgt-msp430_4.4.4\lib\</path>
         <kind>archive</kind>
         <file>rts430x.lib</file>
         <name>defs.obj</name>
      </input_file>
      <input_file id="fl-7b">
         <path>C:\ti\ccsv6\tools\compiler\ti-cgt-msp430_4.4.4\lib\</path>
         <kind>archive</kind>
         <file>rts430x.lib</file>
         <name>div16s.obj</name>
      </input_file>
      <input_file id="fl-7c">
         <path>C:\ti\ccsv6\tools\compiler\ti-cgt-msp430_4.4.4\lib\</path>
         <kind>archive</kind>
         <file>rts430x.lib</file>
         <name>div16u.obj</name>
      </input_file>
      <input_file id="fl-7d">
         <path>C:\ti\ccsv6\tools\compiler\ti-cgt-msp430_4.4.4\lib\</path>
         <kind>archive</kind>
         <file>rts430x.lib</file>
         <name>div32s.obj</name>
      </input_file>
      <input_file id="fl-7e">
         <path>C:\ti\ccsv6\tools\compiler\ti-cgt-msp430_4.4.4\lib\</path>
         <kind>archive</kind>
         <file>rts430x.lib</file>
         <name>div32u.obj</name>
      </input_file>
      <input_file id="fl-7f">
         <path>C:\ti\ccsv6\tools\compiler\ti-cgt-msp430_4.4.4\lib\</path>
         <kind>archive</kind>
         <file>rts430x.lib</file>
         <name>exit.obj</name>
      </input_file>
      <input_file id="fl-80">
         <path>C:\ti\ccsv6\tools\compiler\ti-cgt-msp430_4.4.4\lib\</path>
         <kind>archive</kind>
         <file>rts430x.lib</file>
         <name>exit_gvars.obj</name>
      </input_file>
      <input_file id="fl-81">
         <path>C:\ti\ccsv6\tools\compiler\ti-cgt-msp430_4.4.4\lib\</path>
         <kind>archive</kind>
         <file>rts430x.lib</file>
         <name>fopen.obj</name>
      </input_file>
      <input_file id="fl-82">
         <path>C:\ti\ccsv6\tools\compiler\ti-cgt-msp430_4.4.4\lib\</path>
         <kind>archive</kind>
         <file>rts430x.lib</file>
         <name>fprintf.obj</name>
      </input_file>
      <input_file id="fl-83">
         <path>C:\ti\ccsv6\tools\compiler\ti-cgt-msp430_4.4.4\lib\</path>
         <kind>archive</kind>
         <file>rts430x.lib</file>
         <name>fputc.obj</name>
      </input_file>
      <input_file id="fl-84">
         <path>C:\ti\ccsv6\tools\compiler\ti-cgt-msp430_4.4.4\lib\</path>
         <kind>archive</kind>
         <file>rts430x.lib</file>
         <name>fputs.obj</name>
      </input_file>
      <input_file id="fl-85">
         <path>C:\ti\ccsv6\tools\compiler\ti-cgt-msp430_4.4.4\lib\</path>
         <kind>archive</kind>
         <file>rts430x.lib</file>
         <name>int43.obj</name>
      </input_file>
      <input_file id="fl-86">
         <path>C:\ti\ccsv6\tools\compiler\ti-cgt-msp430_4.4.4\lib\</path>
         <kind>archive</kind>
         <file>rts430x.lib</file>
         <name>int44.obj</name>
      </input_file>
      <input_file id="fl-87">
         <path>C:\ti\ccsv6\tools\compiler\ti-cgt-msp430_4.4.4\lib\</path>
         <kind>archive</kind>
         <file>rts430x.lib</file>
         <name>int45.obj</name>
      </input_file>
      <input_file id="fl-88">
         <path>C:\ti\ccsv6\tools\compiler\ti-cgt-msp430_4.4.4\lib\</path>
         <kind>archive</kind>
         <file>rts430x.lib</file>
         <name>int48.obj</name>
      </input_file>
      <input_file id="fl-89">
         <path>C:\ti\ccsv6\tools\compiler\ti-cgt-msp430_4.4.4\lib\</path>
         <kind>archive</kind>
         <file>rts430x.lib</file>
         <name>int50.obj</name>
      </input_file>
      <input_file id="fl-8a">
         <path>C:\ti\ccsv6\tools\compiler\ti-cgt-msp430_4.4.4\lib\</path>
         <kind>archive</kind>
         <file>rts430x.lib</file>
         <name>int51.obj</name>
      </input_file>
      <input_file id="fl-8b">
         <path>C:\ti\ccsv6\tools\compiler\ti-cgt-msp430_4.4.4\lib\</path>
         <kind>archive</kind>
         <file>rts430x.lib</file>
         <name>int54.obj</name>
      </input_file>
      <input_file id="fl-8c">
         <path>C:\ti\ccsv6\tools\compiler\ti-cgt-msp430_4.4.4\lib\</path>
         <kind>archive</kind>
         <file>rts430x.lib</file>
         <name>int55.obj</name>
      </input_file>
      <input_file id="fl-8d">
         <path>C:\ti\ccsv6\tools\compiler\ti-cgt-msp430_4.4.4\lib\</path>
         <kind>archive</kind>
         <file>rts430x.lib</file>
         <name>int56.obj</name>
      </input_file>
      <input_file id="fl-8e">
         <path>C:\ti\ccsv6\tools\compiler\ti-cgt-msp430_4.4.4\lib\</path>
         <kind>archive</kind>
         <file>rts430x.lib</file>
         <name>int57.obj</name>
      </input_file>
      <input_file id="fl-8f">
         <path>C:\ti\ccsv6\tools\compiler\ti-cgt-msp430_4.4.4\lib\</path>
         <kind>archive</kind>
         <file>rts430x.lib</file>
         <name>int58.obj</name>
      </input_file>
      <input_file id="fl-90">
         <path>C:\ti\ccsv6\tools\compiler\ti-cgt-msp430_4.4.4\lib\</path>
         <kind>archive</kind>
         <file>rts430x.lib</file>
         <name>int59.obj</name>
      </input_file>
      <input_file id="fl-91">
         <path>C:\ti\ccsv6\tools\compiler\ti-cgt-msp430_4.4.4\lib\</path>
         <kind>archive</kind>
         <file>rts430x.lib</file>
         <name>int60.obj</name>
      </input_file>
      <input_file id="fl-92">
         <path>C:\ti\ccsv6\tools\compiler\ti-cgt-msp430_4.4.4\lib\</path>
         <kind>archive</kind>
         <file>rts430x.lib</file>
         <name>int61.obj</name>
      </input_file>
      <input_file id="fl-93">
         <path>C:\ti\ccsv6\tools\compiler\ti-cgt-msp430_4.4.4\lib\</path>
         <kind>archive</kind>
         <file>rts430x.lib</file>
         <name>int62.obj</name>
      </input_file>
      <input_file id="fl-94">
         <path>C:\ti\ccsv6\tools\compiler\ti-cgt-msp430_4.4.4\lib\</path>
         <kind>archive</kind>
         <file>rts430x.lib</file>
         <name>isr_trap.obj</name>
      </input_file>
      <input_file id="fl-95">
         <path>C:\ti\ccsv6\tools\compiler\ti-cgt-msp430_4.4.4\lib\</path>
         <kind>archive</kind>
         <file>rts430x.lib</file>
         <name>lowlev.obj</name>
      </input_file>
      <input_file id="fl-96">
         <path>C:\ti\ccsv6\tools\compiler\ti-cgt-msp430_4.4.4\lib\</path>
         <kind>archive</kind>
         <file>rts430x.lib</file>
         <name>lsl16.obj</name>
      </input_file>
      <input_file id="fl-97">
         <path>C:\ti\ccsv6\tools\compiler\ti-cgt-msp430_4.4.4\lib\</path>
         <kind>archive</kind>
         <file>rts430x.lib</file>
         <name>lsl32.obj</name>
      </input_file>
      <input_file id="fl-98">
         <path>C:\ti\ccsv6\tools\compiler\ti-cgt-msp430_4.4.4\lib\</path>
         <kind>archive</kind>
         <file>rts430x.lib</file>
         <name>lsr32.obj</name>
      </input_file>
      <input_file id="fl-99">
         <path>C:\ti\ccsv6\tools\compiler\ti-cgt-msp430_4.4.4\lib\</path>
         <kind>archive</kind>
         <file>rts430x.lib</file>
         <name>memchr.obj</name>
      </input_file>
      <input_file id="fl-9a">
         <path>C:\ti\ccsv6\tools\compiler\ti-cgt-msp430_4.4.4\lib\</path>
         <kind>archive</kind>
         <file>rts430x.lib</file>
         <name>memcmp.obj</name>
      </input_file>
      <input_file id="fl-9b">
         <path>C:\ti\ccsv6\tools\compiler\ti-cgt-msp430_4.4.4\lib\</path>
         <kind>archive</kind>
         <file>rts430x.lib</file>
         <name>memcpy.obj</name>
      </input_file>
      <input_file id="fl-9c">
         <path>C:\ti\ccsv6\tools\compiler\ti-cgt-msp430_4.4.4\lib\</path>
         <kind>archive</kind>
         <file>rts430x.lib</file>
         <name>memmov.obj</name>
      </input_file>
      <input_file id="fl-9d">
         <path>C:\ti\ccsv6\tools\compiler\ti-cgt-msp430_4.4.4\lib\</path>
         <kind>archive</kind>
         <file>rts430x.lib</file>
         <name>memory.obj</name>
      </input_file>
      <input_file id="fl-9e">
         <path>C:\ti\ccsv6\tools\compiler\ti-cgt-msp430_4.4.4\lib\</path>
         <kind>archive</kind>
         <file>rts430x.lib</file>
         <name>memset.obj</name>
      </input_file>
      <input_file id="fl-9f">
         <path>C:\ti\ccsv6\tools\compiler\ti-cgt-msp430_4.4.4\lib\</path>
         <kind>archive</kind>
         <file>rts430x.lib</file>
         <name>mpu_init.obj</name>
      </input_file>
      <input_file id="fl-a0">
         <path>C:\ti\ccsv6\tools\compiler\ti-cgt-msp430_4.4.4\lib\</path>
         <kind>archive</kind>
         <file>rts430x.lib</file>
         <name>mult16.obj</name>
      </input_file>
      <input_file id="fl-a1">
         <path>C:\ti\ccsv6\tools\compiler\ti-cgt-msp430_4.4.4\lib\</path>
         <kind>archive</kind>
         <file>rts430x.lib</file>
         <name>mult1632.obj</name>
      </input_file>
      <input_file id="fl-a2">
         <path>C:\ti\ccsv6\tools\compiler\ti-cgt-msp430_4.4.4\lib\</path>
         <kind>archive</kind>
         <file>rts430x.lib</file>
         <name>mult1632_f5hw.obj</name>
      </input_file>
      <input_file id="fl-a3">
         <path>C:\ti\ccsv6\tools\compiler\ti-cgt-msp430_4.4.4\lib\</path>
         <kind>archive</kind>
         <file>rts430x.lib</file>
         <name>mult16_f5hw.obj</name>
      </input_file>
      <input_file id="fl-a4">
         <path>C:\ti\ccsv6\tools\compiler\ti-cgt-msp430_4.4.4\lib\</path>
         <kind>archive</kind>
         <file>rts430x.lib</file>
         <name>mult32.obj</name>
      </input_file>
      <input_file id="fl-a5">
         <path>C:\ti\ccsv6\tools\compiler\ti-cgt-msp430_4.4.4\lib\</path>
         <kind>archive</kind>
         <file>rts430x.lib</file>
         <name>mult3264_f5hw.obj</name>
      </input_file>
      <input_file id="fl-a6">
         <path>C:\ti\ccsv6\tools\compiler\ti-cgt-msp430_4.4.4\lib\</path>
         <kind>archive</kind>
         <file>rts430x.lib</file>
         <name>mult32_f5hw.obj</name>
      </input_file>
      <input_file id="fl-a7">
         <path>C:\ti\ccsv6\tools\compiler\ti-cgt-msp430_4.4.4\lib\</path>
         <kind>archive</kind>
         <file>rts430x.lib</file>
         <name>mult64_f5hw.obj</name>
      </input_file>
      <input_file id="fl-a8">
         <path>C:\ti\ccsv6\tools\compiler\ti-cgt-msp430_4.4.4\lib\</path>
         <kind>archive</kind>
         <file>rts430x.lib</file>
         <name>printf.obj</name>
      </input_file>
      <input_file id="fl-a9">
         <path>C:\ti\ccsv6\tools\compiler\ti-cgt-msp430_4.4.4\lib\</path>
         <kind>archive</kind>
         <file>rts430x.lib</file>
         <name>setvbuf.obj</name>
      </input_file>
      <input_file id="fl-aa">
         <path>C:\ti\ccsv6\tools\compiler\ti-cgt-msp430_4.4.4\lib\</path>
         <kind>archive</kind>
         <file>rts430x.lib</file>
         <name>snprintf.obj</name>
      </input_file>
      <input_file id="fl-ab">
         <path>C:\ti\ccsv6\tools\compiler\ti-cgt-msp430_4.4.4\lib\</path>
         <kind>archive</kind>
         <file>rts430x.lib</file>
         <name>sprintf.obj</name>
      </input_file>
      <input_file id="fl-ac">
         <path>C:\ti\ccsv6\tools\compiler\ti-cgt-msp430_4.4.4\lib\</path>
         <kind>archive</kind>
         <file>rts430x.lib</file>
         <name>strchr.obj</name>
      </input_file>
      <input_file id="fl-ad">
         <path>C:\ti\ccsv6\tools\compiler\ti-cgt-msp430_4.4.4\lib\</path>
         <kind>archive</kind>
         <file>rts430x.lib</file>
         <name>strcmp.obj</name>
      </input_file>
      <input_file id="fl-ae">
         <path>C:\ti\ccsv6\tools\compiler\ti-cgt-msp430_4.4.4\lib\</path>
         <kind>archive</kind>
         <file>rts430x.lib</file>
         <name>strcpy.obj</name>
      </input_file>
      <input_file id="fl-af">
         <path>C:\ti\ccsv6\tools\compiler\ti-cgt-msp430_4.4.4\lib\</path>
         <kind>archive</kind>
         <file>rts430x.lib</file>
         <name>strlen.obj</name>
      </input_file>
      <input_file id="fl-b0">
         <path>C:\ti\ccsv6\tools\compiler\ti-cgt-msp430_4.4.4\lib\</path>
         <kind>archive</kind>
         <file>rts430x.lib</file>
         <name>strncpy.obj</name>
      </input_file>
      <input_file id="fl-b1">
         <path>C:\ti\ccsv6\tools\compiler\ti-cgt-msp430_4.4.4\lib\</path>
         <kind>archive</kind>
         <file>rts430x.lib</file>
         <name>strstr.obj</name>
      </input_file>
      <input_file id="fl-b2">
         <path>C:\ti\ccsv6\tools\compiler\ti-cgt-msp430_4.4.4\lib\</path>
         <kind>archive</kind>
         <file>rts430x.lib</file>
         <name>strtoul.obj</name>
      </input_file>
      <input_file id="fl-b3">
         <path>C:\ti\ccsv6\tools\compiler\ti-cgt-msp430_4.4.4\lib\</path>
         <kind>archive</kind>
         <file>rts430x.lib</file>
         <name>trgdrv.obj</name>
      </input_file>
      <input_file id="fl-b4">
         <path>C:\ti\ccsv6\tools\compiler\ti-cgt-msp430_4.4.4\lib\</path>
         <kind>archive</kind>
         <file>rts430x.lib</file>
         <name>trgmsg.obj</name>
      </input_file>
      <input_file id="fl-b5">
         <path>C:\ti\ccsv6\tools\compiler\ti-cgt-msp430_4.4.4\lib\</path>
         <kind>archive</kind>
         <file>rts430x.lib</file>
         <name>_io_perm.obj</name>
      </input_file>
      <input_file id="fl-b6">
         <path>C:\ti\ccsv6\tools\compiler\ti-cgt-msp430_4.4.4\lib\</path>
         <kind>archive</kind>
         <file>rts430x.lib</file>
         <name>_lock.obj</name>
      </input_file>
      <input_file id="fl-b7">
         <path>C:\ti\ccsv6\tools\compiler\ti-cgt-msp430_4.4.4\lib\</path>
         <kind>archive</kind>
         <file>rts430x.lib</file>
         <name>_printfi_nf.obj</name>
      </input_file>
      <input_file id="fl-b8">
         <path>C:\ti\ccsv6\tools\compiler\ti-cgt-msp430_4.4.4\lib\</path>
         <kind>archive</kind>
         <file>rts430x.lib</file>
         <name>args_main.obj</name>
      </input_file>
      <input_file id="fl-b9">
         <path>C:\ti\ccsv6\tools\compiler\ti-cgt-msp430_4.4.4\lib\</path>
         <kind>archive</kind>
         <file>rts430x.lib</file>
         <name>autoinit_wdt.obj</name>
      </input_file>
      <input_file id="fl-ba">
         <path>C:\ti\ccsv6\tools\compiler\ti-cgt-msp430_4.4.4\lib\</path>
         <kind>archive</kind>
         <file>rts430x.lib</file>
         <name>div64u.obj</name>
      </input_file>
      <input_file id="fl-bb">
         <path>C:\ti\ccsv6\tools\compiler\ti-cgt-msp430_4.4.4\lib\</path>
         <kind>archive</kind>
         <file>rts430x.lib</file>
         <name>errno.obj</name>
      </input_file>
      <input_file id="fl-bc">
         <path>C:\ti\ccsv6\tools\compiler\ti-cgt-msp430_4.4.4\lib\</path>
         <kind>archive</kind>
         <file>rts430x.lib</file>
         <name>fclose.obj</name>
      </input_file>
      <input_file id="fl-bd">
         <path>C:\ti\ccsv6\tools\compiler\ti-cgt-msp430_4.4.4\lib\</path>
         <kind>archive</kind>
         <file>rts430x.lib</file>
         <name>fflush.obj</name>
      </input_file>
      <input_file id="fl-be">
         <path>C:\ti\ccsv6\tools\compiler\ti-cgt-msp430_4.4.4\lib\</path>
         <kind>archive</kind>
         <file>rts430x.lib</file>
         <name>fseek.obj</name>
      </input_file>
      <input_file id="fl-bf">
         <path>C:\ti\ccsv6\tools\compiler\ti-cgt-msp430_4.4.4\lib\</path>
         <kind>archive</kind>
         <file>rts430x.lib</file>
         <name>lsl64.obj</name>
      </input_file>
      <input_file id="fl-c0">
         <path>C:\ti\ccsv6\tools\compiler\ti-cgt-msp430_4.4.4\lib\</path>
         <kind>archive</kind>
         <file>rts430x.lib</file>
         <name>lsr64.obj</name>
      </input_file>
      <input_file id="fl-c1">
         <path>C:\ti\ccsv6\tools\compiler\ti-cgt-msp430_4.4.4\lib\</path>
         <kind>archive</kind>
         <file>rts430x.lib</file>
         <name>memccpy.obj</name>
      </input_file>
      <input_file id="fl-c2">
         <path>C:\ti\ccsv6\tools\compiler\ti-cgt-msp430_4.4.4\lib\</path>
         <kind>archive</kind>
         <file>rts430x.lib</file>
         <name>remove.obj</name>
      </input_file>
   </input_file_list>
   <object_component_list>
      <object_component id="oc-8f">
         <name>.bss</name>
         <uninitialized>true</uninitialized>
         <run_address>0x3452</run_address>
         <size>0x4</size>
         <input_file_ref idref="fl-2"/>
      </object_component>
      <object_component id="oc-95">
         <name>.bss</name>
         <uninitialized>true</uninitialized>
         <run_address>0x2cd8</run_address>
         <size>0x1ce</size>
         <input_file_ref idref="fl-3"/>
      </object_component>
      <object_component id="oc-e9">
         <name>.bss</name>
         <uninitialized>true</uninitialized>
         <run_address>0x342c</run_address>
         <size>0xa</size>
         <input_file_ref idref="fl-11"/>
      </object_component>
      <object_component id="oc-fb">
         <name>.bss</name>
         <uninitialized>true</uninitialized>
         <run_address>0x3410</run_address>
         <size>0x10</size>
         <input_file_ref idref="fl-14"/>
      </object_component>
      <object_component id="oc-10e">
         <name>.bss</name>
         <uninitialized>true</uninitialized>
         <run_address>0x3470</run_address>
         <size>0x2</size>
         <input_file_ref idref="fl-17"/>
      </object_component>
      <object_component id="oc-121">
         <name>.bss</name>
         <uninitialized>true</uninitialized>
         <run_address>0x346a</run_address>
         <size>0x2</size>
         <input_file_ref idref="fl-1a"/>
      </object_component>
      <object_component id="oc-13f">
         <name>.bss</name>
         <uninitialized>true</uninitialized>
         <run_address>0x33be</run_address>
         <size>0x2e</size>
         <input_file_ref idref="fl-1f"/>
      </object_component>
      <object_component id="oc-14c">
         <name>.bss</name>
         <uninitialized>true</uninitialized>
         <run_address>0x3446</run_address>
         <size>0x6</size>
         <input_file_ref idref="fl-21"/>
      </object_component>
      <object_component id="oc-152">
         <name>.bss</name>
         <uninitialized>true</uninitialized>
         <run_address>0x2ea6</run_address>
         <size>0x142</size>
         <input_file_ref idref="fl-22"/>
      </object_component>
      <object_component id="oc-15e">
         <name>.bss</name>
         <uninitialized>true</uninitialized>
         <run_address>0x2a12</run_address>
         <size>0x2c6</size>
         <input_file_ref idref="fl-24"/>
      </object_component>
      <object_component id="oc-177">
         <name>.bss</name>
         <uninitialized>true</uninitialized>
         <run_address>0x3451</run_address>
         <size>0x1</size>
         <input_file_ref idref="fl-28"/>
      </object_component>
      <object_component id="oc-17e">
         <name>.bss</name>
         <uninitialized>true</uninitialized>
         <run_address>0x346c</run_address>
         <size>0x2</size>
         <input_file_ref idref="fl-29"/>
      </object_component>
      <object_component id="oc-18a">
         <name>.bss</name>
         <uninitialized>true</uninitialized>
         <run_address>0x346e</run_address>
         <size>0x2</size>
         <input_file_ref idref="fl-2b"/>
      </object_component>
      <object_component id="oc-190">
         <name>.bss</name>
         <uninitialized>true</uninitialized>
         <run_address>0x3469</run_address>
         <size>0x1</size>
         <input_file_ref idref="fl-2c"/>
      </object_component>
      <object_component id="oc-198">
         <name>.bss</name>
         <uninitialized>true</uninitialized>
         <run_address>0x344c</run_address>
         <size>0x5</size>
         <input_file_ref idref="fl-2d"/>
      </object_component>
      <object_component id="oc-19f">
         <name>.bss</name>
         <uninitialized>true</uninitialized>
         <run_address>0x3466</run_address>
         <size>0x3</size>
         <input_file_ref idref="fl-2e"/>
      </object_component>
      <object_component id="oc-1a6">
         <name>.bss</name>
         <uninitialized>true</uninitialized>
         <run_address>0x3234</run_address>
         <size>0xe6</size>
         <input_file_ref idref="fl-2f"/>
      </object_component>
      <object_component id="oc-1b2">
         <name>.bss</name>
         <uninitialized>true</uninitialized>
         <run_address>0x3420</run_address>
         <size>0xc</size>
         <input_file_ref idref="fl-31"/>
      </object_component>
      <object_component id="oc-1bb">
         <name>.bss</name>
         <uninitialized>true</uninitialized>
         <run_address>0x1c00</run_address>
         <size>0xe12</size>
         <input_file_ref idref="fl-32"/>
      </object_component>
      <object_component id="oc-1c3">
         <name>.bss</name>
         <uninitialized>true</uninitialized>
         <run_address>0x33ec</run_address>
         <size>0x24</size>
         <input_file_ref idref="fl-33"/>
      </object_component>
      <object_component id="oc-1ca">
         <name>.bss</name>
         <uninitialized>true</uninitialized>
         <run_address>0x2fe8</run_address>
         <size>0x132</size>
         <input_file_ref idref="fl-47"/>
      </object_component>
      <object_component id="oc-1f7">
         <name>.bss</name>
         <uninitialized>true</uninitialized>
         <run_address>0x311a</run_address>
         <size>0x11a</size>
         <input_file_ref idref="fl-7a"/>
      </object_component>
      <object_component id="oc-341">
         <name>.bss:__TI_cleanup_ptr</name>
         <uninitialized>true</uninitialized>
         <run_address>0x3456</run_address>
         <size>0x4</size>
         <input_file_ref idref="fl-80"/>
      </object_component>
      <object_component id="oc-33f">
         <name>.bss:__TI_dtors_ptr</name>
         <uninitialized>true</uninitialized>
         <run_address>0x345a</run_address>
         <size>0x4</size>
         <input_file_ref idref="fl-80"/>
      </object_component>
      <object_component id="oc-216">
         <name>.bss</name>
         <uninitialized>true</uninitialized>
         <run_address>0x3474</run_address>
         <size>0x2</size>
         <input_file_ref idref="fl-81"/>
      </object_component>
      <object_component id="oc-232">
         <name>.bss</name>
         <uninitialized>true</uninitialized>
         <run_address>0x331a</run_address>
         <size>0xa4</size>
         <input_file_ref idref="fl-95"/>
      </object_component>
      <object_component id="oc-25a">
         <name>.bss</name>
         <uninitialized>true</uninitialized>
         <run_address>0x3436</run_address>
         <size>0x8</size>
         <input_file_ref idref="fl-9d"/>
      </object_component>
      <object_component id="oc-2c3">
         <name>.bss</name>
         <uninitialized>true</uninitialized>
         <run_address>0x343e</run_address>
         <size>0x8</size>
         <input_file_ref idref="fl-b3"/>
      </object_component>
      <object_component id="oc-33d">
         <name>.bss:_lock</name>
         <uninitialized>true</uninitialized>
         <run_address>0x345e</run_address>
         <size>0x4</size>
         <input_file_ref idref="fl-b6"/>
      </object_component>
      <object_component id="oc-343">
         <name>.bss:_unlock</name>
         <uninitialized>true</uninitialized>
         <run_address>0x3462</run_address>
         <size>0x4</size>
         <input_file_ref idref="fl-b6"/>
      </object_component>
      <object_component id="oc-2ee">
         <name>.bss</name>
         <uninitialized>true</uninitialized>
         <run_address>0x3472</run_address>
         <size>0x2</size>
         <input_file_ref idref="fl-bb"/>
      </object_component>
      <object_component id="oc-25d">
         <name>.sysmem</name>
         <uninitialized>true</uninitialized>
         <run_address>0x3478</run_address>
         <size>0x4</size>
         <input_file_ref idref="fl-9d"/>
      </object_component>
      <object_component id="oc-709">
         <name>.sysmem</name>
         <uninitialized>true</uninitialized>
         <run_address>0x3478</run_address>
         <size>0x0</size>
      </object_component>
      <object_component id="oc-1d7">
         <name>.stack</name>
         <uninitialized>true</uninitialized>
         <run_address>0x5750</run_address>
         <size>0x2</size>
         <input_file_ref idref="fl-73"/>
      </object_component>
      <object_component id="oc-708">
         <name>.stack</name>
         <uninitialized>true</uninitialized>
         <run_address>0x5750</run_address>
         <size>0x0</size>
      </object_component>
      <object_component id="oc-51f">
         <name>.text:L2CA_Event_Callback$16</name>
         <load_address>0x11094</load_address>
         <run_address>0x11094</run_address>
         <size>0x9ce</size>
         <input_file_ref idref="fl-47"/>
      </object_component>
      <object_component id="oc-41e">
         <name>.text:GAP_Event_Callback</name>
         <load_address>0x11a62</load_address>
         <run_address>0x11a62</run_address>
         <size>0x8b0</size>
         <input_file_ref idref="fl-3"/>
      </object_component>
      <object_component id="oc-522">
         <name>.text:HCI_Event_Callback$7</name>
         <load_address>0x12312</load_address>
         <run_address>0x12312</run_address>
         <size>0x89c</size>
         <input_file_ref idref="fl-47"/>
      </object_component>
      <object_component id="oc-519">
         <name>.text:HCI_Event_Callback$11</name>
         <load_address>0x12bae</load_address>
         <run_address>0x12bae</run_address>
         <size>0x5a4</size>
         <input_file_ref idref="fl-47"/>
      </object_component>
      <object_component id="oc-509">
         <name>.text:AsynchronousHCIEventCallback$10</name>
         <load_address>0x13152</load_address>
         <run_address>0x13152</run_address>
         <size>0x52e</size>
         <input_file_ref idref="fl-47"/>
      </object_component>
      <object_component id="oc-421">
         <name>.text:SPP_Event_Callback</name>
         <load_address>0x13680</load_address>
         <run_address>0x13680</run_address>
         <size>0x4c6</size>
         <input_file_ref idref="fl-3"/>
      </object_component>
      <object_component id="oc-670">
         <name>.text:ProcessRFCOMMControlMessage$14</name>
         <load_address>0x13b46</load_address>
         <run_address>0x13b46</run_address>
         <size>0x4a0</size>
         <input_file_ref idref="fl-47"/>
      </object_component>
      <object_component id="oc-5dc">
         <name>.text:ProcessServiceSearchAttributeRequest$16</name>
         <load_address>0x13fe6</load_address>
         <run_address>0x13fe6</run_address>
         <size>0x47c</size>
         <input_file_ref idref="fl-47"/>
      </object_component>
      <object_component id="oc-568">
         <name>.text:L2CA_Event_Callback$14</name>
         <load_address>0x14462</load_address>
         <run_address>0x14462</run_address>
         <size>0x476</size>
         <input_file_ref idref="fl-47"/>
      </object_component>
      <object_component id="oc-632">
         <name>.text:__divull</name>
         <load_address>0x148d8</load_address>
         <run_address>0x148d8</run_address>
         <size>0x39a</size>
         <input_file_ref idref="fl-ba"/>
      </object_component>
      <object_component id="oc-454">
         <name>.text:chk_mounted</name>
         <load_address>0x14c72</load_address>
         <run_address>0x14c72</run_address>
         <size>0x364</size>
         <input_file_ref idref="fl-2d"/>
      </object_component>
      <object_component id="oc-615">
         <name>.text:ProcessRFCOMMDataMessage$14</name>
         <load_address>0x14fd6</load_address>
         <run_address>0x14fd6</run_address>
         <size>0x322</size>
         <input_file_ref idref="fl-47"/>
      </object_component>
      <object_component id="oc-4af">
         <name>.text:RFCOMM_Event_Callback$17</name>
         <load_address>0x152f8</load_address>
         <run_address>0x152f8</run_address>
         <size>0x30e</size>
         <input_file_ref idref="fl-47"/>
      </object_component>
      <object_component id="oc-412">
         <name>.text:BSC_Initialize</name>
         <load_address>0x15606</load_address>
         <run_address>0x15606</run_address>
         <size>0x2f2</size>
         <input_file_ref idref="fl-47"/>
      </object_component>
      <object_component id="oc-5dd">
         <name>.text:ProcessServiceAttributeRequest$16</name>
         <load_address>0x158f8</load_address>
         <run_address>0x158f8</run_address>
         <size>0x2f2</size>
         <input_file_ref idref="fl-47"/>
      </object_component>
      <object_component id="oc-5d2">
         <name>.text:ProcessL2CAPDataPacket$11</name>
         <load_address>0x15bea</load_address>
         <run_address>0x15bea</run_address>
         <size>0x2e2</size>
         <input_file_ref idref="fl-47"/>
      </object_component>
      <object_component id="oc-652">
         <name>.text:L2CAP_ConfigRequestEvent$11</name>
         <load_address>0x15ecc</load_address>
         <run_address>0x15ecc</run_address>
         <size>0x2cc</size>
         <input_file_ref idref="fl-47"/>
      </object_component>
      <object_component id="oc-57d">
         <name>.text:ProtocolEventCallback$3</name>
         <load_address>0x16198</load_address>
         <run_address>0x16198</run_address>
         <size>0x2b0</size>
         <input_file_ref idref="fl-47"/>
      </object_component>
      <object_component id="oc-4a9">
         <name>.text:SPP_Data_Write</name>
         <load_address>0x16448</load_address>
         <run_address>0x16448</run_address>
         <size>0x2ae</size>
         <input_file_ref idref="fl-47"/>
      </object_component>
      <object_component id="oc-346">
         <name>.text:epd_sys_init</name>
         <load_address>0x166f6</load_address>
         <run_address>0x166f6</run_address>
         <size>0x29c</size>
         <input_file_ref idref="fl-24"/>
      </object_component>
      <object_component id="oc-424">
         <name>.text:SPP_Register_Raw_SDP_Record</name>
         <load_address>0x16992</load_address>
         <run_address>0x16992</run_address>
         <size>0x28e</size>
         <input_file_ref idref="fl-47"/>
      </object_component>
      <object_component id="oc-5a7">
         <name>.text:HCITR_COMDataCallback_UART$3</name>
         <load_address>0x16c20</load_address>
         <run_address>0x16c20</run_address>
         <size>0x278</size>
         <input_file_ref idref="fl-47"/>
      </object_component>
      <object_component id="oc-65b">
         <name>.text:ParseRecordAttributes$16</name>
         <load_address>0x16e98</load_address>
         <run_address>0x16e98</run_address>
         <size>0x26c</size>
         <input_file_ref idref="fl-47"/>
      </object_component>
      <object_component id="oc-47a">
         <name>.text:HCI_Initialize</name>
         <load_address>0x17104</load_address>
         <run_address>0x17104</run_address>
         <size>0x25a</size>
         <input_file_ref idref="fl-47"/>
      </object_component>
      <object_component id="oc-5de">
         <name>.text:ProcessServiceSearchRequest$16</name>
         <load_address>0x1735e</load_address>
         <run_address>0x1735e</run_address>
         <size>0x252</size>
         <input_file_ref idref="fl-47"/>
      </object_component>
      <object_component id="oc-65d">
         <name>.text:CompareServiceRecordWithServiceList$16</name>
         <load_address>0x175b0</load_address>
         <run_address>0x175b0</run_address>
         <size>0x222</size>
         <input_file_ref idref="fl-47"/>
      </object_component>
      <object_component id="oc-654">
         <name>.text:L2CAP_ConnectRequestEvent$11</name>
         <load_address>0x177d2</load_address>
         <run_address>0x177d2</run_address>
         <size>0x218</size>
         <input_file_ref idref="fl-47"/>
      </object_component>
      <object_component id="oc-480">
         <name>.text:L2CAP_Initialize</name>
         <load_address>0x179ea</load_address>
         <run_address>0x179ea</run_address>
         <size>0x204</size>
         <input_file_ref idref="fl-47"/>
      </object_component>
      <object_component id="oc-56a">
         <name>.text:RFCOMMServerSABMMessageHandler$14</name>
         <load_address>0x17bee</load_address>
         <run_address>0x17bee</run_address>
         <size>0x1fa</size>
         <input_file_ref idref="fl-47"/>
      </object_component>
      <object_component id="oc-502">
         <name>.text:HCI_DriverCallback$2</name>
         <load_address>0x17de8</load_address>
         <run_address>0x17de8</run_address>
         <size>0x1f8</size>
         <input_file_ref idref="fl-47"/>
      </object_component>
      <object_component id="oc-690">
         <name>.text:ParseOptionsToAPI$11</name>
         <load_address>0x17fe0</load_address>
         <run_address>0x17fe0</run_address>
         <size>0x1f0</size>
         <input_file_ref idref="fl-47"/>
      </object_component>
      <object_component id="oc-57b">
         <name>.text:Disconnect$14</name>
         <load_address>0x181d0</load_address>
         <run_address>0x181d0</run_address>
         <size>0x1ec</size>
         <input_file_ref idref="fl-47"/>
      </object_component>
      <object_component id="oc-41b">
         <name>.text:GAP_Set_Discoverability_Mode</name>
         <load_address>0x183bc</load_address>
         <run_address>0x183bc</run_address>
         <size>0x1ec</size>
         <input_file_ref idref="fl-47"/>
      </object_component>
      <object_component id="oc-3ef">
         <name>.text:_setfield</name>
         <load_address>0x185a8</load_address>
         <run_address>0x185a8</run_address>
         <size>0x1e6</size>
         <input_file_ref idref="fl-b7"/>
      </object_component>
      <object_component id="oc-5e6">
         <name>.text:_L2CA_Config_Request</name>
         <load_address>0x1878e</load_address>
         <run_address>0x1878e</run_address>
         <size>0x1d6</size>
         <input_file_ref idref="fl-47"/>
      </object_component>
      <object_component id="oc-5a8">
         <name>.text:HCITR_COMOpen</name>
         <load_address>0x18964</load_address>
         <run_address>0x18964</run_address>
         <size>0x1d2</size>
         <input_file_ref idref="fl-2f"/>
      </object_component>
      <object_component id="oc-51a">
         <name>.text:HCI_ACL_Data_Callback$11</name>
         <load_address>0x18b36</load_address>
         <run_address>0x18b36</run_address>
         <size>0x1cc</size>
         <input_file_ref idref="fl-47"/>
      </object_component>
      <object_component id="oc-5da">
         <name>.text:ParseAttributeIDList$16</name>
         <load_address>0x18d02</load_address>
         <run_address>0x18d02</run_address>
         <size>0x1cc</size>
         <input_file_ref idref="fl-47"/>
      </object_component>
      <object_component id="oc-50d">
         <name>.text:UpdateHCICallbackThread$10</name>
         <load_address>0x18ece</load_address>
         <run_address>0x18ece</run_address>
         <size>0x1c8</size>
         <input_file_ref idref="fl-47"/>
      </object_component>
      <object_component id="oc-458">
         <name>.text:f_lseek</name>
         <load_address>0x19096</load_address>
         <run_address>0x19096</run_address>
         <size>0x1c6</size>
         <input_file_ref idref="fl-2d"/>
      </object_component>
      <object_component id="oc-3a4">
         <name>.text:__TI_printfi_nofloat</name>
         <load_address>0x1925c</load_address>
         <run_address>0x1925c</run_address>
         <size>0x1c4</size>
         <input_file_ref idref="fl-b7"/>
      </object_component>
      <object_component id="oc-4a1">
         <name>.text:GAP_Authentication_Response</name>
         <load_address>0x19420</load_address>
         <run_address>0x19420</run_address>
         <size>0x1be</size>
         <input_file_ref idref="fl-47"/>
      </object_component>
      <object_component id="oc-5cd">
         <name>.text:LP_ConnectCfm$11</name>
         <load_address>0x195de</load_address>
         <run_address>0x195de</run_address>
         <size>0x1ba</size>
         <input_file_ref idref="fl-47"/>
      </object_component>
      <object_component id="oc-681">
         <name>.text:HCI_Send_Raw_Command</name>
         <load_address>0x19798</load_address>
         <run_address>0x19798</run_address>
         <size>0x1b8</size>
         <input_file_ref idref="fl-47"/>
      </object_component>
      <object_component id="oc-4ae">
         <name>.text:SPPServerHandler$17</name>
         <load_address>0x19950</load_address>
         <run_address>0x19950</run_address>
         <size>0x1b6</size>
         <input_file_ref idref="fl-47"/>
      </object_component>
      <object_component id="oc-4b6">
         <name>.text:SDP_Create_Service_Record</name>
         <load_address>0x19b06</load_address>
         <run_address>0x19b06</run_address>
         <size>0x1b0</size>
         <input_file_ref idref="fl-47"/>
      </object_component>
      <object_component id="oc-644">
         <name>.text:ProcessSendQueueData$11</name>
         <load_address>0x19cb6</load_address>
         <run_address>0x19cb6</run_address>
         <size>0x1ae</size>
         <input_file_ref idref="fl-47"/>
      </object_component>
      <object_component id="oc-655">
         <name>.text:L2CAP_RequestTimeout$11</name>
         <load_address>0x19e64</load_address>
         <run_address>0x19e64</run_address>
         <size>0x1a8</size>
         <input_file_ref idref="fl-47"/>
      </object_component>
      <object_component id="oc-3ad">
         <name>.text:pl_dispinfo_init_eeprom</name>
         <load_address>0x1a00c</load_address>
         <run_address>0x1a00c</run_address>
         <size>0x1a2</size>
         <input_file_ref idref="fl-4"/>
      </object_component>
      <object_component id="oc-456">
         <name>.text:f_read</name>
         <load_address>0x1a1ae</load_address>
         <run_address>0x1a1ae</run_address>
         <size>0x1a0</size>
         <input_file_ref idref="fl-2d"/>
      </object_component>
      <object_component id="oc-32e">
         <name>.text:TWUART_ReceiveBytes</name>
         <load_address>0x1a34e</load_address>
         <run_address>0x1a34e</run_address>
         <size>0x19c</size>
         <input_file_ref idref="fl-47"/>
      </object_component>
      <object_component id="oc-599">
         <name>.text:strtoul</name>
         <load_address>0x1a4ea</load_address>
         <run_address>0x1a4ea</run_address>
         <size>0x194</size>
         <input_file_ref idref="fl-b2"/>
      </object_component>
      <object_component id="oc-3b5">
         <name>.text:vcom_init</name>
         <load_address>0x1a67e</load_address>
         <run_address>0x1a67e</run_address>
         <size>0x18e</size>
         <input_file_ref idref="fl-19"/>
      </object_component>
      <object_component id="oc-37e">
         <name>.text:probe_hvpmic</name>
         <load_address>0x1a80c</load_address>
         <run_address>0x1a80c</run_address>
         <size>0x17e</size>
         <input_file_ref idref="fl-17"/>
      </object_component>
      <object_component id="oc-570">
         <name>.text:ParseAPIUUIDs$16</name>
         <load_address>0x1a98a</load_address>
         <run_address>0x1a98a</run_address>
         <size>0x176</size>
         <input_file_ref idref="fl-47"/>
      </object_component>
      <object_component id="oc-368">
         <name>.text:SetSystemClock</name>
         <load_address>0x1ab00</load_address>
         <run_address>0x1ab00</run_address>
         <size>0x176</size>
         <input_file_ref idref="fl-22"/>
      </object_component>
      <object_component id="oc-653">
         <name>.text:L2CAP_ConnectResponseEvent$11</name>
         <load_address>0x1ac76</load_address>
         <run_address>0x1ac76</run_address>
         <size>0x174</size>
         <input_file_ref idref="fl-47"/>
      </object_component>
      <object_component id="oc-4e1">
         <name>.text:create_name</name>
         <load_address>0x1adea</load_address>
         <run_address>0x1adea</run_address>
         <size>0x174</size>
         <input_file_ref idref="fl-2d"/>
      </object_component>
      <object_component id="oc-4b8">
         <name>.text:SDP_Add_Raw_Attribute</name>
         <load_address>0x1af5e</load_address>
         <run_address>0x1af5e</run_address>
         <size>0x16e</size>
         <input_file_ref idref="fl-47"/>
      </object_component>
      <object_component id="oc-5d9">
         <name>.text:ParseServiceSearchPattern$16</name>
         <load_address>0x1b0cc</load_address>
         <run_address>0x1b0cc</run_address>
         <size>0x168</size>
         <input_file_ref idref="fl-47"/>
      </object_component>
      <object_component id="oc-3fa">
         <name>.text:pl_wflib_eeprom_xfer</name>
         <load_address>0x1b234</load_address>
         <run_address>0x1b234</run_address>
         <size>0x166</size>
         <input_file_ref idref="fl-a"/>
      </object_component>
      <object_component id="oc-4d0">
         <name>.text:_getarg_diouxp</name>
         <load_address>0x1b39a</load_address>
         <run_address>0x1b39a</run_address>
         <size>0x164</size>
         <input_file_ref idref="fl-b7"/>
      </object_component>
      <object_component id="oc-3ba">
         <name>.text:max17135_configure</name>
         <load_address>0x1b4fe</load_address>
         <run_address>0x1b4fe</run_address>
         <size>0x15c</size>
         <input_file_ref idref="fl-14"/>
      </object_component>
      <object_component id="oc-4a8">
         <name>.text:SPP_Data_Read</name>
         <load_address>0x1b65a</load_address>
         <run_address>0x1b65a</run_address>
         <size>0x158</size>
         <input_file_ref idref="fl-47"/>
      </object_component>
      <object_component id="oc-565">
         <name>.text:SendQueuedData$17</name>
         <load_address>0x1b7b2</load_address>
         <run_address>0x1b7b2</run_address>
         <size>0x154</size>
         <input_file_ref idref="fl-47"/>
      </object_component>
      <object_component id="oc-3c1">
         <name>.text:OpenStack</name>
         <load_address>0x1b906</load_address>
         <run_address>0x1b906</run_address>
         <size>0x152</size>
         <input_file_ref idref="fl-3"/>
      </object_component>
      <object_component id="oc-35c">
         <name>.text:ProcessReceivedPacket$4</name>
         <load_address>0x1ba58</load_address>
         <run_address>0x1ba58</run_address>
         <size>0x14e</size>
         <input_file_ref idref="fl-47"/>
      </object_component>
      <object_component id="oc-391">
         <name>.text:_Malloc</name>
         <load_address>0x1bba6</load_address>
         <run_address>0x1bba6</run_address>
         <size>0x14c</size>
         <input_file_ref idref="fl-32"/>
      </object_component>
      <object_component id="oc-3af">
         <name>.text:pl_dispinfo_init_fatfs</name>
         <load_address>0x1bcf2</load_address>
         <run_address>0x1bcf2</run_address>
         <size>0x144</size>
         <input_file_ref idref="fl-4"/>
      </object_component>
      <object_component id="oc-5db">
         <name>.text:CalculateDataTypeLength$16</name>
         <load_address>0x1be36</load_address>
         <run_address>0x1be36</run_address>
         <size>0x142</size>
         <input_file_ref idref="fl-47"/>
      </object_component>
      <object_component id="oc-444">
         <name>.text:_pproc_diouxp</name>
         <load_address>0x1bf78</load_address>
         <run_address>0x1bf78</run_address>
         <size>0x140</size>
         <input_file_ref idref="fl-b7"/>
      </object_component>
      <object_component id="oc-65f">
         <name>.text:ParseAPIOptions$11</name>
         <load_address>0x1c0b8</load_address>
         <run_address>0x1c0b8</run_address>
         <size>0x13e</size>
         <input_file_ref idref="fl-47"/>
      </object_component>
      <object_component id="oc-611">
         <name>.text:RFCOMM_Data_Write$14</name>
         <load_address>0x1c1f6</load_address>
         <run_address>0x1c1f6</run_address>
         <size>0x136</size>
         <input_file_ref idref="fl-47"/>
      </object_component>
      <object_component id="oc-419">
         <name>.text:DeleteLinkKey</name>
         <load_address>0x1c32c</load_address>
         <run_address>0x1c32c</run_address>
         <size>0x12e</size>
         <input_file_ref idref="fl-3"/>
      </object_component>
      <object_component id="oc-55b">
         <name>.text:_RFCOMM_Send_Data_With_Credits</name>
         <load_address>0x1c45a</load_address>
         <run_address>0x1c45a</run_address>
         <size>0x12e</size>
         <input_file_ref idref="fl-47"/>
      </object_component>
      <object_component id="oc-4e4">
         <name>.text:get_fat</name>
         <load_address>0x1c588</load_address>
         <run_address>0x1c588</run_address>
         <size>0x12e</size>
         <input_file_ref idref="fl-2d"/>
      </object_component>
      <object_component id="oc-699">
         <name>.text:CheckQueuedDataWrite$11</name>
         <load_address>0x1c6b6</load_address>
         <run_address>0x1c6b6</run_address>
         <size>0x12c</size>
         <input_file_ref idref="fl-47"/>
      </object_component>
      <object_component id="oc-4df">
         <name>.text:disk_initialize</name>
         <load_address>0x1c7e2</load_address>
         <run_address>0x1c7e2</run_address>
         <size>0x12c</size>
         <input_file_ref idref="fl-2e"/>
      </object_component>
      <object_component id="oc-3c8">
         <name>.text:OpenServer</name>
         <load_address>0x1c90e</load_address>
         <run_address>0x1c90e</run_address>
         <size>0x128</size>
         <input_file_ref idref="fl-3"/>
      </object_component>
      <object_component id="oc-422">
         <name>.text:SPP_Open_Server_Port</name>
         <load_address>0x1ca36</load_address>
         <run_address>0x1ca36</run_address>
         <size>0x128</size>
         <input_file_ref idref="fl-47"/>
      </object_component>
      <object_component id="oc-3aa">
         <name>.text:pl_hwinfo_init</name>
         <load_address>0x1cb5e</load_address>
         <run_address>0x1cb5e</run_address>
         <size>0x126</size>
         <input_file_ref idref="fl-8"/>
      </object_component>
      <object_component id="oc-546">
         <name>.text:L2CA_Get_Link_Connection_State</name>
         <load_address>0x1cc84</load_address>
         <run_address>0x1cc84</run_address>
         <size>0x11e</size>
         <input_file_ref idref="fl-47"/>
      </object_component>
      <object_component id="oc-5ce">
         <name>.text:LP_ConnectCfmNeg$11</name>
         <load_address>0x1cda2</load_address>
         <run_address>0x1cda2</run_address>
         <size>0x11e</size>
         <input_file_ref idref="fl-47"/>
      </object_component>
      <object_component id="oc-397">
         <name>.text:ProcessTWUARTMessage$4</name>
         <load_address>0x1cec0</load_address>
         <run_address>0x1cec0</run_address>
         <size>0x118</size>
         <input_file_ref idref="fl-47"/>
      </object_component>
      <object_component id="oc-5c7">
         <name>.text:LP_DisconnectCfm$11</name>
         <load_address>0x1cfd8</load_address>
         <run_address>0x1cfd8</run_address>
         <size>0x116</size>
         <input_file_ref idref="fl-47"/>
      </object_component>
      <object_component id="oc-6a0">
         <name>.text:SendDataPacket$10</name>
         <load_address>0x1d0ee</load_address>
         <run_address>0x1d0ee</run_address>
         <size>0x116</size>
         <input_file_ref idref="fl-47"/>
      </object_component>
      <object_component id="oc-3d5">
         <name>.text:vSprintF</name>
         <load_address>0x1d204</load_address>
         <run_address>0x1d204</run_address>
         <size>0x116</size>
         <input_file_ref idref="fl-33"/>
      </object_component>
      <object_component id="oc-660">
         <name>.text:L2CAP_ConfigRequestResponse$11</name>
         <load_address>0x1d31a</load_address>
         <run_address>0x1d31a</run_address>
         <size>0x112</size>
         <input_file_ref idref="fl-47"/>
      </object_component>
      <object_component id="oc-40f">
         <name>.text:epson_epdc_init_s1d13541</name>
         <load_address>0x1d42c</load_address>
         <run_address>0x1d42c</run_address>
         <size>0x110</size>
         <input_file_ref idref="fl-e"/>
      </object_component>
      <object_component id="oc-383">
         <name>.text:InitializeApplication</name>
         <load_address>0x1d53c</load_address>
         <run_address>0x1d53c</run_address>
         <size>0x10e</size>
         <input_file_ref idref="fl-3"/>
      </object_component>
      <object_component id="oc-66d">
         <name>.text:SendFormattedControlMessage$14</name>
         <load_address>0x1d64a</load_address>
         <run_address>0x1d64a</run_address>
         <size>0x10e</size>
         <input_file_ref idref="fl-47"/>
      </object_component>
      <object_component id="oc-482">
         <name>.text:RFCOMM_Initialize</name>
         <load_address>0x1d758</load_address>
         <run_address>0x1d758</run_address>
         <size>0x10c</size>
         <input_file_ref idref="fl-47"/>
      </object_component>
      <object_component id="oc-503">
         <name>.text:OpenComm</name>
         <load_address>0x1d864</load_address>
         <run_address>0x1d864</run_address>
         <size>0x10a</size>
         <input_file_ref idref="fl-47"/>
      </object_component>
      <object_component id="oc-42b">
         <name>.text:ReconfigureComm</name>
         <load_address>0x1d96e</load_address>
         <run_address>0x1d96e</run_address>
         <size>0x108</size>
         <input_file_ref idref="fl-47"/>
      </object_component>
      <object_component id="oc-410">
         <name>.text:epson_epdc_init_s1d13524</name>
         <load_address>0x1da76</load_address>
         <run_address>0x1da76</run_address>
         <size>0x108</size>
         <input_file_ref idref="fl-d"/>
      </object_component>
      <object_component id="oc-453">
         <name>.text:lzss_decode</name>
         <load_address>0x1db7e</load_address>
         <run_address>0x1db7e</run_address>
         <size>0x106</size>
         <input_file_ref idref="fl-13"/>
      </object_component>
      <object_component id="oc-4f7">
         <name>.text:s1d135xx_load_image</name>
         <load_address>0x1dc84</load_address>
         <run_address>0x1dc84</run_address>
         <size>0x106</size>
         <input_file_ref idref="fl-f"/>
      </object_component>
      <object_component id="oc-437">
         <name>.text:_openfile</name>
         <load_address>0x1dd8a</load_address>
         <run_address>0x1dd8a</run_address>
         <size>0x104</size>
         <input_file_ref idref="fl-81"/>
      </object_component>
      <object_component id="oc-56b">
         <name>.text:RFCOMMServerPNMessageHandler$14</name>
         <load_address>0x1de8e</load_address>
         <run_address>0x1de8e</run_address>
         <size>0x100</size>
         <input_file_ref idref="fl-47"/>
      </object_component>
      <object_component id="oc-481">
         <name>.text:SDP_Initialize</name>
         <load_address>0x1df8e</load_address>
         <run_address>0x1df8e</run_address>
         <size>0x100</size>
         <input_file_ref idref="fl-47"/>
      </object_component>
      <object_component id="oc-4bc">
         <name>.text:_RFCOMM_Release_Request</name>
         <load_address>0x1e08e</load_address>
         <run_address>0x1e08e</run_address>
         <size>0xfe</size>
         <input_file_ref idref="fl-47"/>
      </object_component>
      <object_component id="oc-530">
         <name>.text:HandleChannelDisconnection$11</name>
         <load_address>0x1e18c</load_address>
         <run_address>0x1e18c</run_address>
         <size>0xfc</size>
         <input_file_ref idref="fl-47"/>
      </object_component>
      <object_component id="oc-5a4">
         <name>.text:SendHCIPacketToLowerDriver$2</name>
         <load_address>0x1e288</load_address>
         <run_address>0x1e288</run_address>
         <size>0xfc</size>
         <input_file_ref idref="fl-47"/>
      </object_component>
      <object_component id="oc-4e3">
         <name>.text:dir_sdi</name>
         <load_address>0x1e384</load_address>
         <run_address>0x1e384</run_address>
         <size>0xfa</size>
         <input_file_ref idref="fl-2d"/>
      </object_component>
      <object_component id="oc-4c4">
         <name>.text:HCITR_COMReconfigure</name>
         <load_address>0x1e47e</load_address>
         <run_address>0x1e47e</run_address>
         <size>0xf4</size>
         <input_file_ref idref="fl-2f"/>
      </object_component>
      <object_component id="oc-3ee">
         <name>.text:_pproc_fwp</name>
         <load_address>0x1e572</load_address>
         <run_address>0x1e572</run_address>
         <size>0xf4</size>
         <input_file_ref idref="fl-b7"/>
      </object_component>
      <object_component id="oc-651">
         <name>.text:L2CAP_ConfigResponseEvent$11</name>
         <load_address>0x1e666</load_address>
         <run_address>0x1e666</run_address>
         <size>0xf2</size>
         <input_file_ref idref="fl-47"/>
      </object_component>
      <object_component id="oc-59e">
         <name>.text:transfer_image</name>
         <load_address>0x1e758</load_address>
         <run_address>0x1e758</run_address>
         <size>0xf2</size>
         <input_file_ref idref="fl-f"/>
      </object_component>
      <object_component id="oc-512">
         <name>.text:BTPS_DeleteFunctionFromScheduler</name>
         <load_address>0x1e84a</load_address>
         <run_address>0x1e84a</run_address>
         <size>0xee</size>
         <input_file_ref idref="fl-32"/>
      </object_component>
      <object_component id="oc-656">
         <name>.text:L2CAP_RejectCommand$11</name>
         <load_address>0x1e938</load_address>
         <run_address>0x1e938</run_address>
         <size>0xee</size>
         <input_file_ref idref="fl-47"/>
      </object_component>
      <object_component id="oc-5ee">
         <name>.text:_L2CA_Connect_Response</name>
         <load_address>0x1ea26</load_address>
         <run_address>0x1ea26</run_address>
         <size>0xee</size>
         <input_file_ref idref="fl-47"/>
      </object_component>
      <object_component id="oc-38f">
         <name>.text:SendSLIPPacket$4</name>
         <load_address>0x1eb14</load_address>
         <run_address>0x1eb14</run_address>
         <size>0xea</size>
         <input_file_ref idref="fl-47"/>
      </object_component>
      <object_component id="oc-57e">
         <name>.text:TWUART_Initialize</name>
         <load_address>0x1ebfe</load_address>
         <run_address>0x1ebfe</run_address>
         <size>0xea</size>
         <input_file_ref idref="fl-47"/>
      </object_component>
      <object_component id="oc-684">
         <name>.text:VS_Update_HCILL_Parameters</name>
         <load_address>0x1ece8</load_address>
         <run_address>0x1ece8</run_address>
         <size>0xea</size>
         <input_file_ref idref="fl-30"/>
      </object_component>
      <object_component id="oc-39e">
         <name>.text:msp430_gpio_config</name>
         <load_address>0x1edd2</load_address>
         <run_address>0x1edd2</run_address>
         <size>0xe6</size>
         <input_file_ref idref="fl-26"/>
      </object_component>
      <object_component id="oc-484">
         <name>.text:GAP_Initialize</name>
         <load_address>0x1eeb8</load_address>
         <run_address>0x1eeb8</run_address>
         <size>0xe2</size>
         <input_file_ref idref="fl-47"/>
      </object_component>
      <object_component id="oc-45e">
         <name>.text:s1d135xx_load_init_code</name>
         <load_address>0x1ef9a</load_address>
         <run_address>0x1ef9a</run_address>
         <size>0xe0</size>
         <input_file_ref idref="fl-f"/>
      </object_component>
      <object_component id="oc-68c">
         <name>.text:L2CAP_InformationRequestResponse$11</name>
         <load_address>0x1f07a</load_address>
         <run_address>0x1f07a</run_address>
         <size>0xde</size>
         <input_file_ref idref="fl-47"/>
      </object_component>
      <object_component id="oc-3bd">
         <name>.text:epson_epdc_init</name>
         <load_address>0x1f158</load_address>
         <run_address>0x1f158</run_address>
         <size>0xde</size>
         <input_file_ref idref="fl-b"/>
      </object_component>
      <object_component id="oc-3eb">
         <name>.text:fputs</name>
         <load_address>0x1f236</load_address>
         <run_address>0x1f236</run_address>
         <size>0xde</size>
         <input_file_ref idref="fl-84"/>
      </object_component>
      <object_component id="oc-45f">
         <name>.text:s1d135xx_load_register_overrides</name>
         <load_address>0x1f314</load_address>
         <run_address>0x1f314</run_address>
         <size>0xde</size>
         <input_file_ref idref="fl-f"/>
      </object_component>
      <object_component id="oc-5c4">
         <name>.text:L2CAP_ConnectRequestResponse$11</name>
         <load_address>0x1f3f2</load_address>
         <run_address>0x1f3f2</run_address>
         <size>0xd8</size>
         <input_file_ref idref="fl-47"/>
      </object_component>
      <object_component id="oc-66f">
         <name>.text:_L2CA_Enhanced_Data_Write</name>
         <load_address>0x1f4ca</load_address>
         <run_address>0x1f4ca</run_address>
         <size>0xd8</size>
         <input_file_ref idref="fl-47"/>
      </object_component>
      <object_component id="oc-3fc">
         <name>.text:f_open</name>
         <load_address>0x1f5a2</load_address>
         <run_address>0x1f5a2</run_address>
         <size>0xd8</size>
         <input_file_ref idref="fl-2d"/>
      </object_component>
      <object_component id="oc-641">
         <name>.text:Download_Patch</name>
         <load_address>0x1f67a</load_address>
         <run_address>0x1f67a</run_address>
         <size>0xd6</size>
         <input_file_ref idref="fl-31"/>
      </object_component>
      <object_component id="oc-41d">
         <name>.text:GAP_Set_Pairability_Mode</name>
         <load_address>0x1f750</load_address>
         <run_address>0x1f750</run_address>
         <size>0xd6</size>
         <input_file_ref idref="fl-47"/>
      </object_component>
      <object_component id="oc-32b">
         <name>.text:TWUART_Reconfigure</name>
         <load_address>0x1f826</load_address>
         <run_address>0x1f826</run_address>
         <size>0xd6</size>
         <input_file_ref idref="fl-47"/>
      </object_component>
      <object_component id="oc-59c">
         <name>.text:do_fill</name>
         <load_address>0x1f8fc</load_address>
         <run_address>0x1f8fc</run_address>
         <size>0xd6</size>
         <input_file_ref idref="fl-f"/>
      </object_component>
      <object_component id="oc-5fe">
         <name>.text:GAP_Authenticate_Remote_Device</name>
         <load_address>0x1f9d2</load_address>
         <run_address>0x1f9d2</run_address>
         <size>0xd4</size>
         <input_file_ref idref="fl-47"/>
      </object_component>
      <object_component id="oc-5bf">
         <name>.text:DelayedAuthenticationProcess$11</name>
         <load_address>0x1faa6</load_address>
         <run_address>0x1faa6</run_address>
         <size>0xd2</size>
         <input_file_ref idref="fl-47"/>
      </object_component>
      <object_component id="oc-5ec">
         <name>.text:ProcessSDPConnectionRequest$16</name>
         <load_address>0x1fb78</load_address>
         <run_address>0x1fb78</run_address>
         <size>0xd2</size>
         <input_file_ref idref="fl-47"/>
      </object_component>
      <object_component id="oc-640">
         <name>.text:VS_Update_UART_Baud_Rate</name>
         <load_address>0x1fc4a</load_address>
         <run_address>0x1fc4a</run_address>
         <size>0xd2</size>
         <input_file_ref idref="fl-30"/>
      </object_component>
      <object_component id="oc-455">
         <name>.text:follow_path</name>
         <load_address>0x1fd1c</load_address>
         <run_address>0x1fd1c</run_address>
         <size>0xd2</size>
         <input_file_ref idref="fl-2d"/>
      </object_component>
      <object_component id="oc-583">
         <name>.text:get_fileinfo</name>
         <load_address>0x1fdee</load_address>
         <run_address>0x1fdee</run_address>
         <size>0xd2</size>
         <input_file_ref idref="fl-2d"/>
      </object_component>
      <object_component id="oc-3d9">
         <name>.text:IncrementVCORE</name>
         <load_address>0x1fec0</load_address>
         <run_address>0x1fec0</run_address>
         <size>0xd0</size>
         <input_file_ref idref="fl-22"/>
      </object_component>
      <object_component id="oc-563">
         <name>.text:_RFCOMM_Parameter_Negotiation_Response</name>
         <load_address>0x1ff90</load_address>
         <run_address>0x1ff90</run_address>
         <size>0xd0</size>
         <input_file_ref idref="fl-47"/>
      </object_component>
      <object_component id="oc-66a">
         <name>.text:HCI_SendPacket</name>
         <load_address>0x20060</load_address>
         <run_address>0x20060</run_address>
         <size>0xce</size>
         <input_file_ref idref="fl-47"/>
      </object_component>
      <object_component id="oc-3b7">
         <name>.text:tps65185_init</name>
         <load_address>0x2012e</load_address>
         <run_address>0x2012e</run_address>
         <size>0xce</size>
         <input_file_ref idref="fl-15"/>
      </object_component>
      <object_component id="oc-677">
         <name>.text:LoadTransmitBuffer</name>
         <load_address>0x201fc</load_address>
         <run_address>0x201fc</run_address>
         <size>0xcc</size>
         <input_file_ref idref="fl-2f"/>
      </object_component>
      <object_component id="oc-57a">
         <name>.text:RFCOMM_SignalTimeout$14</name>
         <load_address>0x202c8</load_address>
         <run_address>0x202c8</run_address>
         <size>0xcc</size>
         <input_file_ref idref="fl-47"/>
      </object_component>
      <object_component id="oc-558">
         <name>.text:SPP_Port_Status</name>
         <load_address>0x20394</load_address>
         <run_address>0x20394</run_address>
         <size>0xcc</size>
         <input_file_ref idref="fl-47"/>
      </object_component>
      <object_component id="oc-3e4">
         <name>.text:setvbuf</name>
         <load_address>0x20460</load_address>
         <run_address>0x20460</run_address>
         <size>0xcc</size>
         <input_file_ref idref="fl-a9"/>
      </object_component>
      <object_component id="oc-5ea">
         <name>.text:_L2CA_Disconnect_Request</name>
         <load_address>0x2052c</load_address>
         <run_address>0x2052c</run_address>
         <size>0xca</size>
         <input_file_ref idref="fl-47"/>
      </object_component>
      <object_component id="oc-3fd">
         <name>.text:pnm_read_int32</name>
         <load_address>0x205f6</load_address>
         <run_address>0x205f6</run_address>
         <size>0xca</size>
         <input_file_ref idref="fl-16"/>
      </object_component>
      <object_component id="oc-645">
         <name>.text:L2CAP_DataWrite$11</name>
         <load_address>0x206c0</load_address>
         <run_address>0x206c0</run_address>
         <size>0xc8</size>
         <input_file_ref idref="fl-47"/>
      </object_component>
      <object_component id="oc-63b">
         <name>.text:SendCommPacket</name>
         <load_address>0x20788</load_address>
         <run_address>0x20788</run_address>
         <size>0xc4</size>
         <input_file_ref idref="fl-47"/>
      </object_component>
      <object_component id="oc-42e">
         <name>.text:app_slideshow_with_spacebar</name>
         <load_address>0x2084c</load_address>
         <run_address>0x2084c</run_address>
         <size>0xc4</size>
         <input_file_ref idref="fl-1f"/>
      </object_component>
      <object_component id="oc-45c">
         <name>.text:s1d135xx_set_power_state</name>
         <load_address>0x20910</load_address>
         <run_address>0x20910</run_address>
         <size>0xc4</size>
         <input_file_ref idref="fl-f"/>
      </object_component>
      <object_component id="oc-430">
         <name>.text:LtoA</name>
         <load_address>0x209d4</load_address>
         <run_address>0x209d4</run_address>
         <size>0xc2</size>
         <input_file_ref idref="fl-33"/>
      </object_component>
      <object_component id="oc-584">
         <name>.text:dir_next</name>
         <load_address>0x20a96</load_address>
         <run_address>0x20a96</run_address>
         <size>0xc2</size>
         <input_file_ref idref="fl-2d"/>
      </object_component>
      <object_component id="oc-4a0">
         <name>.text:GAP_Cancel_Bonding</name>
         <load_address>0x20b58</load_address>
         <run_address>0x20b58</run_address>
         <size>0xc0</size>
         <input_file_ref idref="fl-47"/>
      </object_component>
      <object_component id="oc-55f">
         <name>.text:_RFCOMM_Open_Response</name>
         <load_address>0x20c18</load_address>
         <run_address>0x20c18</run_address>
         <size>0xc0</size>
         <input_file_ref idref="fl-47"/>
      </object_component>
      <object_component id="oc-5e7">
         <name>.text:_L2CA_Config_Response</name>
         <load_address>0x20cd8</load_address>
         <run_address>0x20cd8</run_address>
         <size>0xbe</size>
         <input_file_ref idref="fl-47"/>
      </object_component>
      <object_component id="oc-65a">
         <name>.text:CalculateAttributeRequestParameters$16</name>
         <load_address>0x20d96</load_address>
         <run_address>0x20d96</run_address>
         <size>0xbc</size>
         <input_file_ref idref="fl-47"/>
      </object_component>
      <object_component id="oc-693">
         <name>.text:GetNextServiceAttribute$16</name>
         <load_address>0x20e52</load_address>
         <run_address>0x20e52</run_address>
         <size>0xbc</size>
         <input_file_ref idref="fl-47"/>
      </object_component>
      <object_component id="oc-3e2">
         <name>.text:add_device</name>
         <load_address>0x20f0e</load_address>
         <run_address>0x20f0e</run_address>
         <size>0xbc</size>
         <input_file_ref idref="fl-95"/>
      </object_component>
      <object_component id="oc-4c8">
         <name>.text:show_image</name>
         <load_address>0x20fca</load_address>
         <run_address>0x20fca</run_address>
         <size>0xbc</size>
         <input_file_ref idref="fl-1f"/>
      </object_component>
      <object_component id="oc-562">
         <name>.text:CleanupPortInformationEntry$17</name>
         <load_address>0x21086</load_address>
         <run_address>0x21086</run_address>
         <size>0xba</size>
         <input_file_ref idref="fl-47"/>
      </object_component>
      <object_component id="oc-5bc">
         <name>.text:HCI_VS_InitializeAfterHCIReset</name>
         <load_address>0x21140</load_address>
         <run_address>0x21140</run_address>
         <size>0xba</size>
         <input_file_ref idref="fl-31"/>
      </object_component>
      <object_component id="oc-338">
         <name>.text:HAL_ConsoleWrite</name>
         <load_address>0x211fa</load_address>
         <run_address>0x211fa</run_address>
         <size>0xb6</size>
         <input_file_ref idref="fl-22"/>
      </object_component>
      <object_component id="oc-347">
         <name>.text:MainThread</name>
[...]
         <name>_reset_vector</name>
         <value>0xfffe</value>
         <object_component_ref idref="oc-1d8"/>
      </symbol>
      <symbol id="sm-1fa4">
         <name>_c_int00_noargs</name>
         <value>0x8172</value>
         <object_component_ref idref="oc-87"/>
      </symbol>
      <symbol id="sm-1fd0">
         <name>_ctypes_</name>
         <value>0x6e18</value>
         <object_component_ref idref="oc-4cf"/>
      </symbol>
      <symbol id="sm-1fdb">
         <name>__TI_tmpnams</name>
         <value>0x3192</value>
         <object_component_ref idref="oc-1f7"/>
      </symbol>
      <symbol id="sm-1fdc">
         <name>_ftable</name>
         <value>0x311a</value>
         <object_component_ref idref="oc-1f7"/>
      </symbol>
      <symbol id="sm-1fdd">
         <name>__TI_ft_end</name>
         <value>0x3232</value>
         <object_component_ref idref="oc-1f7"/>
      </symbol>
      <symbol id="sm-1fed">
         <name>__remi</name>
         <value>0x29bb6</value>
         <object_component_ref idref="oc-1fb"/>
      </symbol>
      <symbol id="sm-1fee">
         <name>__divi</name>
         <value>0x29bb6</value>
         <object_component_ref idref="oc-1fb"/>
      </symbol>
      <symbol id="sm-1ffc">
         <name>__remu</name>
         <value>0x2b162</value>
         <object_component_ref idref="oc-200"/>
      </symbol>
      <symbol id="sm-1ffd">
         <name>__divu</name>
         <value>0x2b162</value>
         <object_component_ref idref="oc-200"/>
      </symbol>
      <symbol id="sm-200e">
         <name>__remli</name>
         <value>0x28546</value>
         <object_component_ref idref="oc-205"/>
      </symbol>
      <symbol id="sm-200f">
         <name>__divli</name>
         <value>0x28546</value>
         <object_component_ref idref="oc-205"/>
      </symbol>
      <symbol id="sm-2022">
         <name>__divul</name>
         <value>0x26882</value>
         <object_component_ref idref="oc-20a"/>
      </symbol>
      <symbol id="sm-2023">
         <name>__remul</name>
         <value>0x26882</value>
         <object_component_ref idref="oc-20a"/>
      </symbol>
      <symbol id="sm-2035">
         <name>C$$EXIT</name>
         <value>0x2b79a</value>
         <object_component_ref idref="oc-324"/>
      </symbol>
      <symbol id="sm-2036">
         <name>abort</name>
         <value>0x2b79a</value>
         <object_component_ref idref="oc-324"/>
      </symbol>
      <symbol id="sm-2037">
         <name>exit</name>
         <value>0x29866</value>
         <object_component_ref idref="oc-321"/>
      </symbol>
      <symbol id="sm-2045">
         <name>__TI_dtors_ptr</name>
         <value>0x345a</value>
         <object_component_ref idref="oc-33f"/>
      </symbol>
      <symbol id="sm-2046">
         <name>__TI_cleanup_ptr</name>
         <value>0x3456</value>
         <object_component_ref idref="oc-341"/>
      </symbol>
      <symbol id="sm-2079">
         <name>__TI_cleanup</name>
         <value>0x293ec</value>
         <object_component_ref idref="oc-43a"/>
      </symbol>
      <symbol id="sm-207a">
         <name>freopen</name>
         <value>0x29ff2</value>
         <object_component_ref idref="oc-3e3"/>
      </symbol>
      <symbol id="sm-208e">
         <name>fprintf</name>
         <value>0x27c14</value>
         <object_component_ref idref="oc-3e9"/>
      </symbol>
      <symbol id="sm-20a1">
         <name>putc</name>
         <value>0x23a8a</value>
         <object_component_ref idref="oc-3ec"/>
      </symbol>
      <symbol id="sm-20a2">
         <name>fputc</name>
         <value>0x23a8a</value>
         <object_component_ref idref="oc-3ec"/>
      </symbol>
      <symbol id="sm-20bd">
         <name>fputs</name>
         <value>0x1f236</value>
         <object_component_ref idref="oc-3eb"/>
      </symbol>
      <symbol id="sm-20c1">
         <name>__TI_int43</name>
         <value>0xffd6</value>
         <object_component_ref idref="oc-70"/>
      </symbol>
      <symbol id="sm-20c5">
         <name>__TI_int44</name>
         <value>0xffd8</value>
         <object_component_ref idref="oc-71"/>
      </symbol>
      <symbol id="sm-20c9">
         <name>__TI_int45</name>
         <value>0xffda</value>
         <object_component_ref idref="oc-72"/>
      </symbol>
      <symbol id="sm-20cd">
         <name>__TI_int48</name>
         <value>0xffe0</value>
         <object_component_ref idref="oc-75"/>
      </symbol>
      <symbol id="sm-20d1">
         <name>__TI_int50</name>
         <value>0xffe4</value>
         <object_component_ref idref="oc-77"/>
      </symbol>
      <symbol id="sm-20d5">
         <name>__TI_int51</name>
         <value>0xffe6</value>
         <object_component_ref idref="oc-78"/>
      </symbol>
      <symbol id="sm-20d9">
         <name>__TI_int54</name>
         <value>0xffec</value>
         <object_component_ref idref="oc-7b"/>
      </symbol>
      <symbol id="sm-20dd">
         <name>__TI_int55</name>
         <value>0xffee</value>
         <object_component_ref idref="oc-7c"/>
      </symbol>
      <symbol id="sm-20e1">
         <name>__TI_int56</name>
         <value>0xfff0</value>
         <object_component_ref idref="oc-7d"/>
      </symbol>
      <symbol id="sm-20e5">
         <name>__TI_int57</name>
         <value>0xfff2</value>
         <object_component_ref idref="oc-7e"/>
      </symbol>
      <symbol id="sm-20e9">
         <name>__TI_int58</name>
         <value>0xfff4</value>
         <object_component_ref idref="oc-7f"/>
      </symbol>
      <symbol id="sm-20ed">
         <name>__TI_int59</name>
         <value>0xfff6</value>
         <object_component_ref idref="oc-80"/>
      </symbol>
      <symbol id="sm-20f1">
         <name>__TI_int60</name>
         <value>0xfff8</value>
         <object_component_ref idref="oc-81"/>
      </symbol>
      <symbol id="sm-20f5">
         <name>__TI_int61</name>
         <value>0xfffa</value>
         <object_component_ref idref="oc-82"/>
      </symbol>
      <symbol id="sm-20f9">
         <name>__TI_int62</name>
         <value>0xfffc</value>
         <object_component_ref idref="oc-83"/>
      </symbol>
      <symbol id="sm-2105">
         <name>__TI_ISR_TRAP</name>
         <value>0x819e</value>
         <object_component_ref idref="oc-22d"/>
      </symbol>
      <symbol id="sm-2149">
         <name>open</name>
         <value>0x22c5a</value>
         <object_component_ref idref="oc-4cc"/>
      </symbol>
      <symbol id="sm-214a">
         <name>add_device</name>
         <value>0x20f0e</value>
         <object_component_ref idref="oc-3e2"/>
      </symbol>
      <symbol id="sm-214b">
         <name>lseek</name>
         <value>0x2a282</value>
         <object_component_ref idref="oc-587"/>
      </symbol>
      <symbol id="sm-214c">
         <name>write</name>
         <value>0x2a3a8</value>
         <object_component_ref idref="oc-442"/>
      </symbol>
      <symbol id="sm-214d">
         <name>close</name>
         <value>0x278aa</value>
         <object_component_ref idref="oc-4ca"/>
      </symbol>
      <symbol id="sm-214e">
         <name>unlink</name>
         <value>0x29e88</value>
         <object_component_ref idref="oc-585"/>
      </symbol>
      <symbol id="sm-215b">
         <name>I_LSL</name>
         <value>0x2b65c</value>
         <object_component_ref idref="oc-239"/>
      </symbol>
      <symbol id="sm-216b">
         <name>L_LSL_3</name>
         <value>0x2891c</value>
         <object_component_ref idref="oc-361"/>
      </symbol>
      <symbol id="sm-216c">
         <name>L_LSL_2</name>
         <value>0x28920</value>
         <object_component_ref idref="oc-361"/>
      </symbol>
      <symbol id="sm-216d">
         <name>L_LSL_1</name>
         <value>0x28924</value>
         <object_component_ref idref="oc-361"/>
      </symbol>
      <symbol id="sm-216e">
         <name>L_LSL_7</name>
         <value>0x2890c</value>
         <object_component_ref idref="oc-361"/>
      </symbol>
      <symbol id="sm-216f">
         <name>L_LSL_6</name>
         <value>0x28910</value>
         <object_component_ref idref="oc-361"/>
      </symbol>
      <symbol id="sm-2170">
         <name>L_LSL_5</name>
         <value>0x28914</value>
         <object_component_ref idref="oc-361"/>
      </symbol>
      <symbol id="sm-2171">
         <name>L_LSL_4</name>
         <value>0x28918</value>
         <object_component_ref idref="oc-361"/>
      </symbol>
      <symbol id="sm-2172">
         <name>L_LSL_9</name>
         <value>0x28904</value>
         <object_component_ref idref="oc-361"/>
      </symbol>
      <symbol id="sm-2173">
         <name>L_LSL_8</name>
         <value>0x28908</value>
         <object_component_ref idref="oc-361"/>
      </symbol>
      <symbol id="sm-2174">
         <name>L_LSL</name>
         <value>0x2b4f6</value>
         <object_component_ref idref="oc-35a"/>
      </symbol>
      <symbol id="sm-2175">
         <name>L_LSL_12</name>
         <value>0x288f8</value>
         <object_component_ref idref="oc-361"/>
      </symbol>
      <symbol id="sm-2176">
         <name>L_LSL_13</name>
         <value>0x288f4</value>
         <object_component_ref idref="oc-361"/>
      </symbol>
      <symbol id="sm-2177">
         <name>L_LSL_10</name>
         <value>0x28900</value>
         <object_component_ref idref="oc-361"/>
      </symbol>
      <symbol id="sm-2178">
         <name>L_LSL_11</name>
         <value>0x288fc</value>
         <object_component_ref idref="oc-361"/>
      </symbol>
      <symbol id="sm-2179">
         <name>L_LSL_14</name>
         <value>0x288f0</value>
         <object_component_ref idref="oc-361"/>
      </symbol>
      <symbol id="sm-217a">
         <name>L_LSL_15</name>
         <value>0x288ec</value>
         <object_component_ref idref="oc-361"/>
      </symbol>
      <symbol id="sm-218a">
         <name>L_LSR_12</name>
         <value>0x28936</value>
         <object_component_ref idref="oc-358"/>
      </symbol>
      <symbol id="sm-218b">
         <name>L_LSR_13</name>
         <value>0x28932</value>
         <object_component_ref idref="oc-358"/>
      </symbol>
      <symbol id="sm-218c">
         <name>L_LSR_10</name>
         <value>0x2893e</value>
         <object_component_ref idref="oc-358"/>
      </symbol>
      <symbol id="sm-218d">
         <name>L_LSR_11</name>
         <value>0x2893a</value>
         <object_component_ref idref="oc-358"/>
      </symbol>
      <symbol id="sm-218e">
         <name>L_LSR_14</name>
         <value>0x2892e</value>
         <object_component_ref idref="oc-358"/>
      </symbol>
      <symbol id="sm-218f">
         <name>L_LSR_15</name>
         <value>0x2892a</value>
         <object_component_ref idref="oc-358"/>
      </symbol>
      <symbol id="sm-2190">
         <name>L_LSR</name>
         <value>0x2b506</value>
         <object_component_ref idref="oc-67b"/>
      </symbol>
      <symbol id="sm-2191">
         <name>L_LSR_3</name>
         <value>0x2895a</value>
         <object_component_ref idref="oc-358"/>
      </symbol>
      <symbol id="sm-2192">
         <name>L_LSR_2</name>
         <value>0x2895e</value>
         <object_component_ref idref="oc-358"/>
      </symbol>
      <symbol id="sm-2193">
         <name>L_LSR_1</name>
         <value>0x28962</value>
         <object_component_ref idref="oc-358"/>
      </symbol>
      <symbol id="sm-2194">
         <name>L_LSR_7</name>
         <value>0x2894a</value>
         <object_component_ref idref="oc-358"/>
      </symbol>
      <symbol id="sm-2195">
         <name>L_LSR_6</name>
         <value>0x2894e</value>
         <object_component_ref idref="oc-358"/>
      </symbol>
      <symbol id="sm-2196">
         <name>L_LSR_5</name>
         <value>0x28952</value>
         <object_component_ref idref="oc-358"/>
      </symbol>
      <symbol id="sm-2197">
         <name>L_LSR_4</name>
         <value>0x28956</value>
         <object_component_ref idref="oc-358"/>
      </symbol>
      <symbol id="sm-2198">
         <name>L_LSR_9</name>
         <value>0x28942</value>
         <object_component_ref idref="oc-358"/>
      </symbol>
      <symbol id="sm-2199">
         <name>L_LSR_8</name>
         <value>0x28946</value>
         <object_component_ref idref="oc-358"/>
      </symbol>
      <symbol id="sm-21a8">
         <name>memchr</name>
         <value>0x2b33c</value>
         <object_component_ref idref="oc-440"/>
      </symbol>
      <symbol id="sm-21b7">
         <name>memcmp</name>
         <value>0x2a674</value>
         <object_component_ref idref="oc-432"/>
      </symbol>
      <symbol id="sm-21c5">
         <name>memcpy</name>
         <value>0x2b418</value>
         <object_component_ref idref="oc-33c"/>
      </symbol>
      <symbol id="sm-21d4">
         <name>memmove</name>
         <value>0x2a97a</value>
         <object_component_ref idref="oc-610"/>
      </symbol>
      <symbol id="sm-2208">
         <name>_sys_memory</name>
         <value>0x3478</value>
         <object_component_ref idref="oc-25d"/>
      </symbol>
      <symbol id="sm-2209">
         <name>free</name>
         <value>0x2437e</value>
         <object_component_ref idref="oc-438"/>
      </symbol>
      <symbol id="sm-220a">
         <name>malloc</name>
         <value>0x21db0</value>
         <object_component_ref idref="oc-439"/>
      </symbol>
      <symbol id="sm-220b">
         <name>minit</name>
         <value>0x28be8</value>
         <object_component_ref idref="oc-4cd"/>
      </symbol>
      <symbol id="sm-2219">
         <name>memset</name>
         <value>0x2b350</value>
         <object_component_ref idref="oc-33b"/>
      </symbol>
      <symbol id="sm-2247">
         <name>__mpysl_f5hw</name>
         <value>0x2ae26</value>
         <object_component_ref idref="oc-639"/>
      </symbol>
      <symbol id="sm-2258">
         <name>__mpyi_f5hw</name>
         <value>0x2b178</value>
         <object_component_ref idref="oc-3ce"/>
      </symbol>
      <symbol id="sm-228e">
         <name>__mpyl_f5hw</name>
         <value>0x2a696</value>
         <object_component_ref idref="oc-404"/>
      </symbol>
      <symbol id="sm-22b7">
         <name>printf</name>
         <value>0x28506</value>
         <object_component_ref idref="oc-36f"/>
      </symbol>
      <symbol id="sm-22cf">
         <name>setvbuf</name>
         <value>0x20460</value>
         <object_component_ref idref="oc-3e4"/>
      </symbol>
      <symbol id="sm-22e7">
         <name>snprintf</name>
         <value>0x26670</value>
         <object_component_ref idref="oc-4dc"/>
      </symbol>
      <symbol id="sm-22f9">
         <name>sprintf</name>
         <value>0x28c20</value>
         <object_component_ref idref="oc-3e8"/>
      </symbol>
      <symbol id="sm-2308">
         <name>strchr</name>
         <value>0x2ae8e</value>
         <object_component_ref idref="oc-630"/>
      </symbol>
      <symbol id="sm-2316">
         <name>strcmp</name>
         <value>0x2b02a</value>
         <object_component_ref idref="oc-3b1"/>
      </symbol>
      <symbol id="sm-2323">
         <name>strcpy</name>
         <value>0x2b526</value>
         <object_component_ref idref="oc-362"/>
      </symbol>
      <symbol id="sm-2330">
         <name>strlen</name>
         <value>0x2b5c2</value>
         <object_component_ref idref="oc-35e"/>
      </symbol>
      <symbol id="sm-2340">
         <name>strncpy</name>
         <value>0x29c0e</value>
         <object_component_ref idref="oc-3fb"/>
      </symbol>
      <symbol id="sm-2353">
         <name>strstr</name>
         <value>0x28f82</value>
         <object_component_ref idref="oc-4c7"/>
      </symbol>
      <symbol id="sm-2378">
         <name>strtoul</name>
         <value>0x1a4ea</value>
         <object_component_ref idref="oc-599"/>
      </symbol>
      <symbol id="sm-2396">
         <name>HOSTrename</name>
         <value>0x2521e</value>
         <object_component_ref idref="oc-335"/>
      </symbol>
      <symbol id="sm-2397">
         <name>HOSTclose</name>
         <value>0x27f5a</value>
         <object_component_ref idref="oc-330"/>
      </symbol>
      <symbol id="sm-2398">
         <name>HOSTunlink</name>
         <value>0x281b4</value>
         <object_component_ref idref="oc-334"/>
      </symbol>
      <symbol id="sm-2399">
         <name>HOSTlseek</name>
         <value>0x23fe0</value>
         <object_component_ref idref="oc-333"/>
      </symbol>
      <symbol id="sm-239a">
         <name>HOSTopen</name>
         <value>0x25d56</value>
         <object_component_ref idref="oc-32f"/>
      </symbol>
      <symbol id="sm-239b">
         <name>HOSTwrite</name>
         <value>0x25ffa</value>
         <object_component_ref idref="oc-332"/>
      </symbol>
      <symbol id="sm-239c">
         <name>HOSTread</name>
         <value>0x262e4</value>
         <object_component_ref idref="oc-331"/>
      </symbol>
      <symbol id="sm-23b2">
         <name>__TI_readmsg</name>
         <value>0x29b06</value>
         <object_component_ref idref="oc-360"/>
      </symbol>
      <symbol id="sm-23b3">
         <name>C$$IO$$</name>
         <value>0x29806</value>
         <object_component_ref idref="oc-35f"/>
      </symbol>
      <symbol id="sm-23b4">
         <name>_CIOBUF_</name>
         <value>0x3860</value>
         <object_component_ref idref="oc-2ca"/>
      </symbol>
      <symbol id="sm-23b5">
         <name>__TI_writemsg</name>
         <value>0x297dc</value>
         <object_component_ref idref="oc-35f"/>
      </symbol>
      <symbol id="sm-23c8">
         <name>__TI_wrt_ok</name>
         <value>0x247e6</value>
         <object_component_ref idref="oc-43f"/>
      </symbol>
      <symbol id="sm-23dc">
         <name>_nop</name>
         <value>0x2b7ae</value>
         <object_component_ref idref="oc-365"/>
      </symbol>
      <symbol id="sm-23dd">
         <name>_lock</name>
         <value>0x345e</value>
         <object_component_ref idref="oc-33d"/>
      </symbol>
      <symbol id="sm-23de">
         <name>_unlock</name>
         <value>0x3462</value>
         <object_component_ref idref="oc-343"/>
      </symbol>
      <symbol id="sm-2472">
         <name>__TI_printfi_nofloat</name>
         <value>0x1925c</value>
         <object_component_ref idref="oc-3a4"/>
      </symbol>
      <symbol id="sm-248e">
         <name>_auto_init_hold_wdt</name>
         <value>0x26114</value>
         <object_component_ref idref="oc-31f"/>
      </symbol>
      <symbol id="sm-24c0">
         <name>__divull</name>
         <value>0x148d8</value>
         <object_component_ref idref="oc-632"/>
      </symbol>
      <symbol id="sm-24ca">
         <name>_Errno</name>
         <value>0x3472</value>
         <object_component_ref idref="oc-2ee"/>
      </symbol>
      <symbol id="sm-24db">
         <name>__TI_closefile</name>
         <value>0x2563c</value>
         <object_component_ref idref="oc-436"/>
      </symbol>
      <symbol id="sm-24ec">
         <name>__TI_doflush</name>
         <value>0x25db8</value>
         <object_component_ref idref="oc-441"/>
      </symbol>
      <symbol id="sm-24fc">
         <name>fseek</name>
         <value>0x253c6</value>
         <object_component_ref idref="oc-4ce"/>
      </symbol>
      <symbol id="sm-250c">
         <name>__lslll</name>
         <value>0x28a92</value>
         <object_component_ref idref="oc-67c"/>
      </symbol>
      <symbol id="sm-251c">
         <name>__lsrll</name>
         <value>0x28acc</value>
         <object_component_ref idref="oc-631"/>
      </symbol>
      <symbol id="sm-252b">
         <name>memccpy</name>
         <value>0x2ae5a</value>
         <object_component_ref idref="oc-445"/>
      </symbol>
      <symbol id="sm-2537">
         <name>remove</name>
         <value>0x2b7aa</value>
         <object_component_ref idref="oc-4cb"/>
      </symbol>
   </symbol_table>
   <title>Link successful</title>
</link_info>
